[2026-06-16T06:08:49.825+0000] {local_task_job_runner.py:120} INFO - ::group::Pre task execution logs
[2026-06-16T06:08:49.869+0000] {taskinstance.py:2076} INFO - Dependencies all met for dep_context=non-requeueable deps ti=<TaskInstance: futsal_nightly_db_pipeline.train_ml_models scheduled__2026-06-15T00:00:00+00:00 [queued]>
[2026-06-16T06:08:49.881+0000] {taskinstance.py:2076} INFO - Dependencies all met for dep_context=requeueable deps ti=<TaskInstance: futsal_nightly_db_pipeline.train_ml_models scheduled__2026-06-15T00:00:00+00:00 [queued]>
[2026-06-16T06:08:49.882+0000] {taskinstance.py:2306} INFO - Starting attempt 1 of 2
[2026-06-16T06:08:49.900+0000] {taskinstance.py:2330} INFO - Executing <Task(PythonOperator): train_ml_models> on 2026-06-15 00:00:00+00:00
[2026-06-16T06:08:49.914+0000] {standard_task_runner.py:63} INFO - Started process 321 to run task
[2026-06-16T06:08:49.922+0000] {standard_task_runner.py:90} INFO - Running: ['***', 'tasks', 'run', 'futsal_nightly_db_pipeline', 'train_ml_models', 'scheduled__2026-06-15T00:00:00+00:00', '--job-id', '12', '--raw', '--subdir', 'DAGS_FOLDER/futsal_pipeline.py', '--cfg-path', '/tmp/tmptjyoe66g']
[2026-06-16T06:08:49.930+0000] {standard_task_runner.py:91} INFO - Job 12: Subtask train_ml_models
[2026-06-16T06:08:50.030+0000] {task_command.py:426} INFO - Running <TaskInstance: futsal_nightly_db_pipeline.train_ml_models scheduled__2026-06-15T00:00:00+00:00 [running]> on host a098f67a6360
[2026-06-16T06:08:50.132+0000] {taskinstance.py:2648} INFO - Exporting env vars: AIRFLOW_CTX_DAG_OWNER='futsal_admin' AIRFLOW_CTX_DAG_ID='futsal_nightly_db_pipeline' AIRFLOW_CTX_TASK_ID='train_ml_models' AIRFLOW_CTX_EXECUTION_DATE='2026-06-15T00:00:00+00:00' AIRFLOW_CTX_TRY_NUMBER='1' AIRFLOW_CTX_DAG_RUN_ID='scheduled__2026-06-15T00:00:00+00:00'
[2026-06-16T06:08:50.134+0000] {taskinstance.py:430} INFO - ::endgroup::
[2026-06-16T06:08:50.149+0000] {logging_mixin.py:188} INFO - 
=======================================================
[2026-06-16T06:08:50.149+0000] {logging_mixin.py:188} INFO - RUNNING MATCH DATA MODEL TRAINING PIPELINE
[2026-06-16T06:08:50.150+0000] {logging_mixin.py:188} INFO - =======================================================
[2026-06-16T06:08:50.150+0000] {logging_mixin.py:188} INFO - Loading match feature data...
[2026-06-16T06:08:50.175+0000] {logging_mixin.py:188} INFO - Training match models...
[2026-06-16T06:08:50.176+0000] {logging_mixin.py:188} INFO - Grid searching: RandomForestClassifier...
[2026-06-16T06:08:50.178+0000] {logging_mixin.py:188} INFO - Grid searching: SVC...
[2026-06-16T06:08:50.178+0000] {logging_mixin.py:188} INFO - Grid searching: LogisticRegression...
[2026-06-16T06:08:50.180+0000] {logging_mixin.py:188} INFO - Training RandomForestClassifier...
[2026-06-16T06:10:11.628+0000] {logging_mixin.py:188} INFO - Training SVC...
[2026-06-16T06:10:11.911+0000] {logging_mixin.py:188} INFO - Training LogisticRegression...
[2026-06-16T06:10:12.092+0000] {logging_mixin.py:188} INFO - 
==================================================
[2026-06-16T06:10:12.094+0000] {logging_mixin.py:188} INFO - Match Training Report:
[2026-06-16T06:10:12.095+0000] {logging_mixin.py:188} INFO - ==================================================
[2026-06-16T06:10:12.096+0000] {logging_mixin.py:188} INFO - Model: RandomForestClassifier
[2026-06-16T06:10:12.097+0000] {logging_mixin.py:188} INFO - Accuracy: 0.705
[2026-06-16T06:10:12.097+0000] {logging_mixin.py:188} INFO - F1-Score: 0.7078
[2026-06-16T06:10:12.098+0000] {logging_mixin.py:188} INFO - Best Params: {'classifier__max_depth': 10, 'classifier__min_samples_leaf': 4, 'classifier__min_samples_split': 5, 'classifier__n_estimators': 100}
[2026-06-16T06:10:12.098+0000] {logging_mixin.py:188} INFO - --------------------------------------------------
[2026-06-16T06:10:12.099+0000] {logging_mixin.py:188} INFO - Model: SVC
[2026-06-16T06:10:12.099+0000] {logging_mixin.py:188} INFO - Accuracy: 0.7266
[2026-06-16T06:10:12.100+0000] {logging_mixin.py:188} INFO - F1-Score: 0.7281
[2026-06-16T06:10:12.100+0000] {logging_mixin.py:188} INFO - Best Params: {'classifier__C': 0.1, 'classifier__kernel': 'rbf'}
[2026-06-16T06:10:12.101+0000] {logging_mixin.py:188} INFO - --------------------------------------------------
[2026-06-16T06:10:12.101+0000] {logging_mixin.py:188} INFO - Model: LogisticRegression
[2026-06-16T06:10:12.102+0000] {logging_mixin.py:188} INFO - Accuracy: 0.7338
[2026-06-16T06:10:12.102+0000] {logging_mixin.py:188} INFO - F1-Score: 0.7363
[2026-06-16T06:10:12.103+0000] {logging_mixin.py:188} INFO - Best Params: {'classifier__C': 1}
[2026-06-16T06:10:12.103+0000] {logging_mixin.py:188} INFO - --------------------------------------------------
[2026-06-16T06:10:12.146+0000] {logging_mixin.py:188} INFO - 
Best match model name: LogisticRegression
[2026-06-16T06:10:12.148+0000] {logging_mixin.py:188} INFO - Best match model type: <class 'sklearn.pipeline.Pipeline'>
[2026-06-16T06:10:12.173+0000] {logging_mixin.py:188} INFO - Best match model (architecture-specific) saved to models/LogisticRegression_matches_model.pkl
[2026-06-16T06:10:12.190+0000] {logging_mixin.py:188} INFO - Match features saved to features/match_trained_features.pkl
[2026-06-16T06:10:12.195+0000] {logging_mixin.py:188} INFO - 
=======================================================
[2026-06-16T06:10:12.196+0000] {logging_mixin.py:188} INFO - RUNNING PLAYER DATA MODEL TRAINING PIPELINE
[2026-06-16T06:10:12.197+0000] {logging_mixin.py:188} INFO - =======================================================
[2026-06-16T06:10:12.197+0000] {logging_mixin.py:188} INFO - Loading player feature data...
[2026-06-16T06:10:12.333+0000] {logging_mixin.py:188} INFO - Training player models...
[2026-06-16T06:10:12.336+0000] {logging_mixin.py:188} INFO - 
================================================================================
[2026-06-16T06:10:12.336+0000] {logging_mixin.py:188} INFO - TRAINING XGBoost
[2026-06-16T06:10:12.337+0000] {logging_mixin.py:188} INFO - ================================================================================
[2026-06-16T06:10:12.342+0000] {logging_mixin.py:188} INFO - Fitting 3 folds for each of 18 candidates, totalling 54 fits
[2026-06-16T06:10:56.145+0000] {logging_mixin.py:188} INFO - BEST PARAMETERS FOR XGBoost: {'learning_rate': 0.01, 'max_depth': 3, 'n_estimators': 200}
[2026-06-16T06:10:56.186+0000] {logging_mixin.py:188} INFO - RESULTS FOR XGBoost: Accuracy: 0.6356, F1: 0.1645, ROC_AUC: 0.6284
[2026-06-16T06:10:56.187+0000] {logging_mixin.py:188} INFO - 
================================================================================
[2026-06-16T06:10:56.187+0000] {logging_mixin.py:188} INFO - TRAINING LightGBM
[2026-06-16T06:10:56.187+0000] {logging_mixin.py:188} INFO - ================================================================================
[2026-06-16T06:10:56.193+0000] {logging_mixin.py:188} INFO - Fitting 3 folds for each of 18 candidates, totalling 54 fits
[2026-06-16T06:11:03.693+0000] {logging_mixin.py:188} INFO - BEST PARAMETERS FOR LightGBM: {'learning_rate': 0.01, 'max_depth': 3, 'n_estimators': 100}
[2026-06-16T06:11:03.713+0000] {logging_mixin.py:188} INFO - RESULTS FOR LightGBM: Accuracy: 0.6499, F1: 0.1701, ROC_AUC: 0.629
[2026-06-16T06:11:03.713+0000] {logging_mixin.py:188} INFO - 
================================================================================
[2026-06-16T06:11:03.714+0000] {logging_mixin.py:188} INFO - TRAINING CatBoost
[2026-06-16T06:11:03.714+0000] {logging_mixin.py:188} INFO - ================================================================================
[2026-06-16T06:11:03.719+0000] {logging_mixin.py:188} INFO - Fitting 3 folds for each of 18 candidates, totalling 54 fits
[2026-06-16T06:12:48.526+0000] {logging_mixin.py:188} INFO - BEST PARAMETERS FOR CatBoost: {'depth': 4, 'iterations': 200, 'learning_rate': 0.01}
[2026-06-16T06:12:48.543+0000] {logging_mixin.py:188} INFO - RESULTS FOR CatBoost: Accuracy: 0.6743, F1: 0.1775, ROC_AUC: 0.6406
[2026-06-16T06:12:48.544+0000] {logging_mixin.py:188} INFO - 
==================================================
[2026-06-16T06:12:48.544+0000] {logging_mixin.py:188} INFO - Player Training Report:
[2026-06-16T06:12:48.545+0000] {logging_mixin.py:188} INFO - ==================================================
[2026-06-16T06:12:48.545+0000] {logging_mixin.py:188} INFO - Model: XGBoost
[2026-06-16T06:12:48.546+0000] {logging_mixin.py:188} INFO - F1-Score: 0.1645
[2026-06-16T06:12:48.547+0000] {logging_mixin.py:188} INFO - Metrics: Accuracy: 0.6356 | ROC_AUC: 0.6284
[2026-06-16T06:12:48.547+0000] {logging_mixin.py:188} INFO - Best Params: {'learning_rate': 0.01, 'max_depth': 3, 'n_estimators': 200}
[2026-06-16T06:12:48.548+0000] {logging_mixin.py:188} INFO - --------------------------------------------------
[2026-06-16T06:12:48.549+0000] {logging_mixin.py:188} INFO - Model: LightGBM
[2026-06-16T06:12:48.549+0000] {logging_mixin.py:188} INFO - F1-Score: 0.1701
[2026-06-16T06:12:48.550+0000] {logging_mixin.py:188} INFO - Metrics: Accuracy: 0.6499 | ROC_AUC: 0.629
[2026-06-16T06:12:48.550+0000] {logging_mixin.py:188} INFO - Best Params: {'learning_rate': 0.01, 'max_depth': 3, 'n_estimators': 100}
[2026-06-16T06:12:48.551+0000] {logging_mixin.py:188} INFO - --------------------------------------------------
[2026-06-16T06:12:48.552+0000] {logging_mixin.py:188} INFO - Model: CatBoost
[2026-06-16T06:12:48.552+0000] {logging_mixin.py:188} INFO - F1-Score: 0.1775
[2026-06-16T06:12:48.553+0000] {logging_mixin.py:188} INFO - Metrics: Accuracy: 0.6743 | ROC_AUC: 0.6406
[2026-06-16T06:12:48.553+0000] {logging_mixin.py:188} INFO - Best Params: {'depth': 4, 'iterations': 200, 'learning_rate': 0.01}
[2026-06-16T06:12:48.554+0000] {logging_mixin.py:188} INFO - --------------------------------------------------
[2026-06-16T06:12:48.604+0000] {logging_mixin.py:188} INFO - 
Best player model name: CatBoost
[2026-06-16T06:12:48.605+0000] {logging_mixin.py:188} INFO - Best player model type: <class 'catboost.core.CatBoostClassifier'>
[2026-06-16T06:12:48.618+0000] {logging_mixin.py:188} INFO - Best player model (architecture-specific) saved to models/CatBoost_players_model.pkl
[2026-06-16T06:12:48.624+0000] {logging_mixin.py:188} INFO - Player features saved to features/player_trained_features.pkl
[2026-06-16T06:12:48.626+0000] {logging_mixin.py:188} INFO - Model training complete.
[2026-06-16T06:12:48.628+0000] {python.py:237} INFO - Done. Returned value was: None
[2026-06-16T06:12:48.629+0000] {taskinstance.py:441} INFO - ::group::Post task execution logs
[2026-06-16T06:12:48.643+0000] {taskinstance.py:1206} INFO - Marking task as SUCCESS. dag_id=futsal_nightly_db_pipeline, task_id=train_ml_models, run_id=scheduled__2026-06-15T00:00:00+00:00, execution_date=20260615T000000, start_date=20260616T060849, end_date=20260616T061248
[2026-06-16T06:12:48.716+0000] {local_task_job_runner.py:240} INFO - Task exited with return code 0
[2026-06-16T06:12:48.734+0000] {taskinstance.py:3498} INFO - 0 downstream tasks scheduled from follow-on schedule check
[2026-06-16T06:12:48.737+0000] {local_task_job_runner.py:222} INFO - ::endgroup::
