[2026-06-08T05:40:27.039+0000] {local_task_job_runner.py:120} INFO - ::group::Pre task execution logs
[2026-06-08T05:40:27.076+0000] {taskinstance.py:2076} INFO - Dependencies all met for dep_context=non-requeueable deps ti=<TaskInstance: futsal_nightly_db_pipeline.extract_transform_load_db manual__2026-06-08T05:38:40.954562+00:00 [queued]>
[2026-06-08T05:40:27.087+0000] {taskinstance.py:2076} INFO - Dependencies all met for dep_context=requeueable deps ti=<TaskInstance: futsal_nightly_db_pipeline.extract_transform_load_db manual__2026-06-08T05:38:40.954562+00:00 [queued]>
[2026-06-08T05:40:27.088+0000] {taskinstance.py:2306} INFO - Starting attempt 2 of 3
[2026-06-08T05:40:27.101+0000] {taskinstance.py:2330} INFO - Executing <Task(PythonOperator): extract_transform_load_db> on 2026-06-08 05:38:40.954562+00:00
[2026-06-08T05:40:27.108+0000] {standard_task_runner.py:63} INFO - Started process 372 to run task
[2026-06-08T05:40:27.113+0000] {standard_task_runner.py:90} INFO - Running: ['***', 'tasks', 'run', 'futsal_nightly_db_pipeline', 'extract_transform_load_db', 'manual__2026-06-08T05:38:40.954562+00:00', '--job-id', '4', '--raw', '--subdir', 'DAGS_FOLDER/futsal_pipeline.py', '--cfg-path', '/tmp/tmpivvnclm4']
[2026-06-08T05:40:27.118+0000] {standard_task_runner.py:91} INFO - Job 4: Subtask extract_transform_load_db
[2026-06-08T05:40:27.198+0000] {task_command.py:426} INFO - Running <TaskInstance: futsal_nightly_db_pipeline.extract_transform_load_db manual__2026-06-08T05:38:40.954562+00:00 [running]> on host 4c238ab438e8
[2026-06-08T05:40:27.292+0000] {taskinstance.py:2648} INFO - Exporting env vars: AIRFLOW_CTX_DAG_OWNER='futsal_admin' AIRFLOW_CTX_DAG_ID='futsal_nightly_db_pipeline' AIRFLOW_CTX_TASK_ID='extract_transform_load_db' AIRFLOW_CTX_EXECUTION_DATE='2026-06-08T05:38:40.954562+00:00' AIRFLOW_CTX_TRY_NUMBER='2' AIRFLOW_CTX_DAG_RUN_ID='manual__2026-06-08T05:38:40.954562+00:00'
[2026-06-08T05:40:27.294+0000] {taskinstance.py:430} INFO - ::endgroup::
[2026-06-08T05:40:27.318+0000] {logging_mixin.py:188} INFO - --- Running Match Data Pipeline ---
[2026-06-08T05:40:28.287+0000] {logging_mixin.py:188} INFO - 
--- Running Player Data Pipeline ---
[2026-06-08T05:40:29.139+0000] {logging_mixin.py:188} INFO - Data ETL complete. Processed 424 matches.
[2026-06-08T05:40:29.140+0000] {python.py:237} INFO - Done. Returned value was: None
[2026-06-08T05:40:29.141+0000] {taskinstance.py:441} INFO - ::group::Post task execution logs
[2026-06-08T05:40:29.150+0000] {taskinstance.py:1206} INFO - Marking task as SUCCESS. dag_id=futsal_nightly_db_pipeline, task_id=extract_transform_load_db, run_id=manual__2026-06-08T05:38:40.954562+00:00, execution_date=20260608T053840, start_date=20260608T054027, end_date=20260608T054029
[2026-06-08T05:40:29.211+0000] {local_task_job_runner.py:240} INFO - Task exited with return code 0
[2026-06-08T05:40:29.231+0000] {taskinstance.py:3498} INFO - 1 downstream tasks scheduled from follow-on schedule check
[2026-06-08T05:40:29.233+0000] {local_task_job_runner.py:222} INFO - ::endgroup::
