[2026-06-08T05:47:27.500+0000] {local_task_job_runner.py:120} INFO - ::group::Pre task execution logs
[2026-06-08T05:47:27.678+0000] {taskinstance.py:2076} INFO - Dependencies all met for dep_context=non-requeueable deps ti=<TaskInstance: futsal_nightly_db_pipeline.extract_transform_load_db manual__2026-06-08T05:38:40.954562+00:00 [queued]>
[2026-06-08T05:47:27.719+0000] {taskinstance.py:2076} INFO - Dependencies all met for dep_context=requeueable deps ti=<TaskInstance: futsal_nightly_db_pipeline.extract_transform_load_db manual__2026-06-08T05:38:40.954562+00:00 [queued]>
[2026-06-08T05:47:27.732+0000] {taskinstance.py:2306} INFO - Starting attempt 3 of 4
[2026-06-08T05:47:27.775+0000] {taskinstance.py:2330} INFO - Executing <Task(PythonOperator): extract_transform_load_db> on 2026-06-08 05:38:40.954562+00:00
[2026-06-08T05:47:27.805+0000] {standard_task_runner.py:63} INFO - Started process 734 to run task
[2026-06-08T05:47:27.814+0000] {standard_task_runner.py:90} INFO - Running: ['***', 'tasks', 'run', 'futsal_nightly_db_pipeline', 'extract_transform_load_db', 'manual__2026-06-08T05:38:40.954562+00:00', '--job-id', '9', '--raw', '--subdir', 'DAGS_FOLDER/futsal_pipeline.py', '--cfg-path', '/tmp/tmp9ygr0xbb']
[2026-06-08T05:47:27.822+0000] {standard_task_runner.py:91} INFO - Job 9: Subtask extract_transform_load_db
[2026-06-08T05:47:27.944+0000] {task_command.py:426} INFO - Running <TaskInstance: futsal_nightly_db_pipeline.extract_transform_load_db manual__2026-06-08T05:38:40.954562+00:00 [running]> on host 4c238ab438e8
[2026-06-08T05:47:28.205+0000] {taskinstance.py:2648} INFO - Exporting env vars: AIRFLOW_CTX_DAG_OWNER='futsal_admin' AIRFLOW_CTX_DAG_ID='futsal_nightly_db_pipeline' AIRFLOW_CTX_TASK_ID='extract_transform_load_db' AIRFLOW_CTX_EXECUTION_DATE='2026-06-08T05:38:40.954562+00:00' AIRFLOW_CTX_TRY_NUMBER='3' AIRFLOW_CTX_DAG_RUN_ID='manual__2026-06-08T05:38:40.954562+00:00'
[2026-06-08T05:47:28.210+0000] {taskinstance.py:430} INFO - ::endgroup::
[2026-06-08T05:47:28.263+0000] {logging_mixin.py:188} INFO - --- Running Match Data Pipeline ---
[2026-06-08T05:47:29.481+0000] {logging_mixin.py:188} INFO - 
--- Running Player Data Pipeline ---
[2026-06-08T05:47:30.325+0000] {logging_mixin.py:188} INFO - Data ETL complete. Processed 424 matches.
[2026-06-08T05:47:30.327+0000] {python.py:237} INFO - Done. Returned value was: None
[2026-06-08T05:47:30.328+0000] {taskinstance.py:441} INFO - ::group::Post task execution logs
[2026-06-08T05:47:30.339+0000] {taskinstance.py:1206} INFO - Marking task as SUCCESS. dag_id=futsal_nightly_db_pipeline, task_id=extract_transform_load_db, run_id=manual__2026-06-08T05:38:40.954562+00:00, execution_date=20260608T053840, start_date=20260608T054727, end_date=20260608T054730
[2026-06-08T05:47:30.413+0000] {local_task_job_runner.py:240} INFO - Task exited with return code 0
[2026-06-08T05:47:30.445+0000] {taskinstance.py:3498} INFO - 0 downstream tasks scheduled from follow-on schedule check
[2026-06-08T05:47:30.458+0000] {local_task_job_runner.py:222} INFO - ::endgroup::
