[2026-06-16T06:08:33.922+0000] {local_task_job_runner.py:120} INFO - ::group::Pre task execution logs
[2026-06-16T06:08:33.964+0000] {taskinstance.py:2076} INFO - Dependencies all met for dep_context=non-requeueable deps ti=<TaskInstance: futsal_nightly_db_pipeline.extract_transform_load_db scheduled__2026-06-15T00:00:00+00:00 [queued]>
[2026-06-16T06:08:33.977+0000] {taskinstance.py:2076} INFO - Dependencies all met for dep_context=requeueable deps ti=<TaskInstance: futsal_nightly_db_pipeline.extract_transform_load_db scheduled__2026-06-15T00:00:00+00:00 [queued]>
[2026-06-16T06:08:33.978+0000] {taskinstance.py:2306} INFO - Starting attempt 4 of 5
[2026-06-16T06:08:33.999+0000] {taskinstance.py:2330} INFO - Executing <Task(PythonOperator): extract_transform_load_db> on 2026-06-15 00:00:00+00:00
[2026-06-16T06:08:34.013+0000] {standard_task_runner.py:63} INFO - Started process 301 to run task
[2026-06-16T06:08:34.020+0000] {standard_task_runner.py:90} INFO - Running: ['***', 'tasks', 'run', 'futsal_nightly_db_pipeline', 'extract_transform_load_db', 'scheduled__2026-06-15T00:00:00+00:00', '--job-id', '11', '--raw', '--subdir', 'DAGS_FOLDER/futsal_pipeline.py', '--cfg-path', '/tmp/tmpw85s1mp3']
[2026-06-16T06:08:34.024+0000] {standard_task_runner.py:91} INFO - Job 11: Subtask extract_transform_load_db
[2026-06-16T06:08:34.117+0000] {task_command.py:426} INFO - Running <TaskInstance: futsal_nightly_db_pipeline.extract_transform_load_db scheduled__2026-06-15T00:00:00+00:00 [running]> on host a098f67a6360
[2026-06-16T06:08:34.227+0000] {taskinstance.py:2648} INFO - Exporting env vars: AIRFLOW_CTX_DAG_OWNER='futsal_admin' AIRFLOW_CTX_DAG_ID='futsal_nightly_db_pipeline' AIRFLOW_CTX_TASK_ID='extract_transform_load_db' AIRFLOW_CTX_EXECUTION_DATE='2026-06-15T00:00:00+00:00' AIRFLOW_CTX_TRY_NUMBER='4' AIRFLOW_CTX_DAG_RUN_ID='scheduled__2026-06-15T00:00:00+00:00'
[2026-06-16T06:08:34.229+0000] {taskinstance.py:430} INFO - ::endgroup::
[2026-06-16T06:08:34.799+0000] {transport.py:1874} INFO - Connected (version 2.0, client OpenSSH_8.2p1)
[2026-06-16T06:08:35.484+0000] {transport.py:1874} INFO - Authentication (publickey) successful!
[2026-06-16T06:08:35.487+0000] {logging_mixin.py:188} INFO - SSH Tunnel Connected
[2026-06-16T06:08:35.502+0000] {logging_mixin.py:188} INFO - Database connection established.
[2026-06-16T06:08:35.503+0000] {logging_mixin.py:188} INFO - --- Running Match Data Pipeline ---
[2026-06-16T06:08:42.235+0000] {logging_mixin.py:188} INFO - 
--- Running Player Data Pipeline ---
[2026-06-16T06:08:47.181+0000] {logging_mixin.py:188} INFO - Data ETL complete. Processed 691 matches.
[2026-06-16T06:08:47.183+0000] {python.py:237} INFO - Done. Returned value was: None
[2026-06-16T06:08:47.185+0000] {taskinstance.py:441} INFO - ::group::Post task execution logs
[2026-06-16T06:08:47.194+0000] {taskinstance.py:1206} INFO - Marking task as SUCCESS. dag_id=futsal_nightly_db_pipeline, task_id=extract_transform_load_db, run_id=scheduled__2026-06-15T00:00:00+00:00, execution_date=20260615T000000, start_date=20260616T060833, end_date=20260616T060847
[2026-06-16T06:08:47.221+0000] {local_task_job_runner.py:240} INFO - Task exited with return code 0
[2026-06-16T06:08:47.241+0000] {taskinstance.py:3498} INFO - 1 downstream tasks scheduled from follow-on schedule check
[2026-06-16T06:08:47.244+0000] {local_task_job_runner.py:222} INFO - ::endgroup::
