[2026-06-02T04:47:12.913+0000] {local_task_job_runner.py:120} INFO - ::group::Pre task execution logs
[2026-06-02T04:47:12.946+0000] {taskinstance.py:2076} INFO - Dependencies all met for dep_context=non-requeueable deps ti=<TaskInstance: futsal_nightly_db_pipeline.train_ml_models scheduled__2026-06-01T00:00:00+00:00 [queued]>
[2026-06-02T04:47:12.955+0000] {taskinstance.py:2076} INFO - Dependencies all met for dep_context=requeueable deps ti=<TaskInstance: futsal_nightly_db_pipeline.train_ml_models scheduled__2026-06-01T00:00:00+00:00 [queued]>
[2026-06-02T04:47:12.956+0000] {taskinstance.py:2306} INFO - Starting attempt 1 of 2
[2026-06-02T04:47:12.972+0000] {taskinstance.py:2330} INFO - Executing <Task(PythonOperator): train_ml_models> on 2026-06-01 00:00:00+00:00
[2026-06-02T04:47:12.981+0000] {standard_task_runner.py:63} INFO - Started process 513 to run task
[2026-06-02T04:47:12.985+0000] {standard_task_runner.py:90} INFO - Running: ['***', 'tasks', 'run', 'futsal_nightly_db_pipeline', 'train_ml_models', 'scheduled__2026-06-01T00:00:00+00:00', '--job-id', '25', '--raw', '--subdir', 'DAGS_FOLDER/futsal_pipeline.py', '--cfg-path', '/tmp/tmpzt1wtjd9']
[2026-06-02T04:47:12.986+0000] {standard_task_runner.py:91} INFO - Job 25: Subtask train_ml_models
[2026-06-02T04:47:13.048+0000] {task_command.py:426} INFO - Running <TaskInstance: futsal_nightly_db_pipeline.train_ml_models scheduled__2026-06-01T00:00:00+00:00 [running]> on host b326f2068ec6
[2026-06-02T04:47:13.147+0000] {taskinstance.py:2648} INFO - Exporting env vars: AIRFLOW_CTX_DAG_OWNER='futsal_admin' AIRFLOW_CTX_DAG_ID='futsal_nightly_db_pipeline' AIRFLOW_CTX_TASK_ID='train_ml_models' AIRFLOW_CTX_EXECUTION_DATE='2026-06-01T00:00:00+00:00' AIRFLOW_CTX_TRY_NUMBER='1' AIRFLOW_CTX_DAG_RUN_ID='scheduled__2026-06-01T00:00:00+00:00'
[2026-06-02T04:47:13.149+0000] {taskinstance.py:430} INFO - ::endgroup::
[2026-06-02T04:47:13.150+0000] {logging_mixin.py:188} INFO - 
=======================================================
[2026-06-02T04:47:13.151+0000] {logging_mixin.py:188} INFO - RUNNING MATCH DATA MODEL TRAINING PIPELINE
[2026-06-02T04:47:13.151+0000] {logging_mixin.py:188} INFO - =======================================================
[2026-06-02T04:47:13.151+0000] {logging_mixin.py:188} INFO - Loading match feature data...
[2026-06-02T04:47:13.165+0000] {logging_mixin.py:188} INFO - Training match models...
[2026-06-02T04:47:13.166+0000] {logging_mixin.py:188} INFO - Grid searching: RandomForestClassifier...
[2026-06-02T04:47:13.167+0000] {logging_mixin.py:188} INFO - Grid searching: SVC...
[2026-06-02T04:47:13.167+0000] {logging_mixin.py:188} INFO - Grid searching: LogisticRegression...
[2026-06-02T04:47:13.168+0000] {logging_mixin.py:188} INFO - Training RandomForestClassifier...
[2026-06-02T04:48:42.257+0000] {logging_mixin.py:188} INFO - Training SVC...
[2026-06-02T04:48:42.529+0000] {logging_mixin.py:188} INFO - Training LogisticRegression...
[2026-06-02T04:48:43.544+0000] {logging_mixin.py:188} INFO - 
==================================================
[2026-06-02T04:48:43.549+0000] {logging_mixin.py:188} INFO - Match Training Report:
[2026-06-02T04:48:43.550+0000] {logging_mixin.py:188} INFO - ==================================================
[2026-06-02T04:48:43.550+0000] {logging_mixin.py:188} INFO - Model: RandomForestClassifier
[2026-06-02T04:48:43.551+0000] {logging_mixin.py:188} INFO - Accuracy: 0.7176
[2026-06-02T04:48:43.560+0000] {logging_mixin.py:188} INFO - F1-Score: 0.7182
[2026-06-02T04:48:43.560+0000] {logging_mixin.py:188} INFO - Best Params: {'classifier__max_depth': 30, 'classifier__min_samples_leaf': 4, 'classifier__min_samples_split': 10, 'classifier__n_estimators': 200}
[2026-06-02T04:48:43.560+0000] {logging_mixin.py:188} INFO - --------------------------------------------------
[2026-06-02T04:48:43.561+0000] {logging_mixin.py:188} INFO - Model: SVC
[2026-06-02T04:48:43.561+0000] {logging_mixin.py:188} INFO - Accuracy: 0.7176
[2026-06-02T04:48:43.561+0000] {logging_mixin.py:188} INFO - F1-Score: 0.7184
[2026-06-02T04:48:43.565+0000] {logging_mixin.py:188} INFO - Best Params: {'classifier__C': 0.1, 'classifier__kernel': 'linear'}
[2026-06-02T04:48:43.566+0000] {logging_mixin.py:188} INFO - --------------------------------------------------
[2026-06-02T04:48:43.567+0000] {logging_mixin.py:188} INFO - Model: LogisticRegression
[2026-06-02T04:48:43.567+0000] {logging_mixin.py:188} INFO - Accuracy: 0.6941
[2026-06-02T04:48:43.567+0000] {logging_mixin.py:188} INFO - F1-Score: 0.6949
[2026-06-02T04:48:43.567+0000] {logging_mixin.py:188} INFO - Best Params: {'classifier__C': 0.1}
[2026-06-02T04:48:43.568+0000] {logging_mixin.py:188} INFO - --------------------------------------------------
[2026-06-02T04:48:43.643+0000] {logging_mixin.py:188} INFO - 
Best match model name: RandomForestClassifier
[2026-06-02T04:48:43.644+0000] {logging_mixin.py:188} INFO - Best match model type: <class 'sklearn.pipeline.Pipeline'>
[2026-06-02T04:48:44.166+0000] {logging_mixin.py:188} INFO - Best match model (architecture-specific) saved to models/RandomForestClassifier_matches_model.pkl
[2026-06-02T04:48:44.168+0000] {logging_mixin.py:188} INFO - Match features saved to features/match_trained_features.pkl
[2026-06-02T04:48:44.168+0000] {logging_mixin.py:188} INFO - 
=======================================================
[2026-06-02T04:48:44.169+0000] {logging_mixin.py:188} INFO - RUNNING PLAYER DATA MODEL TRAINING PIPELINE
[2026-06-02T04:48:44.169+0000] {logging_mixin.py:188} INFO - =======================================================
[2026-06-02T04:48:44.170+0000] {logging_mixin.py:188} INFO - Loading player feature data...
[2026-06-02T04:48:44.224+0000] {logging_mixin.py:188} INFO - Training player models...
[2026-06-02T04:48:44.226+0000] {logging_mixin.py:188} INFO - 
================================================================================
[2026-06-02T04:48:44.226+0000] {logging_mixin.py:188} INFO - TRAINING RandomForest
[2026-06-02T04:48:44.227+0000] {logging_mixin.py:188} INFO - ================================================================================
[2026-06-02T04:48:44.230+0000] {logging_mixin.py:188} INFO - Fitting 3 folds for each of 24 candidates, totalling 72 fits
[2026-06-02T04:50:37.362+0000] {logging_mixin.py:188} INFO - BEST PARAMETERS FOR RandomForest: {'max_depth': 3, 'min_samples_leaf': 2, 'min_samples_split': 2, 'n_estimators': 200}
[2026-06-02T04:50:37.408+0000] {logging_mixin.py:188} INFO - RESULTS FOR RandomForest: MAE: 3.3286, RMSE: 4.7092, R2: -0.0429
[2026-06-02T04:50:37.409+0000] {logging_mixin.py:188} INFO - 
================================================================================
[2026-06-02T04:50:37.409+0000] {logging_mixin.py:188} INFO - TRAINING GradientBoosting
[2026-06-02T04:50:37.410+0000] {logging_mixin.py:188} INFO - ================================================================================
[2026-06-02T04:50:37.414+0000] {logging_mixin.py:188} INFO - Fitting 3 folds for each of 12 candidates, totalling 36 fits
[2026-06-02T04:51:32.229+0000] {logging_mixin.py:188} INFO - BEST PARAMETERS FOR GradientBoosting: {'learning_rate': 0.03, 'max_depth': 3, 'n_estimators': 100}
[2026-06-02T04:51:32.234+0000] {logging_mixin.py:188} INFO - RESULTS FOR GradientBoosting: MAE: 3.3465, RMSE: 4.7402, R2: -0.0567
[2026-06-02T04:51:32.235+0000] {logging_mixin.py:188} INFO - 
================================================================================
[2026-06-02T04:51:32.235+0000] {logging_mixin.py:188} INFO - TRAINING ExtraTrees
[2026-06-02T04:51:32.236+0000] {logging_mixin.py:188} INFO - ================================================================================
[2026-06-02T04:51:32.239+0000] {logging_mixin.py:188} INFO - Fitting 3 folds for each of 8 candidates, totalling 24 fits
[2026-06-02T04:52:04.986+0000] {logging_mixin.py:188} INFO - BEST PARAMETERS FOR ExtraTrees: {'max_depth': 5, 'min_samples_split': 2, 'n_estimators': 100}
[2026-06-02T04:52:05.127+0000] {logging_mixin.py:188} INFO - RESULTS FOR ExtraTrees: MAE: 3.3024, RMSE: 4.6988, R2: -0.0383
[2026-06-02T04:52:05.131+0000] {logging_mixin.py:188} INFO - 
================================================================================
[2026-06-02T04:52:05.135+0000] {logging_mixin.py:188} INFO - TRAINING RidgeRegression
[2026-06-02T04:52:05.135+0000] {logging_mixin.py:188} INFO - ================================================================================
[2026-06-02T04:52:05.143+0000] {logging_mixin.py:188} INFO - Fitting 3 folds for each of 3 candidates, totalling 9 fits
[2026-06-02T04:52:05.899+0000] {logging_mixin.py:188} INFO - BEST PARAMETERS FOR RidgeRegression: {'alpha': 10.0}
[2026-06-02T04:52:05.927+0000] {logging_mixin.py:188} INFO - RESULTS FOR RidgeRegression: MAE: 3.313, RMSE: 4.6744, R2: -0.0276
[2026-06-02T04:52:05.931+0000] {logging_mixin.py:188} INFO - 
================================================================================
[2026-06-02T04:52:05.938+0000] {logging_mixin.py:188} INFO - TRAINING XGBoost
[2026-06-02T04:52:05.943+0000] {logging_mixin.py:188} INFO - ================================================================================
[2026-06-02T04:52:05.955+0000] {logging_mixin.py:188} INFO - Fitting 3 folds for each of 12 candidates, totalling 36 fits
[2026-06-02T05:38:45.230+0000] {local_task_job_runner.py:124} ERROR - Received SIGTERM. Terminating subprocesses
[2026-06-02T05:38:45.429+0000] {process_utils.py:132} INFO - Sending 15 to group 513. PIDs of all processes in the group: [513]
[2026-06-02T05:38:45.440+0000] {process_utils.py:87} INFO - Sending the signal 15 to group 513
[2026-06-02T06:04:10.137+0000] {local_task_job_runner.py:120} INFO - ::group::Pre task execution logs
[2026-06-02T06:04:10.165+0000] {taskinstance.py:2076} INFO - Dependencies all met for dep_context=non-requeueable deps ti=<TaskInstance: futsal_nightly_db_pipeline.train_ml_models scheduled__2026-06-01T00:00:00+00:00 [queued]>
[2026-06-02T06:04:10.172+0000] {taskinstance.py:2076} INFO - Dependencies all met for dep_context=requeueable deps ti=<TaskInstance: futsal_nightly_db_pipeline.train_ml_models scheduled__2026-06-01T00:00:00+00:00 [queued]>
[2026-06-02T06:04:10.173+0000] {taskinstance.py:2306} INFO - Starting attempt 1 of 2
[2026-06-02T06:04:10.187+0000] {taskinstance.py:2330} INFO - Executing <Task(PythonOperator): train_ml_models> on 2026-06-01 00:00:00+00:00
[2026-06-02T06:04:10.195+0000] {standard_task_runner.py:63} INFO - Started process 1872 to run task
[2026-06-02T06:04:10.199+0000] {standard_task_runner.py:90} INFO - Running: ['***', 'tasks', 'run', 'futsal_nightly_db_pipeline', 'train_ml_models', 'scheduled__2026-06-01T00:00:00+00:00', '--job-id', '43', '--raw', '--subdir', 'DAGS_FOLDER/futsal_pipeline.py', '--cfg-path', '/tmp/tmpx35e53a7']
[2026-06-02T06:04:10.200+0000] {standard_task_runner.py:91} INFO - Job 43: Subtask train_ml_models
[2026-06-02T06:04:10.266+0000] {task_command.py:426} INFO - Running <TaskInstance: futsal_nightly_db_pipeline.train_ml_models scheduled__2026-06-01T00:00:00+00:00 [running]> on host fe3d355bfae7
[2026-06-02T06:04:10.353+0000] {taskinstance.py:2648} INFO - Exporting env vars: AIRFLOW_CTX_DAG_OWNER='futsal_admin' AIRFLOW_CTX_DAG_ID='futsal_nightly_db_pipeline' AIRFLOW_CTX_TASK_ID='train_ml_models' AIRFLOW_CTX_EXECUTION_DATE='2026-06-01T00:00:00+00:00' AIRFLOW_CTX_TRY_NUMBER='1' AIRFLOW_CTX_DAG_RUN_ID='scheduled__2026-06-01T00:00:00+00:00'
[2026-06-02T06:04:10.357+0000] {taskinstance.py:430} INFO - ::endgroup::
[2026-06-02T06:04:10.361+0000] {logging_mixin.py:188} INFO - 
=======================================================
[2026-06-02T06:04:10.362+0000] {logging_mixin.py:188} INFO - RUNNING MATCH DATA MODEL TRAINING PIPELINE
[2026-06-02T06:04:10.363+0000] {logging_mixin.py:188} INFO - =======================================================
[2026-06-02T06:04:10.364+0000] {logging_mixin.py:188} INFO - Loading match feature data...
[2026-06-02T06:04:10.439+0000] {logging_mixin.py:188} INFO - Training match models...
[2026-06-02T06:04:10.444+0000] {logging_mixin.py:188} INFO - Grid searching: RandomForestClassifier...
[2026-06-02T06:04:10.448+0000] {logging_mixin.py:188} INFO - Grid searching: SVC...
[2026-06-02T06:04:10.449+0000] {logging_mixin.py:188} INFO - Grid searching: LogisticRegression...
[2026-06-02T06:04:10.450+0000] {logging_mixin.py:188} INFO - Training RandomForestClassifier...
[2026-06-02T06:05:08.295+0000] {logging_mixin.py:188} INFO - Training SVC...
[2026-06-02T06:05:08.445+0000] {logging_mixin.py:188} INFO - Training LogisticRegression...
[2026-06-02T06:05:08.539+0000] {logging_mixin.py:188} INFO - 
==================================================
[2026-06-02T06:05:08.540+0000] {logging_mixin.py:188} INFO - Match Training Report:
[2026-06-02T06:05:08.545+0000] {logging_mixin.py:188} INFO - ==================================================
[2026-06-02T06:05:08.545+0000] {logging_mixin.py:188} INFO - Model: RandomForestClassifier
[2026-06-02T06:05:08.546+0000] {logging_mixin.py:188} INFO - Accuracy: 0.7412
[2026-06-02T06:05:08.546+0000] {logging_mixin.py:188} INFO - F1-Score: 0.7417
[2026-06-02T06:05:08.546+0000] {logging_mixin.py:188} INFO - Best Params: {'classifier__max_depth': 10, 'classifier__min_samples_leaf': 2, 'classifier__min_samples_split': 2, 'classifier__n_estimators': 100}
[2026-06-02T06:05:08.547+0000] {logging_mixin.py:188} INFO - --------------------------------------------------
[2026-06-02T06:05:08.547+0000] {logging_mixin.py:188} INFO - Model: SVC
[2026-06-02T06:05:08.548+0000] {logging_mixin.py:188} INFO - Accuracy: 0.7176
[2026-06-02T06:05:08.548+0000] {logging_mixin.py:188} INFO - F1-Score: 0.7184
[2026-06-02T06:05:08.548+0000] {logging_mixin.py:188} INFO - Best Params: {'classifier__C': 0.1, 'classifier__kernel': 'linear'}
[2026-06-02T06:05:08.549+0000] {logging_mixin.py:188} INFO - --------------------------------------------------
[2026-06-02T06:05:08.549+0000] {logging_mixin.py:188} INFO - Model: LogisticRegression
[2026-06-02T06:05:08.550+0000] {logging_mixin.py:188} INFO - Accuracy: 0.6941
[2026-06-02T06:05:08.550+0000] {logging_mixin.py:188} INFO - F1-Score: 0.6949
[2026-06-02T06:05:08.550+0000] {logging_mixin.py:188} INFO - Best Params: {'classifier__C': 0.1}
[2026-06-02T06:05:08.556+0000] {logging_mixin.py:188} INFO - --------------------------------------------------
[2026-06-02T06:05:08.578+0000] {logging_mixin.py:188} INFO - 
Best match model name: RandomForestClassifier
[2026-06-02T06:05:08.579+0000] {logging_mixin.py:188} INFO - Best match model type: <class 'sklearn.pipeline.Pipeline'>
[2026-06-02T06:05:08.788+0000] {logging_mixin.py:188} INFO - Best match model (architecture-specific) saved to models/RandomForestClassifier_matches_model.pkl
[2026-06-02T06:05:08.792+0000] {logging_mixin.py:188} INFO - Match features saved to features/match_trained_features.pkl
[2026-06-02T06:05:08.793+0000] {logging_mixin.py:188} INFO - 
=======================================================
[2026-06-02T06:05:08.793+0000] {logging_mixin.py:188} INFO - RUNNING PLAYER DATA MODEL TRAINING PIPELINE
[2026-06-02T06:05:08.794+0000] {logging_mixin.py:188} INFO - =======================================================
[2026-06-02T06:05:08.794+0000] {logging_mixin.py:188} INFO - Loading player feature data...
[2026-06-02T06:05:08.841+0000] {logging_mixin.py:188} INFO - Training player models...
[2026-06-02T06:05:08.844+0000] {logging_mixin.py:188} INFO - 
================================================================================
[2026-06-02T06:05:08.844+0000] {logging_mixin.py:188} INFO - TRAINING RandomForest
[2026-06-02T06:05:08.845+0000] {logging_mixin.py:188} INFO - ================================================================================
[2026-06-02T06:05:08.848+0000] {logging_mixin.py:188} INFO - Fitting 3 folds for each of 24 candidates, totalling 72 fits
[2026-06-02T06:06:09.813+0000] {logging_mixin.py:188} INFO - BEST PARAMETERS FOR RandomForest: {'max_depth': 3, 'min_samples_leaf': 2, 'min_samples_split': 2, 'n_estimators': 200}
[2026-06-02T06:06:09.833+0000] {logging_mixin.py:188} INFO - RESULTS FOR RandomForest: MAE: 3.3286, RMSE: 4.7092, R2: -0.0429
[2026-06-02T06:06:09.834+0000] {logging_mixin.py:188} INFO - 
================================================================================
[2026-06-02T06:06:09.834+0000] {logging_mixin.py:188} INFO - TRAINING GradientBoosting
[2026-06-02T06:06:09.835+0000] {logging_mixin.py:188} INFO - ================================================================================
[2026-06-02T06:06:09.837+0000] {logging_mixin.py:188} INFO - Fitting 3 folds for each of 12 candidates, totalling 36 fits
[2026-06-02T06:06:40.301+0000] {logging_mixin.py:188} INFO - BEST PARAMETERS FOR GradientBoosting: {'learning_rate': 0.03, 'max_depth': 3, 'n_estimators': 100}
[2026-06-02T06:06:40.307+0000] {logging_mixin.py:188} INFO - RESULTS FOR GradientBoosting: MAE: 3.3465, RMSE: 4.7402, R2: -0.0567
[2026-06-02T06:06:40.308+0000] {logging_mixin.py:188} INFO - 
================================================================================
[2026-06-02T06:06:40.308+0000] {logging_mixin.py:188} INFO - TRAINING ExtraTrees
[2026-06-02T06:06:40.309+0000] {logging_mixin.py:188} INFO - ================================================================================
[2026-06-02T06:06:40.312+0000] {logging_mixin.py:188} INFO - Fitting 3 folds for each of 8 candidates, totalling 24 fits
[2026-06-02T06:06:48.292+0000] {logging_mixin.py:188} INFO - BEST PARAMETERS FOR ExtraTrees: {'max_depth': 5, 'min_samples_split': 2, 'n_estimators': 100}
[2026-06-02T06:06:48.304+0000] {logging_mixin.py:188} INFO - RESULTS FOR ExtraTrees: MAE: 3.3024, RMSE: 4.6988, R2: -0.0383
[2026-06-02T06:06:48.305+0000] {logging_mixin.py:188} INFO - 
================================================================================
[2026-06-02T06:06:48.306+0000] {logging_mixin.py:188} INFO - TRAINING RidgeRegression
[2026-06-02T06:06:48.306+0000] {logging_mixin.py:188} INFO - ================================================================================
[2026-06-02T06:06:48.309+0000] {logging_mixin.py:188} INFO - Fitting 3 folds for each of 3 candidates, totalling 9 fits
[2026-06-02T06:06:48.477+0000] {logging_mixin.py:188} INFO - BEST PARAMETERS FOR RidgeRegression: {'alpha': 10.0}
[2026-06-02T06:06:48.495+0000] {logging_mixin.py:188} INFO - RESULTS FOR RidgeRegression: MAE: 3.313, RMSE: 4.6744, R2: -0.0276
[2026-06-02T06:06:48.507+0000] {logging_mixin.py:188} INFO - 
================================================================================
[2026-06-02T06:06:48.521+0000] {logging_mixin.py:188} INFO - TRAINING XGBoost
[2026-06-02T06:06:48.523+0000] {logging_mixin.py:188} INFO - ================================================================================
[2026-06-02T06:06:48.545+0000] {logging_mixin.py:188} INFO - Fitting 3 folds for each of 12 candidates, totalling 36 fits
[2026-06-02T06:06:55.802+0000] {logging_mixin.py:188} INFO - BEST PARAMETERS FOR XGBoost: {'colsample_bytree': 0.8, 'learning_rate': 0.03, 'max_depth': 3, 'n_estimators': 100, 'subsample': 0.8}
[2026-06-02T06:06:55.808+0000] {logging_mixin.py:188} INFO - RESULTS FOR XGBoost: MAE: 3.337, RMSE: 4.7411, R2: -0.0571
[2026-06-02T06:06:55.809+0000] {logging_mixin.py:188} INFO - 
==================================================
[2026-06-02T06:06:55.809+0000] {logging_mixin.py:188} INFO - Player Training Report:
[2026-06-02T06:06:55.810+0000] {logging_mixin.py:188} INFO - ==================================================
[2026-06-02T06:06:55.810+0000] {logging_mixin.py:188} INFO - Model: RandomForest
[2026-06-02T06:06:55.810+0000] {logging_mixin.py:188} INFO - R2-Score: -0.0429
[2026-06-02T06:06:55.811+0000] {logging_mixin.py:188} INFO - Metrics: MAE: 3.3286 | RMSE: 4.7092
[2026-06-02T06:06:55.811+0000] {logging_mixin.py:188} INFO - Best Params: {'max_depth': 3, 'min_samples_leaf': 2, 'min_samples_split': 2, 'n_estimators': 200}
[2026-06-02T06:06:55.812+0000] {logging_mixin.py:188} INFO - --------------------------------------------------
[2026-06-02T06:06:55.812+0000] {logging_mixin.py:188} INFO - Model: GradientBoosting
[2026-06-02T06:06:55.812+0000] {logging_mixin.py:188} INFO - R2-Score: -0.0567
[2026-06-02T06:06:55.813+0000] {logging_mixin.py:188} INFO - Metrics: MAE: 3.3465 | RMSE: 4.7402
[2026-06-02T06:06:55.813+0000] {logging_mixin.py:188} INFO - Best Params: {'learning_rate': 0.03, 'max_depth': 3, 'n_estimators': 100}
[2026-06-02T06:06:55.813+0000] {logging_mixin.py:188} INFO - --------------------------------------------------
[2026-06-02T06:06:55.814+0000] {logging_mixin.py:188} INFO - Model: ExtraTrees
[2026-06-02T06:06:55.815+0000] {logging_mixin.py:188} INFO - R2-Score: -0.0383
[2026-06-02T06:06:55.816+0000] {logging_mixin.py:188} INFO - Metrics: MAE: 3.3024 | RMSE: 4.6988
[2026-06-02T06:06:55.816+0000] {logging_mixin.py:188} INFO - Best Params: {'max_depth': 5, 'min_samples_split': 2, 'n_estimators': 100}
[2026-06-02T06:06:55.817+0000] {logging_mixin.py:188} INFO - --------------------------------------------------
[2026-06-02T06:06:55.817+0000] {logging_mixin.py:188} INFO - Model: RidgeRegression
[2026-06-02T06:06:55.817+0000] {logging_mixin.py:188} INFO - R2-Score: -0.0276
[2026-06-02T06:06:55.818+0000] {logging_mixin.py:188} INFO - Metrics: MAE: 3.313 | RMSE: 4.6744
[2026-06-02T06:06:55.820+0000] {logging_mixin.py:188} INFO - Best Params: {'alpha': 10.0}
[2026-06-02T06:06:55.821+0000] {logging_mixin.py:188} INFO - --------------------------------------------------
[2026-06-02T06:06:55.821+0000] {logging_mixin.py:188} INFO - Model: XGBoost
[2026-06-02T06:06:55.821+0000] {logging_mixin.py:188} INFO - R2-Score: -0.0571
[2026-06-02T06:06:55.822+0000] {logging_mixin.py:188} INFO - Metrics: MAE: 3.337 | RMSE: 4.7411
[2026-06-02T06:06:55.822+0000] {logging_mixin.py:188} INFO - Best Params: {'colsample_bytree': 0.8, 'learning_rate': 0.03, 'max_depth': 3, 'n_estimators': 100, 'subsample': 0.8}
[2026-06-02T06:06:55.823+0000] {logging_mixin.py:188} INFO - --------------------------------------------------
[2026-06-02T06:06:55.894+0000] {logging_mixin.py:188} INFO - 
Best player model name: RidgeRegression
[2026-06-02T06:06:55.901+0000] {logging_mixin.py:188} INFO - Best player model type: <class 'sklearn.linear_model._ridge.Ridge'>
[2026-06-02T06:06:55.919+0000] {logging_mixin.py:188} INFO - Best player model (architecture-specific) saved to models/RidgeRegression_players_model.pkl
[2026-06-02T06:06:55.928+0000] {logging_mixin.py:188} INFO - Player features saved to features/player_trained_features.pkl
[2026-06-02T06:06:55.930+0000] {logging_mixin.py:188} INFO - Model training complete.
[2026-06-02T06:06:55.933+0000] {python.py:237} INFO - Done. Returned value was: None
[2026-06-02T06:06:55.934+0000] {taskinstance.py:441} INFO - ::group::Post task execution logs
[2026-06-02T06:06:55.952+0000] {taskinstance.py:1206} INFO - Marking task as SUCCESS. dag_id=futsal_nightly_db_pipeline, task_id=train_ml_models, run_id=scheduled__2026-06-01T00:00:00+00:00, execution_date=20260601T000000, start_date=20260602T060410, end_date=20260602T060655
[2026-06-02T06:06:56.007+0000] {local_task_job_runner.py:240} INFO - Task exited with return code 0
[2026-06-02T06:06:56.042+0000] {taskinstance.py:3498} INFO - 0 downstream tasks scheduled from follow-on schedule check
[2026-06-02T06:06:56.057+0000] {local_task_job_runner.py:222} INFO - ::endgroup::
