[2026-06-02T05:10:45.590+0000] {local_task_job_runner.py:120} INFO - ::group::Pre task execution logs
[2026-06-02T05:10:45.734+0000] {taskinstance.py:2076} INFO - Dependencies all met for dep_context=non-requeueable deps ti=<TaskInstance: futsal_nightly_db_pipeline.extract_transform_load_db manual__2026-06-02T05:10:33.902602+00:00 [queued]>
[2026-06-02T05:10:45.758+0000] {taskinstance.py:2076} INFO - Dependencies all met for dep_context=requeueable deps ti=<TaskInstance: futsal_nightly_db_pipeline.extract_transform_load_db manual__2026-06-02T05:10:33.902602+00:00 [queued]>
[2026-06-02T05:10:45.769+0000] {taskinstance.py:2306} INFO - Starting attempt 1 of 2
[2026-06-02T05:10:45.830+0000] {taskinstance.py:2330} INFO - Executing <Task(PythonOperator): extract_transform_load_db> on 2026-06-02 05:10:33.902602+00:00
[2026-06-02T05:10:45.919+0000] {standard_task_runner.py:90} INFO - Running: ['***', 'tasks', 'run', 'futsal_nightly_db_pipeline', 'extract_transform_load_db', 'manual__2026-06-02T05:10:33.902602+00:00', '--job-id', '26', '--raw', '--subdir', 'DAGS_FOLDER/futsal_pipeline.py', '--cfg-path', '/tmp/tmp6qrr1xok']
[2026-06-02T05:10:45.927+0000] {standard_task_runner.py:91} INFO - Job 26: Subtask extract_transform_load_db
[2026-06-02T05:10:45.907+0000] {standard_task_runner.py:63} INFO - Started process 12748 to run task
[2026-06-02T05:10:46.177+0000] {task_command.py:426} INFO - Running <TaskInstance: futsal_nightly_db_pipeline.extract_transform_load_db manual__2026-06-02T05:10:33.902602+00:00 [running]> on host b326f2068ec6
[2026-06-02T05:10:46.638+0000] {taskinstance.py:2648} INFO - Exporting env vars: AIRFLOW_CTX_DAG_OWNER='futsal_admin' AIRFLOW_CTX_DAG_ID='futsal_nightly_db_pipeline' AIRFLOW_CTX_TASK_ID='extract_transform_load_db' AIRFLOW_CTX_EXECUTION_DATE='2026-06-02T05:10:33.902602+00:00' AIRFLOW_CTX_TRY_NUMBER='1' AIRFLOW_CTX_DAG_RUN_ID='manual__2026-06-02T05:10:33.902602+00:00'
[2026-06-02T05:10:46.646+0000] {taskinstance.py:430} INFO - ::endgroup::
[2026-06-02T05:10:46.710+0000] {logging_mixin.py:188} INFO - --- Running Match Data Pipeline ---
[2026-06-02T05:10:53.879+0000] {logging_mixin.py:188} INFO - 
--- Running Player Data Pipeline ---
[2026-06-02T05:10:56.987+0000] {logging_mixin.py:188} INFO - Data ETL complete. Processed 424 matches.
[2026-06-02T05:10:57.001+0000] {python.py:237} INFO - Done. Returned value was: None
[2026-06-02T05:10:57.008+0000] {taskinstance.py:441} INFO - ::group::Post task execution logs
[2026-06-02T05:10:57.037+0000] {taskinstance.py:1206} INFO - Marking task as SUCCESS. dag_id=futsal_nightly_db_pipeline, task_id=extract_transform_load_db, run_id=manual__2026-06-02T05:10:33.902602+00:00, execution_date=20260602T051033, start_date=20260602T051045, end_date=20260602T051057
[2026-06-02T05:10:57.153+0000] {local_task_job_runner.py:240} INFO - Task exited with return code 0
[2026-06-02T05:10:57.198+0000] {taskinstance.py:3498} INFO - 1 downstream tasks scheduled from follow-on schedule check
[2026-06-02T05:10:57.219+0000] {local_task_job_runner.py:222} INFO - ::endgroup::
