[2026-06-08T05:47:47.147+0000] {local_task_job_runner.py:120} INFO - ::group::Pre task execution logs
[2026-06-08T05:47:47.199+0000] {taskinstance.py:2076} INFO - Dependencies all met for dep_context=non-requeueable deps ti=<TaskInstance: futsal_nightly_db_pipeline.train_ml_models manual__2026-06-08T05:38:40.954562+00:00 [queued]>
[2026-06-08T05:47:47.213+0000] {taskinstance.py:2076} INFO - Dependencies all met for dep_context=requeueable deps ti=<TaskInstance: futsal_nightly_db_pipeline.train_ml_models manual__2026-06-08T05:38:40.954562+00:00 [queued]>
[2026-06-08T05:47:47.214+0000] {taskinstance.py:2306} INFO - Starting attempt 2 of 3
[2026-06-08T05:47:47.230+0000] {taskinstance.py:2330} INFO - Executing <Task(PythonOperator): train_ml_models> on 2026-06-08 05:38:40.954562+00:00
[2026-06-08T05:47:47.244+0000] {standard_task_runner.py:63} INFO - Started process 762 to run task
[2026-06-08T05:47:47.250+0000] {standard_task_runner.py:90} INFO - Running: ['***', 'tasks', 'run', 'futsal_nightly_db_pipeline', 'train_ml_models', 'manual__2026-06-08T05:38:40.954562+00:00', '--job-id', '11', '--raw', '--subdir', 'DAGS_FOLDER/futsal_pipeline.py', '--cfg-path', '/tmp/tmp6eytl7ij']
[2026-06-08T05:47:47.254+0000] {standard_task_runner.py:91} INFO - Job 11: Subtask train_ml_models
[2026-06-08T05:47:47.361+0000] {task_command.py:426} INFO - Running <TaskInstance: futsal_nightly_db_pipeline.train_ml_models manual__2026-06-08T05:38:40.954562+00:00 [running]> on host 4c238ab438e8
[2026-06-08T05:47:47.488+0000] {taskinstance.py:2648} INFO - Exporting env vars: AIRFLOW_CTX_DAG_OWNER='futsal_admin' AIRFLOW_CTX_DAG_ID='futsal_nightly_db_pipeline' AIRFLOW_CTX_TASK_ID='train_ml_models' AIRFLOW_CTX_EXECUTION_DATE='2026-06-08T05:38:40.954562+00:00' AIRFLOW_CTX_TRY_NUMBER='2' AIRFLOW_CTX_DAG_RUN_ID='manual__2026-06-08T05:38:40.954562+00:00'
[2026-06-08T05:47:47.489+0000] {taskinstance.py:430} INFO - ::endgroup::
[2026-06-08T05:47:47.509+0000] {logging_mixin.py:188} INFO - 
=======================================================
[2026-06-08T05:47:47.510+0000] {logging_mixin.py:188} INFO - RUNNING MATCH DATA MODEL TRAINING PIPELINE
[2026-06-08T05:47:47.510+0000] {logging_mixin.py:188} INFO - =======================================================
[2026-06-08T05:47:47.511+0000] {logging_mixin.py:188} INFO - Loading match feature data...
[2026-06-08T05:47:47.533+0000] {logging_mixin.py:188} INFO - Training match models...
[2026-06-08T05:47:47.535+0000] {logging_mixin.py:188} INFO - Grid searching: RandomForestClassifier...
[2026-06-08T05:47:47.536+0000] {logging_mixin.py:188} INFO - Grid searching: SVC...
[2026-06-08T05:47:47.537+0000] {logging_mixin.py:188} INFO - Grid searching: LogisticRegression...
[2026-06-08T05:47:47.538+0000] {logging_mixin.py:188} INFO - Training RandomForestClassifier...
[2026-06-08T05:49:28.723+0000] {logging_mixin.py:188} INFO - Training SVC...
[2026-06-08T05:49:28.918+0000] {logging_mixin.py:188} INFO - Training LogisticRegression...
[2026-06-08T05:49:29.436+0000] {logging_mixin.py:188} INFO - 
==================================================
[2026-06-08T05:49:29.440+0000] {logging_mixin.py:188} INFO - Match Training Report:
[2026-06-08T05:49:29.441+0000] {logging_mixin.py:188} INFO - ==================================================
[2026-06-08T05:49:29.444+0000] {logging_mixin.py:188} INFO - Model: RandomForestClassifier
[2026-06-08T05:49:29.445+0000] {logging_mixin.py:188} INFO - Accuracy: 0.7059
[2026-06-08T05:49:29.445+0000] {logging_mixin.py:188} INFO - F1-Score: 0.7062
[2026-06-08T05:49:29.445+0000] {logging_mixin.py:188} INFO - Best Params: {'classifier__max_depth': 20, 'classifier__min_samples_leaf': 4, 'classifier__min_samples_split': 2, 'classifier__n_estimators': 100}
[2026-06-08T05:49:29.446+0000] {logging_mixin.py:188} INFO - --------------------------------------------------
[2026-06-08T05:49:29.447+0000] {logging_mixin.py:188} INFO - Model: SVC
[2026-06-08T05:49:29.447+0000] {logging_mixin.py:188} INFO - Accuracy: 0.7176
[2026-06-08T05:49:29.448+0000] {logging_mixin.py:188} INFO - F1-Score: 0.7184
[2026-06-08T05:49:29.448+0000] {logging_mixin.py:188} INFO - Best Params: {'classifier__C': 0.1, 'classifier__kernel': 'linear'}
[2026-06-08T05:49:29.449+0000] {logging_mixin.py:188} INFO - --------------------------------------------------
[2026-06-08T05:49:29.450+0000] {logging_mixin.py:188} INFO - Model: LogisticRegression
[2026-06-08T05:49:29.450+0000] {logging_mixin.py:188} INFO - Accuracy: 0.6941
[2026-06-08T05:49:29.450+0000] {logging_mixin.py:188} INFO - F1-Score: 0.6949
[2026-06-08T05:49:29.451+0000] {logging_mixin.py:188} INFO - Best Params: {'classifier__C': 0.1}
[2026-06-08T05:49:29.451+0000] {logging_mixin.py:188} INFO - --------------------------------------------------
[2026-06-08T05:49:29.532+0000] {logging_mixin.py:188} INFO - 
Best match model name: SVC
[2026-06-08T05:49:29.536+0000] {logging_mixin.py:188} INFO - Best match model type: <class 'sklearn.pipeline.Pipeline'>
[2026-06-08T05:49:29.611+0000] {logging_mixin.py:188} INFO - Best match model (architecture-specific) saved to models/SVC_matches_model.pkl
[2026-06-08T05:49:29.616+0000] {logging_mixin.py:188} INFO - Match features saved to features/match_trained_features.pkl
[2026-06-08T05:49:29.617+0000] {logging_mixin.py:188} INFO - 
=======================================================
[2026-06-08T05:49:29.618+0000] {logging_mixin.py:188} INFO - RUNNING PLAYER DATA MODEL TRAINING PIPELINE
[2026-06-08T05:49:29.619+0000] {logging_mixin.py:188} INFO - =======================================================
[2026-06-08T05:49:29.619+0000] {logging_mixin.py:188} INFO - Loading player feature data...
[2026-06-08T05:49:29.686+0000] {logging_mixin.py:188} INFO - Training player models...
[2026-06-08T05:49:29.687+0000] {logging_mixin.py:188} INFO - 
================================================================================
[2026-06-08T05:49:29.688+0000] {logging_mixin.py:188} INFO - TRAINING RandomForest
[2026-06-08T05:49:29.688+0000] {logging_mixin.py:188} INFO - ================================================================================
[2026-06-08T05:49:29.691+0000] {logging_mixin.py:188} INFO - Fitting 3 folds for each of 24 candidates, totalling 72 fits
[2026-06-08T05:49:41.058+0000] {local_task_job_runner.py:124} ERROR - Received SIGTERM. Terminating subprocesses
[2026-06-08T05:49:41.072+0000] {process_utils.py:132} INFO - Sending 15 to group 762. PIDs of all processes in the group: [762]
[2026-06-08T05:49:41.083+0000] {process_utils.py:87} INFO - Sending the signal 15 to group 762
[2026-06-08T05:49:41.087+0000] {taskinstance.py:2611} ERROR - Received SIGTERM. Terminating subprocesses.
[2026-06-08T05:49:41.088+0000] {taskinstance.py:441} INFO - ::group::Post task execution logs
[2026-06-08T05:49:41.104+0000] {taskinstance.py:2905} ERROR - Task failed with exception
Traceback (most recent call last):
  File "/home/airflow/.local/lib/python3.11/site-packages/airflow/models/taskinstance.py", line 465, in _execute_task
    result = _execute_callable(context=context, **execute_callable_kwargs)
             ^^^^^^^^^^^^^^^^^^^^^^^^^^^^^^^^^^^^^^^^^^^^^^^^^^^^^^^^^^^^^
  File "/home/airflow/.local/lib/python3.11/site-packages/airflow/models/taskinstance.py", line 432, in _execute_callable
    return execute_callable(context=context, **execute_callable_kwargs)
           ^^^^^^^^^^^^^^^^^^^^^^^^^^^^^^^^^^^^^^^^^^^^^^^^^^^^^^^^^^^^
  File "/home/airflow/.local/lib/python3.11/site-packages/airflow/models/baseoperator.py", line 400, in wrapper
    return func(self, *args, **kwargs)
           ^^^^^^^^^^^^^^^^^^^^^^^^^^^
  File "/home/airflow/.local/lib/python3.11/site-packages/airflow/operators/python.py", line 235, in execute
    return_value = self.execute_callable()
                   ^^^^^^^^^^^^^^^^^^^^^^^
  File "/home/airflow/.local/lib/python3.11/site-packages/airflow/operators/python.py", line 252, in execute_callable
    return self.python_callable(*self.op_args, **self.op_kwargs)
           ^^^^^^^^^^^^^^^^^^^^^^^^^^^^^^^^^^^^^^^^^^^^^^^^^^^^^
  File "/opt/airflow/dags/futsal_pipeline.py", line 29, in run_model_training
    pipeline.run_pipeline()
  File "/opt/airflow/pipeline/training_pipeline.py", line 191, in run_pipeline
    player_results = self.player_pipeline.run_pipeline()
                     ^^^^^^^^^^^^^^^^^^^^^^^^^^^^^^^^^^^
  File "/opt/airflow/pipeline/training_pipeline.py", line 149, in run_pipeline
    models_report = self.train_models(X, y)
                    ^^^^^^^^^^^^^^^^^^^^^^^
  File "/opt/airflow/pipeline/training_pipeline.py", line 105, in train_models
    return self.trainer.train(X, y)
           ^^^^^^^^^^^^^^^^^^^^^^^^
  File "/opt/airflow/scripts/model_trainer.py", line 357, in train
    return self.trainer.train(X, y)
           ^^^^^^^^^^^^^^^^^^^^^^^^
  File "/opt/airflow/scripts/model_trainer.py", line 275, in train
    grid.fit(X_train, y_train)
  File "/home/airflow/.local/lib/python3.11/site-packages/sklearn/base.py", line 1336, in wrapper
    return fit_method(estimator, *args, **kwargs)
           ^^^^^^^^^^^^^^^^^^^^^^^^^^^^^^^^^^^^^^
  File "/home/airflow/.local/lib/python3.11/site-packages/sklearn/model_selection/_search.py", line 1053, in fit
    self._run_search(evaluate_candidates)
  File "/home/airflow/.local/lib/python3.11/site-packages/sklearn/model_selection/_search.py", line 1612, in _run_search
    evaluate_candidates(ParameterGrid(self.param_grid))
  File "/home/airflow/.local/lib/python3.11/site-packages/sklearn/model_selection/_search.py", line 999, in evaluate_candidates
    out = parallel(
          ^^^^^^^^^
  File "/home/airflow/.local/lib/python3.11/site-packages/sklearn/utils/parallel.py", line 91, in __call__
    return super().__call__(iterable_with_config_and_warning_filters)
           ^^^^^^^^^^^^^^^^^^^^^^^^^^^^^^^^^^^^^^^^^^^^^^^^^^^^^^^^^^
  File "/home/airflow/.local/lib/python3.11/site-packages/joblib/parallel.py", line 1986, in __call__
    return output if self.return_generator else list(output)
                                                ^^^^^^^^^^^^
  File "/home/airflow/.local/lib/python3.11/site-packages/joblib/parallel.py", line 1914, in _get_sequential_output
    res = func(*args, **kwargs)
          ^^^^^^^^^^^^^^^^^^^^^
  File "/home/airflow/.local/lib/python3.11/site-packages/sklearn/utils/parallel.py", line 184, in __call__
    return self.function(*args, **kwargs)
           ^^^^^^^^^^^^^^^^^^^^^^^^^^^^^^
  File "/home/airflow/.local/lib/python3.11/site-packages/sklearn/model_selection/_validation.py", line 833, in _fit_and_score
    estimator.fit(X_train, y_train, **fit_params)
  File "/home/airflow/.local/lib/python3.11/site-packages/sklearn/base.py", line 1336, in wrapper
    return fit_method(estimator, *args, **kwargs)
           ^^^^^^^^^^^^^^^^^^^^^^^^^^^^^^^^^^^^^^
  File "/home/airflow/.local/lib/python3.11/site-packages/sklearn/ensemble/_forest.py", line 486, in fit
    trees = Parallel(
            ^^^^^^^^^
  File "/home/airflow/.local/lib/python3.11/site-packages/sklearn/utils/parallel.py", line 91, in __call__
    return super().__call__(iterable_with_config_and_warning_filters)
           ^^^^^^^^^^^^^^^^^^^^^^^^^^^^^^^^^^^^^^^^^^^^^^^^^^^^^^^^^^
  File "/home/airflow/.local/lib/python3.11/site-packages/joblib/parallel.py", line 1986, in __call__
    return output if self.return_generator else list(output)
                                                ^^^^^^^^^^^^
  File "/home/airflow/.local/lib/python3.11/site-packages/joblib/parallel.py", line 1914, in _get_sequential_output
    res = func(*args, **kwargs)
          ^^^^^^^^^^^^^^^^^^^^^
  File "/home/airflow/.local/lib/python3.11/site-packages/sklearn/utils/parallel.py", line 184, in __call__
    return self.function(*args, **kwargs)
           ^^^^^^^^^^^^^^^^^^^^^^^^^^^^^^
  File "/home/airflow/.local/lib/python3.11/site-packages/sklearn/ensemble/_forest.py", line 188, in _parallel_build_trees
    tree._fit(
  File "/home/airflow/.local/lib/python3.11/site-packages/sklearn/tree/_classes.py", line 475, in _fit
    builder.build(self.tree_, X, y, sample_weight, missing_values_in_feature_mask)
  File "/home/airflow/.local/lib/python3.11/site-packages/airflow/models/taskinstance.py", line 2613, in signal_handler
    raise AirflowTaskTerminated("Task received SIGTERM signal")
airflow.exceptions.AirflowTaskTerminated: Task received SIGTERM signal
[2026-06-08T05:49:41.135+0000] {taskinstance.py:1206} INFO - Marking task as UP_FOR_RETRY. dag_id=futsal_nightly_db_pipeline, task_id=train_ml_models, run_id=manual__2026-06-08T05:38:40.954562+00:00, execution_date=20260608T053840, start_date=20260608T054747, end_date=20260608T054941
[2026-06-08T05:49:41.218+0000] {process_utils.py:80} INFO - Process psutil.Process(pid=762, status='terminated', exitcode=2, started='05:47:47') (762) terminated with exit code 2
[2026-06-08T05:49:41.219+0000] {local_task_job_runner.py:240} INFO - Task exited with return code 143
[2026-06-08T05:49:41.239+0000] {taskinstance.py:3498} INFO - 0 downstream tasks scheduled from follow-on schedule check
