[2026-06-08T05:04:13.998+0000] {local_task_job_runner.py:120} INFO - ::group::Pre task execution logs
[2026-06-08T05:04:14.037+0000] {taskinstance.py:2076} INFO - Dependencies all met for dep_context=non-requeueable deps ti=<TaskInstance: futsal_nightly_db_pipeline.train_ml_models scheduled__2026-06-07T00:00:00+00:00 [queued]>
[2026-06-08T05:04:14.049+0000] {taskinstance.py:2076} INFO - Dependencies all met for dep_context=requeueable deps ti=<TaskInstance: futsal_nightly_db_pipeline.train_ml_models scheduled__2026-06-07T00:00:00+00:00 [queued]>
[2026-06-08T05:04:14.050+0000] {taskinstance.py:2306} INFO - Starting attempt 2 of 2
[2026-06-08T05:04:14.066+0000] {taskinstance.py:2330} INFO - Executing <Task(PythonOperator): train_ml_models> on 2026-06-07 00:00:00+00:00
[2026-06-08T05:04:14.074+0000] {standard_task_runner.py:63} INFO - Started process 292 to run task
[2026-06-08T05:04:14.081+0000] {standard_task_runner.py:90} INFO - Running: ['***', 'tasks', 'run', 'futsal_nightly_db_pipeline', 'train_ml_models', 'scheduled__2026-06-07T00:00:00+00:00', '--job-id', '73', '--raw', '--subdir', 'DAGS_FOLDER/futsal_pipeline.py', '--cfg-path', '/tmp/tmpc4kf7eex']
[2026-06-08T05:04:14.085+0000] {standard_task_runner.py:91} INFO - Job 73: Subtask train_ml_models
[2026-06-08T05:04:14.183+0000] {task_command.py:426} INFO - Running <TaskInstance: futsal_nightly_db_pipeline.train_ml_models scheduled__2026-06-07T00:00:00+00:00 [running]> on host 63b7fdbe0a1d
[2026-06-08T05:04:14.331+0000] {taskinstance.py:2648} INFO - Exporting env vars: AIRFLOW_CTX_DAG_OWNER='futsal_admin' AIRFLOW_CTX_DAG_ID='futsal_nightly_db_pipeline' AIRFLOW_CTX_TASK_ID='train_ml_models' AIRFLOW_CTX_EXECUTION_DATE='2026-06-07T00:00:00+00:00' AIRFLOW_CTX_TRY_NUMBER='2' AIRFLOW_CTX_DAG_RUN_ID='scheduled__2026-06-07T00:00:00+00:00'
[2026-06-08T05:04:14.333+0000] {taskinstance.py:430} INFO - ::endgroup::
[2026-06-08T05:04:14.354+0000] {logging_mixin.py:188} INFO - 
=======================================================
[2026-06-08T05:04:14.355+0000] {logging_mixin.py:188} INFO - RUNNING MATCH DATA MODEL TRAINING PIPELINE
[2026-06-08T05:04:14.355+0000] {logging_mixin.py:188} INFO - =======================================================
[2026-06-08T05:04:14.356+0000] {logging_mixin.py:188} INFO - Loading match feature data...
[2026-06-08T05:04:14.377+0000] {logging_mixin.py:188} INFO - Training match models...
[2026-06-08T05:04:14.378+0000] {logging_mixin.py:188} INFO - Grid searching: RandomForestClassifier...
[2026-06-08T05:04:14.380+0000] {logging_mixin.py:188} INFO - Grid searching: SVC...
[2026-06-08T05:04:14.381+0000] {logging_mixin.py:188} INFO - Grid searching: LogisticRegression...
[2026-06-08T05:04:14.381+0000] {logging_mixin.py:188} INFO - Training RandomForestClassifier...
[2026-06-08T05:06:00.148+0000] {logging_mixin.py:188} INFO - Training SVC...
[2026-06-08T05:06:00.395+0000] {logging_mixin.py:188} INFO - Training LogisticRegression...
[2026-06-08T05:06:01.736+0000] {logging_mixin.py:188} INFO - 
==================================================
[2026-06-08T05:06:01.740+0000] {logging_mixin.py:188} INFO - Match Training Report:
[2026-06-08T05:06:01.741+0000] {logging_mixin.py:188} INFO - ==================================================
[2026-06-08T05:06:01.744+0000] {logging_mixin.py:188} INFO - Model: RandomForestClassifier
[2026-06-08T05:06:01.745+0000] {logging_mixin.py:188} INFO - Accuracy: 0.7176
[2026-06-08T05:06:01.746+0000] {logging_mixin.py:188} INFO - F1-Score: 0.7184
[2026-06-08T05:06:01.748+0000] {logging_mixin.py:188} INFO - Best Params: {'classifier__max_depth': 20, 'classifier__min_samples_leaf': 4, 'classifier__min_samples_split': 2, 'classifier__n_estimators': 100}
[2026-06-08T05:06:01.751+0000] {logging_mixin.py:188} INFO - --------------------------------------------------
[2026-06-08T05:06:01.752+0000] {logging_mixin.py:188} INFO - Model: SVC
[2026-06-08T05:06:01.761+0000] {logging_mixin.py:188} INFO - Accuracy: 0.7176
[2026-06-08T05:06:01.762+0000] {logging_mixin.py:188} INFO - F1-Score: 0.7184
[2026-06-08T05:06:01.763+0000] {logging_mixin.py:188} INFO - Best Params: {'classifier__C': 0.1, 'classifier__kernel': 'linear'}
[2026-06-08T05:06:01.764+0000] {logging_mixin.py:188} INFO - --------------------------------------------------
[2026-06-08T05:06:01.765+0000] {logging_mixin.py:188} INFO - Model: LogisticRegression
[2026-06-08T05:06:01.766+0000] {logging_mixin.py:188} INFO - Accuracy: 0.6941
[2026-06-08T05:06:01.769+0000] {logging_mixin.py:188} INFO - F1-Score: 0.6949
[2026-06-08T05:06:01.770+0000] {logging_mixin.py:188} INFO - Best Params: {'classifier__C': 0.1}
[2026-06-08T05:06:01.771+0000] {logging_mixin.py:188} INFO - --------------------------------------------------
[2026-06-08T05:06:01.874+0000] {logging_mixin.py:188} INFO - 
Best match model name: RandomForestClassifier
[2026-06-08T05:06:01.881+0000] {logging_mixin.py:188} INFO - Best match model type: <class 'sklearn.pipeline.Pipeline'>
[2026-06-08T05:06:02.360+0000] {logging_mixin.py:188} INFO - Best match model (architecture-specific) saved to models/RandomForestClassifier_matches_model.pkl
[2026-06-08T05:06:02.365+0000] {logging_mixin.py:188} INFO - Match features saved to features/match_trained_features.pkl
[2026-06-08T05:06:02.366+0000] {logging_mixin.py:188} INFO - 
=======================================================
[2026-06-08T05:06:02.366+0000] {logging_mixin.py:188} INFO - RUNNING PLAYER DATA MODEL TRAINING PIPELINE
[2026-06-08T05:06:02.367+0000] {logging_mixin.py:188} INFO - =======================================================
[2026-06-08T05:06:02.367+0000] {logging_mixin.py:188} INFO - Loading player feature data...
[2026-06-08T05:06:02.423+0000] {logging_mixin.py:188} INFO - Training player models...
[2026-06-08T05:06:02.425+0000] {logging_mixin.py:188} INFO - 
================================================================================
[2026-06-08T05:06:02.426+0000] {logging_mixin.py:188} INFO - TRAINING RandomForest
[2026-06-08T05:06:02.426+0000] {logging_mixin.py:188} INFO - ================================================================================
[2026-06-08T05:06:02.429+0000] {logging_mixin.py:188} INFO - Fitting 3 folds for each of 24 candidates, totalling 72 fits
[2026-06-08T05:07:44.877+0000] {logging_mixin.py:188} INFO - BEST PARAMETERS FOR RandomForest: {'max_depth': 3, 'min_samples_leaf': 2, 'min_samples_split': 2, 'n_estimators': 200}
[2026-06-08T05:07:44.944+0000] {logging_mixin.py:188} INFO - RESULTS FOR RandomForest: MAE: 3.3286, RMSE: 4.7092, R2: -0.0429
[2026-06-08T05:07:44.950+0000] {logging_mixin.py:188} INFO - 
================================================================================
[2026-06-08T05:07:44.954+0000] {logging_mixin.py:188} INFO - TRAINING GradientBoosting
[2026-06-08T05:07:44.955+0000] {logging_mixin.py:188} INFO - ================================================================================
[2026-06-08T05:07:44.967+0000] {logging_mixin.py:188} INFO - Fitting 3 folds for each of 12 candidates, totalling 36 fits
[2026-06-08T05:08:53.409+0000] {logging_mixin.py:188} INFO - BEST PARAMETERS FOR GradientBoosting: {'learning_rate': 0.03, 'max_depth': 3, 'n_estimators': 100}
[2026-06-08T05:08:53.414+0000] {logging_mixin.py:188} INFO - RESULTS FOR GradientBoosting: MAE: 3.3465, RMSE: 4.7402, R2: -0.0567
[2026-06-08T05:08:53.420+0000] {logging_mixin.py:188} INFO - 
================================================================================
[2026-06-08T05:08:53.420+0000] {logging_mixin.py:188} INFO - TRAINING ExtraTrees
[2026-06-08T05:08:53.421+0000] {logging_mixin.py:188} INFO - ================================================================================
[2026-06-08T05:08:53.425+0000] {logging_mixin.py:188} INFO - Fitting 3 folds for each of 8 candidates, totalling 24 fits
[2026-06-08T05:09:11.662+0000] {logging_mixin.py:188} INFO - BEST PARAMETERS FOR ExtraTrees: {'max_depth': 5, 'min_samples_split': 2, 'n_estimators': 100}
[2026-06-08T05:09:11.701+0000] {logging_mixin.py:188} INFO - RESULTS FOR ExtraTrees: MAE: 3.3024, RMSE: 4.6988, R2: -0.0383
[2026-06-08T05:09:11.702+0000] {logging_mixin.py:188} INFO - 
================================================================================
[2026-06-08T05:09:11.706+0000] {logging_mixin.py:188} INFO - TRAINING RidgeRegression
[2026-06-08T05:09:11.706+0000] {logging_mixin.py:188} INFO - ================================================================================
[2026-06-08T05:09:11.719+0000] {logging_mixin.py:188} INFO - Fitting 3 folds for each of 3 candidates, totalling 9 fits
[2026-06-08T05:09:12.121+0000] {logging_mixin.py:188} INFO - BEST PARAMETERS FOR RidgeRegression: {'alpha': 10.0}
[2026-06-08T05:09:12.141+0000] {logging_mixin.py:188} INFO - RESULTS FOR RidgeRegression: MAE: 3.313, RMSE: 4.6744, R2: -0.0276
[2026-06-08T05:09:12.154+0000] {logging_mixin.py:188} INFO - 
================================================================================
[2026-06-08T05:09:12.155+0000] {logging_mixin.py:188} INFO - TRAINING XGBoost
[2026-06-08T05:09:12.156+0000] {logging_mixin.py:188} INFO - ================================================================================
[2026-06-08T05:09:12.161+0000] {logging_mixin.py:188} INFO - Fitting 3 folds for each of 12 candidates, totalling 36 fits
[2026-06-08T05:27:32.649+0000] {local_task_job_runner.py:124} ERROR - Received SIGTERM. Terminating subprocesses
[2026-06-08T05:27:32.717+0000] {process_utils.py:132} INFO - Sending 15 to group 292. PIDs of all processes in the group: [292]
[2026-06-08T05:27:32.730+0000] {process_utils.py:87} INFO - Sending the signal 15 to group 292
[2026-06-08T05:27:32.788+0000] {taskinstance.py:2611} ERROR - Received SIGTERM. Terminating subprocesses.
[2026-06-08T05:27:32.800+0000] {taskinstance.py:441} INFO - ::group::Post task execution logs
[2026-06-08T05:27:32.931+0000] {taskinstance.py:2905} ERROR - Task failed with exception
Traceback (most recent call last):
  File "/home/airflow/.local/lib/python3.11/site-packages/airflow/models/taskinstance.py", line 465, in _execute_task
    result = _execute_callable(context=context, **execute_callable_kwargs)
             ^^^^^^^^^^^^^^^^^^^^^^^^^^^^^^^^^^^^^^^^^^^^^^^^^^^^^^^^^^^^^
  File "/home/airflow/.local/lib/python3.11/site-packages/airflow/models/taskinstance.py", line 432, in _execute_callable
    return execute_callable(context=context, **execute_callable_kwargs)
           ^^^^^^^^^^^^^^^^^^^^^^^^^^^^^^^^^^^^^^^^^^^^^^^^^^^^^^^^^^^^
  File "/home/airflow/.local/lib/python3.11/site-packages/airflow/models/baseoperator.py", line 400, in wrapper
    return func(self, *args, **kwargs)
           ^^^^^^^^^^^^^^^^^^^^^^^^^^^
  File "/home/airflow/.local/lib/python3.11/site-packages/airflow/operators/python.py", line 235, in execute
    return_value = self.execute_callable()
                   ^^^^^^^^^^^^^^^^^^^^^^^
  File "/home/airflow/.local/lib/python3.11/site-packages/airflow/operators/python.py", line 252, in execute_callable
    return self.python_callable(*self.op_args, **self.op_kwargs)
           ^^^^^^^^^^^^^^^^^^^^^^^^^^^^^^^^^^^^^^^^^^^^^^^^^^^^^
  File "/opt/airflow/dags/futsal_pipeline.py", line 29, in run_model_training
    pipeline.run_pipeline()
  File "/opt/airflow/pipeline/training_pipeline.py", line 191, in run_pipeline
    player_results = self.player_pipeline.run_pipeline()
                     ^^^^^^^^^^^^^^^^^^^^^^^^^^^^^^^^^^^
  File "/opt/airflow/pipeline/training_pipeline.py", line 149, in run_pipeline
    models_report = self.train_models(X, y)
                    ^^^^^^^^^^^^^^^^^^^^^^^
  File "/opt/airflow/pipeline/training_pipeline.py", line 105, in train_models
    return self.trainer.train(X, y)
           ^^^^^^^^^^^^^^^^^^^^^^^^
  File "/opt/airflow/scripts/model_trainer.py", line 357, in train
    return self.trainer.train(X, y)
           ^^^^^^^^^^^^^^^^^^^^^^^^
  File "/opt/airflow/scripts/model_trainer.py", line 275, in train
    grid.fit(X_train, y_train)
  File "/home/airflow/.local/lib/python3.11/site-packages/sklearn/base.py", line 1336, in wrapper
    return fit_method(estimator, *args, **kwargs)
           ^^^^^^^^^^^^^^^^^^^^^^^^^^^^^^^^^^^^^^
  File "/home/airflow/.local/lib/python3.11/site-packages/sklearn/model_selection/_search.py", line 1053, in fit
    self._run_search(evaluate_candidates)
  File "/home/airflow/.local/lib/python3.11/site-packages/sklearn/model_selection/_search.py", line 1612, in _run_search
    evaluate_candidates(ParameterGrid(self.param_grid))
  File "/home/airflow/.local/lib/python3.11/site-packages/sklearn/model_selection/_search.py", line 999, in evaluate_candidates
    out = parallel(
          ^^^^^^^^^
  File "/home/airflow/.local/lib/python3.11/site-packages/sklearn/utils/parallel.py", line 91, in __call__
    return super().__call__(iterable_with_config_and_warning_filters)
           ^^^^^^^^^^^^^^^^^^^^^^^^^^^^^^^^^^^^^^^^^^^^^^^^^^^^^^^^^^
  File "/home/airflow/.local/lib/python3.11/site-packages/joblib/parallel.py", line 1986, in __call__
    return output if self.return_generator else list(output)
                                                ^^^^^^^^^^^^
  File "/home/airflow/.local/lib/python3.11/site-packages/joblib/parallel.py", line 1914, in _get_sequential_output
    res = func(*args, **kwargs)
          ^^^^^^^^^^^^^^^^^^^^^
  File "/home/airflow/.local/lib/python3.11/site-packages/sklearn/utils/parallel.py", line 184, in __call__
    return self.function(*args, **kwargs)
           ^^^^^^^^^^^^^^^^^^^^^^^^^^^^^^
  File "/home/airflow/.local/lib/python3.11/site-packages/sklearn/model_selection/_validation.py", line 833, in _fit_and_score
    estimator.fit(X_train, y_train, **fit_params)
  File "/home/airflow/.local/lib/python3.11/site-packages/xgboost/core.py", line 751, in inner_f
    return func(**kwargs)
           ^^^^^^^^^^^^^^
  File "/home/airflow/.local/lib/python3.11/site-packages/xgboost/sklearn.py", line 1368, in fit
    self._Booster = train(
                    ^^^^^^
  File "/home/airflow/.local/lib/python3.11/site-packages/xgboost/core.py", line 751, in inner_f
    return func(**kwargs)
           ^^^^^^^^^^^^^^
  File "/home/airflow/.local/lib/python3.11/site-packages/xgboost/training.py", line 200, in train
    bst.update(dtrain, iteration=i, fobj=obj)
  File "/home/airflow/.local/lib/python3.11/site-packages/xgboost/core.py", line 2391, in update
    _LIB.XGBoosterUpdateOneIter(
  File "/home/airflow/.local/lib/python3.11/site-packages/airflow/models/taskinstance.py", line 2613, in signal_handler
    raise AirflowTaskTerminated("Task received SIGTERM signal")
airflow.exceptions.AirflowTaskTerminated: Task received SIGTERM signal
[2026-06-08T05:27:33.118+0000] {taskinstance.py:1206} INFO - Marking task as FAILED. dag_id=futsal_nightly_db_pipeline, task_id=train_ml_models, run_id=scheduled__2026-06-07T00:00:00+00:00, execution_date=20260607T000000, start_date=20260608T050414, end_date=20260608T052733
[2026-06-08T05:27:33.586+0000] {process_utils.py:80} INFO - Process psutil.Process(pid=292, status='terminated', exitcode=2, started='05:04:14') (292) terminated with exit code 2
[2026-06-08T05:27:33.594+0000] {local_task_job_runner.py:240} INFO - Task exited with return code 143
[2026-06-08T05:27:33.707+0000] {taskinstance.py:3498} INFO - 0 downstream tasks scheduled from follow-on schedule check
[2026-06-08T05:47:41.990+0000] {local_task_job_runner.py:120} INFO - ::group::Pre task execution logs
[2026-06-08T05:47:42.023+0000] {taskinstance.py:2076} INFO - Dependencies all met for dep_context=non-requeueable deps ti=<TaskInstance: futsal_nightly_db_pipeline.train_ml_models scheduled__2026-06-07T00:00:00+00:00 [queued]>
[2026-06-08T05:47:42.032+0000] {taskinstance.py:2076} INFO - Dependencies all met for dep_context=requeueable deps ti=<TaskInstance: futsal_nightly_db_pipeline.train_ml_models scheduled__2026-06-07T00:00:00+00:00 [queued]>
[2026-06-08T05:47:42.033+0000] {taskinstance.py:2306} INFO - Starting attempt 2 of 3
[2026-06-08T05:47:42.059+0000] {taskinstance.py:2330} INFO - Executing <Task(PythonOperator): train_ml_models> on 2026-06-07 00:00:00+00:00
[2026-06-08T05:47:42.069+0000] {standard_task_runner.py:63} INFO - Started process 745 to run task
[2026-06-08T05:47:42.074+0000] {standard_task_runner.py:90} INFO - Running: ['***', 'tasks', 'run', 'futsal_nightly_db_pipeline', 'train_ml_models', 'scheduled__2026-06-07T00:00:00+00:00', '--job-id', '10', '--raw', '--subdir', 'DAGS_FOLDER/futsal_pipeline.py', '--cfg-path', '/tmp/tmput4a_bwe']
[2026-06-08T05:47:42.078+0000] {standard_task_runner.py:91} INFO - Job 10: Subtask train_ml_models
[2026-06-08T05:47:42.170+0000] {task_command.py:426} INFO - Running <TaskInstance: futsal_nightly_db_pipeline.train_ml_models scheduled__2026-06-07T00:00:00+00:00 [running]> on host 4c238ab438e8
[2026-06-08T05:47:42.288+0000] {taskinstance.py:2648} INFO - Exporting env vars: AIRFLOW_CTX_DAG_OWNER='futsal_admin' AIRFLOW_CTX_DAG_ID='futsal_nightly_db_pipeline' AIRFLOW_CTX_TASK_ID='train_ml_models' AIRFLOW_CTX_EXECUTION_DATE='2026-06-07T00:00:00+00:00' AIRFLOW_CTX_TRY_NUMBER='2' AIRFLOW_CTX_DAG_RUN_ID='scheduled__2026-06-07T00:00:00+00:00'
[2026-06-08T05:47:42.290+0000] {taskinstance.py:430} INFO - ::endgroup::
[2026-06-08T05:47:42.307+0000] {logging_mixin.py:188} INFO - 
=======================================================
[2026-06-08T05:47:42.308+0000] {logging_mixin.py:188} INFO - RUNNING MATCH DATA MODEL TRAINING PIPELINE
[2026-06-08T05:47:42.308+0000] {logging_mixin.py:188} INFO - =======================================================
[2026-06-08T05:47:42.309+0000] {logging_mixin.py:188} INFO - Loading match feature data...
[2026-06-08T05:47:42.329+0000] {logging_mixin.py:188} INFO - Training match models...
[2026-06-08T05:47:42.330+0000] {logging_mixin.py:188} INFO - Grid searching: RandomForestClassifier...
[2026-06-08T05:47:42.331+0000] {logging_mixin.py:188} INFO - Grid searching: SVC...
[2026-06-08T05:47:42.331+0000] {logging_mixin.py:188} INFO - Grid searching: LogisticRegression...
[2026-06-08T05:47:42.332+0000] {logging_mixin.py:188} INFO - Training RandomForestClassifier...
[2026-06-08T05:49:24.277+0000] {logging_mixin.py:188} INFO - Training SVC...
[2026-06-08T05:49:24.560+0000] {logging_mixin.py:188} INFO - Training LogisticRegression...
[2026-06-08T05:49:25.086+0000] {logging_mixin.py:188} INFO - 
==================================================
[2026-06-08T05:49:25.091+0000] {logging_mixin.py:188} INFO - Match Training Report:
[2026-06-08T05:49:25.093+0000] {logging_mixin.py:188} INFO - ==================================================
[2026-06-08T05:49:25.094+0000] {logging_mixin.py:188} INFO - Model: RandomForestClassifier
[2026-06-08T05:49:25.094+0000] {logging_mixin.py:188} INFO - Accuracy: 0.7059
[2026-06-08T05:49:25.095+0000] {logging_mixin.py:188} INFO - F1-Score: 0.7062
[2026-06-08T05:49:25.096+0000] {logging_mixin.py:188} INFO - Best Params: {'classifier__max_depth': 20, 'classifier__min_samples_leaf': 4, 'classifier__min_samples_split': 2, 'classifier__n_estimators': 100}
[2026-06-08T05:49:25.097+0000] {logging_mixin.py:188} INFO - --------------------------------------------------
[2026-06-08T05:49:25.098+0000] {logging_mixin.py:188} INFO - Model: SVC
[2026-06-08T05:49:25.100+0000] {logging_mixin.py:188} INFO - Accuracy: 0.7176
[2026-06-08T05:49:25.101+0000] {logging_mixin.py:188} INFO - F1-Score: 0.7184
[2026-06-08T05:49:25.101+0000] {logging_mixin.py:188} INFO - Best Params: {'classifier__C': 0.1, 'classifier__kernel': 'linear'}
[2026-06-08T05:49:25.102+0000] {logging_mixin.py:188} INFO - --------------------------------------------------
[2026-06-08T05:49:25.103+0000] {logging_mixin.py:188} INFO - Model: LogisticRegression
[2026-06-08T05:49:25.104+0000] {logging_mixin.py:188} INFO - Accuracy: 0.6941
[2026-06-08T05:49:25.109+0000] {logging_mixin.py:188} INFO - F1-Score: 0.6949
[2026-06-08T05:49:25.110+0000] {logging_mixin.py:188} INFO - Best Params: {'classifier__C': 0.1}
[2026-06-08T05:49:25.113+0000] {logging_mixin.py:188} INFO - --------------------------------------------------
[2026-06-08T05:49:25.194+0000] {logging_mixin.py:188} INFO - 
Best match model name: SVC
[2026-06-08T05:49:25.195+0000] {logging_mixin.py:188} INFO - Best match model type: <class 'sklearn.pipeline.Pipeline'>
[2026-06-08T05:49:25.253+0000] {logging_mixin.py:188} INFO - Best match model (architecture-specific) saved to models/SVC_matches_model.pkl
[2026-06-08T05:49:25.259+0000] {logging_mixin.py:188} INFO - Match features saved to features/match_trained_features.pkl
[2026-06-08T05:49:25.260+0000] {logging_mixin.py:188} INFO - 
=======================================================
[2026-06-08T05:49:25.261+0000] {logging_mixin.py:188} INFO - RUNNING PLAYER DATA MODEL TRAINING PIPELINE
[2026-06-08T05:49:25.262+0000] {logging_mixin.py:188} INFO - =======================================================
[2026-06-08T05:49:25.263+0000] {logging_mixin.py:188} INFO - Loading player feature data...
[2026-06-08T05:49:25.333+0000] {logging_mixin.py:188} INFO - Training player models...
[2026-06-08T05:49:25.336+0000] {logging_mixin.py:188} INFO - 
================================================================================
[2026-06-08T05:49:25.336+0000] {logging_mixin.py:188} INFO - TRAINING RandomForest
[2026-06-08T05:49:25.337+0000] {logging_mixin.py:188} INFO - ================================================================================
[2026-06-08T05:49:25.339+0000] {logging_mixin.py:188} INFO - Fitting 3 folds for each of 24 candidates, totalling 72 fits
[2026-06-08T05:49:41.062+0000] {local_task_job_runner.py:124} ERROR - Received SIGTERM. Terminating subprocesses
[2026-06-08T05:49:41.084+0000] {process_utils.py:132} INFO - Sending 15 to group 745. PIDs of all processes in the group: [745]
[2026-06-08T05:49:41.085+0000] {process_utils.py:87} INFO - Sending the signal 15 to group 745
[2026-06-08T05:49:41.094+0000] {taskinstance.py:2611} ERROR - Received SIGTERM. Terminating subprocesses.
[2026-06-08T05:49:41.096+0000] {taskinstance.py:441} INFO - ::group::Post task execution logs
[2026-06-08T05:49:41.111+0000] {taskinstance.py:2905} ERROR - Task failed with exception
Traceback (most recent call last):
  File "/home/airflow/.local/lib/python3.11/site-packages/airflow/models/taskinstance.py", line 465, in _execute_task
    result = _execute_callable(context=context, **execute_callable_kwargs)
             ^^^^^^^^^^^^^^^^^^^^^^^^^^^^^^^^^^^^^^^^^^^^^^^^^^^^^^^^^^^^^
  File "/home/airflow/.local/lib/python3.11/site-packages/airflow/models/taskinstance.py", line 432, in _execute_callable
    return execute_callable(context=context, **execute_callable_kwargs)
           ^^^^^^^^^^^^^^^^^^^^^^^^^^^^^^^^^^^^^^^^^^^^^^^^^^^^^^^^^^^^
  File "/home/airflow/.local/lib/python3.11/site-packages/airflow/models/baseoperator.py", line 400, in wrapper
    return func(self, *args, **kwargs)
           ^^^^^^^^^^^^^^^^^^^^^^^^^^^
  File "/home/airflow/.local/lib/python3.11/site-packages/airflow/operators/python.py", line 235, in execute
    return_value = self.execute_callable()
                   ^^^^^^^^^^^^^^^^^^^^^^^
  File "/home/airflow/.local/lib/python3.11/site-packages/airflow/operators/python.py", line 252, in execute_callable
    return self.python_callable(*self.op_args, **self.op_kwargs)
           ^^^^^^^^^^^^^^^^^^^^^^^^^^^^^^^^^^^^^^^^^^^^^^^^^^^^^
  File "/opt/airflow/dags/futsal_pipeline.py", line 29, in run_model_training
    pipeline.run_pipeline()
  File "/opt/airflow/pipeline/training_pipeline.py", line 191, in run_pipeline
    player_results = self.player_pipeline.run_pipeline()
                     ^^^^^^^^^^^^^^^^^^^^^^^^^^^^^^^^^^^
  File "/opt/airflow/pipeline/training_pipeline.py", line 149, in run_pipeline
    models_report = self.train_models(X, y)
                    ^^^^^^^^^^^^^^^^^^^^^^^
  File "/opt/airflow/pipeline/training_pipeline.py", line 105, in train_models
    return self.trainer.train(X, y)
           ^^^^^^^^^^^^^^^^^^^^^^^^
  File "/opt/airflow/scripts/model_trainer.py", line 357, in train
    return self.trainer.train(X, y)
           ^^^^^^^^^^^^^^^^^^^^^^^^
  File "/opt/airflow/scripts/model_trainer.py", line 275, in train
    grid.fit(X_train, y_train)
  File "/home/airflow/.local/lib/python3.11/site-packages/sklearn/base.py", line 1336, in wrapper
    return fit_method(estimator, *args, **kwargs)
           ^^^^^^^^^^^^^^^^^^^^^^^^^^^^^^^^^^^^^^
  File "/home/airflow/.local/lib/python3.11/site-packages/sklearn/model_selection/_search.py", line 1053, in fit
    self._run_search(evaluate_candidates)
  File "/home/airflow/.local/lib/python3.11/site-packages/sklearn/model_selection/_search.py", line 1612, in _run_search
    evaluate_candidates(ParameterGrid(self.param_grid))
  File "/home/airflow/.local/lib/python3.11/site-packages/sklearn/model_selection/_search.py", line 999, in evaluate_candidates
    out = parallel(
          ^^^^^^^^^
  File "/home/airflow/.local/lib/python3.11/site-packages/sklearn/utils/parallel.py", line 91, in __call__
    return super().__call__(iterable_with_config_and_warning_filters)
           ^^^^^^^^^^^^^^^^^^^^^^^^^^^^^^^^^^^^^^^^^^^^^^^^^^^^^^^^^^
  File "/home/airflow/.local/lib/python3.11/site-packages/joblib/parallel.py", line 1986, in __call__
    return output if self.return_generator else list(output)
                                                ^^^^^^^^^^^^
  File "/home/airflow/.local/lib/python3.11/site-packages/joblib/parallel.py", line 1914, in _get_sequential_output
    res = func(*args, **kwargs)
          ^^^^^^^^^^^^^^^^^^^^^
  File "/home/airflow/.local/lib/python3.11/site-packages/sklearn/utils/parallel.py", line 184, in __call__
    return self.function(*args, **kwargs)
           ^^^^^^^^^^^^^^^^^^^^^^^^^^^^^^
  File "/home/airflow/.local/lib/python3.11/site-packages/sklearn/model_selection/_validation.py", line 833, in _fit_and_score
    estimator.fit(X_train, y_train, **fit_params)
  File "/home/airflow/.local/lib/python3.11/site-packages/sklearn/base.py", line 1336, in wrapper
    return fit_method(estimator, *args, **kwargs)
           ^^^^^^^^^^^^^^^^^^^^^^^^^^^^^^^^^^^^^^
  File "/home/airflow/.local/lib/python3.11/site-packages/sklearn/ensemble/_forest.py", line 486, in fit
    trees = Parallel(
            ^^^^^^^^^
  File "/home/airflow/.local/lib/python3.11/site-packages/sklearn/utils/parallel.py", line 91, in __call__
    return super().__call__(iterable_with_config_and_warning_filters)
           ^^^^^^^^^^^^^^^^^^^^^^^^^^^^^^^^^^^^^^^^^^^^^^^^^^^^^^^^^^
  File "/home/airflow/.local/lib/python3.11/site-packages/joblib/parallel.py", line 1986, in __call__
    return output if self.return_generator else list(output)
                                                ^^^^^^^^^^^^
  File "/home/airflow/.local/lib/python3.11/site-packages/joblib/parallel.py", line 1914, in _get_sequential_output
    res = func(*args, **kwargs)
          ^^^^^^^^^^^^^^^^^^^^^
  File "/home/airflow/.local/lib/python3.11/site-packages/sklearn/utils/parallel.py", line 184, in __call__
    return self.function(*args, **kwargs)
           ^^^^^^^^^^^^^^^^^^^^^^^^^^^^^^
  File "/home/airflow/.local/lib/python3.11/site-packages/sklearn/ensemble/_forest.py", line 188, in _parallel_build_trees
    tree._fit(
  File "/home/airflow/.local/lib/python3.11/site-packages/sklearn/tree/_classes.py", line 475, in _fit
    builder.build(self.tree_, X, y, sample_weight, missing_values_in_feature_mask)
  File "/home/airflow/.local/lib/python3.11/site-packages/airflow/models/taskinstance.py", line 2613, in signal_handler
    raise AirflowTaskTerminated("Task received SIGTERM signal")
airflow.exceptions.AirflowTaskTerminated: Task received SIGTERM signal
[2026-06-08T05:49:41.143+0000] {taskinstance.py:1206} INFO - Marking task as UP_FOR_RETRY. dag_id=futsal_nightly_db_pipeline, task_id=train_ml_models, run_id=scheduled__2026-06-07T00:00:00+00:00, execution_date=20260607T000000, start_date=20260608T054742, end_date=20260608T054941
[2026-06-08T05:49:41.220+0000] {process_utils.py:80} INFO - Process psutil.Process(pid=745, status='terminated', exitcode=2, started='05:47:41') (745) terminated with exit code 2
[2026-06-08T05:49:41.222+0000] {local_task_job_runner.py:240} INFO - Task exited with return code 143
[2026-06-08T05:49:41.243+0000] {taskinstance.py:3498} INFO - 0 downstream tasks scheduled from follow-on schedule check
