[2026-06-08T05:20:59.839+0000] {local_task_job_runner.py:120} INFO - ::group::Pre task execution logs
[2026-06-08T05:20:59.934+0000] {taskinstance.py:2076} INFO - Dependencies all met for dep_context=non-requeueable deps ti=<TaskInstance: futsal_nightly_db_pipeline.extract_transform_load_db manual__2026-06-08T05:20:52.888524+00:00 [queued]>
[2026-06-08T05:20:59.978+0000] {taskinstance.py:2076} INFO - Dependencies all met for dep_context=requeueable deps ti=<TaskInstance: futsal_nightly_db_pipeline.extract_transform_load_db manual__2026-06-08T05:20:52.888524+00:00 [queued]>
[2026-06-08T05:20:59.989+0000] {taskinstance.py:2306} INFO - Starting attempt 1 of 2
[2026-06-08T05:21:00.137+0000] {taskinstance.py:2330} INFO - Executing <Task(PythonOperator): extract_transform_load_db> on 2026-06-08 05:20:52.888524+00:00
[2026-06-08T05:21:00.171+0000] {standard_task_runner.py:63} INFO - Started process 911 to run task
[2026-06-08T05:21:00.193+0000] {standard_task_runner.py:90} INFO - Running: ['***', 'tasks', 'run', 'futsal_nightly_db_pipeline', 'extract_transform_load_db', 'manual__2026-06-08T05:20:52.888524+00:00', '--job-id', '75', '--raw', '--subdir', 'DAGS_FOLDER/futsal_pipeline.py', '--cfg-path', '/tmp/tmpnk2_a9h1']
[2026-06-08T05:21:00.214+0000] {standard_task_runner.py:91} INFO - Job 75: Subtask extract_transform_load_db
[2026-06-08T05:21:00.393+0000] {task_command.py:426} INFO - Running <TaskInstance: futsal_nightly_db_pipeline.extract_transform_load_db manual__2026-06-08T05:20:52.888524+00:00 [running]> on host 63b7fdbe0a1d
[2026-06-08T05:21:00.690+0000] {taskinstance.py:2648} INFO - Exporting env vars: AIRFLOW_CTX_DAG_OWNER='futsal_admin' AIRFLOW_CTX_DAG_ID='futsal_nightly_db_pipeline' AIRFLOW_CTX_TASK_ID='extract_transform_load_db' AIRFLOW_CTX_EXECUTION_DATE='2026-06-08T05:20:52.888524+00:00' AIRFLOW_CTX_TRY_NUMBER='1' AIRFLOW_CTX_DAG_RUN_ID='manual__2026-06-08T05:20:52.888524+00:00'
[2026-06-08T05:21:00.693+0000] {taskinstance.py:430} INFO - ::endgroup::
[2026-06-08T05:21:00.801+0000] {logging_mixin.py:188} INFO - --- Running Match Data Pipeline ---
[2026-06-08T05:21:08.096+0000] {logging_mixin.py:188} INFO - 
--- Running Player Data Pipeline ---
[2026-06-08T05:21:12.107+0000] {logging_mixin.py:188} INFO - Data ETL complete. Processed 424 matches.
[2026-06-08T05:21:12.108+0000] {python.py:237} INFO - Done. Returned value was: None
[2026-06-08T05:21:12.114+0000] {taskinstance.py:441} INFO - ::group::Post task execution logs
[2026-06-08T05:21:12.146+0000] {taskinstance.py:1206} INFO - Marking task as SUCCESS. dag_id=futsal_nightly_db_pipeline, task_id=extract_transform_load_db, run_id=manual__2026-06-08T05:20:52.888524+00:00, execution_date=20260608T052052, start_date=20260608T052059, end_date=20260608T052112
[2026-06-08T05:21:12.288+0000] {local_task_job_runner.py:240} INFO - Task exited with return code 0
[2026-06-08T05:21:12.333+0000] {taskinstance.py:3498} INFO - 1 downstream tasks scheduled from follow-on schedule check
[2026-06-08T05:21:12.365+0000] {local_task_job_runner.py:222} INFO - ::endgroup::
