{"timestamp":"2026-06-01T08:26:39.739466Z","level":"info","event":"::group::Pre Execute","logger":"task","filename":"task_runner.py","lineno":1926}
{"timestamp":"2026-06-01T08:26:42.869009Z","level":"info","event":"setup plugin alembic.autogenerate.schemas","logger":"alembic.runtime.plugins","run_id":"scheduled__2026-06-01T00:00:00+00:00","task_id":"extract_transform_load_db","dag_id":"futsal_nightly_db_pipeline","ti_id":"019e824a-c808-73e1-a6ad-4ec809142982","try_number":1,"map_index":-1,"filename":"plugins.py","lineno":37}
{"timestamp":"2026-06-01T08:26:42.869513Z","level":"info","event":"setup plugin alembic.autogenerate.tables","logger":"alembic.runtime.plugins","run_id":"scheduled__2026-06-01T00:00:00+00:00","task_id":"extract_transform_load_db","dag_id":"futsal_nightly_db_pipeline","ti_id":"019e824a-c808-73e1-a6ad-4ec809142982","try_number":1,"map_index":-1,"filename":"plugins.py","lineno":37}
{"timestamp":"2026-06-01T08:26:42.869757Z","level":"info","event":"setup plugin alembic.autogenerate.types","logger":"alembic.runtime.plugins","run_id":"scheduled__2026-06-01T00:00:00+00:00","task_id":"extract_transform_load_db","dag_id":"futsal_nightly_db_pipeline","ti_id":"019e824a-c808-73e1-a6ad-4ec809142982","try_number":1,"map_index":-1,"filename":"plugins.py","lineno":37}
{"timestamp":"2026-06-01T08:26:42.869945Z","level":"info","event":"setup plugin alembic.autogenerate.constraints","logger":"alembic.runtime.plugins","run_id":"scheduled__2026-06-01T00:00:00+00:00","task_id":"extract_transform_load_db","dag_id":"futsal_nightly_db_pipeline","ti_id":"019e824a-c808-73e1-a6ad-4ec809142982","try_number":1,"map_index":-1,"filename":"plugins.py","lineno":37}
{"timestamp":"2026-06-01T08:26:42.870104Z","level":"info","event":"setup plugin alembic.autogenerate.defaults","logger":"alembic.runtime.plugins","run_id":"scheduled__2026-06-01T00:00:00+00:00","task_id":"extract_transform_load_db","dag_id":"futsal_nightly_db_pipeline","ti_id":"019e824a-c808-73e1-a6ad-4ec809142982","try_number":1,"map_index":-1,"filename":"plugins.py","lineno":37}
{"timestamp":"2026-06-01T08:26:42.870261Z","level":"info","event":"setup plugin alembic.autogenerate.comments","logger":"alembic.runtime.plugins","run_id":"scheduled__2026-06-01T00:00:00+00:00","task_id":"extract_transform_load_db","dag_id":"futsal_nightly_db_pipeline","ti_id":"019e824a-c808-73e1-a6ad-4ec809142982","try_number":1,"map_index":-1,"filename":"plugins.py","lineno":37}
{"timestamp":"2026-06-01T08:26:43.387441Z","level":"info","event":"DAG bundles loaded: dags-folder, example_dags","run_id":"scheduled__2026-06-01T00:00:00+00:00","task_id":"extract_transform_load_db","dag_id":"futsal_nightly_db_pipeline","ti_id":"019e824a-c808-73e1-a6ad-4ec809142982","try_number":1,"map_index":-1,"logger":"airflow.dag_processing.bundles.manager.DagBundlesManager","filename":"manager.py","lineno":209}
{"timestamp":"2026-06-01T08:26:43.392983Z","level":"info","event":"Filling up the DagBag from /mnt/c/Sagar/Futsal_ML/Futsal-ML-Analysis/Futsal_Match_Prediction/airflow/dags/futsal_pipeline.py","run_id":"scheduled__2026-06-01T00:00:00+00:00","task_id":"extract_transform_load_db","dag_id":"futsal_nightly_db_pipeline","ti_id":"019e824a-c808-73e1-a6ad-4ec809142982","try_number":1,"map_index":-1,"logger":"airflow.dag_processing.dagbag.BundleDagBag","filename":"dagbag.py","lineno":469}
{"timestamp":"2026-06-01T08:26:44.869269Z","level":"warning","event":"The `airflow.operators.python.PythonOperator` attribute is deprecated. Please use `'airflow.providers.standard.operators.python.PythonOperator'`.","category":"UserWarning","filename":"/mnt/c/Sagar/Futsal_ML/Futsal-ML-Analysis/Futsal_Match_Prediction/airflow/dags/futsal_pipeline.py","lineno":2,"run_id":"scheduled__2026-06-01T00:00:00+00:00","task_id":"extract_transform_load_db","dag_id":"futsal_nightly_db_pipeline","ti_id":"019e824a-c808-73e1-a6ad-4ec809142982","try_number":1,"map_index":-1,"logger":"py.warnings"}
{"timestamp":"2026-06-01T08:26:44.924122Z","level":"info","event":"Task instance is in running state","logger":"task.stdout"}
{"timestamp":"2026-06-01T08:26:44.927716Z","level":"info","event":" Previous state of the Task instance: TaskInstanceState.QUEUED","logger":"task.stdout"}
{"timestamp":"2026-06-01T08:26:44.929117Z","level":"info","event":"Current task name:extract_transform_load_db","logger":"task.stdout"}
{"timestamp":"2026-06-01T08:26:44.929819Z","level":"info","event":"Dag name:futsal_nightly_db_pipeline","logger":"task.stdout"}
{"timestamp":"2026-06-01T08:26:44.924615Z","level":"info","event":"::endgroup::","run_id":"scheduled__2026-06-01T00:00:00+00:00","task_id":"extract_transform_load_db","dag_id":"futsal_nightly_db_pipeline","ti_id":"019e824a-c808-73e1-a6ad-4ec809142982","try_number":1,"map_index":-1,"logger":"task","filename":"task_runner.py","lineno":1727}
{"timestamp":"2026-06-01T08:26:44.949185Z","level":"info","event":"--- Running Match Data Pipeline ---","logger":"task.stdout"}
{"timestamp":"2026-06-01T08:26:44.986526Z","level":"error","event":"Traceback (most recent call last):","logger":"task.stderr"}
{"timestamp":"2026-06-01T08:26:44.987286Z","level":"error","event":"  File \"/home/system/.wsl_venv/lib/python3.14/site-packages/pymysql/connections.py\", line 682, in connect","logger":"task.stderr"}
{"timestamp":"2026-06-01T08:26:44.987935Z","level":"error","event":"    sock = socket.create_connection(","logger":"task.stderr"}
{"timestamp":"2026-06-01T08:26:44.988467Z","level":"error","event":"        (self.host, self.port), self.connect_timeout, **kwargs","logger":"task.stderr"}
{"timestamp":"2026-06-01T08:26:44.989056Z","level":"error","event":"    )","logger":"task.stderr"}
{"timestamp":"2026-06-01T08:26:44.989531Z","level":"error","event":"  File \"/usr/lib/python3.14/socket.py\", line 870, in create_connection","logger":"task.stderr"}
{"timestamp":"2026-06-01T08:26:44.989980Z","level":"error","event":"    raise exceptions[0]","logger":"task.stderr"}
{"timestamp":"2026-06-01T08:26:44.990508Z","level":"error","event":"  File \"/usr/lib/python3.14/socket.py\", line 855, in create_connection","logger":"task.stderr"}
{"timestamp":"2026-06-01T08:26:44.990910Z","level":"error","event":"    sock.connect(sa)","logger":"task.stderr"}
{"timestamp":"2026-06-01T08:26:44.991249Z","level":"error","event":"    ~~~~~~~~~~~~^^^^","logger":"task.stderr"}
{"timestamp":"2026-06-01T08:26:44.991630Z","level":"error","event":"ConnectionRefusedError: [Errno 111] Connection refused","logger":"task.stderr"}
{"timestamp":"2026-06-01T08:26:44.991979Z","level":"error","event":"","logger":"task.stderr"}
{"timestamp":"2026-06-01T08:26:44.992396Z","level":"error","event":"During handling of the above exception, another exception occurred:","logger":"task.stderr"}
{"timestamp":"2026-06-01T08:26:44.992820Z","level":"error","event":"","logger":"task.stderr"}
{"timestamp":"2026-06-01T08:26:44.994037Z","level":"error","event":"Traceback (most recent call last):","logger":"task.stderr"}
{"timestamp":"2026-06-01T08:26:44.994659Z","level":"error","event":"  File \"/home/system/.wsl_venv/lib/python3.14/site-packages/sqlalchemy/engine/base.py\", line 144, in __init__","logger":"task.stderr"}
{"timestamp":"2026-06-01T08:26:44.995232Z","level":"error","event":"    self._dbapi_connection = engine.raw_connection()","logger":"task.stderr"}
{"timestamp":"2026-06-01T08:26:44.995713Z","level":"error","event":"                             ~~~~~~~~~~~~~~~~~~~~~^^","logger":"task.stderr"}
{"timestamp":"2026-06-01T08:26:44.996580Z","level":"error","event":"  File \"/home/system/.wsl_venv/lib/python3.14/site-packages/sqlalchemy/engine/base.py\", line 3319, in raw_connection","logger":"task.stderr"}
{"timestamp":"2026-06-01T08:26:44.997053Z","level":"error","event":"    return self.pool.connect()","logger":"task.stderr"}
{"timestamp":"2026-06-01T08:26:44.997423Z","level":"error","event":"           ~~~~~~~~~~~~~~~~~^^","logger":"task.stderr"}
{"timestamp":"2026-06-01T08:26:44.997761Z","level":"error","event":"  File \"/home/system/.wsl_venv/lib/python3.14/site-packages/sqlalchemy/pool/base.py\", line 448, in connect","logger":"task.stderr"}
{"timestamp":"2026-06-01T08:26:44.998083Z","level":"error","event":"    return _ConnectionFairy._checkout(self)","logger":"task.stderr"}
{"timestamp":"2026-06-01T08:26:44.998529Z","level":"error","event":"           ~~~~~~~~~~~~~~~~~~~~~~~~~~^^^^^^","logger":"task.stderr"}
{"timestamp":"2026-06-01T08:26:44.998895Z","level":"error","event":"  File \"/home/system/.wsl_venv/lib/python3.14/site-packages/sqlalchemy/pool/base.py\", line 1272, in _checkout","logger":"task.stderr"}
{"timestamp":"2026-06-01T08:26:44.999291Z","level":"error","event":"    fairy = _ConnectionRecord.checkout(pool)","logger":"task.stderr"}
{"timestamp":"2026-06-01T08:26:45.000079Z","level":"error","event":"  File \"/home/system/.wsl_venv/lib/python3.14/site-packages/sqlalchemy/pool/base.py\", line 712, in checkout","logger":"task.stderr"}
{"timestamp":"2026-06-01T08:26:45.000980Z","level":"error","event":"    rec = pool._do_get()","logger":"task.stderr"}
{"timestamp":"2026-06-01T08:26:45.001794Z","level":"error","event":"  File \"/home/system/.wsl_venv/lib/python3.14/site-packages/sqlalchemy/pool/impl.py\", line 178, in _do_get","logger":"task.stderr"}
{"timestamp":"2026-06-01T08:26:45.002348Z","level":"error","event":"    with util.safe_reraise():","logger":"task.stderr"}
{"timestamp":"2026-06-01T08:26:45.002843Z","level":"error","event":"         ~~~~~~~~~~~~~~~~~^^","logger":"task.stderr"}
{"timestamp":"2026-06-01T08:26:45.003249Z","level":"error","event":"  File \"/home/system/.wsl_venv/lib/python3.14/site-packages/sqlalchemy/util/langhelpers.py\", line 122, in __exit__","logger":"task.stderr"}
{"timestamp":"2026-06-01T08:26:45.003662Z","level":"error","event":"    raise exc_value.with_traceback(exc_tb)","logger":"task.stderr"}
{"timestamp":"2026-06-01T08:26:45.004033Z","level":"error","event":"  File \"/home/system/.wsl_venv/lib/python3.14/site-packages/sqlalchemy/pool/impl.py\", line 176, in _do_get","logger":"task.stderr"}
{"timestamp":"2026-06-01T08:26:45.004445Z","level":"error","event":"    return self._create_connection()","logger":"task.stderr"}
{"timestamp":"2026-06-01T08:26:45.004948Z","level":"error","event":"           ~~~~~~~~~~~~~~~~~~~~~~~^^","logger":"task.stderr"}
{"timestamp":"2026-06-01T08:26:45.005384Z","level":"error","event":"  File \"/home/system/.wsl_venv/lib/python3.14/site-packages/sqlalchemy/pool/base.py\", line 389, in _create_connection","logger":"task.stderr"}
{"timestamp":"2026-06-01T08:26:45.005834Z","level":"error","event":"    return _ConnectionRecord(self)","logger":"task.stderr"}
{"timestamp":"2026-06-01T08:26:45.007163Z","level":"error","event":"  File \"/home/system/.wsl_venv/lib/python3.14/site-packages/sqlalchemy/pool/base.py\", line 674, in __init__","logger":"task.stderr"}
{"timestamp":"2026-06-01T08:26:45.007882Z","level":"error","event":"    self.__connect()","logger":"task.stderr"}
{"timestamp":"2026-06-01T08:26:45.008427Z","level":"error","event":"    ~~~~~~~~~~~~~~^^","logger":"task.stderr"}
{"timestamp":"2026-06-01T08:26:45.008876Z","level":"error","event":"  File \"/home/system/.wsl_venv/lib/python3.14/site-packages/sqlalchemy/pool/base.py\", line 900, in __connect","logger":"task.stderr"}
{"timestamp":"2026-06-01T08:26:45.009291Z","level":"error","event":"    with util.safe_reraise():","logger":"task.stderr"}
{"timestamp":"2026-06-01T08:26:45.009676Z","level":"error","event":"         ~~~~~~~~~~~~~~~~~^^","logger":"task.stderr"}
{"timestamp":"2026-06-01T08:26:45.010122Z","level":"error","event":"  File \"/home/system/.wsl_venv/lib/python3.14/site-packages/sqlalchemy/util/langhelpers.py\", line 122, in __exit__","logger":"task.stderr"}
{"timestamp":"2026-06-01T08:26:45.010577Z","level":"error","event":"    raise exc_value.with_traceback(exc_tb)","logger":"task.stderr"}
{"timestamp":"2026-06-01T08:26:45.011017Z","level":"error","event":"  File \"/home/system/.wsl_venv/lib/python3.14/site-packages/sqlalchemy/pool/base.py\", line 896, in __connect","logger":"task.stderr"}
{"timestamp":"2026-06-01T08:26:45.011524Z","level":"error","event":"    self.dbapi_connection = connection = pool._invoke_creator(self)","logger":"task.stderr"}
{"timestamp":"2026-06-01T08:26:45.011893Z","level":"error","event":"                                         ~~~~~~~~~~~~~~~~~~~~^^^^^^","logger":"task.stderr"}
{"timestamp":"2026-06-01T08:26:45.012264Z","level":"error","event":"  File \"/home/system/.wsl_venv/lib/python3.14/site-packages/sqlalchemy/engine/create.py\", line 667, in connect","logger":"task.stderr"}
{"timestamp":"2026-06-01T08:26:45.012615Z","level":"error","event":"    return dialect.connect(*cargs_tup, **cparams)","logger":"task.stderr"}
{"timestamp":"2026-06-01T08:26:45.013060Z","level":"error","event":"           ~~~~~~~~~~~~~~~^^^^^^^^^^^^^^^^^^^^^^^","logger":"task.stderr"}
{"timestamp":"2026-06-01T08:26:45.013886Z","level":"error","event":"  File \"/home/system/.wsl_venv/lib/python3.14/site-packages/sqlalchemy/engine/default.py\", line 630, in connect","logger":"task.stderr"}
{"timestamp":"2026-06-01T08:26:45.014332Z","level":"error","event":"    return self.loaded_dbapi.connect(*cargs, **cparams)  # type: ignore[no-any-return]  # NOQA: E501","logger":"task.stderr"}
{"timestamp":"2026-06-01T08:26:45.014764Z","level":"error","event":"           ~~~~~~~~~~~~~~~~~~~~~~~~~^^^^^^^^^^^^^^^^^^^","logger":"task.stderr"}
{"timestamp":"2026-06-01T08:26:45.015220Z","level":"error","event":"  File \"/home/system/.wsl_venv/lib/python3.14/site-packages/pymysql/connections.py\", line 372, in __init__","logger":"task.stderr"}
{"timestamp":"2026-06-01T08:26:45.015730Z","level":"error","event":"    self.connect()","logger":"task.stderr"}
{"timestamp":"2026-06-01T08:26:45.016220Z","level":"error","event":"    ~~~~~~~~~~~~^^","logger":"task.stderr"}
{"timestamp":"2026-06-01T08:26:45.016678Z","level":"error","event":"  File \"/home/system/.wsl_venv/lib/python3.14/site-packages/pymysql/connections.py\", line 744, in connect","logger":"task.stderr"}
{"timestamp":"2026-06-01T08:26:45.017194Z","level":"error","event":"    raise exc","logger":"task.stderr"}
{"timestamp":"2026-06-01T08:26:45.017638Z","level":"error","event":"pymysql.err.OperationalError: (2003, \"Can't connect to MySQL server on 'localhost' ([Errno 111] Connection refused)\")","logger":"task.stderr"}
{"timestamp":"2026-06-01T08:26:45.018194Z","level":"error","event":"","logger":"task.stderr"}
{"timestamp":"2026-06-01T08:26:45.018705Z","level":"error","event":"The above exception was the direct cause of the following exception:","logger":"task.stderr"}
{"timestamp":"2026-06-01T08:26:45.019118Z","level":"error","event":"","logger":"task.stderr"}
{"timestamp":"2026-06-01T08:26:45.020442Z","level":"error","event":"Traceback (most recent call last):","logger":"task.stderr"}
{"timestamp":"2026-06-01T08:26:45.021158Z","level":"error","event":"  File \"/mnt/c/Sagar/Futsal_ML/Futsal-ML-Analysis/Futsal_Match_Prediction/pipeline/data_pipeline.py\", line 13, in match_run_pipeline","logger":"task.stderr"}
{"timestamp":"2026-06-01T08:26:45.021777Z","level":"error","event":"    matches = self.ingestion.ingest_match_data()","logger":"task.stderr"}
{"timestamp":"2026-06-01T08:26:45.022296Z","level":"error","event":"  File \"/mnt/c/Sagar/Futsal_ML/Futsal-ML-Analysis/Futsal_Match_Prediction/components/data_ingestion.py\", line 45, in ingest_match_data","logger":"task.stderr"}
{"timestamp":"2026-06-01T08:26:45.022753Z","level":"error","event":"    matches_raw = self.read_match_data()","logger":"task.stderr"}
{"timestamp":"2026-06-01T08:26:45.023197Z","level":"error","event":"  File \"/mnt/c/Sagar/Futsal_ML/Futsal-ML-Analysis/Futsal_Match_Prediction/components/data_ingestion.py\", line 29, in read_match_data","logger":"task.stderr"}
{"timestamp":"2026-06-01T08:26:45.023689Z","level":"error","event":"    return pd.read_sql(\"SELECT * FROM futsal_men_matches\", self.engine)","logger":"task.stderr"}
{"timestamp":"2026-06-01T08:26:45.024185Z","level":"error","event":"           ~~~~~~~~~~~^^^^^^^^^^^^^^^^^^^^^^^^^^^^^^^^^^^^^^^^^^^^^^^^^","logger":"task.stderr"}
{"timestamp":"2026-06-01T08:26:45.024642Z","level":"error","event":"  File \"/home/system/.wsl_venv/lib/python3.14/site-packages/pandas/io/sql.py\", line 700, in read_sql","logger":"task.stderr"}
{"timestamp":"2026-06-01T08:26:45.025019Z","level":"error","event":"    with pandasSQL_builder(con) as pandas_sql:","logger":"task.stderr"}
{"timestamp":"2026-06-01T08:26:45.025455Z","level":"error","event":"         ~~~~~~~~~~~~~~~~~^^^^^","logger":"task.stderr"}
{"timestamp":"2026-06-01T08:26:45.025847Z","level":"error","event":"  File \"/home/system/.wsl_venv/lib/python3.14/site-packages/pandas/io/sql.py\", line 908, in pandasSQL_builder","logger":"task.stderr"}
{"timestamp":"2026-06-01T08:26:45.026957Z","level":"error","event":"    return SQLDatabase(con, schema, need_transaction)","logger":"task.stderr"}
{"timestamp":"2026-06-01T08:26:45.027624Z","level":"error","event":"  File \"/home/system/.wsl_venv/lib/python3.14/site-packages/pandas/io/sql.py\", line 1649, in __init__","logger":"task.stderr"}
{"timestamp":"2026-06-01T08:26:45.028045Z","level":"error","event":"    con = self.exit_stack.enter_context(con.connect())","logger":"task.stderr"}
{"timestamp":"2026-06-01T08:26:45.028471Z","level":"error","event":"                                        ~~~~~~~~~~~^^","logger":"task.stderr"}
{"timestamp":"2026-06-01T08:26:45.028822Z","level":"error","event":"  File \"/home/system/.wsl_venv/lib/python3.14/site-packages/sqlalchemy/engine/base.py\", line 3295, in connect","logger":"task.stderr"}
{"timestamp":"2026-06-01T08:26:45.029231Z","level":"error","event":"    return self._connection_cls(self)","logger":"task.stderr"}
{"timestamp":"2026-06-01T08:26:45.029670Z","level":"error","event":"           ~~~~~~~~~~~~~~~~~~~~^^^^^^","logger":"task.stderr"}
{"timestamp":"2026-06-01T08:26:45.030085Z","level":"error","event":"  File \"/home/system/.wsl_venv/lib/python3.14/site-packages/sqlalchemy/engine/base.py\", line 146, in __init__","logger":"task.stderr"}
{"timestamp":"2026-06-01T08:26:45.030454Z","level":"error","event":"    Connection._handle_dbapi_exception_noconnection(","logger":"task.stderr"}
{"timestamp":"2026-06-01T08:26:45.030863Z","level":"error","event":"    ~~~~~~~~~~~~~~~~~~~~~~~~~~~~~~~~~~~~~~~~~~~~~~~^","logger":"task.stderr"}
{"timestamp":"2026-06-01T08:26:45.031502Z","level":"error","event":"        err, dialect, engine","logger":"task.stderr"}
{"timestamp":"2026-06-01T08:26:45.031892Z","level":"error","event":"        ^^^^^^^^^^^^^^^^^^^^","logger":"task.stderr"}
{"timestamp":"2026-06-01T08:26:45.032286Z","level":"error","event":"    )","logger":"task.stderr"}
{"timestamp":"2026-06-01T08:26:45.033373Z","level":"error","event":"    ^","logger":"task.stderr"}
{"timestamp":"2026-06-01T08:26:45.033987Z","level":"error","event":"  File \"/home/system/.wsl_venv/lib/python3.14/site-packages/sqlalchemy/engine/base.py\", line 2450, in _handle_dbapi_exception_noconnection","logger":"task.stderr"}
{"timestamp":"2026-06-01T08:26:45.034382Z","level":"error","event":"    raise sqlalchemy_exception.with_traceback(exc_info[2]) from e","logger":"task.stderr"}
{"timestamp":"2026-06-01T08:26:45.034774Z","level":"error","event":"  File \"/home/system/.wsl_venv/lib/python3.14/site-packages/sqlalchemy/engine/base.py\", line 144, in __init__","logger":"task.stderr"}
{"timestamp":"2026-06-01T08:26:45.035138Z","level":"error","event":"    self._dbapi_connection = engine.raw_connection()","logger":"task.stderr"}
{"timestamp":"2026-06-01T08:26:45.035490Z","level":"error","event":"                             ~~~~~~~~~~~~~~~~~~~~~^^","logger":"task.stderr"}
{"timestamp":"2026-06-01T08:26:45.035862Z","level":"error","event":"  File \"/home/system/.wsl_venv/lib/python3.14/site-packages/sqlalchemy/engine/base.py\", line 3319, in raw_connection","logger":"task.stderr"}
{"timestamp":"2026-06-01T08:26:45.036262Z","level":"error","event":"    return self.pool.connect()","logger":"task.stderr"}
{"timestamp":"2026-06-01T08:26:45.036607Z","level":"error","event":"           ~~~~~~~~~~~~~~~~~^^","logger":"task.stderr"}
{"timestamp":"2026-06-01T08:26:45.037002Z","level":"error","event":"  File \"/home/system/.wsl_venv/lib/python3.14/site-packages/sqlalchemy/pool/base.py\", line 448, in connect","logger":"task.stderr"}
{"timestamp":"2026-06-01T08:26:45.037416Z","level":"error","event":"    return _ConnectionFairy._checkout(self)","logger":"task.stderr"}
{"timestamp":"2026-06-01T08:26:45.038232Z","level":"error","event":"           ~~~~~~~~~~~~~~~~~~~~~~~~~~^^^^^^","logger":"task.stderr"}
{"timestamp":"2026-06-01T08:26:45.038833Z","level":"error","event":"  File \"/home/system/.wsl_venv/lib/python3.14/site-packages/sqlalchemy/pool/base.py\", line 1272, in _checkout","logger":"task.stderr"}
{"timestamp":"2026-06-01T08:26:45.040228Z","level":"error","event":"    fairy = _ConnectionRecord.checkout(pool)","logger":"task.stderr"}
{"timestamp":"2026-06-01T08:26:45.040821Z","level":"error","event":"  File \"/home/system/.wsl_venv/lib/python3.14/site-packages/sqlalchemy/pool/base.py\", line 712, in checkout","logger":"task.stderr"}
{"timestamp":"2026-06-01T08:26:45.041295Z","level":"error","event":"    rec = pool._do_get()","logger":"task.stderr"}
{"timestamp":"2026-06-01T08:26:45.041676Z","level":"error","event":"  File \"/home/system/.wsl_venv/lib/python3.14/site-packages/sqlalchemy/pool/impl.py\", line 178, in _do_get","logger":"task.stderr"}
{"timestamp":"2026-06-01T08:26:45.042066Z","level":"error","event":"    with util.safe_reraise():","logger":"task.stderr"}
{"timestamp":"2026-06-01T08:26:45.042389Z","level":"error","event":"         ~~~~~~~~~~~~~~~~~^^","logger":"task.stderr"}
{"timestamp":"2026-06-01T08:26:45.042800Z","level":"error","event":"  File \"/home/system/.wsl_venv/lib/python3.14/site-packages/sqlalchemy/util/langhelpers.py\", line 122, in __exit__","logger":"task.stderr"}
{"timestamp":"2026-06-01T08:26:45.043217Z","level":"error","event":"    raise exc_value.with_traceback(exc_tb)","logger":"task.stderr"}
{"timestamp":"2026-06-01T08:26:45.043640Z","level":"error","event":"  File \"/home/system/.wsl_venv/lib/python3.14/site-packages/sqlalchemy/pool/impl.py\", line 176, in _do_get","logger":"task.stderr"}
{"timestamp":"2026-06-01T08:26:45.044061Z","level":"error","event":"    return self._create_connection()","logger":"task.stderr"}
{"timestamp":"2026-06-01T08:26:45.044407Z","level":"error","event":"           ~~~~~~~~~~~~~~~~~~~~~~~^^","logger":"task.stderr"}
{"timestamp":"2026-06-01T08:26:45.044735Z","level":"error","event":"  File \"/home/system/.wsl_venv/lib/python3.14/site-packages/sqlalchemy/pool/base.py\", line 389, in _create_connection","logger":"task.stderr"}
{"timestamp":"2026-06-01T08:26:45.045124Z","level":"error","event":"    return _ConnectionRecord(self)","logger":"task.stderr"}
{"timestamp":"2026-06-01T08:26:45.045674Z","level":"error","event":"  File \"/home/system/.wsl_venv/lib/python3.14/site-packages/sqlalchemy/pool/base.py\", line 674, in __init__","logger":"task.stderr"}
{"timestamp":"2026-06-01T08:26:45.046122Z","level":"error","event":"    self.__connect()","logger":"task.stderr"}
{"timestamp":"2026-06-01T08:26:45.046487Z","level":"error","event":"    ~~~~~~~~~~~~~~^^","logger":"task.stderr"}
{"timestamp":"2026-06-01T08:26:45.046919Z","level":"error","event":"  File \"/home/system/.wsl_venv/lib/python3.14/site-packages/sqlalchemy/pool/base.py\", line 900, in __connect","logger":"task.stderr"}
{"timestamp":"2026-06-01T08:26:45.047322Z","level":"error","event":"    with util.safe_reraise():","logger":"task.stderr"}
{"timestamp":"2026-06-01T08:26:45.047781Z","level":"error","event":"         ~~~~~~~~~~~~~~~~~^^","logger":"task.stderr"}
{"timestamp":"2026-06-01T08:26:45.048190Z","level":"error","event":"  File \"/home/system/.wsl_venv/lib/python3.14/site-packages/sqlalchemy/util/langhelpers.py\", line 122, in __exit__","logger":"task.stderr"}
{"timestamp":"2026-06-01T08:26:45.048650Z","level":"error","event":"    raise exc_value.with_traceback(exc_tb)","logger":"task.stderr"}
{"timestamp":"2026-06-01T08:26:45.049078Z","level":"error","event":"  File \"/home/system/.wsl_venv/lib/python3.14/site-packages/sqlalchemy/pool/base.py\", line 896, in __connect","logger":"task.stderr"}
{"timestamp":"2026-06-01T08:26:45.049524Z","level":"error","event":"    self.dbapi_connection = connection = pool._invoke_creator(self)","logger":"task.stderr"}
{"timestamp":"2026-06-01T08:26:45.049931Z","level":"info","event":"","logger":"task.stdout"}
{"timestamp":"2026-06-01T08:26:45.050352Z","level":"info","event":"--- Running Player Data Pipeline ---","logger":"task.stdout"}
{"timestamp":"2026-06-01T08:26:45.051066Z","level":"error","event":"                                         ~~~~~~~~~~~~~~~~~~~~^^^^^^","logger":"task.stderr"}
{"timestamp":"2026-06-01T08:26:45.051768Z","level":"error","event":"  File \"/home/system/.wsl_venv/lib/python3.14/site-packages/sqlalchemy/engine/create.py\", line 667, in connect","logger":"task.stderr"}
{"timestamp":"2026-06-01T08:26:45.052167Z","level":"error","event":"    return dialect.connect(*cargs_tup, **cparams)","logger":"task.stderr"}
{"timestamp":"2026-06-01T08:26:45.052715Z","level":"error","event":"           ~~~~~~~~~~~~~~~^^^^^^^^^^^^^^^^^^^^^^^","logger":"task.stderr"}
{"timestamp":"2026-06-01T08:26:45.053177Z","level":"error","event":"  File \"/home/system/.wsl_venv/lib/python3.14/site-packages/sqlalchemy/engine/default.py\", line 630, in connect","logger":"task.stderr"}
{"timestamp":"2026-06-01T08:26:45.053582Z","level":"error","event":"    return self.loaded_dbapi.connect(*cargs, **cparams)  # type: ignore[no-any-return]  # NOQA: E501","logger":"task.stderr"}
{"timestamp":"2026-06-01T08:26:45.053986Z","level":"error","event":"           ~~~~~~~~~~~~~~~~~~~~~~~~~^^^^^^^^^^^^^^^^^^^","logger":"task.stderr"}
{"timestamp":"2026-06-01T08:26:45.054764Z","level":"error","event":"  File \"/home/system/.wsl_venv/lib/python3.14/site-packages/pymysql/connections.py\", line 372, in __init__","logger":"task.stderr"}
{"timestamp":"2026-06-01T08:26:45.056987Z","level":"error","event":"    self.connect()","logger":"task.stderr"}
{"timestamp":"2026-06-01T08:26:45.057616Z","level":"error","event":"    ~~~~~~~~~~~~^^","logger":"task.stderr"}
{"timestamp":"2026-06-01T08:26:45.058120Z","level":"error","event":"  File \"/home/system/.wsl_venv/lib/python3.14/site-packages/pymysql/connections.py\", line 744, in connect","logger":"task.stderr"}
{"timestamp":"2026-06-01T08:26:45.058623Z","level":"error","event":"    raise exc","logger":"task.stderr"}
{"timestamp":"2026-06-01T08:26:45.059692Z","level":"error","event":"sqlalchemy.exc.OperationalError: (pymysql.err.OperationalError) (2003, \"Can't connect to MySQL server on 'localhost' ([Errno 111] Connection refused)\")","logger":"task.stderr"}
{"timestamp":"2026-06-01T08:26:45.060201Z","level":"error","event":"(Background on this error at: https://sqlalche.me/e/20/e3q8)","logger":"task.stderr"}
{"timestamp":"2026-06-01T08:26:45.060619Z","level":"error","event":"Traceback (most recent call last):","logger":"task.stderr"}
{"timestamp":"2026-06-01T08:26:45.061062Z","level":"error","event":"  File \"/home/system/.wsl_venv/lib/python3.14/site-packages/pymysql/connections.py\", line 682, in connect","logger":"task.stderr"}
{"timestamp":"2026-06-01T08:26:45.061501Z","level":"error","event":"    sock = socket.create_connection(","logger":"task.stderr"}
{"timestamp":"2026-06-01T08:26:45.061946Z","level":"error","event":"        (self.host, self.port), self.connect_timeout, **kwargs","logger":"task.stderr"}
{"timestamp":"2026-06-01T08:26:45.062431Z","level":"error","event":"    )","logger":"task.stderr"}
{"timestamp":"2026-06-01T08:26:45.062932Z","level":"error","event":"  File \"/usr/lib/python3.14/socket.py\", line 870, in create_connection","logger":"task.stderr"}
{"timestamp":"2026-06-01T08:26:45.063331Z","level":"error","event":"    raise exceptions[0]","logger":"task.stderr"}
{"timestamp":"2026-06-01T08:26:45.063775Z","level":"error","event":"  File \"/usr/lib/python3.14/socket.py\", line 855, in create_connection","logger":"task.stderr"}
{"timestamp":"2026-06-01T08:26:45.064220Z","level":"error","event":"    sock.connect(sa)","logger":"task.stderr"}
{"timestamp":"2026-06-01T08:26:45.064639Z","level":"error","event":"    ~~~~~~~~~~~~^^^^","logger":"task.stderr"}
{"timestamp":"2026-06-01T08:26:45.065036Z","level":"error","event":"ConnectionRefusedError: [Errno 111] Connection refused","logger":"task.stderr"}
{"timestamp":"2026-06-01T08:26:45.065860Z","level":"error","event":"","logger":"task.stderr"}
{"timestamp":"2026-06-01T08:26:45.066501Z","level":"error","event":"During handling of the above exception, another exception occurred:","logger":"task.stderr"}
{"timestamp":"2026-06-01T08:26:45.066910Z","level":"error","event":"","logger":"task.stderr"}
{"timestamp":"2026-06-01T08:26:45.067299Z","level":"error","event":"Traceback (most recent call last):","logger":"task.stderr"}
{"timestamp":"2026-06-01T08:26:45.067828Z","level":"error","event":"  File \"/home/system/.wsl_venv/lib/python3.14/site-packages/sqlalchemy/engine/base.py\", line 144, in __init__","logger":"task.stderr"}
{"timestamp":"2026-06-01T08:26:45.068228Z","level":"error","event":"    self._dbapi_connection = engine.raw_connection()","logger":"task.stderr"}
{"timestamp":"2026-06-01T08:26:45.068670Z","level":"error","event":"                             ~~~~~~~~~~~~~~~~~~~~~^^","logger":"task.stderr"}
{"timestamp":"2026-06-01T08:26:45.069550Z","level":"error","event":"  File \"/home/system/.wsl_venv/lib/python3.14/site-packages/sqlalchemy/engine/base.py\", line 3319, in raw_connection","logger":"task.stderr"}
{"timestamp":"2026-06-01T08:26:45.071234Z","level":"error","event":"    return self.pool.connect()","logger":"task.stderr"}
{"timestamp":"2026-06-01T08:26:45.073075Z","level":"error","event":"           ~~~~~~~~~~~~~~~~~^^","logger":"task.stderr"}
{"timestamp":"2026-06-01T08:26:45.073892Z","level":"error","event":"  File \"/home/system/.wsl_venv/lib/python3.14/site-packages/sqlalchemy/pool/base.py\", line 448, in connect","logger":"task.stderr"}
{"timestamp":"2026-06-01T08:26:45.074523Z","level":"error","event":"    return _ConnectionFairy._checkout(self)","logger":"task.stderr"}
{"timestamp":"2026-06-01T08:26:45.075073Z","level":"error","event":"           ~~~~~~~~~~~~~~~~~~~~~~~~~~^^^^^^","logger":"task.stderr"}
{"timestamp":"2026-06-01T08:26:45.075542Z","level":"error","event":"  File \"/home/system/.wsl_venv/lib/python3.14/site-packages/sqlalchemy/pool/base.py\", line 1272, in _checkout","logger":"task.stderr"}
{"timestamp":"2026-06-01T08:26:45.076020Z","level":"error","event":"    fairy = _ConnectionRecord.checkout(pool)","logger":"task.stderr"}
{"timestamp":"2026-06-01T08:26:45.076467Z","level":"error","event":"  File \"/home/system/.wsl_venv/lib/python3.14/site-packages/sqlalchemy/pool/base.py\", line 712, in checkout","logger":"task.stderr"}
{"timestamp":"2026-06-01T08:26:45.076857Z","level":"error","event":"    rec = pool._do_get()","logger":"task.stderr"}
{"timestamp":"2026-06-01T08:26:45.077267Z","level":"error","event":"  File \"/home/system/.wsl_venv/lib/python3.14/site-packages/sqlalchemy/pool/impl.py\", line 178, in _do_get","logger":"task.stderr"}
{"timestamp":"2026-06-01T08:26:45.077679Z","level":"error","event":"    with util.safe_reraise():","logger":"task.stderr"}
{"timestamp":"2026-06-01T08:26:45.078468Z","level":"error","event":"         ~~~~~~~~~~~~~~~~~^^","logger":"task.stderr"}
{"timestamp":"2026-06-01T08:26:45.079035Z","level":"error","event":"  File \"/home/system/.wsl_venv/lib/python3.14/site-packages/sqlalchemy/util/langhelpers.py\", line 122, in __exit__","logger":"task.stderr"}
{"timestamp":"2026-06-01T08:26:45.079622Z","level":"error","event":"    raise exc_value.with_traceback(exc_tb)","logger":"task.stderr"}
{"timestamp":"2026-06-01T08:26:45.080076Z","level":"error","event":"  File \"/home/system/.wsl_venv/lib/python3.14/site-packages/sqlalchemy/pool/impl.py\", line 176, in _do_get","logger":"task.stderr"}
{"timestamp":"2026-06-01T08:26:45.080496Z","level":"error","event":"    return self._create_connection()","logger":"task.stderr"}
{"timestamp":"2026-06-01T08:26:45.080983Z","level":"error","event":"           ~~~~~~~~~~~~~~~~~~~~~~~^^","logger":"task.stderr"}
{"timestamp":"2026-06-01T08:26:45.081512Z","level":"error","event":"  File \"/home/system/.wsl_venv/lib/python3.14/site-packages/sqlalchemy/pool/base.py\", line 389, in _create_connection","logger":"task.stderr"}
{"timestamp":"2026-06-01T08:26:45.081914Z","level":"error","event":"    return _ConnectionRecord(self)","logger":"task.stderr"}
{"timestamp":"2026-06-01T08:26:45.082359Z","level":"error","event":"  File \"/home/system/.wsl_venv/lib/python3.14/site-packages/sqlalchemy/pool/base.py\", line 674, in __init__","logger":"task.stderr"}
{"timestamp":"2026-06-01T08:26:45.082735Z","level":"error","event":"    self.__connect()","logger":"task.stderr"}
{"timestamp":"2026-06-01T08:26:45.083111Z","level":"error","event":"    ~~~~~~~~~~~~~~^^","logger":"task.stderr"}
{"timestamp":"2026-06-01T08:26:45.083574Z","level":"error","event":"  File \"/home/system/.wsl_venv/lib/python3.14/site-packages/sqlalchemy/pool/base.py\", line 900, in __connect","logger":"task.stderr"}
{"timestamp":"2026-06-01T08:26:45.084404Z","level":"error","event":"    with util.safe_reraise():","logger":"task.stderr"}
{"timestamp":"2026-06-01T08:26:45.085738Z","level":"error","event":"         ~~~~~~~~~~~~~~~~~^^","logger":"task.stderr"}
{"timestamp":"2026-06-01T08:26:45.086158Z","level":"error","event":"  File \"/home/system/.wsl_venv/lib/python3.14/site-packages/sqlalchemy/util/langhelpers.py\", line 122, in __exit__","logger":"task.stderr"}
{"timestamp":"2026-06-01T08:26:45.086548Z","level":"error","event":"    raise exc_value.with_traceback(exc_tb)","logger":"task.stderr"}
{"timestamp":"2026-06-01T08:26:45.086918Z","level":"error","event":"  File \"/home/system/.wsl_venv/lib/python3.14/site-packages/sqlalchemy/pool/base.py\", line 896, in __connect","logger":"task.stderr"}
{"timestamp":"2026-06-01T08:26:45.087291Z","level":"error","event":"    self.dbapi_connection = connection = pool._invoke_creator(self)","logger":"task.stderr"}
{"timestamp":"2026-06-01T08:26:45.087694Z","level":"error","event":"                                         ~~~~~~~~~~~~~~~~~~~~^^^^^^","logger":"task.stderr"}
{"timestamp":"2026-06-01T08:26:45.088062Z","level":"error","event":"  File \"/home/system/.wsl_venv/lib/python3.14/site-packages/sqlalchemy/engine/create.py\", line 667, in connect","logger":"task.stderr"}
{"timestamp":"2026-06-01T08:26:45.088538Z","level":"error","event":"    return dialect.connect(*cargs_tup, **cparams)","logger":"task.stderr"}
{"timestamp":"2026-06-01T08:26:45.089039Z","level":"error","event":"           ~~~~~~~~~~~~~~~^^^^^^^^^^^^^^^^^^^^^^^","logger":"task.stderr"}
{"timestamp":"2026-06-01T08:26:45.028967Z","level":"error","event":"Task failed with exception","run_id":"scheduled__2026-06-01T00:00:00+00:00","task_id":"extract_transform_load_db","dag_id":"futsal_nightly_db_pipeline","ti_id":"019e824a-c808-73e1-a6ad-4ec809142982","try_number":1,"map_index":-1,"logger":"task","filename":"task_runner.py","lineno":1381,"error_detail":[{"exc_type":"TypeError","exc_value":"object of type 'NoneType' has no len()","exc_notes":[],"syntax_error":null,"is_cause":false,"frames":[{"filename":"/home/system/.wsl_venv/lib/python3.14/site-packages/airflow/sdk/execution_time/task_runner.py","lineno":1287,"name":"run"},{"filename":"/home/system/.wsl_venv/lib/python3.14/site-packages/airflow/sdk/execution_time/task_runner.py","lineno":1745,"name":"_execute_task"},{"filename":"/home/system/.wsl_venv/lib/python3.14/site-packages/airflow/sdk/bases/operator.py","lineno":443,"name":"wrapper"},{"filename":"/home/system/.wsl_venv/lib/python3.14/site-packages/airflow/providers/standard/operators/python.py","lineno":231,"name":"execute"},{"filename":"/home/system/.wsl_venv/lib/python3.14/site-packages/airflow/providers/standard/operators/python.py","lineno":254,"name":"execute_callable"},{"filename":"/home/system/.wsl_venv/lib/python3.14/site-packages/airflow/sdk/execution_time/callback_runner.py","lineno":97,"name":"run"},{"filename":"/mnt/c/Sagar/Futsal_ML/Futsal-ML-Analysis/Futsal_Match_Prediction/airflow/dags/futsal_pipeline.py","lineno":24,"name":"run_data_etl"}],"is_group":false,"exceptions":[]}]}
{"timestamp":"2026-06-01T08:26:45.029462Z","level":"info","event":"::group::Post Execute","run_id":"scheduled__2026-06-01T00:00:00+00:00","task_id":"extract_transform_load_db","dag_id":"futsal_nightly_db_pipeline","ti_id":"019e824a-c808-73e1-a6ad-4ec809142982","try_number":1,"map_index":-1,"logger":"task","filename":"task_runner.py","lineno":1382}
{"timestamp":"2026-06-01T08:26:45.166563Z","level":"error","event":"  File \"/home/system/.wsl_venv/lib/python3.14/site-packages/sqlalchemy/engine/default.py\", line 630, in connect","logger":"task.stderr"}
{"timestamp":"2026-06-01T08:26:45.167216Z","level":"error","event":"    return self.loaded_dbapi.connect(*cargs, **cparams)  # type: ignore[no-any-return]  # NOQA: E501","logger":"task.stderr"}
{"timestamp":"2026-06-01T08:26:45.168008Z","level":"error","event":"           ~~~~~~~~~~~~~~~~~~~~~~~~~^^^^^^^^^^^^^^^^^^^","logger":"task.stderr"}
{"timestamp":"2026-06-01T08:26:45.168390Z","level":"error","event":"  File \"/home/system/.wsl_venv/lib/python3.14/site-packages/pymysql/connections.py\", line 372, in __init__","logger":"task.stderr"}
{"timestamp":"2026-06-01T08:26:45.168782Z","level":"error","event":"    self.connect()","logger":"task.stderr"}
{"timestamp":"2026-06-01T08:26:45.169146Z","level":"error","event":"    ~~~~~~~~~~~~^^","logger":"task.stderr"}
{"timestamp":"2026-06-01T08:26:45.170185Z","level":"error","event":"  File \"/home/system/.wsl_venv/lib/python3.14/site-packages/pymysql/connections.py\", line 744, in connect","logger":"task.stderr"}
{"timestamp":"2026-06-01T08:26:45.170589Z","level":"error","event":"    raise exc","logger":"task.stderr"}
{"timestamp":"2026-06-01T08:26:45.170997Z","level":"error","event":"pymysql.err.OperationalError: (2003, \"Can't connect to MySQL server on 'localhost' ([Errno 111] Connection refused)\")","logger":"task.stderr"}
{"timestamp":"2026-06-01T08:26:45.171297Z","level":"error","event":"","logger":"task.stderr"}
{"timestamp":"2026-06-01T08:26:45.171809Z","level":"error","event":"The above exception was the direct cause of the following exception:","logger":"task.stderr"}
{"timestamp":"2026-06-01T08:26:45.172225Z","level":"error","event":"","logger":"task.stderr"}
{"timestamp":"2026-06-01T08:26:45.172620Z","level":"error","event":"Traceback (most recent call last):","logger":"task.stderr"}
{"timestamp":"2026-06-01T08:26:45.173040Z","level":"error","event":"  File \"/mnt/c/Sagar/Futsal_ML/Futsal-ML-Analysis/Futsal_Match_Prediction/pipeline/data_pipeline.py\", line 27, in player_run_pipeline","logger":"task.stderr"}
{"timestamp":"2026-06-01T08:26:45.173478Z","level":"error","event":"    matches = self.ingestion.ingest_match_data()","logger":"task.stderr"}
{"timestamp":"2026-06-01T08:26:45.173882Z","level":"error","event":"  File \"/mnt/c/Sagar/Futsal_ML/Futsal-ML-Analysis/Futsal_Match_Prediction/components/data_ingestion.py\", line 45, in ingest_match_data","logger":"task.stderr"}
{"timestamp":"2026-06-01T08:26:45.174302Z","level":"error","event":"    matches_raw = self.read_match_data()","logger":"task.stderr"}
{"timestamp":"2026-06-01T08:26:45.174675Z","level":"error","event":"  File \"/mnt/c/Sagar/Futsal_ML/Futsal-ML-Analysis/Futsal_Match_Prediction/components/data_ingestion.py\", line 29, in read_match_data","logger":"task.stderr"}
{"timestamp":"2026-06-01T08:26:45.174998Z","level":"error","event":"    return pd.read_sql(\"SELECT * FROM futsal_men_matches\", self.engine)","logger":"task.stderr"}
{"timestamp":"2026-06-01T08:26:45.175293Z","level":"error","event":"           ~~~~~~~~~~~^^^^^^^^^^^^^^^^^^^^^^^^^^^^^^^^^^^^^^^^^^^^^^^^^","logger":"task.stderr"}
{"timestamp":"2026-06-01T08:26:45.175679Z","level":"error","event":"  File \"/home/system/.wsl_venv/lib/python3.14/site-packages/pandas/io/sql.py\", line 700, in read_sql","logger":"task.stderr"}
{"timestamp":"2026-06-01T08:26:45.176484Z","level":"error","event":"    with pandasSQL_builder(con) as pandas_sql:","logger":"task.stderr"}
{"timestamp":"2026-06-01T08:26:45.177032Z","level":"error","event":"         ~~~~~~~~~~~~~~~~~^^^^^","logger":"task.stderr"}
{"timestamp":"2026-06-01T08:26:45.177363Z","level":"error","event":"  File \"/home/system/.wsl_venv/lib/python3.14/site-packages/pandas/io/sql.py\", line 908, in pandasSQL_builder","logger":"task.stderr"}
{"timestamp":"2026-06-01T08:26:45.177820Z","level":"error","event":"    return SQLDatabase(con, schema, need_transaction)","logger":"task.stderr"}
{"timestamp":"2026-06-01T08:26:45.178278Z","level":"error","event":"  File \"/home/system/.wsl_venv/lib/python3.14/site-packages/pandas/io/sql.py\", line 1649, in __init__","logger":"task.stderr"}
{"timestamp":"2026-06-01T08:26:45.178742Z","level":"error","event":"    con = self.exit_stack.enter_context(con.connect())","logger":"task.stderr"}
{"timestamp":"2026-06-01T08:26:45.179401Z","level":"error","event":"                                        ~~~~~~~~~~~^^","logger":"task.stderr"}
{"timestamp":"2026-06-01T08:26:45.179907Z","level":"error","event":"  File \"/home/system/.wsl_venv/lib/python3.14/site-packages/sqlalchemy/engine/base.py\", line 3295, in connect","logger":"task.stderr"}
{"timestamp":"2026-06-01T08:26:45.180331Z","level":"error","event":"    return self._connection_cls(self)","logger":"task.stderr"}
{"timestamp":"2026-06-01T08:26:45.181911Z","level":"error","event":"           ~~~~~~~~~~~~~~~~~~~~^^^^^^","logger":"task.stderr"}
{"timestamp":"2026-06-01T08:26:45.182659Z","level":"error","event":"  File \"/home/system/.wsl_venv/lib/python3.14/site-packages/sqlalchemy/engine/base.py\", line 146, in __init__","logger":"task.stderr"}
{"timestamp":"2026-06-01T08:26:45.183420Z","level":"error","event":"    Connection._handle_dbapi_exception_noconnection(","logger":"task.stderr"}
{"timestamp":"2026-06-01T08:26:45.183946Z","level":"error","event":"    ~~~~~~~~~~~~~~~~~~~~~~~~~~~~~~~~~~~~~~~~~~~~~~~^","logger":"task.stderr"}
{"timestamp":"2026-06-01T08:26:45.184521Z","level":"error","event":"        err, dialect, engine","logger":"task.stderr"}
{"timestamp":"2026-06-01T08:26:45.185817Z","level":"error","event":"        ^^^^^^^^^^^^^^^^^^^^","logger":"task.stderr"}
{"timestamp":"2026-06-01T08:26:45.186439Z","level":"error","event":"    )","logger":"task.stderr"}
{"timestamp":"2026-06-01T08:26:45.187257Z","level":"error","event":"    ^","logger":"task.stderr"}
{"timestamp":"2026-06-01T08:26:45.187726Z","level":"error","event":"  File \"/home/system/.wsl_venv/lib/python3.14/site-packages/sqlalchemy/engine/base.py\", line 2450, in _handle_dbapi_exception_noconnection","logger":"task.stderr"}
{"timestamp":"2026-06-01T08:26:45.188179Z","level":"error","event":"    raise sqlalchemy_exception.with_traceback(exc_info[2]) from e","logger":"task.stderr"}
{"timestamp":"2026-06-01T08:26:45.188639Z","level":"error","event":"  File \"/home/system/.wsl_venv/lib/python3.14/site-packages/sqlalchemy/engine/base.py\", line 144, in __init__","logger":"task.stderr"}
{"timestamp":"2026-06-01T08:26:45.190167Z","level":"error","event":"    self._dbapi_connection = engine.raw_connection()","logger":"task.stderr"}
{"timestamp":"2026-06-01T08:26:45.190678Z","level":"error","event":"                             ~~~~~~~~~~~~~~~~~~~~~^^","logger":"task.stderr"}
{"timestamp":"2026-06-01T08:26:45.191196Z","level":"error","event":"  File \"/home/system/.wsl_venv/lib/python3.14/site-packages/sqlalchemy/engine/base.py\", line 3319, in raw_connection","logger":"task.stderr"}
{"timestamp":"2026-06-01T08:26:45.191719Z","level":"error","event":"    return self.pool.connect()","logger":"task.stderr"}
{"timestamp":"2026-06-01T08:26:45.192185Z","level":"error","event":"           ~~~~~~~~~~~~~~~~~^^","logger":"task.stderr"}
{"timestamp":"2026-06-01T08:26:45.192647Z","level":"error","event":"  File \"/home/system/.wsl_venv/lib/python3.14/site-packages/sqlalchemy/pool/base.py\", line 448, in connect","logger":"task.stderr"}
{"timestamp":"2026-06-01T08:26:45.193056Z","level":"error","event":"    return _ConnectionFairy._checkout(self)","logger":"task.stderr"}
{"timestamp":"2026-06-01T08:26:45.193544Z","level":"error","event":"           ~~~~~~~~~~~~~~~~~~~~~~~~~~^^^^^^","logger":"task.stderr"}
{"timestamp":"2026-06-01T08:26:45.194003Z","level":"error","event":"  File \"/home/system/.wsl_venv/lib/python3.14/site-packages/sqlalchemy/pool/base.py\", line 1272, in _checkout","logger":"task.stderr"}
{"timestamp":"2026-06-01T08:26:45.194454Z","level":"error","event":"    fairy = _ConnectionRecord.checkout(pool)","logger":"task.stderr"}
{"timestamp":"2026-06-01T08:26:45.194907Z","level":"error","event":"  File \"/home/system/.wsl_venv/lib/python3.14/site-packages/sqlalchemy/pool/base.py\", line 712, in checkout","logger":"task.stderr"}
{"timestamp":"2026-06-01T08:26:45.196075Z","level":"error","event":"    rec = pool._do_get()","logger":"task.stderr"}
{"timestamp":"2026-06-01T08:26:45.196527Z","level":"error","event":"  File \"/home/system/.wsl_venv/lib/python3.14/site-packages/sqlalchemy/pool/impl.py\", line 178, in _do_get","logger":"task.stderr"}
{"timestamp":"2026-06-01T08:26:45.197199Z","level":"error","event":"    with util.safe_reraise():","logger":"task.stderr"}
{"timestamp":"2026-06-01T08:26:45.197976Z","level":"error","event":"         ~~~~~~~~~~~~~~~~~^^","logger":"task.stderr"}
{"timestamp":"2026-06-01T08:26:45.198428Z","level":"error","event":"  File \"/home/system/.wsl_venv/lib/python3.14/site-packages/sqlalchemy/util/langhelpers.py\", line 122, in __exit__","logger":"task.stderr"}
{"timestamp":"2026-06-01T08:26:45.198896Z","level":"error","event":"    raise exc_value.with_traceback(exc_tb)","logger":"task.stderr"}
{"timestamp":"2026-06-01T08:26:45.199400Z","level":"error","event":"  File \"/home/system/.wsl_venv/lib/python3.14/site-packages/sqlalchemy/pool/impl.py\", line 176, in _do_get","logger":"task.stderr"}
{"timestamp":"2026-06-01T08:26:45.199910Z","level":"error","event":"    return self._create_connection()","logger":"task.stderr"}
{"timestamp":"2026-06-01T08:26:45.200370Z","level":"error","event":"           ~~~~~~~~~~~~~~~~~~~~~~~^^","logger":"task.stderr"}
{"timestamp":"2026-06-01T08:26:45.201064Z","level":"error","event":"  File \"/home/system/.wsl_venv/lib/python3.14/site-packages/sqlalchemy/pool/base.py\", line 389, in _create_connection","logger":"task.stderr"}
{"timestamp":"2026-06-01T08:26:45.201549Z","level":"error","event":"    return _ConnectionRecord(self)","logger":"task.stderr"}
{"timestamp":"2026-06-01T08:26:45.201997Z","level":"error","event":"  File \"/home/system/.wsl_venv/lib/python3.14/site-packages/sqlalchemy/pool/base.py\", line 674, in __init__","logger":"task.stderr"}
{"timestamp":"2026-06-01T08:26:45.202470Z","level":"error","event":"    self.__connect()","logger":"task.stderr"}
{"timestamp":"2026-06-01T08:26:45.203006Z","level":"error","event":"    ~~~~~~~~~~~~~~^^","logger":"task.stderr"}
{"timestamp":"2026-06-01T08:26:45.203507Z","level":"error","event":"  File \"/home/system/.wsl_venv/lib/python3.14/site-packages/sqlalchemy/pool/base.py\", line 900, in __connect","logger":"task.stderr"}
{"timestamp":"2026-06-01T08:26:45.203954Z","level":"error","event":"    with util.safe_reraise():","logger":"task.stderr"}
{"timestamp":"2026-06-01T08:26:45.204418Z","level":"error","event":"         ~~~~~~~~~~~~~~~~~^^","logger":"task.stderr"}
{"timestamp":"2026-06-01T08:26:45.204905Z","level":"error","event":"  File \"/home/system/.wsl_venv/lib/python3.14/site-packages/sqlalchemy/util/langhelpers.py\", line 122, in __exit__","logger":"task.stderr"}
{"timestamp":"2026-06-01T08:26:45.205327Z","level":"error","event":"    raise exc_value.with_traceback(exc_tb)","logger":"task.stderr"}
{"timestamp":"2026-06-01T08:26:45.205844Z","level":"error","event":"  File \"/home/system/.wsl_venv/lib/python3.14/site-packages/sqlalchemy/pool/base.py\", line 896, in __connect","logger":"task.stderr"}
{"timestamp":"2026-06-01T08:26:45.206655Z","level":"error","event":"    self.dbapi_connection = connection = pool._invoke_creator(self)","logger":"task.stderr"}
{"timestamp":"2026-06-01T08:26:45.207207Z","level":"error","event":"                                         ~~~~~~~~~~~~~~~~~~~~^^^^^^","logger":"task.stderr"}
{"timestamp":"2026-06-01T08:26:45.207788Z","level":"error","event":"  File \"/home/system/.wsl_venv/lib/python3.14/site-packages/sqlalchemy/engine/create.py\", line 667, in connect","logger":"task.stderr"}
{"timestamp":"2026-06-01T08:26:45.209116Z","level":"error","event":"    return dialect.connect(*cargs_tup, **cparams)","logger":"task.stderr"}
{"timestamp":"2026-06-01T08:26:45.209721Z","level":"error","event":"           ~~~~~~~~~~~~~~~^^^^^^^^^^^^^^^^^^^^^^^","logger":"task.stderr"}
{"timestamp":"2026-06-01T08:26:45.210193Z","level":"error","event":"  File \"/home/system/.wsl_venv/lib/python3.14/site-packages/sqlalchemy/engine/default.py\", line 630, in connect","logger":"task.stderr"}
{"timestamp":"2026-06-01T08:26:45.210610Z","level":"error","event":"    return self.loaded_dbapi.connect(*cargs, **cparams)  # type: ignore[no-any-return]  # NOQA: E501","logger":"task.stderr"}
{"timestamp":"2026-06-01T08:26:45.211052Z","level":"error","event":"           ~~~~~~~~~~~~~~~~~~~~~~~~~^^^^^^^^^^^^^^^^^^^","logger":"task.stderr"}
{"timestamp":"2026-06-01T08:26:45.211653Z","level":"error","event":"  File \"/home/system/.wsl_venv/lib/python3.14/site-packages/pymysql/connections.py\", line 372, in __init__","logger":"task.stderr"}
{"timestamp":"2026-06-01T08:26:45.212225Z","level":"error","event":"    self.connect()","logger":"task.stderr"}
{"timestamp":"2026-06-01T08:26:45.212665Z","level":"error","event":"    ~~~~~~~~~~~~^^","logger":"task.stderr"}
{"timestamp":"2026-06-01T08:26:45.213146Z","level":"error","event":"  File \"/home/system/.wsl_venv/lib/python3.14/site-packages/pymysql/connections.py\", line 744, in connect","logger":"task.stderr"}
{"timestamp":"2026-06-01T08:26:45.213626Z","level":"error","event":"    raise exc","logger":"task.stderr"}
{"timestamp":"2026-06-01T08:26:45.214155Z","level":"error","event":"sqlalchemy.exc.OperationalError: (pymysql.err.OperationalError) (2003, \"Can't connect to MySQL server on 'localhost' ([Errno 111] Connection refused)\")","logger":"task.stderr"}
{"timestamp":"2026-06-01T08:26:45.214555Z","level":"error","event":"(Background on this error at: https://sqlalche.me/e/20/e3q8)","logger":"task.stderr"}
{"timestamp":"2026-06-01T08:26:45.215066Z","level":"info","event":"Task instance in failure state","logger":"task.stdout"}
{"timestamp":"2026-06-01T08:26:45.215710Z","level":"info","event":"Task start","logger":"task.stdout"}
{"timestamp":"2026-06-01T08:26:45.216223Z","level":"info","event":"Task:<Task(PythonOperator): extract_transform_load_db>","logger":"task.stdout"}
{"timestamp":"2026-06-01T08:26:45.216649Z","level":"info","event":"Failure caused by object of type 'NoneType' has no len()","logger":"task.stdout"}
{"timestamp":"2026-06-01T08:26:45.167005Z","level":"info","event":"::endgroup::","run_id":"scheduled__2026-06-01T00:00:00+00:00","task_id":"extract_transform_load_db","dag_id":"futsal_nightly_db_pipeline","ti_id":"019e824a-c808-73e1-a6ad-4ec809142982","try_number":1,"map_index":-1,"logger":"task","filename":"task_runner.py","lineno":1896}
[2026-06-02T04:47:07.317+0000] {local_task_job_runner.py:120} INFO - ::group::Pre task execution logs
[2026-06-02T04:47:07.350+0000] {taskinstance.py:2076} INFO - Dependencies all met for dep_context=non-requeueable deps ti=<TaskInstance: futsal_nightly_db_pipeline.extract_transform_load_db scheduled__2026-06-01T00:00:00+00:00 [queued]>
[2026-06-02T04:47:07.359+0000] {taskinstance.py:2076} INFO - Dependencies all met for dep_context=requeueable deps ti=<TaskInstance: futsal_nightly_db_pipeline.extract_transform_load_db scheduled__2026-06-01T00:00:00+00:00 [queued]>
[2026-06-02T04:47:07.360+0000] {taskinstance.py:2306} INFO - Starting attempt 1 of 2
[2026-06-02T04:47:07.373+0000] {taskinstance.py:2330} INFO - Executing <Task(PythonOperator): extract_transform_load_db> on 2026-06-01 00:00:00+00:00
[2026-06-02T04:47:07.391+0000] {standard_task_runner.py:63} INFO - Started process 351 to run task
[2026-06-02T04:47:07.394+0000] {standard_task_runner.py:90} INFO - Running: ['***', 'tasks', 'run', 'futsal_nightly_db_pipeline', 'extract_transform_load_db', 'scheduled__2026-06-01T00:00:00+00:00', '--job-id', '22', '--raw', '--subdir', 'DAGS_FOLDER/futsal_pipeline.py', '--cfg-path', '/tmp/tmpye8ey29a']
[2026-06-02T04:47:07.396+0000] {standard_task_runner.py:91} INFO - Job 22: Subtask extract_transform_load_db
[2026-06-02T04:47:07.477+0000] {task_command.py:426} INFO - Running <TaskInstance: futsal_nightly_db_pipeline.extract_transform_load_db scheduled__2026-06-01T00:00:00+00:00 [running]> on host b326f2068ec6
[2026-06-02T04:47:07.582+0000] {taskinstance.py:2648} INFO - Exporting env vars: AIRFLOW_CTX_DAG_OWNER='futsal_admin' AIRFLOW_CTX_DAG_ID='futsal_nightly_db_pipeline' AIRFLOW_CTX_TASK_ID='extract_transform_load_db' AIRFLOW_CTX_EXECUTION_DATE='2026-06-01T00:00:00+00:00' AIRFLOW_CTX_TRY_NUMBER='1' AIRFLOW_CTX_DAG_RUN_ID='scheduled__2026-06-01T00:00:00+00:00'
[2026-06-02T04:47:07.586+0000] {taskinstance.py:430} INFO - ::endgroup::
[2026-06-02T04:47:07.614+0000] {logging_mixin.py:188} INFO - --- Running Match Data Pipeline ---
[2026-06-02T04:47:08.700+0000] {logging_mixin.py:188} INFO - 
--- Running Player Data Pipeline ---
[2026-06-02T04:47:09.693+0000] {logging_mixin.py:188} INFO - Data ETL complete. Processed 424 matches.
[2026-06-02T04:47:09.697+0000] {python.py:237} INFO - Done. Returned value was: None
[2026-06-02T04:47:09.700+0000] {taskinstance.py:441} INFO - ::group::Post task execution logs
[2026-06-02T04:47:09.710+0000] {taskinstance.py:1206} INFO - Marking task as SUCCESS. dag_id=futsal_nightly_db_pipeline, task_id=extract_transform_load_db, run_id=scheduled__2026-06-01T00:00:00+00:00, execution_date=20260601T000000, start_date=20260602T044707, end_date=20260602T044709
[2026-06-02T04:47:09.765+0000] {local_task_job_runner.py:240} INFO - Task exited with return code 0
[2026-06-02T04:47:09.793+0000] {taskinstance.py:3498} INFO - 1 downstream tasks scheduled from follow-on schedule check
[2026-06-02T04:47:09.796+0000] {local_task_job_runner.py:222} INFO - ::endgroup::
[2026-06-02T06:04:05.779+0000] {local_task_job_runner.py:120} INFO - ::group::Pre task execution logs
[2026-06-02T06:04:05.805+0000] {taskinstance.py:2076} INFO - Dependencies all met for dep_context=non-requeueable deps ti=<TaskInstance: futsal_nightly_db_pipeline.extract_transform_load_db scheduled__2026-06-01T00:00:00+00:00 [queued]>
[2026-06-02T06:04:05.814+0000] {taskinstance.py:2076} INFO - Dependencies all met for dep_context=requeueable deps ti=<TaskInstance: futsal_nightly_db_pipeline.extract_transform_load_db scheduled__2026-06-01T00:00:00+00:00 [queued]>
[2026-06-02T06:04:05.815+0000] {taskinstance.py:2306} INFO - Starting attempt 1 of 2
[2026-06-02T06:04:05.829+0000] {taskinstance.py:2330} INFO - Executing <Task(PythonOperator): extract_transform_load_db> on 2026-06-01 00:00:00+00:00
[2026-06-02T06:04:05.840+0000] {standard_task_runner.py:63} INFO - Started process 1751 to run task
[2026-06-02T06:04:05.844+0000] {standard_task_runner.py:90} INFO - Running: ['***', 'tasks', 'run', 'futsal_nightly_db_pipeline', 'extract_transform_load_db', 'scheduled__2026-06-01T00:00:00+00:00', '--job-id', '42', '--raw', '--subdir', 'DAGS_FOLDER/futsal_pipeline.py', '--cfg-path', '/tmp/tmpbevirruw']
[2026-06-02T06:04:05.848+0000] {standard_task_runner.py:91} INFO - Job 42: Subtask extract_transform_load_db
[2026-06-02T06:04:05.920+0000] {task_command.py:426} INFO - Running <TaskInstance: futsal_nightly_db_pipeline.extract_transform_load_db scheduled__2026-06-01T00:00:00+00:00 [running]> on host fe3d355bfae7
[2026-06-02T06:04:06.016+0000] {taskinstance.py:2648} INFO - Exporting env vars: AIRFLOW_CTX_DAG_OWNER='futsal_admin' AIRFLOW_CTX_DAG_ID='futsal_nightly_db_pipeline' AIRFLOW_CTX_TASK_ID='extract_transform_load_db' AIRFLOW_CTX_EXECUTION_DATE='2026-06-01T00:00:00+00:00' AIRFLOW_CTX_TRY_NUMBER='1' AIRFLOW_CTX_DAG_RUN_ID='scheduled__2026-06-01T00:00:00+00:00'
[2026-06-02T06:04:06.018+0000] {taskinstance.py:430} INFO - ::endgroup::
[2026-06-02T06:04:06.034+0000] {logging_mixin.py:188} INFO - --- Running Match Data Pipeline ---
[2026-06-02T06:04:06.853+0000] {logging_mixin.py:188} INFO - 
--- Running Player Data Pipeline ---
[2026-06-02T06:04:07.728+0000] {logging_mixin.py:188} INFO - Data ETL complete. Processed 424 matches.
[2026-06-02T06:04:07.730+0000] {python.py:237} INFO - Done. Returned value was: None
[2026-06-02T06:04:07.730+0000] {taskinstance.py:441} INFO - ::group::Post task execution logs
[2026-06-02T06:04:07.740+0000] {taskinstance.py:1206} INFO - Marking task as SUCCESS. dag_id=futsal_nightly_db_pipeline, task_id=extract_transform_load_db, run_id=scheduled__2026-06-01T00:00:00+00:00, execution_date=20260601T000000, start_date=20260602T060405, end_date=20260602T060407
[2026-06-02T06:04:07.785+0000] {local_task_job_runner.py:240} INFO - Task exited with return code 0
[2026-06-02T06:04:07.815+0000] {taskinstance.py:3498} INFO - 1 downstream tasks scheduled from follow-on schedule check
[2026-06-02T06:04:07.817+0000] {local_task_job_runner.py:222} INFO - ::endgroup::
