[2026-06-01T12:16:44.395+0000] {local_task_job_runner.py:120} INFO - ::group::Pre task execution logs
[2026-06-01T12:16:44.553+0000] {taskinstance.py:2076} INFO - Dependencies all met for dep_context=non-requeueable deps ti=<TaskInstance: futsal_nightly_db_pipeline.extract_transform_load_db manual__2026-06-01T12:16:40.646675+00:00 [queued]>
[2026-06-01T12:16:44.563+0000] {taskinstance.py:2076} INFO - Dependencies all met for dep_context=requeueable deps ti=<TaskInstance: futsal_nightly_db_pipeline.extract_transform_load_db manual__2026-06-01T12:16:40.646675+00:00 [queued]>
[2026-06-01T12:16:44.565+0000] {taskinstance.py:2306} INFO - Starting attempt 1 of 2
[2026-06-01T12:16:44.582+0000] {taskinstance.py:2330} INFO - Executing <Task(PythonOperator): extract_transform_load_db> on 2026-06-01 12:16:40.646675+00:00
[2026-06-01T12:16:44.591+0000] {standard_task_runner.py:63} INFO - Started process 168 to run task
[2026-06-01T12:16:44.595+0000] {standard_task_runner.py:90} INFO - Running: ['***', 'tasks', 'run', 'futsal_nightly_db_pipeline', 'extract_transform_load_db', 'manual__2026-06-01T12:16:40.646675+00:00', '--job-id', '6', '--raw', '--subdir', 'DAGS_FOLDER/futsal_pipeline.py', '--cfg-path', '/tmp/tmpklzht48u']
[2026-06-01T12:16:44.597+0000] {standard_task_runner.py:91} INFO - Job 6: Subtask extract_transform_load_db
[2026-06-01T12:16:44.675+0000] {task_command.py:426} INFO - Running <TaskInstance: futsal_nightly_db_pipeline.extract_transform_load_db manual__2026-06-01T12:16:40.646675+00:00 [running]> on host baf04b10fc1d
[2026-06-01T12:16:44.784+0000] {taskinstance.py:2648} INFO - Exporting env vars: AIRFLOW_CTX_DAG_OWNER='futsal_admin' AIRFLOW_CTX_DAG_ID='futsal_nightly_db_pipeline' AIRFLOW_CTX_TASK_ID='extract_transform_load_db' AIRFLOW_CTX_EXECUTION_DATE='2026-06-01T12:16:40.646675+00:00' AIRFLOW_CTX_TRY_NUMBER='1' AIRFLOW_CTX_DAG_RUN_ID='manual__2026-06-01T12:16:40.646675+00:00'
[2026-06-01T12:16:44.787+0000] {taskinstance.py:430} INFO - ::endgroup::
[2026-06-01T12:16:44.799+0000] {logging_mixin.py:188} INFO - --- Running Match Data Pipeline ---
[2026-06-01T12:16:46.397+0000] {logging_mixin.py:188} INFO - 
--- Running Player Data Pipeline ---
[2026-06-01T12:16:47.720+0000] {logging_mixin.py:188} INFO - Data ETL complete. Processed 424 matches.
[2026-06-01T12:16:47.721+0000] {python.py:237} INFO - Done. Returned value was: None
[2026-06-01T12:16:47.723+0000] {taskinstance.py:441} INFO - ::group::Post task execution logs
[2026-06-01T12:16:47.776+0000] {taskinstance.py:1206} INFO - Marking task as SUCCESS. dag_id=futsal_nightly_db_pipeline, task_id=extract_transform_load_db, run_id=manual__2026-06-01T12:16:40.646675+00:00, execution_date=20260601T121640, start_date=20260601T121644, end_date=20260601T121647
[2026-06-01T12:16:47.871+0000] {local_task_job_runner.py:240} INFO - Task exited with return code 0
[2026-06-01T12:16:47.913+0000] {taskinstance.py:3498} INFO - 1 downstream tasks scheduled from follow-on schedule check
[2026-06-01T12:16:47.922+0000] {local_task_job_runner.py:222} INFO - ::endgroup::
