[2026-06-08T05:57:09.455+0000] {local_task_job_runner.py:120} INFO - ::group::Pre task execution logs
[2026-06-08T05:57:09.492+0000] {taskinstance.py:2076} INFO - Dependencies all met for dep_context=non-requeueable deps ti=<TaskInstance: futsal_nightly_db_pipeline.extract_transform_load_db scheduled__2026-06-07T00:00:00+00:00 [queued]>
[2026-06-08T05:57:09.500+0000] {taskinstance.py:2076} INFO - Dependencies all met for dep_context=requeueable deps ti=<TaskInstance: futsal_nightly_db_pipeline.extract_transform_load_db scheduled__2026-06-07T00:00:00+00:00 [queued]>
[2026-06-08T05:57:09.511+0000] {taskinstance.py:2306} INFO - Starting attempt 4 of 5
[2026-06-08T05:57:09.526+0000] {taskinstance.py:2330} INFO - Executing <Task(PythonOperator): extract_transform_load_db> on 2026-06-07 00:00:00+00:00
[2026-06-08T05:57:09.535+0000] {standard_task_runner.py:63} INFO - Started process 233 to run task
[2026-06-08T05:57:09.540+0000] {standard_task_runner.py:90} INFO - Running: ['***', 'tasks', 'run', 'futsal_nightly_db_pipeline', 'extract_transform_load_db', 'scheduled__2026-06-07T00:00:00+00:00', '--job-id', '6', '--raw', '--subdir', 'DAGS_FOLDER/futsal_pipeline.py', '--cfg-path', '/tmp/tmp2daxe6bq']
[2026-06-08T05:57:09.543+0000] {standard_task_runner.py:91} INFO - Job 6: Subtask extract_transform_load_db
[2026-06-08T05:57:09.636+0000] {task_command.py:426} INFO - Running <TaskInstance: futsal_nightly_db_pipeline.extract_transform_load_db scheduled__2026-06-07T00:00:00+00:00 [running]> on host 77ca7c53b737
[2026-06-08T05:57:09.741+0000] {taskinstance.py:2648} INFO - Exporting env vars: AIRFLOW_CTX_DAG_OWNER='futsal_admin' AIRFLOW_CTX_DAG_ID='futsal_nightly_db_pipeline' AIRFLOW_CTX_TASK_ID='extract_transform_load_db' AIRFLOW_CTX_EXECUTION_DATE='2026-06-07T00:00:00+00:00' AIRFLOW_CTX_TRY_NUMBER='4' AIRFLOW_CTX_DAG_RUN_ID='scheduled__2026-06-07T00:00:00+00:00'
[2026-06-08T05:57:09.743+0000] {taskinstance.py:430} INFO - ::endgroup::
[2026-06-08T05:57:09.792+0000] {logging_mixin.py:188} INFO - --- Running Match Data Pipeline ---
[2026-06-08T05:57:09.865+0000] {logging_mixin.py:188} WARNING - Traceback (most recent call last):
[2026-06-08T05:57:09.866+0000] {logging_mixin.py:188} WARNING -   File "/home/***/.local/lib/python3.11/site-packages/sqlalchemy/engine/base.py", line 1910, in _execute_context
    self.dialect.do_execute(
[2026-06-08T05:57:09.867+0000] {logging_mixin.py:188} WARNING -   File "/home/***/.local/lib/python3.11/site-packages/sqlalchemy/engine/default.py", line 736, in do_execute
    cursor.execute(statement, parameters)
[2026-06-08T05:57:09.867+0000] {logging_mixin.py:188} WARNING -   File "/home/***/.local/lib/python3.11/site-packages/pymysql/cursors.py", line 159, in execute
    result = self._query(query)
             ^^^^^^^^^^^^^^^^^^
[2026-06-08T05:57:09.868+0000] {logging_mixin.py:188} WARNING -   File "/home/***/.local/lib/python3.11/site-packages/pymysql/cursors.py", line 330, in _query
    conn.query(q)
[2026-06-08T05:57:09.869+0000] {logging_mixin.py:188} WARNING -   File "/home/***/.local/lib/python3.11/site-packages/pymysql/connections.py", line 582, in query
    self._affected_rows = self._read_query_result(unbuffered=unbuffered)
                          ^^^^^^^^^^^^^^^^^^^^^^^^^^^^^^^^^^^^^^^^^^^^^^
[2026-06-08T05:57:09.870+0000] {logging_mixin.py:188} WARNING -   File "/home/***/.local/lib/python3.11/site-packages/pymysql/connections.py", line 847, in _read_query_result
    result.read()
[2026-06-08T05:57:09.870+0000] {logging_mixin.py:188} WARNING -   File "/home/***/.local/lib/python3.11/site-packages/pymysql/connections.py", line 1245, in read
    first_packet = self.connection._read_packet()
                   ^^^^^^^^^^^^^^^^^^^^^^^^^^^^^^
[2026-06-08T05:57:09.871+0000] {logging_mixin.py:188} WARNING -   File "/home/***/.local/lib/python3.11/site-packages/pymysql/connections.py", line 803, in _read_packet
    packet.raise_for_error()
[2026-06-08T05:57:09.872+0000] {logging_mixin.py:188} WARNING -   File "/home/***/.local/lib/python3.11/site-packages/pymysql/protocol.py", line 219, in raise_for_error
    err.raise_mysql_exception(self._data)
[2026-06-08T05:57:09.873+0000] {logging_mixin.py:188} WARNING -   File "/home/***/.local/lib/python3.11/site-packages/pymysql/err.py", line 154, in raise_mysql_exception
    raise errorclass(errno, errval, sqlstate=sqlstate)
[2026-06-08T05:57:09.873+0000] {logging_mixin.py:188} WARNING - pymysql.err.ProgrammingError: (1146, "Table '***_db.futsal_men_matches' doesn't exist")
[2026-06-08T05:57:09.874+0000] {logging_mixin.py:188} WARNING - 
The above exception was the direct cause of the following exception:
[2026-06-08T05:57:09.875+0000] {logging_mixin.py:188} WARNING - Traceback (most recent call last):
[2026-06-08T05:57:09.876+0000] {logging_mixin.py:188} WARNING -   File "/opt/***/pipeline/data_pipeline.py", line 13, in match_run_pipeline
    matches = self.ingestion.ingest_match_data()
              ^^^^^^^^^^^^^^^^^^^^^^^^^^^^^^^^^^
[2026-06-08T05:57:09.877+0000] {logging_mixin.py:188} WARNING -   File "/opt/***/components/data_ingestion.py", line 45, in ingest_match_data
    matches_raw = self.read_match_data()
                  ^^^^^^^^^^^^^^^^^^^^^^
[2026-06-08T05:57:09.877+0000] {logging_mixin.py:188} WARNING -   File "/opt/***/components/data_ingestion.py", line 29, in read_match_data
    return pd.read_sql("SELECT * FROM futsal_men_matches", self.engine)
           ^^^^^^^^^^^^^^^^^^^^^^^^^^^^^^^^^^^^^^^^^^^^^^^^^^^^^^^^^^^^
[2026-06-08T05:57:09.878+0000] {logging_mixin.py:188} WARNING -   File "/home/***/.local/lib/python3.11/site-packages/pandas/io/sql.py", line 682, in read_sql
    return pandas_sql.read_query(
           ^^^^^^^^^^^^^^^^^^^^^^
[2026-06-08T05:57:09.879+0000] {logging_mixin.py:188} WARNING -   File "/home/***/.local/lib/python3.11/site-packages/pandas/io/sql.py", line 1776, in read_query
    result = self.execute(sql, params)
             ^^^^^^^^^^^^^^^^^^^^^^^^^
[2026-06-08T05:57:09.879+0000] {logging_mixin.py:188} WARNING -   File "/home/***/.local/lib/python3.11/site-packages/pandas/io/sql.py", line 1599, in execute
    return self.con.exec_driver_sql(sql, *args)
           ^^^^^^^^^^^^^^^^^^^^^^^^^^^^^^^^^^^^
[2026-06-08T05:57:09.880+0000] {logging_mixin.py:188} WARNING -   File "/home/***/.local/lib/python3.11/site-packages/sqlalchemy/engine/base.py", line 1770, in exec_driver_sql
    return self._exec_driver_sql(
           ^^^^^^^^^^^^^^^^^^^^^^
[2026-06-08T05:57:09.880+0000] {logging_mixin.py:188} WARNING -   File "/home/***/.local/lib/python3.11/site-packages/sqlalchemy/engine/base.py", line 1674, in _exec_driver_sql
    ret = self._execute_context(
          ^^^^^^^^^^^^^^^^^^^^^^
[2026-06-08T05:57:09.881+0000] {logging_mixin.py:188} WARNING -   File "/home/***/.local/lib/python3.11/site-packages/sqlalchemy/engine/base.py", line 1953, in _execute_context
    self._handle_dbapi_exception(
[2026-06-08T05:57:09.881+0000] {logging_mixin.py:188} WARNING -   File "/home/***/.local/lib/python3.11/site-packages/sqlalchemy/engine/base.py", line 2134, in _handle_dbapi_exception
    util.raise_(
[2026-06-08T05:57:09.882+0000] {logging_mixin.py:188} WARNING -   File "/home/***/.local/lib/python3.11/site-packages/sqlalchemy/util/compat.py", line 211, in raise_
    raise exception
[2026-06-08T05:57:09.882+0000] {logging_mixin.py:188} WARNING -   File "/home/***/.local/lib/python3.11/site-packages/sqlalchemy/engine/base.py", line 1910, in _execute_context
    self.dialect.do_execute(
[2026-06-08T05:57:09.883+0000] {logging_mixin.py:188} WARNING -   File "/home/***/.local/lib/python3.11/site-packages/sqlalchemy/engine/default.py", line 736, in do_execute
    cursor.execute(statement, parameters)
[2026-06-08T05:57:09.884+0000] {logging_mixin.py:188} WARNING -   File "/home/***/.local/lib/python3.11/site-packages/pymysql/cursors.py", line 159, in execute
    result = self._query(query)
             ^^^^^^^^^^^^^^^^^^
[2026-06-08T05:57:09.884+0000] {logging_mixin.py:188} WARNING -   File "/home/***/.local/lib/python3.11/site-packages/pymysql/cursors.py", line 330, in _query
    conn.query(q)
[2026-06-08T05:57:09.885+0000] {logging_mixin.py:188} WARNING -   File "/home/***/.local/lib/python3.11/site-packages/pymysql/connections.py", line 582, in query
    self._affected_rows = self._read_query_result(unbuffered=unbuffered)
                          ^^^^^^^^^^^^^^^^^^^^^^^^^^^^^^^^^^^^^^^^^^^^^^
[2026-06-08T05:57:09.885+0000] {logging_mixin.py:188} WARNING -   File "/home/***/.local/lib/python3.11/site-packages/pymysql/connections.py", line 847, in _read_query_result
    result.read()
[2026-06-08T05:57:09.886+0000] {logging_mixin.py:188} WARNING -   File "/home/***/.local/lib/python3.11/site-packages/pymysql/connections.py", line 1245, in read
    first_packet = self.connection._read_packet()
                   ^^^^^^^^^^^^^^^^^^^^^^^^^^^^^^
[2026-06-08T05:57:09.887+0000] {logging_mixin.py:188} WARNING -   File "/home/***/.local/lib/python3.11/site-packages/pymysql/connections.py", line 803, in _read_packet
    packet.raise_for_error()
[2026-06-08T05:57:09.888+0000] {logging_mixin.py:188} WARNING -   File "/home/***/.local/lib/python3.11/site-packages/pymysql/protocol.py", line 219, in raise_for_error
    err.raise_mysql_exception(self._data)
[2026-06-08T05:57:09.889+0000] {logging_mixin.py:188} WARNING -   File "/home/***/.local/lib/python3.11/site-packages/pymysql/err.py", line 154, in raise_mysql_exception
    raise errorclass(errno, errval, sqlstate=sqlstate)
[2026-06-08T05:57:09.890+0000] {logging_mixin.py:188} WARNING - sqlalchemy.exc.ProgrammingError: (pymysql.err.ProgrammingError) (1146, "Table '***_db.futsal_men_matches' doesn't exist")
[SQL: SELECT * FROM futsal_men_matches]
(Background on this error at: https://sqlalche.me/e/14/f405)
[2026-06-08T05:57:09.890+0000] {logging_mixin.py:188} INFO - 
--- Running Player Data Pipeline ---
[2026-06-08T05:57:09.899+0000] {logging_mixin.py:188} WARNING - Traceback (most recent call last):
[2026-06-08T05:57:09.901+0000] {logging_mixin.py:188} WARNING -   File "/home/***/.local/lib/python3.11/site-packages/sqlalchemy/engine/base.py", line 1910, in _execute_context
    self.dialect.do_execute(
[2026-06-08T05:57:09.901+0000] {logging_mixin.py:188} WARNING -   File "/home/***/.local/lib/python3.11/site-packages/sqlalchemy/engine/default.py", line 736, in do_execute
    cursor.execute(statement, parameters)
[2026-06-08T05:57:09.902+0000] {logging_mixin.py:188} WARNING -   File "/home/***/.local/lib/python3.11/site-packages/pymysql/cursors.py", line 159, in execute
    result = self._query(query)
             ^^^^^^^^^^^^^^^^^^
[2026-06-08T05:57:09.903+0000] {logging_mixin.py:188} WARNING -   File "/home/***/.local/lib/python3.11/site-packages/pymysql/cursors.py", line 330, in _query
    conn.query(q)
[2026-06-08T05:57:09.904+0000] {logging_mixin.py:188} WARNING -   File "/home/***/.local/lib/python3.11/site-packages/pymysql/connections.py", line 582, in query
    self._affected_rows = self._read_query_result(unbuffered=unbuffered)
                          ^^^^^^^^^^^^^^^^^^^^^^^^^^^^^^^^^^^^^^^^^^^^^^
[2026-06-08T05:57:09.905+0000] {logging_mixin.py:188} WARNING -   File "/home/***/.local/lib/python3.11/site-packages/pymysql/connections.py", line 847, in _read_query_result
    result.read()
[2026-06-08T05:57:09.906+0000] {logging_mixin.py:188} WARNING -   File "/home/***/.local/lib/python3.11/site-packages/pymysql/connections.py", line 1245, in read
    first_packet = self.connection._read_packet()
                   ^^^^^^^^^^^^^^^^^^^^^^^^^^^^^^
[2026-06-08T05:57:09.906+0000] {logging_mixin.py:188} WARNING -   File "/home/***/.local/lib/python3.11/site-packages/pymysql/connections.py", line 803, in _read_packet
    packet.raise_for_error()
[2026-06-08T05:57:09.907+0000] {logging_mixin.py:188} WARNING -   File "/home/***/.local/lib/python3.11/site-packages/pymysql/protocol.py", line 219, in raise_for_error
    err.raise_mysql_exception(self._data)
[2026-06-08T05:57:09.907+0000] {logging_mixin.py:188} WARNING -   File "/home/***/.local/lib/python3.11/site-packages/pymysql/err.py", line 154, in raise_mysql_exception
    raise errorclass(errno, errval, sqlstate=sqlstate)
[2026-06-08T05:57:09.908+0000] {logging_mixin.py:188} WARNING - pymysql.err.ProgrammingError: (1146, "Table '***_db.futsal_men_matches' doesn't exist")
[2026-06-08T05:57:09.909+0000] {logging_mixin.py:188} WARNING - 
The above exception was the direct cause of the following exception:
[2026-06-08T05:57:09.909+0000] {logging_mixin.py:188} WARNING - Traceback (most recent call last):
[2026-06-08T05:57:09.910+0000] {logging_mixin.py:188} WARNING -   File "/opt/***/pipeline/data_pipeline.py", line 27, in player_run_pipeline
    matches = self.ingestion.ingest_match_data()
              ^^^^^^^^^^^^^^^^^^^^^^^^^^^^^^^^^^
[2026-06-08T05:57:09.911+0000] {logging_mixin.py:188} WARNING -   File "/opt/***/components/data_ingestion.py", line 45, in ingest_match_data
    matches_raw = self.read_match_data()
                  ^^^^^^^^^^^^^^^^^^^^^^
[2026-06-08T05:57:09.912+0000] {logging_mixin.py:188} WARNING -   File "/opt/***/components/data_ingestion.py", line 29, in read_match_data
    return pd.read_sql("SELECT * FROM futsal_men_matches", self.engine)
           ^^^^^^^^^^^^^^^^^^^^^^^^^^^^^^^^^^^^^^^^^^^^^^^^^^^^^^^^^^^^
[2026-06-08T05:57:09.912+0000] {logging_mixin.py:188} WARNING -   File "/home/***/.local/lib/python3.11/site-packages/pandas/io/sql.py", line 682, in read_sql
    return pandas_sql.read_query(
           ^^^^^^^^^^^^^^^^^^^^^^
[2026-06-08T05:57:09.913+0000] {logging_mixin.py:188} WARNING -   File "/home/***/.local/lib/python3.11/site-packages/pandas/io/sql.py", line 1776, in read_query
    result = self.execute(sql, params)
             ^^^^^^^^^^^^^^^^^^^^^^^^^
[2026-06-08T05:57:09.913+0000] {logging_mixin.py:188} WARNING -   File "/home/***/.local/lib/python3.11/site-packages/pandas/io/sql.py", line 1599, in execute
    return self.con.exec_driver_sql(sql, *args)
           ^^^^^^^^^^^^^^^^^^^^^^^^^^^^^^^^^^^^
[2026-06-08T05:57:09.914+0000] {logging_mixin.py:188} WARNING -   File "/home/***/.local/lib/python3.11/site-packages/sqlalchemy/engine/base.py", line 1770, in exec_driver_sql
    return self._exec_driver_sql(
           ^^^^^^^^^^^^^^^^^^^^^^
[2026-06-08T05:57:09.914+0000] {logging_mixin.py:188} WARNING -   File "/home/***/.local/lib/python3.11/site-packages/sqlalchemy/engine/base.py", line 1674, in _exec_driver_sql
    ret = self._execute_context(
          ^^^^^^^^^^^^^^^^^^^^^^
[2026-06-08T05:57:09.915+0000] {logging_mixin.py:188} WARNING -   File "/home/***/.local/lib/python3.11/site-packages/sqlalchemy/engine/base.py", line 1953, in _execute_context
    self._handle_dbapi_exception(
[2026-06-08T05:57:09.915+0000] {logging_mixin.py:188} WARNING -   File "/home/***/.local/lib/python3.11/site-packages/sqlalchemy/engine/base.py", line 2134, in _handle_dbapi_exception
    util.raise_(
[2026-06-08T05:57:09.916+0000] {logging_mixin.py:188} WARNING -   File "/home/***/.local/lib/python3.11/site-packages/sqlalchemy/util/compat.py", line 211, in raise_
    raise exception
[2026-06-08T05:57:09.916+0000] {logging_mixin.py:188} WARNING -   File "/home/***/.local/lib/python3.11/site-packages/sqlalchemy/engine/base.py", line 1910, in _execute_context
    self.dialect.do_execute(
[2026-06-08T05:57:09.917+0000] {logging_mixin.py:188} WARNING -   File "/home/***/.local/lib/python3.11/site-packages/sqlalchemy/engine/default.py", line 736, in do_execute
    cursor.execute(statement, parameters)
[2026-06-08T05:57:09.917+0000] {logging_mixin.py:188} WARNING -   File "/home/***/.local/lib/python3.11/site-packages/pymysql/cursors.py", line 159, in execute
    result = self._query(query)
             ^^^^^^^^^^^^^^^^^^
[2026-06-08T05:57:09.918+0000] {logging_mixin.py:188} WARNING -   File "/home/***/.local/lib/python3.11/site-packages/pymysql/cursors.py", line 330, in _query
    conn.query(q)
[2026-06-08T05:57:09.918+0000] {logging_mixin.py:188} WARNING -   File "/home/***/.local/lib/python3.11/site-packages/pymysql/connections.py", line 582, in query
    self._affected_rows = self._read_query_result(unbuffered=unbuffered)
                          ^^^^^^^^^^^^^^^^^^^^^^^^^^^^^^^^^^^^^^^^^^^^^^
[2026-06-08T05:57:09.920+0000] {logging_mixin.py:188} WARNING -   File "/home/***/.local/lib/python3.11/site-packages/pymysql/connections.py", line 847, in _read_query_result
    result.read()
[2026-06-08T05:57:09.923+0000] {logging_mixin.py:188} WARNING -   File "/home/***/.local/lib/python3.11/site-packages/pymysql/connections.py", line 1245, in read
    first_packet = self.connection._read_packet()
                   ^^^^^^^^^^^^^^^^^^^^^^^^^^^^^^
[2026-06-08T05:57:09.924+0000] {logging_mixin.py:188} WARNING -   File "/home/***/.local/lib/python3.11/site-packages/pymysql/connections.py", line 803, in _read_packet
    packet.raise_for_error()
[2026-06-08T05:57:09.925+0000] {logging_mixin.py:188} WARNING -   File "/home/***/.local/lib/python3.11/site-packages/pymysql/protocol.py", line 219, in raise_for_error
    err.raise_mysql_exception(self._data)
[2026-06-08T05:57:09.926+0000] {logging_mixin.py:188} WARNING -   File "/home/***/.local/lib/python3.11/site-packages/pymysql/err.py", line 154, in raise_mysql_exception
    raise errorclass(errno, errval, sqlstate=sqlstate)
[2026-06-08T05:57:09.926+0000] {logging_mixin.py:188} WARNING - sqlalchemy.exc.ProgrammingError: (pymysql.err.ProgrammingError) (1146, "Table '***_db.futsal_men_matches' doesn't exist")
[SQL: SELECT * FROM futsal_men_matches]
(Background on this error at: https://sqlalche.me/e/14/f405)
[2026-06-08T05:57:09.927+0000] {taskinstance.py:441} INFO - ::group::Post task execution logs
[2026-06-08T05:57:09.928+0000] {taskinstance.py:2905} ERROR - Task failed with exception
Traceback (most recent call last):
  File "/home/airflow/.local/lib/python3.11/site-packages/airflow/models/taskinstance.py", line 465, in _execute_task
    result = _execute_callable(context=context, **execute_callable_kwargs)
             ^^^^^^^^^^^^^^^^^^^^^^^^^^^^^^^^^^^^^^^^^^^^^^^^^^^^^^^^^^^^^
  File "/home/airflow/.local/lib/python3.11/site-packages/airflow/models/taskinstance.py", line 432, in _execute_callable
    return execute_callable(context=context, **execute_callable_kwargs)
           ^^^^^^^^^^^^^^^^^^^^^^^^^^^^^^^^^^^^^^^^^^^^^^^^^^^^^^^^^^^^
  File "/home/airflow/.local/lib/python3.11/site-packages/airflow/models/baseoperator.py", line 400, in wrapper
    return func(self, *args, **kwargs)
           ^^^^^^^^^^^^^^^^^^^^^^^^^^^
  File "/home/airflow/.local/lib/python3.11/site-packages/airflow/operators/python.py", line 235, in execute
    return_value = self.execute_callable()
                   ^^^^^^^^^^^^^^^^^^^^^^^
  File "/home/airflow/.local/lib/python3.11/site-packages/airflow/operators/python.py", line 252, in execute_callable
    return self.python_callable(*self.op_args, **self.op_kwargs)
           ^^^^^^^^^^^^^^^^^^^^^^^^^^^^^^^^^^^^^^^^^^^^^^^^^^^^^
  File "/opt/airflow/dags/futsal_pipeline.py", line 24, in run_data_etl
    print(f"Data ETL complete. Processed {len(matches)} matches.")
                                          ^^^^^^^^^^^^
TypeError: object of type 'NoneType' has no len()
[2026-06-08T05:57:09.944+0000] {taskinstance.py:1206} INFO - Marking task as UP_FOR_RETRY. dag_id=futsal_nightly_db_pipeline, task_id=extract_transform_load_db, run_id=scheduled__2026-06-07T00:00:00+00:00, execution_date=20260607T000000, start_date=20260608T055709, end_date=20260608T055709
[2026-06-08T05:57:09.959+0000] {standard_task_runner.py:110} ERROR - Failed to execute job 6 for task extract_transform_load_db (object of type 'NoneType' has no len(); 233)
[2026-06-08T05:57:09.995+0000] {local_task_job_runner.py:240} INFO - Task exited with return code 1
[2026-06-08T05:57:10.021+0000] {taskinstance.py:3498} INFO - 0 downstream tasks scheduled from follow-on schedule check
[2026-06-08T05:57:10.023+0000] {local_task_job_runner.py:222} INFO - ::endgroup::
