[2026-06-08T05:40:33.884+0000] {local_task_job_runner.py:120} INFO - ::group::Pre task execution logs
[2026-06-08T05:40:33.922+0000] {taskinstance.py:2076} INFO - Dependencies all met for dep_context=non-requeueable deps ti=<TaskInstance: futsal_nightly_db_pipeline.extract_transform_load_db scheduled__2026-06-07T00:00:00+00:00 [queued]>
[2026-06-08T05:40:33.934+0000] {taskinstance.py:2076} INFO - Dependencies all met for dep_context=requeueable deps ti=<TaskInstance: futsal_nightly_db_pipeline.extract_transform_load_db scheduled__2026-06-07T00:00:00+00:00 [queued]>
[2026-06-08T05:40:33.945+0000] {taskinstance.py:2306} INFO - Starting attempt 2 of 3
[2026-06-08T05:40:33.963+0000] {taskinstance.py:2330} INFO - Executing <Task(PythonOperator): extract_transform_load_db> on 2026-06-07 00:00:00+00:00
[2026-06-08T05:40:33.972+0000] {standard_task_runner.py:63} INFO - Started process 408 to run task
[2026-06-08T05:40:33.977+0000] {standard_task_runner.py:90} INFO - Running: ['***', 'tasks', 'run', 'futsal_nightly_db_pipeline', 'extract_transform_load_db', 'scheduled__2026-06-07T00:00:00+00:00', '--job-id', '6', '--raw', '--subdir', 'DAGS_FOLDER/futsal_pipeline.py', '--cfg-path', '/tmp/tmpd6kzsm5f']
[2026-06-08T05:40:33.980+0000] {standard_task_runner.py:91} INFO - Job 6: Subtask extract_transform_load_db
[2026-06-08T05:40:34.078+0000] {task_command.py:426} INFO - Running <TaskInstance: futsal_nightly_db_pipeline.extract_transform_load_db scheduled__2026-06-07T00:00:00+00:00 [running]> on host 4c238ab438e8
[2026-06-08T05:40:34.194+0000] {taskinstance.py:2648} INFO - Exporting env vars: AIRFLOW_CTX_DAG_OWNER='futsal_admin' AIRFLOW_CTX_DAG_ID='futsal_nightly_db_pipeline' AIRFLOW_CTX_TASK_ID='extract_transform_load_db' AIRFLOW_CTX_EXECUTION_DATE='2026-06-07T00:00:00+00:00' AIRFLOW_CTX_TRY_NUMBER='2' AIRFLOW_CTX_DAG_RUN_ID='scheduled__2026-06-07T00:00:00+00:00'
[2026-06-08T05:40:34.197+0000] {taskinstance.py:430} INFO - ::endgroup::
[2026-06-08T05:40:34.237+0000] {logging_mixin.py:188} INFO - --- Running Match Data Pipeline ---
[2026-06-08T05:40:35.242+0000] {logging_mixin.py:188} INFO - 
--- Running Player Data Pipeline ---
[2026-06-08T05:40:36.377+0000] {logging_mixin.py:188} INFO - Data ETL complete. Processed 424 matches.
[2026-06-08T05:40:36.378+0000] {python.py:237} INFO - Done. Returned value was: None
[2026-06-08T05:40:36.379+0000] {taskinstance.py:441} INFO - ::group::Post task execution logs
[2026-06-08T05:40:36.392+0000] {taskinstance.py:1206} INFO - Marking task as SUCCESS. dag_id=futsal_nightly_db_pipeline, task_id=extract_transform_load_db, run_id=scheduled__2026-06-07T00:00:00+00:00, execution_date=20260607T000000, start_date=20260608T054033, end_date=20260608T054036
[2026-06-08T05:40:36.478+0000] {local_task_job_runner.py:240} INFO - Task exited with return code 0
[2026-06-08T05:40:36.518+0000] {taskinstance.py:3498} INFO - 1 downstream tasks scheduled from follow-on schedule check
[2026-06-08T05:40:36.522+0000] {local_task_job_runner.py:222} INFO - ::endgroup::
[2026-06-08T05:53:31.789+0000] {local_task_job_runner.py:120} INFO - ::group::Pre task execution logs
[2026-06-08T05:53:31.820+0000] {taskinstance.py:2076} INFO - Dependencies all met for dep_context=non-requeueable deps ti=<TaskInstance: futsal_nightly_db_pipeline.extract_transform_load_db scheduled__2026-06-07T00:00:00+00:00 [queued]>
[2026-06-08T05:53:31.829+0000] {taskinstance.py:2076} INFO - Dependencies all met for dep_context=requeueable deps ti=<TaskInstance: futsal_nightly_db_pipeline.extract_transform_load_db scheduled__2026-06-07T00:00:00+00:00 [queued]>
[2026-06-08T05:53:31.830+0000] {taskinstance.py:2306} INFO - Starting attempt 2 of 3
[2026-06-08T05:53:31.853+0000] {taskinstance.py:2330} INFO - Executing <Task(PythonOperator): extract_transform_load_db> on 2026-06-07 00:00:00+00:00
[2026-06-08T05:53:31.861+0000] {standard_task_runner.py:63} INFO - Started process 298 to run task
[2026-06-08T05:53:31.864+0000] {standard_task_runner.py:90} INFO - Running: ['***', 'tasks', 'run', 'futsal_nightly_db_pipeline', 'extract_transform_load_db', 'scheduled__2026-06-07T00:00:00+00:00', '--job-id', '3', '--raw', '--subdir', 'DAGS_FOLDER/futsal_pipeline.py', '--cfg-path', '/tmp/tmp8donlp2l']
[2026-06-08T05:53:31.867+0000] {standard_task_runner.py:91} INFO - Job 3: Subtask extract_transform_load_db
[2026-06-08T05:53:31.945+0000] {task_command.py:426} INFO - Running <TaskInstance: futsal_nightly_db_pipeline.extract_transform_load_db scheduled__2026-06-07T00:00:00+00:00 [running]> on host 5bf0295caea2
[2026-06-08T05:53:32.032+0000] {taskinstance.py:2648} INFO - Exporting env vars: AIRFLOW_CTX_DAG_OWNER='futsal_admin' AIRFLOW_CTX_DAG_ID='futsal_nightly_db_pipeline' AIRFLOW_CTX_TASK_ID='extract_transform_load_db' AIRFLOW_CTX_EXECUTION_DATE='2026-06-07T00:00:00+00:00' AIRFLOW_CTX_TRY_NUMBER='2' AIRFLOW_CTX_DAG_RUN_ID='scheduled__2026-06-07T00:00:00+00:00'
[2026-06-08T05:53:32.033+0000] {taskinstance.py:430} INFO - ::endgroup::
[2026-06-08T05:53:32.055+0000] {logging_mixin.py:188} INFO - --- Running Match Data Pipeline ---
[2026-06-08T05:53:32.114+0000] {logging_mixin.py:188} WARNING - Traceback (most recent call last):
[2026-06-08T05:53:32.115+0000] {logging_mixin.py:188} WARNING -   File "/home/***/.local/lib/python3.11/site-packages/sqlalchemy/engine/base.py", line 1910, in _execute_context
    self.dialect.do_execute(
[2026-06-08T05:53:32.116+0000] {logging_mixin.py:188} WARNING -   File "/home/***/.local/lib/python3.11/site-packages/sqlalchemy/engine/default.py", line 736, in do_execute
    cursor.execute(statement, parameters)
[2026-06-08T05:53:32.116+0000] {logging_mixin.py:188} WARNING -   File "/home/***/.local/lib/python3.11/site-packages/pymysql/cursors.py", line 159, in execute
    result = self._query(query)
             ^^^^^^^^^^^^^^^^^^
[2026-06-08T05:53:32.116+0000] {logging_mixin.py:188} WARNING -   File "/home/***/.local/lib/python3.11/site-packages/pymysql/cursors.py", line 330, in _query
    conn.query(q)
[2026-06-08T05:53:32.117+0000] {logging_mixin.py:188} WARNING -   File "/home/***/.local/lib/python3.11/site-packages/pymysql/connections.py", line 582, in query
    self._affected_rows = self._read_query_result(unbuffered=unbuffered)
                          ^^^^^^^^^^^^^^^^^^^^^^^^^^^^^^^^^^^^^^^^^^^^^^
[2026-06-08T05:53:32.117+0000] {logging_mixin.py:188} WARNING -   File "/home/***/.local/lib/python3.11/site-packages/pymysql/connections.py", line 847, in _read_query_result
    result.read()
[2026-06-08T05:53:32.118+0000] {logging_mixin.py:188} WARNING -   File "/home/***/.local/lib/python3.11/site-packages/pymysql/connections.py", line 1245, in read
    first_packet = self.connection._read_packet()
                   ^^^^^^^^^^^^^^^^^^^^^^^^^^^^^^
[2026-06-08T05:53:32.118+0000] {logging_mixin.py:188} WARNING -   File "/home/***/.local/lib/python3.11/site-packages/pymysql/connections.py", line 803, in _read_packet
    packet.raise_for_error()
[2026-06-08T05:53:32.118+0000] {logging_mixin.py:188} WARNING -   File "/home/***/.local/lib/python3.11/site-packages/pymysql/protocol.py", line 219, in raise_for_error
    err.raise_mysql_exception(self._data)
[2026-06-08T05:53:32.119+0000] {logging_mixin.py:188} WARNING -   File "/home/***/.local/lib/python3.11/site-packages/pymysql/err.py", line 154, in raise_mysql_exception
    raise errorclass(errno, errval, sqlstate=sqlstate)
[2026-06-08T05:53:32.119+0000] {logging_mixin.py:188} WARNING - pymysql.err.ProgrammingError: (1146, "Table '***_db.futsal_men_matches' doesn't exist")
[2026-06-08T05:53:32.120+0000] {logging_mixin.py:188} WARNING - 
The above exception was the direct cause of the following exception:
[2026-06-08T05:53:32.120+0000] {logging_mixin.py:188} WARNING - Traceback (most recent call last):
[2026-06-08T05:53:32.121+0000] {logging_mixin.py:188} WARNING -   File "/opt/***/pipeline/data_pipeline.py", line 13, in match_run_pipeline
    matches = self.ingestion.ingest_match_data()
              ^^^^^^^^^^^^^^^^^^^^^^^^^^^^^^^^^^
[2026-06-08T05:53:32.121+0000] {logging_mixin.py:188} WARNING -   File "/opt/***/components/data_ingestion.py", line 45, in ingest_match_data
    matches_raw = self.read_match_data()
                  ^^^^^^^^^^^^^^^^^^^^^^
[2026-06-08T05:53:32.122+0000] {logging_mixin.py:188} WARNING -   File "/opt/***/components/data_ingestion.py", line 29, in read_match_data
    return pd.read_sql("SELECT * FROM futsal_men_matches", self.engine)
           ^^^^^^^^^^^^^^^^^^^^^^^^^^^^^^^^^^^^^^^^^^^^^^^^^^^^^^^^^^^^
[2026-06-08T05:53:32.122+0000] {logging_mixin.py:188} WARNING -   File "/home/***/.local/lib/python3.11/site-packages/pandas/io/sql.py", line 682, in read_sql
    return pandas_sql.read_query(
           ^^^^^^^^^^^^^^^^^^^^^^
[2026-06-08T05:53:32.122+0000] {logging_mixin.py:188} WARNING -   File "/home/***/.local/lib/python3.11/site-packages/pandas/io/sql.py", line 1776, in read_query
    result = self.execute(sql, params)
             ^^^^^^^^^^^^^^^^^^^^^^^^^
[2026-06-08T05:53:32.123+0000] {logging_mixin.py:188} WARNING -   File "/home/***/.local/lib/python3.11/site-packages/pandas/io/sql.py", line 1599, in execute
    return self.con.exec_driver_sql(sql, *args)
           ^^^^^^^^^^^^^^^^^^^^^^^^^^^^^^^^^^^^
[2026-06-08T05:53:32.123+0000] {logging_mixin.py:188} WARNING -   File "/home/***/.local/lib/python3.11/site-packages/sqlalchemy/engine/base.py", line 1770, in exec_driver_sql
    return self._exec_driver_sql(
           ^^^^^^^^^^^^^^^^^^^^^^
[2026-06-08T05:53:32.124+0000] {logging_mixin.py:188} WARNING -   File "/home/***/.local/lib/python3.11/site-packages/sqlalchemy/engine/base.py", line 1674, in _exec_driver_sql
    ret = self._execute_context(
          ^^^^^^^^^^^^^^^^^^^^^^
[2026-06-08T05:53:32.124+0000] {logging_mixin.py:188} WARNING -   File "/home/***/.local/lib/python3.11/site-packages/sqlalchemy/engine/base.py", line 1953, in _execute_context
    self._handle_dbapi_exception(
[2026-06-08T05:53:32.124+0000] {logging_mixin.py:188} WARNING -   File "/home/***/.local/lib/python3.11/site-packages/sqlalchemy/engine/base.py", line 2134, in _handle_dbapi_exception
    util.raise_(
[2026-06-08T05:53:32.125+0000] {logging_mixin.py:188} WARNING -   File "/home/***/.local/lib/python3.11/site-packages/sqlalchemy/util/compat.py", line 211, in raise_
    raise exception
[2026-06-08T05:53:32.126+0000] {logging_mixin.py:188} WARNING -   File "/home/***/.local/lib/python3.11/site-packages/sqlalchemy/engine/base.py", line 1910, in _execute_context
    self.dialect.do_execute(
[2026-06-08T05:53:32.126+0000] {logging_mixin.py:188} WARNING -   File "/home/***/.local/lib/python3.11/site-packages/sqlalchemy/engine/default.py", line 736, in do_execute
    cursor.execute(statement, parameters)
[2026-06-08T05:53:32.127+0000] {logging_mixin.py:188} WARNING -   File "/home/***/.local/lib/python3.11/site-packages/pymysql/cursors.py", line 159, in execute
    result = self._query(query)
             ^^^^^^^^^^^^^^^^^^
[2026-06-08T05:53:32.127+0000] {logging_mixin.py:188} WARNING -   File "/home/***/.local/lib/python3.11/site-packages/pymysql/cursors.py", line 330, in _query
    conn.query(q)
[2026-06-08T05:53:32.127+0000] {logging_mixin.py:188} WARNING -   File "/home/***/.local/lib/python3.11/site-packages/pymysql/connections.py", line 582, in query
    self._affected_rows = self._read_query_result(unbuffered=unbuffered)
                          ^^^^^^^^^^^^^^^^^^^^^^^^^^^^^^^^^^^^^^^^^^^^^^
[2026-06-08T05:53:32.128+0000] {logging_mixin.py:188} WARNING -   File "/home/***/.local/lib/python3.11/site-packages/pymysql/connections.py", line 847, in _read_query_result
    result.read()
[2026-06-08T05:53:32.128+0000] {logging_mixin.py:188} WARNING -   File "/home/***/.local/lib/python3.11/site-packages/pymysql/connections.py", line 1245, in read
    first_packet = self.connection._read_packet()
                   ^^^^^^^^^^^^^^^^^^^^^^^^^^^^^^
[2026-06-08T05:53:32.128+0000] {logging_mixin.py:188} WARNING -   File "/home/***/.local/lib/python3.11/site-packages/pymysql/connections.py", line 803, in _read_packet
    packet.raise_for_error()
[2026-06-08T05:53:32.129+0000] {logging_mixin.py:188} WARNING -   File "/home/***/.local/lib/python3.11/site-packages/pymysql/protocol.py", line 219, in raise_for_error
    err.raise_mysql_exception(self._data)
[2026-06-08T05:53:32.129+0000] {logging_mixin.py:188} WARNING -   File "/home/***/.local/lib/python3.11/site-packages/pymysql/err.py", line 154, in raise_mysql_exception
    raise errorclass(errno, errval, sqlstate=sqlstate)
[2026-06-08T05:53:32.129+0000] {logging_mixin.py:188} WARNING - sqlalchemy.exc.ProgrammingError: (pymysql.err.ProgrammingError) (1146, "Table '***_db.futsal_men_matches' doesn't exist")
[SQL: SELECT * FROM futsal_men_matches]
(Background on this error at: https://sqlalche.me/e/14/f405)
[2026-06-08T05:53:32.130+0000] {logging_mixin.py:188} INFO - 
--- Running Player Data Pipeline ---
[2026-06-08T05:53:32.136+0000] {logging_mixin.py:188} WARNING - Traceback (most recent call last):
[2026-06-08T05:53:32.137+0000] {logging_mixin.py:188} WARNING -   File "/home/***/.local/lib/python3.11/site-packages/sqlalchemy/engine/base.py", line 1910, in _execute_context
    self.dialect.do_execute(
[2026-06-08T05:53:32.137+0000] {logging_mixin.py:188} WARNING -   File "/home/***/.local/lib/python3.11/site-packages/sqlalchemy/engine/default.py", line 736, in do_execute
    cursor.execute(statement, parameters)
[2026-06-08T05:53:32.138+0000] {logging_mixin.py:188} WARNING -   File "/home/***/.local/lib/python3.11/site-packages/pymysql/cursors.py", line 159, in execute
    result = self._query(query)
             ^^^^^^^^^^^^^^^^^^
[2026-06-08T05:53:32.138+0000] {logging_mixin.py:188} WARNING -   File "/home/***/.local/lib/python3.11/site-packages/pymysql/cursors.py", line 330, in _query
    conn.query(q)
[2026-06-08T05:53:32.139+0000] {logging_mixin.py:188} WARNING -   File "/home/***/.local/lib/python3.11/site-packages/pymysql/connections.py", line 582, in query
    self._affected_rows = self._read_query_result(unbuffered=unbuffered)
                          ^^^^^^^^^^^^^^^^^^^^^^^^^^^^^^^^^^^^^^^^^^^^^^
[2026-06-08T05:53:32.139+0000] {logging_mixin.py:188} WARNING -   File "/home/***/.local/lib/python3.11/site-packages/pymysql/connections.py", line 847, in _read_query_result
    result.read()
[2026-06-08T05:53:32.139+0000] {logging_mixin.py:188} WARNING -   File "/home/***/.local/lib/python3.11/site-packages/pymysql/connections.py", line 1245, in read
    first_packet = self.connection._read_packet()
                   ^^^^^^^^^^^^^^^^^^^^^^^^^^^^^^
[2026-06-08T05:53:32.140+0000] {logging_mixin.py:188} WARNING -   File "/home/***/.local/lib/python3.11/site-packages/pymysql/connections.py", line 803, in _read_packet
    packet.raise_for_error()
[2026-06-08T05:53:32.140+0000] {logging_mixin.py:188} WARNING -   File "/home/***/.local/lib/python3.11/site-packages/pymysql/protocol.py", line 219, in raise_for_error
    err.raise_mysql_exception(self._data)
[2026-06-08T05:53:32.140+0000] {logging_mixin.py:188} WARNING -   File "/home/***/.local/lib/python3.11/site-packages/pymysql/err.py", line 154, in raise_mysql_exception
    raise errorclass(errno, errval, sqlstate=sqlstate)
[2026-06-08T05:53:32.141+0000] {logging_mixin.py:188} WARNING - pymysql.err.ProgrammingError: (1146, "Table '***_db.futsal_men_matches' doesn't exist")
[2026-06-08T05:53:32.142+0000] {logging_mixin.py:188} WARNING - 
The above exception was the direct cause of the following exception:
[2026-06-08T05:53:32.142+0000] {logging_mixin.py:188} WARNING - Traceback (most recent call last):
[2026-06-08T05:53:32.143+0000] {logging_mixin.py:188} WARNING -   File "/opt/***/pipeline/data_pipeline.py", line 27, in player_run_pipeline
    matches = self.ingestion.ingest_match_data()
              ^^^^^^^^^^^^^^^^^^^^^^^^^^^^^^^^^^
[2026-06-08T05:53:32.143+0000] {logging_mixin.py:188} WARNING -   File "/opt/***/components/data_ingestion.py", line 45, in ingest_match_data
    matches_raw = self.read_match_data()
                  ^^^^^^^^^^^^^^^^^^^^^^
[2026-06-08T05:53:32.144+0000] {logging_mixin.py:188} WARNING -   File "/opt/***/components/data_ingestion.py", line 29, in read_match_data
    return pd.read_sql("SELECT * FROM futsal_men_matches", self.engine)
           ^^^^^^^^^^^^^^^^^^^^^^^^^^^^^^^^^^^^^^^^^^^^^^^^^^^^^^^^^^^^
[2026-06-08T05:53:32.144+0000] {logging_mixin.py:188} WARNING -   File "/home/***/.local/lib/python3.11/site-packages/pandas/io/sql.py", line 682, in read_sql
    return pandas_sql.read_query(
           ^^^^^^^^^^^^^^^^^^^^^^
[2026-06-08T05:53:32.144+0000] {logging_mixin.py:188} WARNING -   File "/home/***/.local/lib/python3.11/site-packages/pandas/io/sql.py", line 1776, in read_query
    result = self.execute(sql, params)
             ^^^^^^^^^^^^^^^^^^^^^^^^^
[2026-06-08T05:53:32.145+0000] {logging_mixin.py:188} WARNING -   File "/home/***/.local/lib/python3.11/site-packages/pandas/io/sql.py", line 1599, in execute
    return self.con.exec_driver_sql(sql, *args)
           ^^^^^^^^^^^^^^^^^^^^^^^^^^^^^^^^^^^^
[2026-06-08T05:53:32.145+0000] {logging_mixin.py:188} WARNING -   File "/home/***/.local/lib/python3.11/site-packages/sqlalchemy/engine/base.py", line 1770, in exec_driver_sql
    return self._exec_driver_sql(
           ^^^^^^^^^^^^^^^^^^^^^^
[2026-06-08T05:53:32.145+0000] {logging_mixin.py:188} WARNING -   File "/home/***/.local/lib/python3.11/site-packages/sqlalchemy/engine/base.py", line 1674, in _exec_driver_sql
    ret = self._execute_context(
          ^^^^^^^^^^^^^^^^^^^^^^
[2026-06-08T05:53:32.146+0000] {logging_mixin.py:188} WARNING -   File "/home/***/.local/lib/python3.11/site-packages/sqlalchemy/engine/base.py", line 1953, in _execute_context
    self._handle_dbapi_exception(
[2026-06-08T05:53:32.146+0000] {logging_mixin.py:188} WARNING -   File "/home/***/.local/lib/python3.11/site-packages/sqlalchemy/engine/base.py", line 2134, in _handle_dbapi_exception
    util.raise_(
[2026-06-08T05:53:32.146+0000] {logging_mixin.py:188} WARNING -   File "/home/***/.local/lib/python3.11/site-packages/sqlalchemy/util/compat.py", line 211, in raise_
    raise exception
[2026-06-08T05:53:32.147+0000] {logging_mixin.py:188} WARNING -   File "/home/***/.local/lib/python3.11/site-packages/sqlalchemy/engine/base.py", line 1910, in _execute_context
    self.dialect.do_execute(
[2026-06-08T05:53:32.147+0000] {logging_mixin.py:188} WARNING -   File "/home/***/.local/lib/python3.11/site-packages/sqlalchemy/engine/default.py", line 736, in do_execute
    cursor.execute(statement, parameters)
[2026-06-08T05:53:32.148+0000] {logging_mixin.py:188} WARNING -   File "/home/***/.local/lib/python3.11/site-packages/pymysql/cursors.py", line 159, in execute
    result = self._query(query)
             ^^^^^^^^^^^^^^^^^^
[2026-06-08T05:53:32.148+0000] {logging_mixin.py:188} WARNING -   File "/home/***/.local/lib/python3.11/site-packages/pymysql/cursors.py", line 330, in _query
    conn.query(q)
[2026-06-08T05:53:32.149+0000] {logging_mixin.py:188} WARNING -   File "/home/***/.local/lib/python3.11/site-packages/pymysql/connections.py", line 582, in query
    self._affected_rows = self._read_query_result(unbuffered=unbuffered)
                          ^^^^^^^^^^^^^^^^^^^^^^^^^^^^^^^^^^^^^^^^^^^^^^
[2026-06-08T05:53:32.149+0000] {logging_mixin.py:188} WARNING -   File "/home/***/.local/lib/python3.11/site-packages/pymysql/connections.py", line 847, in _read_query_result
    result.read()
[2026-06-08T05:53:32.149+0000] {logging_mixin.py:188} WARNING -   File "/home/***/.local/lib/python3.11/site-packages/pymysql/connections.py", line 1245, in read
    first_packet = self.connection._read_packet()
                   ^^^^^^^^^^^^^^^^^^^^^^^^^^^^^^
[2026-06-08T05:53:32.150+0000] {logging_mixin.py:188} WARNING -   File "/home/***/.local/lib/python3.11/site-packages/pymysql/connections.py", line 803, in _read_packet
    packet.raise_for_error()
[2026-06-08T05:53:32.150+0000] {logging_mixin.py:188} WARNING -   File "/home/***/.local/lib/python3.11/site-packages/pymysql/protocol.py", line 219, in raise_for_error
    err.raise_mysql_exception(self._data)
[2026-06-08T05:53:32.150+0000] {logging_mixin.py:188} WARNING -   File "/home/***/.local/lib/python3.11/site-packages/pymysql/err.py", line 154, in raise_mysql_exception
    raise errorclass(errno, errval, sqlstate=sqlstate)
[2026-06-08T05:53:32.151+0000] {logging_mixin.py:188} WARNING - sqlalchemy.exc.ProgrammingError: (pymysql.err.ProgrammingError) (1146, "Table '***_db.futsal_men_matches' doesn't exist")
[SQL: SELECT * FROM futsal_men_matches]
(Background on this error at: https://sqlalche.me/e/14/f405)
[2026-06-08T05:53:32.151+0000] {taskinstance.py:441} INFO - ::group::Post task execution logs
[2026-06-08T05:53:32.152+0000] {taskinstance.py:2905} ERROR - Task failed with exception
Traceback (most recent call last):
  File "/home/airflow/.local/lib/python3.11/site-packages/airflow/models/taskinstance.py", line 465, in _execute_task
    result = _execute_callable(context=context, **execute_callable_kwargs)
             ^^^^^^^^^^^^^^^^^^^^^^^^^^^^^^^^^^^^^^^^^^^^^^^^^^^^^^^^^^^^^
  File "/home/airflow/.local/lib/python3.11/site-packages/airflow/models/taskinstance.py", line 432, in _execute_callable
    return execute_callable(context=context, **execute_callable_kwargs)
           ^^^^^^^^^^^^^^^^^^^^^^^^^^^^^^^^^^^^^^^^^^^^^^^^^^^^^^^^^^^^
  File "/home/airflow/.local/lib/python3.11/site-packages/airflow/models/baseoperator.py", line 400, in wrapper
    return func(self, *args, **kwargs)
           ^^^^^^^^^^^^^^^^^^^^^^^^^^^
  File "/home/airflow/.local/lib/python3.11/site-packages/airflow/operators/python.py", line 235, in execute
    return_value = self.execute_callable()
                   ^^^^^^^^^^^^^^^^^^^^^^^
  File "/home/airflow/.local/lib/python3.11/site-packages/airflow/operators/python.py", line 252, in execute_callable
    return self.python_callable(*self.op_args, **self.op_kwargs)
           ^^^^^^^^^^^^^^^^^^^^^^^^^^^^^^^^^^^^^^^^^^^^^^^^^^^^^
  File "/opt/airflow/dags/futsal_pipeline.py", line 24, in run_data_etl
    print(f"Data ETL complete. Processed {len(matches)} matches.")
                                          ^^^^^^^^^^^^
TypeError: object of type 'NoneType' has no len()
[2026-06-08T05:53:32.164+0000] {taskinstance.py:1206} INFO - Marking task as UP_FOR_RETRY. dag_id=futsal_nightly_db_pipeline, task_id=extract_transform_load_db, run_id=scheduled__2026-06-07T00:00:00+00:00, execution_date=20260607T000000, start_date=20260608T055331, end_date=20260608T055332
[2026-06-08T05:53:32.176+0000] {standard_task_runner.py:110} ERROR - Failed to execute job 3 for task extract_transform_load_db (object of type 'NoneType' has no len(); 298)
[2026-06-08T05:53:32.198+0000] {local_task_job_runner.py:240} INFO - Task exited with return code 1
[2026-06-08T05:53:32.219+0000] {taskinstance.py:3498} INFO - 0 downstream tasks scheduled from follow-on schedule check
[2026-06-08T05:53:32.221+0000] {local_task_job_runner.py:222} INFO - ::endgroup::
