[2026-06-01T12:18:25.242+0000] {local_task_job_runner.py:120} INFO - ::group::Pre task execution logs
[2026-06-01T12:18:25.420+0000] {taskinstance.py:2076} INFO - Dependencies all met for dep_context=non-requeueable deps ti=<TaskInstance: futsal_nightly_db_pipeline.train_ml_models manual__2026-06-01T12:13:05.091615+00:00 [queued]>
[2026-06-01T12:18:25.431+0000] {taskinstance.py:2076} INFO - Dependencies all met for dep_context=requeueable deps ti=<TaskInstance: futsal_nightly_db_pipeline.train_ml_models manual__2026-06-01T12:13:05.091615+00:00 [queued]>
[2026-06-01T12:18:25.442+0000] {taskinstance.py:2306} INFO - Starting attempt 1 of 2
[2026-06-01T12:18:25.460+0000] {taskinstance.py:2330} INFO - Executing <Task(PythonOperator): train_ml_models> on 2026-06-01 12:13:05.091615+00:00
[2026-06-01T12:18:25.479+0000] {standard_task_runner.py:63} INFO - Started process 229 to run task
[2026-06-01T12:18:25.483+0000] {standard_task_runner.py:90} INFO - Running: ['***', 'tasks', 'run', 'futsal_nightly_db_pipeline', 'train_ml_models', 'manual__2026-06-01T12:13:05.091615+00:00', '--job-id', '9', '--raw', '--subdir', 'DAGS_FOLDER/futsal_pipeline.py', '--cfg-path', '/tmp/tmp82l67a6f']
[2026-06-01T12:18:25.485+0000] {standard_task_runner.py:91} INFO - Job 9: Subtask train_ml_models
[2026-06-01T12:18:25.563+0000] {task_command.py:426} INFO - Running <TaskInstance: futsal_nightly_db_pipeline.train_ml_models manual__2026-06-01T12:13:05.091615+00:00 [running]> on host baf04b10fc1d
[2026-06-01T12:18:25.729+0000] {taskinstance.py:2648} INFO - Exporting env vars: AIRFLOW_CTX_DAG_OWNER='futsal_admin' AIRFLOW_CTX_DAG_ID='futsal_nightly_db_pipeline' AIRFLOW_CTX_TASK_ID='train_ml_models' AIRFLOW_CTX_EXECUTION_DATE='2026-06-01T12:13:05.091615+00:00' AIRFLOW_CTX_TRY_NUMBER='1' AIRFLOW_CTX_DAG_RUN_ID='manual__2026-06-01T12:13:05.091615+00:00'
[2026-06-01T12:18:25.734+0000] {taskinstance.py:430} INFO - ::endgroup::
[2026-06-01T12:18:25.736+0000] {logging_mixin.py:188} INFO - 
=======================================================
[2026-06-01T12:18:25.737+0000] {logging_mixin.py:188} INFO - RUNNING MATCH DATA MODEL TRAINING PIPELINE
[2026-06-01T12:18:25.737+0000] {logging_mixin.py:188} INFO - =======================================================
[2026-06-01T12:18:25.741+0000] {logging_mixin.py:188} INFO - Loading match feature data...
[2026-06-01T12:18:25.771+0000] {logging_mixin.py:188} INFO - Training match models...
[2026-06-01T12:18:25.774+0000] {logging_mixin.py:188} INFO - Grid searching: RandomForestClassifier...
[2026-06-01T12:18:25.776+0000] {logging_mixin.py:188} INFO - Grid searching: SVC...
[2026-06-01T12:18:25.778+0000] {logging_mixin.py:188} INFO - Grid searching: LogisticRegression...
[2026-06-01T12:18:25.779+0000] {logging_mixin.py:188} INFO - Training RandomForestClassifier...
[2026-06-01T12:21:18.603+0000] {logging_mixin.py:188} INFO - Training SVC...
[2026-06-01T12:21:19.026+0000] {logging_mixin.py:188} INFO - Training LogisticRegression...
[2026-06-01T12:21:19.908+0000] {logging_mixin.py:188} INFO - 
==================================================
[2026-06-01T12:21:19.915+0000] {logging_mixin.py:188} INFO - Match Training Report:
[2026-06-01T12:21:19.916+0000] {logging_mixin.py:188} INFO - ==================================================
[2026-06-01T12:21:19.917+0000] {logging_mixin.py:188} INFO - Model: RandomForestClassifier
[2026-06-01T12:21:19.918+0000] {logging_mixin.py:188} INFO - Accuracy: 0.7176
[2026-06-01T12:21:19.931+0000] {logging_mixin.py:188} INFO - F1-Score: 0.7182
[2026-06-01T12:21:19.942+0000] {logging_mixin.py:188} INFO - Best Params: {'classifier__max_depth': 10, 'classifier__min_samples_leaf': 2, 'classifier__min_samples_split': 10, 'classifier__n_estimators': 200}
[2026-06-01T12:21:19.951+0000] {logging_mixin.py:188} INFO - --------------------------------------------------
[2026-06-01T12:21:19.953+0000] {logging_mixin.py:188} INFO - Model: SVC
[2026-06-01T12:21:19.958+0000] {logging_mixin.py:188} INFO - Accuracy: 0.7176
[2026-06-01T12:21:19.961+0000] {logging_mixin.py:188} INFO - F1-Score: 0.7184
[2026-06-01T12:21:19.963+0000] {logging_mixin.py:188} INFO - Best Params: {'classifier__C': 0.1, 'classifier__kernel': 'linear'}
[2026-06-01T12:21:19.968+0000] {logging_mixin.py:188} INFO - --------------------------------------------------
[2026-06-01T12:21:19.972+0000] {logging_mixin.py:188} INFO - Model: LogisticRegression
[2026-06-01T12:21:19.973+0000] {logging_mixin.py:188} INFO - Accuracy: 0.6941
[2026-06-01T12:21:19.975+0000] {logging_mixin.py:188} INFO - F1-Score: 0.6949
[2026-06-01T12:21:19.975+0000] {logging_mixin.py:188} INFO - Best Params: {'classifier__C': 0.1}
[2026-06-01T12:21:19.976+0000] {logging_mixin.py:188} INFO - --------------------------------------------------
[2026-06-01T12:21:20.093+0000] {logging_mixin.py:188} INFO - 
Best match model name: RandomForestClassifier
[2026-06-01T12:21:20.094+0000] {logging_mixin.py:188} INFO - Best match model type: <class 'sklearn.pipeline.Pipeline'>
[2026-06-01T12:21:20.465+0000] {logging_mixin.py:188} INFO - Best match model (architecture-specific) saved to models/RandomForestClassifier_matches_model.pkl
[2026-06-01T12:21:20.466+0000] {logging_mixin.py:188} INFO - Match features saved to features/match_trained_features.pkl
[2026-06-01T12:21:20.470+0000] {logging_mixin.py:188} INFO - 
=======================================================
[2026-06-01T12:21:20.473+0000] {logging_mixin.py:188} INFO - RUNNING PLAYER DATA MODEL TRAINING PIPELINE
[2026-06-01T12:21:20.474+0000] {logging_mixin.py:188} INFO - =======================================================
[2026-06-01T12:21:20.477+0000] {logging_mixin.py:188} INFO - Loading player feature data...
[2026-06-01T12:21:20.558+0000] {logging_mixin.py:188} INFO - Training player models...
[2026-06-01T12:21:20.561+0000] {logging_mixin.py:188} INFO - 
================================================================================
[2026-06-01T12:21:20.562+0000] {logging_mixin.py:188} INFO - TRAINING RandomForest
[2026-06-01T12:21:20.563+0000] {logging_mixin.py:188} INFO - ================================================================================
[2026-06-01T12:21:20.567+0000] {logging_mixin.py:188} INFO - Fitting 3 folds for each of 24 candidates, totalling 72 fits
[2026-06-01T12:24:28.482+0000] {logging_mixin.py:188} INFO - BEST PARAMETERS FOR RandomForest: {'max_depth': 3, 'min_samples_leaf': 2, 'min_samples_split': 2, 'n_estimators': 200}
[2026-06-01T12:24:28.656+0000] {logging_mixin.py:188} INFO - RESULTS FOR RandomForest: MAE: 3.3286, RMSE: 4.7092, R2: -0.0429
[2026-06-01T12:24:28.696+0000] {logging_mixin.py:188} INFO - 
================================================================================
[2026-06-01T12:24:28.708+0000] {logging_mixin.py:188} INFO - TRAINING GradientBoosting
[2026-06-01T12:24:28.726+0000] {logging_mixin.py:188} INFO - ================================================================================
[2026-06-01T12:24:28.752+0000] {logging_mixin.py:188} INFO - Fitting 3 folds for each of 12 candidates, totalling 36 fits
[2026-06-01T12:26:19.210+0000] {logging_mixin.py:188} INFO - BEST PARAMETERS FOR GradientBoosting: {'learning_rate': 0.03, 'max_depth': 3, 'n_estimators': 100}
[2026-06-01T12:26:19.231+0000] {logging_mixin.py:188} INFO - RESULTS FOR GradientBoosting: MAE: 3.3465, RMSE: 4.7402, R2: -0.0567
[2026-06-01T12:26:19.237+0000] {logging_mixin.py:188} INFO - 
================================================================================
[2026-06-01T12:26:19.242+0000] {logging_mixin.py:188} INFO - TRAINING ExtraTrees
[2026-06-01T12:26:19.243+0000] {logging_mixin.py:188} INFO - ================================================================================
[2026-06-01T12:26:19.265+0000] {logging_mixin.py:188} INFO - Fitting 3 folds for each of 8 candidates, totalling 24 fits
[2026-06-01T12:26:50.306+0000] {logging_mixin.py:188} INFO - BEST PARAMETERS FOR ExtraTrees: {'max_depth': 5, 'min_samples_split': 2, 'n_estimators': 100}
[2026-06-01T12:26:50.429+0000] {logging_mixin.py:188} INFO - RESULTS FOR ExtraTrees: MAE: 3.3024, RMSE: 4.6988, R2: -0.0383
[2026-06-01T12:26:50.441+0000] {logging_mixin.py:188} INFO - 
================================================================================
[2026-06-01T12:26:50.443+0000] {logging_mixin.py:188} INFO - TRAINING RidgeRegression
[2026-06-01T12:26:50.445+0000] {logging_mixin.py:188} INFO - ================================================================================
[2026-06-01T12:26:50.467+0000] {logging_mixin.py:188} INFO - Fitting 3 folds for each of 3 candidates, totalling 9 fits
[2026-06-01T12:26:50.958+0000] {logging_mixin.py:188} INFO - BEST PARAMETERS FOR RidgeRegression: {'alpha': 10.0}
[2026-06-01T12:26:50.972+0000] {logging_mixin.py:188} INFO - RESULTS FOR RidgeRegression: MAE: 3.313, RMSE: 4.6744, R2: -0.0276
[2026-06-01T12:26:50.975+0000] {logging_mixin.py:188} INFO - 
================================================================================
[2026-06-01T12:26:50.976+0000] {logging_mixin.py:188} INFO - TRAINING XGBoost
[2026-06-01T12:26:50.979+0000] {logging_mixin.py:188} INFO - ================================================================================
[2026-06-01T12:26:50.997+0000] {logging_mixin.py:188} INFO - Fitting 3 folds for each of 12 candidates, totalling 36 fits
