[2026-06-01T12:16:51.781+0000] {local_task_job_runner.py:120} INFO - ::group::Pre task execution logs
[2026-06-01T12:16:51.960+0000] {taskinstance.py:2076} INFO - Dependencies all met for dep_context=non-requeueable deps ti=<TaskInstance: futsal_nightly_db_pipeline.train_ml_models manual__2026-06-01T12:16:40.646675+00:00 [queued]>
[2026-06-01T12:16:51.969+0000] {taskinstance.py:2076} INFO - Dependencies all met for dep_context=requeueable deps ti=<TaskInstance: futsal_nightly_db_pipeline.train_ml_models manual__2026-06-01T12:16:40.646675+00:00 [queued]>
[2026-06-01T12:16:51.981+0000] {taskinstance.py:2306} INFO - Starting attempt 1 of 2
[2026-06-01T12:16:52.001+0000] {taskinstance.py:2330} INFO - Executing <Task(PythonOperator): train_ml_models> on 2026-06-01 12:16:40.646675+00:00
[2026-06-01T12:16:52.013+0000] {standard_task_runner.py:63} INFO - Started process 186 to run task
[2026-06-01T12:16:52.019+0000] {standard_task_runner.py:90} INFO - Running: ['***', 'tasks', 'run', 'futsal_nightly_db_pipeline', 'train_ml_models', 'manual__2026-06-01T12:16:40.646675+00:00', '--job-id', '7', '--raw', '--subdir', 'DAGS_FOLDER/futsal_pipeline.py', '--cfg-path', '/tmp/tmpfyvh6_vb']
[2026-06-01T12:16:52.022+0000] {standard_task_runner.py:91} INFO - Job 7: Subtask train_ml_models
[2026-06-01T12:16:52.102+0000] {task_command.py:426} INFO - Running <TaskInstance: futsal_nightly_db_pipeline.train_ml_models manual__2026-06-01T12:16:40.646675+00:00 [running]> on host baf04b10fc1d
[2026-06-01T12:16:52.230+0000] {taskinstance.py:2648} INFO - Exporting env vars: AIRFLOW_CTX_DAG_OWNER='futsal_admin' AIRFLOW_CTX_DAG_ID='futsal_nightly_db_pipeline' AIRFLOW_CTX_TASK_ID='train_ml_models' AIRFLOW_CTX_EXECUTION_DATE='2026-06-01T12:16:40.646675+00:00' AIRFLOW_CTX_TRY_NUMBER='1' AIRFLOW_CTX_DAG_RUN_ID='manual__2026-06-01T12:16:40.646675+00:00'
[2026-06-01T12:16:52.232+0000] {taskinstance.py:430} INFO - ::endgroup::
[2026-06-01T12:16:52.234+0000] {logging_mixin.py:188} INFO - 
=======================================================
[2026-06-01T12:16:52.235+0000] {logging_mixin.py:188} INFO - RUNNING MATCH DATA MODEL TRAINING PIPELINE
[2026-06-01T12:16:52.236+0000] {logging_mixin.py:188} INFO - =======================================================
[2026-06-01T12:16:52.236+0000] {logging_mixin.py:188} INFO - Loading match feature data...
[2026-06-01T12:16:52.260+0000] {logging_mixin.py:188} INFO - Training match models...
[2026-06-01T12:16:52.262+0000] {logging_mixin.py:188} INFO - Grid searching: RandomForestClassifier...
[2026-06-01T12:16:52.264+0000] {logging_mixin.py:188} INFO - Grid searching: SVC...
[2026-06-01T12:16:52.265+0000] {logging_mixin.py:188} INFO - Grid searching: LogisticRegression...
[2026-06-01T12:16:52.266+0000] {logging_mixin.py:188} INFO - Training RandomForestClassifier...
[2026-06-01T12:18:17.843+0000] {logging_mixin.py:188} INFO - Training SVC...
[2026-06-01T12:18:18.298+0000] {logging_mixin.py:188} INFO - Training LogisticRegression...
[2026-06-01T12:18:19.616+0000] {logging_mixin.py:188} INFO - 
==================================================
[2026-06-01T12:18:19.621+0000] {logging_mixin.py:188} INFO - Match Training Report:
[2026-06-01T12:18:19.623+0000] {logging_mixin.py:188} INFO - ==================================================
[2026-06-01T12:18:19.625+0000] {logging_mixin.py:188} INFO - Model: RandomForestClassifier
[2026-06-01T12:18:19.626+0000] {logging_mixin.py:188} INFO - Accuracy: 0.7176
[2026-06-01T12:18:19.627+0000] {logging_mixin.py:188} INFO - F1-Score: 0.7182
[2026-06-01T12:18:19.628+0000] {logging_mixin.py:188} INFO - Best Params: {'classifier__max_depth': 10, 'classifier__min_samples_leaf': 2, 'classifier__min_samples_split': 10, 'classifier__n_estimators': 200}
[2026-06-01T12:18:19.633+0000] {logging_mixin.py:188} INFO - --------------------------------------------------
[2026-06-01T12:18:19.634+0000] {logging_mixin.py:188} INFO - Model: SVC
[2026-06-01T12:18:19.634+0000] {logging_mixin.py:188} INFO - Accuracy: 0.7176
[2026-06-01T12:18:19.635+0000] {logging_mixin.py:188} INFO - F1-Score: 0.7184
[2026-06-01T12:18:19.636+0000] {logging_mixin.py:188} INFO - Best Params: {'classifier__C': 0.1, 'classifier__kernel': 'linear'}
[2026-06-01T12:18:19.636+0000] {logging_mixin.py:188} INFO - --------------------------------------------------
[2026-06-01T12:18:19.639+0000] {logging_mixin.py:188} INFO - Model: LogisticRegression
[2026-06-01T12:18:19.640+0000] {logging_mixin.py:188} INFO - Accuracy: 0.6941
[2026-06-01T12:18:19.645+0000] {logging_mixin.py:188} INFO - F1-Score: 0.6949
[2026-06-01T12:18:19.649+0000] {logging_mixin.py:188} INFO - Best Params: {'classifier__C': 0.1}
[2026-06-01T12:18:19.649+0000] {logging_mixin.py:188} INFO - --------------------------------------------------
[2026-06-01T12:18:19.762+0000] {logging_mixin.py:188} INFO - 
Best match model name: RandomForestClassifier
[2026-06-01T12:18:19.764+0000] {logging_mixin.py:188} INFO - Best match model type: <class 'sklearn.pipeline.Pipeline'>
[2026-06-01T12:18:20.241+0000] {logging_mixin.py:188} INFO - Best match model (architecture-specific) saved to models/RandomForestClassifier_matches_model.pkl
[2026-06-01T12:18:20.244+0000] {logging_mixin.py:188} INFO - Match features saved to features/match_trained_features.pkl
[2026-06-01T12:18:20.245+0000] {logging_mixin.py:188} INFO - 
=======================================================
[2026-06-01T12:18:20.245+0000] {logging_mixin.py:188} INFO - RUNNING PLAYER DATA MODEL TRAINING PIPELINE
[2026-06-01T12:18:20.246+0000] {logging_mixin.py:188} INFO - =======================================================
[2026-06-01T12:18:20.247+0000] {logging_mixin.py:188} INFO - Loading player feature data...
[2026-06-01T12:18:20.338+0000] {logging_mixin.py:188} INFO - Training player models...
[2026-06-01T12:18:20.341+0000] {logging_mixin.py:188} INFO - 
================================================================================
[2026-06-01T12:18:20.342+0000] {logging_mixin.py:188} INFO - TRAINING RandomForest
[2026-06-01T12:18:20.343+0000] {logging_mixin.py:188} INFO - ================================================================================
[2026-06-01T12:18:20.347+0000] {logging_mixin.py:188} INFO - Fitting 3 folds for each of 24 candidates, totalling 72 fits
[2026-06-01T12:20:51.637+0000] {logging_mixin.py:188} INFO - BEST PARAMETERS FOR RandomForest: {'max_depth': 3, 'min_samples_leaf': 2, 'min_samples_split': 2, 'n_estimators': 200}
[2026-06-01T12:20:51.743+0000] {logging_mixin.py:188} INFO - RESULTS FOR RandomForest: MAE: 3.3286, RMSE: 4.7092, R2: -0.0429
[2026-06-01T12:20:51.759+0000] {logging_mixin.py:188} INFO - 
================================================================================
[2026-06-01T12:20:51.761+0000] {logging_mixin.py:188} INFO - TRAINING GradientBoosting
[2026-06-01T12:20:51.766+0000] {logging_mixin.py:188} INFO - ================================================================================
[2026-06-01T12:20:51.782+0000] {logging_mixin.py:188} INFO - Fitting 3 folds for each of 12 candidates, totalling 36 fits
[2026-06-01T12:22:01.516+0000] {logging_mixin.py:188} INFO - BEST PARAMETERS FOR GradientBoosting: {'learning_rate': 0.03, 'max_depth': 3, 'n_estimators': 100}
[2026-06-01T12:22:01.536+0000] {logging_mixin.py:188} INFO - RESULTS FOR GradientBoosting: MAE: 3.3465, RMSE: 4.7402, R2: -0.0567
[2026-06-01T12:22:01.538+0000] {logging_mixin.py:188} INFO - 
================================================================================
[2026-06-01T12:22:01.547+0000] {logging_mixin.py:188} INFO - TRAINING ExtraTrees
[2026-06-01T12:22:01.555+0000] {logging_mixin.py:188} INFO - ================================================================================
[2026-06-01T12:22:01.562+0000] {logging_mixin.py:188} INFO - Fitting 3 folds for each of 8 candidates, totalling 24 fits
[2026-06-01T12:22:24.370+0000] {logging_mixin.py:188} INFO - BEST PARAMETERS FOR ExtraTrees: {'max_depth': 5, 'min_samples_split': 2, 'n_estimators': 100}
[2026-06-01T12:22:24.402+0000] {logging_mixin.py:188} INFO - RESULTS FOR ExtraTrees: MAE: 3.3024, RMSE: 4.6988, R2: -0.0383
[2026-06-01T12:22:24.403+0000] {logging_mixin.py:188} INFO - 
================================================================================
[2026-06-01T12:22:24.405+0000] {logging_mixin.py:188} INFO - TRAINING RidgeRegression
[2026-06-01T12:22:24.407+0000] {logging_mixin.py:188} INFO - ================================================================================
[2026-06-01T12:22:24.416+0000] {logging_mixin.py:188} INFO - Fitting 3 folds for each of 3 candidates, totalling 9 fits
[2026-06-01T12:22:24.683+0000] {logging_mixin.py:188} INFO - BEST PARAMETERS FOR RidgeRegression: {'alpha': 10.0}
[2026-06-01T12:22:24.701+0000] {logging_mixin.py:188} INFO - RESULTS FOR RidgeRegression: MAE: 3.313, RMSE: 4.6744, R2: -0.0276
[2026-06-01T12:22:24.716+0000] {logging_mixin.py:188} INFO - 
================================================================================
[2026-06-01T12:22:24.730+0000] {logging_mixin.py:188} INFO - TRAINING XGBoost
[2026-06-01T12:22:24.732+0000] {logging_mixin.py:188} INFO - ================================================================================
[2026-06-01T12:22:24.760+0000] {logging_mixin.py:188} INFO - Fitting 3 folds for each of 12 candidates, totalling 36 fits
