[2026-06-01T12:33:08.748+0000] {local_task_job_runner.py:120} INFO - ::group::Pre task execution logs
[2026-06-01T12:33:08.809+0000] {taskinstance.py:2076} INFO - Dependencies all met for dep_context=non-requeueable deps ti=<TaskInstance: futsal_nightly_db_pipeline.train_ml_models manual__2026-06-01T12:16:40.646675+00:00 [queued]>
[2026-06-01T12:33:08.824+0000] {taskinstance.py:2076} INFO - Dependencies all met for dep_context=requeueable deps ti=<TaskInstance: futsal_nightly_db_pipeline.train_ml_models manual__2026-06-01T12:16:40.646675+00:00 [queued]>
[2026-06-01T12:33:08.826+0000] {taskinstance.py:2306} INFO - Starting attempt 2 of 2
[2026-06-01T12:33:08.855+0000] {taskinstance.py:2330} INFO - Executing <Task(PythonOperator): train_ml_models> on 2026-06-01 12:16:40.646675+00:00
[2026-06-01T12:33:08.878+0000] {standard_task_runner.py:63} INFO - Started process 429 to run task
[2026-06-01T12:33:08.888+0000] {standard_task_runner.py:90} INFO - Running: ['***', 'tasks', 'run', 'futsal_nightly_db_pipeline', 'train_ml_models', 'manual__2026-06-01T12:16:40.646675+00:00', '--job-id', '15', '--raw', '--subdir', 'DAGS_FOLDER/futsal_pipeline.py', '--cfg-path', '/tmp/tmprer4jy_4']
[2026-06-01T12:33:08.892+0000] {standard_task_runner.py:91} INFO - Job 15: Subtask train_ml_models
[2026-06-01T12:33:09.080+0000] {task_command.py:426} INFO - Running <TaskInstance: futsal_nightly_db_pipeline.train_ml_models manual__2026-06-01T12:16:40.646675+00:00 [running]> on host b326f2068ec6
[2026-06-01T12:33:09.283+0000] {taskinstance.py:2648} INFO - Exporting env vars: AIRFLOW_CTX_DAG_OWNER='futsal_admin' AIRFLOW_CTX_DAG_ID='futsal_nightly_db_pipeline' AIRFLOW_CTX_TASK_ID='train_ml_models' AIRFLOW_CTX_EXECUTION_DATE='2026-06-01T12:16:40.646675+00:00' AIRFLOW_CTX_TRY_NUMBER='2' AIRFLOW_CTX_DAG_RUN_ID='manual__2026-06-01T12:16:40.646675+00:00'
[2026-06-01T12:33:09.286+0000] {taskinstance.py:430} INFO - ::endgroup::
[2026-06-01T12:33:09.289+0000] {logging_mixin.py:188} INFO - 
=======================================================
[2026-06-01T12:33:09.290+0000] {logging_mixin.py:188} INFO - RUNNING MATCH DATA MODEL TRAINING PIPELINE
[2026-06-01T12:33:09.291+0000] {logging_mixin.py:188} INFO - =======================================================
[2026-06-01T12:33:09.292+0000] {logging_mixin.py:188} INFO - Loading match feature data...
[2026-06-01T12:33:09.323+0000] {logging_mixin.py:188} INFO - Training match models...
[2026-06-01T12:33:09.325+0000] {logging_mixin.py:188} INFO - Grid searching: RandomForestClassifier...
[2026-06-01T12:33:09.328+0000] {logging_mixin.py:188} INFO - Grid searching: SVC...
[2026-06-01T12:33:09.330+0000] {logging_mixin.py:188} INFO - Grid searching: LogisticRegression...
[2026-06-01T12:33:09.331+0000] {logging_mixin.py:188} INFO - Training RandomForestClassifier...
[2026-06-01T12:36:01.139+0000] {logging_mixin.py:188} INFO - Training SVC...
[2026-06-01T12:36:01.407+0000] {logging_mixin.py:188} INFO - Training LogisticRegression...
[2026-06-01T12:36:02.684+0000] {logging_mixin.py:188} INFO - 
==================================================
[2026-06-01T12:36:02.695+0000] {logging_mixin.py:188} INFO - Match Training Report:
[2026-06-01T12:36:02.699+0000] {logging_mixin.py:188} INFO - ==================================================
[2026-06-01T12:36:02.700+0000] {logging_mixin.py:188} INFO - Model: RandomForestClassifier
[2026-06-01T12:36:02.700+0000] {logging_mixin.py:188} INFO - Accuracy: 0.7412
[2026-06-01T12:36:02.701+0000] {logging_mixin.py:188} INFO - F1-Score: 0.7417
[2026-06-01T12:36:02.701+0000] {logging_mixin.py:188} INFO - Best Params: {'classifier__max_depth': 20, 'classifier__min_samples_leaf': 2, 'classifier__min_samples_split': 10, 'classifier__n_estimators': 100}
[2026-06-01T12:36:02.702+0000] {logging_mixin.py:188} INFO - --------------------------------------------------
[2026-06-01T12:36:02.711+0000] {logging_mixin.py:188} INFO - Model: SVC
[2026-06-01T12:36:02.712+0000] {logging_mixin.py:188} INFO - Accuracy: 0.7176
[2026-06-01T12:36:02.712+0000] {logging_mixin.py:188} INFO - F1-Score: 0.7184
[2026-06-01T12:36:02.719+0000] {logging_mixin.py:188} INFO - Best Params: {'classifier__C': 0.1, 'classifier__kernel': 'linear'}
[2026-06-01T12:36:02.727+0000] {logging_mixin.py:188} INFO - --------------------------------------------------
[2026-06-01T12:36:02.728+0000] {logging_mixin.py:188} INFO - Model: LogisticRegression
[2026-06-01T12:36:02.728+0000] {logging_mixin.py:188} INFO - Accuracy: 0.6941
[2026-06-01T12:36:02.729+0000] {logging_mixin.py:188} INFO - F1-Score: 0.6949
[2026-06-01T12:36:02.729+0000] {logging_mixin.py:188} INFO - Best Params: {'classifier__C': 0.1}
[2026-06-01T12:36:02.731+0000] {logging_mixin.py:188} INFO - --------------------------------------------------
[2026-06-01T12:36:02.843+0000] {logging_mixin.py:188} INFO - 
Best match model name: RandomForestClassifier
[2026-06-01T12:36:02.845+0000] {logging_mixin.py:188} INFO - Best match model type: <class 'sklearn.pipeline.Pipeline'>
[2026-06-01T12:36:03.189+0000] {logging_mixin.py:188} INFO - Best match model (architecture-specific) saved to models/RandomForestClassifier_matches_model.pkl
[2026-06-01T12:36:03.190+0000] {logging_mixin.py:188} INFO - Match features saved to features/match_trained_features.pkl
[2026-06-01T12:36:03.192+0000] {logging_mixin.py:188} INFO - 
=======================================================
[2026-06-01T12:36:03.192+0000] {logging_mixin.py:188} INFO - RUNNING PLAYER DATA MODEL TRAINING PIPELINE
[2026-06-01T12:36:03.193+0000] {logging_mixin.py:188} INFO - =======================================================
[2026-06-01T12:36:03.193+0000] {logging_mixin.py:188} INFO - Loading player feature data...
[2026-06-01T12:36:03.271+0000] {logging_mixin.py:188} INFO - Training player models...
[2026-06-01T12:36:03.273+0000] {logging_mixin.py:188} INFO - 
================================================================================
[2026-06-01T12:36:03.273+0000] {logging_mixin.py:188} INFO - TRAINING RandomForest
[2026-06-01T12:36:03.274+0000] {logging_mixin.py:188} INFO - ================================================================================
[2026-06-01T12:36:03.279+0000] {logging_mixin.py:188} INFO - Fitting 3 folds for each of 24 candidates, totalling 72 fits
[2026-06-01T12:38:19.813+0000] {logging_mixin.py:188} INFO - BEST PARAMETERS FOR RandomForest: {'max_depth': 3, 'min_samples_leaf': 2, 'min_samples_split': 2, 'n_estimators': 200}
[2026-06-01T12:38:19.852+0000] {logging_mixin.py:188} INFO - RESULTS FOR RandomForest: MAE: 3.3286, RMSE: 4.7092, R2: -0.0429
[2026-06-01T12:38:19.853+0000] {logging_mixin.py:188} INFO - 
================================================================================
[2026-06-01T12:38:19.854+0000] {logging_mixin.py:188} INFO - TRAINING GradientBoosting
[2026-06-01T12:38:19.855+0000] {logging_mixin.py:188} INFO - ================================================================================
[2026-06-01T12:38:19.857+0000] {logging_mixin.py:188} INFO - Fitting 3 folds for each of 12 candidates, totalling 36 fits
[2026-06-01T12:39:22.953+0000] {logging_mixin.py:188} INFO - BEST PARAMETERS FOR GradientBoosting: {'learning_rate': 0.03, 'max_depth': 3, 'n_estimators': 100}
[2026-06-01T12:39:22.962+0000] {logging_mixin.py:188} INFO - RESULTS FOR GradientBoosting: MAE: 3.3465, RMSE: 4.7402, R2: -0.0567
[2026-06-01T12:39:22.963+0000] {logging_mixin.py:188} INFO - 
================================================================================
[2026-06-01T12:39:22.964+0000] {logging_mixin.py:188} INFO - TRAINING ExtraTrees
[2026-06-01T12:39:22.964+0000] {logging_mixin.py:188} INFO - ================================================================================
[2026-06-01T12:39:22.968+0000] {logging_mixin.py:188} INFO - Fitting 3 folds for each of 8 candidates, totalling 24 fits
[2026-06-01T12:39:52.589+0000] {logging_mixin.py:188} INFO - BEST PARAMETERS FOR ExtraTrees: {'max_depth': 5, 'min_samples_split': 2, 'n_estimators': 100}
[2026-06-01T12:39:52.662+0000] {logging_mixin.py:188} INFO - RESULTS FOR ExtraTrees: MAE: 3.3024, RMSE: 4.6988, R2: -0.0383
[2026-06-01T12:39:52.665+0000] {logging_mixin.py:188} INFO - 
================================================================================
[2026-06-01T12:39:52.669+0000] {logging_mixin.py:188} INFO - TRAINING RidgeRegression
[2026-06-01T12:39:52.669+0000] {logging_mixin.py:188} INFO - ================================================================================
[2026-06-01T12:39:52.673+0000] {logging_mixin.py:188} INFO - Fitting 3 folds for each of 3 candidates, totalling 9 fits
[2026-06-01T12:39:53.126+0000] {logging_mixin.py:188} INFO - BEST PARAMETERS FOR RidgeRegression: {'alpha': 10.0}
[2026-06-01T12:39:53.168+0000] {logging_mixin.py:188} INFO - RESULTS FOR RidgeRegression: MAE: 3.313, RMSE: 4.6744, R2: -0.0276
[2026-06-01T12:39:53.193+0000] {logging_mixin.py:188} INFO - 
================================================================================
[2026-06-01T12:39:53.194+0000] {logging_mixin.py:188} INFO - TRAINING XGBoost
[2026-06-01T12:39:53.197+0000] {logging_mixin.py:188} INFO - ================================================================================
[2026-06-01T12:39:53.209+0000] {logging_mixin.py:188} INFO - Fitting 3 folds for each of 12 candidates, totalling 36 fits
