[2026-06-02T05:44:02.865+0000] {local_task_job_runner.py:120} INFO - ::group::Pre task execution logs
[2026-06-02T05:44:02.894+0000] {taskinstance.py:2076} INFO - Dependencies all met for dep_context=non-requeueable deps ti=<TaskInstance: futsal_nightly_db_pipeline.train_ml_models manual__2026-06-01T12:16:40.646675+00:00 [queued]>
[2026-06-02T05:44:02.904+0000] {taskinstance.py:2076} INFO - Dependencies all met for dep_context=requeueable deps ti=<TaskInstance: futsal_nightly_db_pipeline.train_ml_models manual__2026-06-01T12:16:40.646675+00:00 [queued]>
[2026-06-02T05:44:02.905+0000] {taskinstance.py:2306} INFO - Starting attempt 4 of 2
[2026-06-02T05:44:02.917+0000] {taskinstance.py:2330} INFO - Executing <Task(PythonOperator): train_ml_models> on 2026-06-01 12:16:40.646675+00:00
[2026-06-02T05:44:02.933+0000] {standard_task_runner.py:63} INFO - Started process 3041 to run task
[2026-06-02T05:44:02.937+0000] {standard_task_runner.py:90} INFO - Running: ['***', 'tasks', 'run', 'futsal_nightly_db_pipeline', 'train_ml_models', 'manual__2026-06-01T12:16:40.646675+00:00', '--job-id', '31', '--raw', '--subdir', 'DAGS_FOLDER/futsal_pipeline.py', '--cfg-path', '/tmp/tmp62roo2ow']
[2026-06-02T05:44:02.938+0000] {standard_task_runner.py:91} INFO - Job 31: Subtask train_ml_models
[2026-06-02T05:44:03.015+0000] {task_command.py:426} INFO - Running <TaskInstance: futsal_nightly_db_pipeline.train_ml_models manual__2026-06-01T12:16:40.646675+00:00 [running]> on host b326f2068ec6
[2026-06-02T05:44:03.102+0000] {taskinstance.py:2648} INFO - Exporting env vars: AIRFLOW_CTX_DAG_OWNER='futsal_admin' AIRFLOW_CTX_DAG_ID='futsal_nightly_db_pipeline' AIRFLOW_CTX_TASK_ID='train_ml_models' AIRFLOW_CTX_EXECUTION_DATE='2026-06-01T12:16:40.646675+00:00' AIRFLOW_CTX_TRY_NUMBER='4' AIRFLOW_CTX_DAG_RUN_ID='manual__2026-06-01T12:16:40.646675+00:00'
[2026-06-02T05:44:03.104+0000] {taskinstance.py:430} INFO - ::endgroup::
[2026-06-02T05:44:03.105+0000] {logging_mixin.py:188} INFO - 
=======================================================
[2026-06-02T05:44:03.105+0000] {logging_mixin.py:188} INFO - RUNNING MATCH DATA MODEL TRAINING PIPELINE
[2026-06-02T05:44:03.106+0000] {logging_mixin.py:188} INFO - =======================================================
[2026-06-02T05:44:03.106+0000] {logging_mixin.py:188} INFO - Loading match feature data...
[2026-06-02T05:44:03.129+0000] {logging_mixin.py:188} INFO - Training match models...
[2026-06-02T05:44:03.131+0000] {logging_mixin.py:188} INFO - Grid searching: RandomForestClassifier...
[2026-06-02T05:44:03.132+0000] {logging_mixin.py:188} INFO - Grid searching: SVC...
[2026-06-02T05:44:03.133+0000] {logging_mixin.py:188} INFO - Grid searching: LogisticRegression...
[2026-06-02T05:44:03.133+0000] {logging_mixin.py:188} INFO - Training RandomForestClassifier...
[2026-06-02T05:46:37.903+0000] {logging_mixin.py:188} INFO - Training SVC...
[2026-06-02T05:46:38.541+0000] {logging_mixin.py:188} INFO - Training LogisticRegression...
[2026-06-02T05:46:39.806+0000] {logging_mixin.py:188} INFO - 
==================================================
[2026-06-02T05:46:39.807+0000] {logging_mixin.py:188} INFO - Match Training Report:
[2026-06-02T05:46:39.808+0000] {logging_mixin.py:188} INFO - ==================================================
[2026-06-02T05:46:39.811+0000] {logging_mixin.py:188} INFO - Model: RandomForestClassifier
[2026-06-02T05:46:39.812+0000] {logging_mixin.py:188} INFO - Accuracy: 0.7059
[2026-06-02T05:46:39.812+0000] {logging_mixin.py:188} INFO - F1-Score: 0.7062
[2026-06-02T05:46:39.813+0000] {logging_mixin.py:188} INFO - Best Params: {'classifier__max_depth': 30, 'classifier__min_samples_leaf': 4, 'classifier__min_samples_split': 5, 'classifier__n_estimators': 200}
[2026-06-02T05:46:39.813+0000] {logging_mixin.py:188} INFO - --------------------------------------------------
[2026-06-02T05:46:39.813+0000] {logging_mixin.py:188} INFO - Model: SVC
[2026-06-02T05:46:39.816+0000] {logging_mixin.py:188} INFO - Accuracy: 0.7176
[2026-06-02T05:46:39.816+0000] {logging_mixin.py:188} INFO - F1-Score: 0.7184
[2026-06-02T05:46:39.817+0000] {logging_mixin.py:188} INFO - Best Params: {'classifier__C': 0.1, 'classifier__kernel': 'linear'}
[2026-06-02T05:46:39.818+0000] {logging_mixin.py:188} INFO - --------------------------------------------------
[2026-06-02T05:46:39.818+0000] {logging_mixin.py:188} INFO - Model: LogisticRegression
[2026-06-02T05:46:39.818+0000] {logging_mixin.py:188} INFO - Accuracy: 0.6941
[2026-06-02T05:46:39.819+0000] {logging_mixin.py:188} INFO - F1-Score: 0.6949
[2026-06-02T05:46:39.819+0000] {logging_mixin.py:188} INFO - Best Params: {'classifier__C': 0.1}
[2026-06-02T05:46:39.820+0000] {logging_mixin.py:188} INFO - --------------------------------------------------
[2026-06-02T05:46:39.944+0000] {logging_mixin.py:188} INFO - 
Best match model name: SVC
[2026-06-02T05:46:39.945+0000] {logging_mixin.py:188} INFO - Best match model type: <class 'sklearn.pipeline.Pipeline'>
[2026-06-02T05:46:39.981+0000] {logging_mixin.py:188} INFO - Best match model (architecture-specific) saved to models/SVC_matches_model.pkl
[2026-06-02T05:46:39.982+0000] {logging_mixin.py:188} INFO - Match features saved to features/match_trained_features.pkl
[2026-06-02T05:46:39.984+0000] {logging_mixin.py:188} INFO - 
=======================================================
[2026-06-02T05:46:39.985+0000] {logging_mixin.py:188} INFO - RUNNING PLAYER DATA MODEL TRAINING PIPELINE
[2026-06-02T05:46:39.985+0000] {logging_mixin.py:188} INFO - =======================================================
[2026-06-02T05:46:39.986+0000] {logging_mixin.py:188} INFO - Loading player feature data...
[2026-06-02T05:46:40.122+0000] {logging_mixin.py:188} INFO - Training player models...
[2026-06-02T05:46:40.129+0000] {logging_mixin.py:188} INFO - 
================================================================================
[2026-06-02T05:46:40.130+0000] {logging_mixin.py:188} INFO - TRAINING RandomForest
[2026-06-02T05:46:40.131+0000] {logging_mixin.py:188} INFO - ================================================================================
[2026-06-02T05:46:40.135+0000] {logging_mixin.py:188} INFO - Fitting 3 folds for each of 24 candidates, totalling 72 fits
[2026-06-02T05:46:58.237+0000] {local_task_job_runner.py:124} ERROR - Received SIGTERM. Terminating subprocesses
[2026-06-02T05:46:58.255+0000] {process_utils.py:132} INFO - Sending 15 to group 3041. PIDs of all processes in the group: [3041]
[2026-06-02T05:46:58.258+0000] {process_utils.py:87} INFO - Sending the signal 15 to group 3041
[2026-06-02T05:46:58.259+0000] {taskinstance.py:2611} ERROR - Received SIGTERM. Terminating subprocesses.
[2026-06-02T05:46:58.265+0000] {taskinstance.py:441} INFO - ::group::Post task execution logs
[2026-06-02T05:46:58.293+0000] {taskinstance.py:2905} ERROR - Task failed with exception
Traceback (most recent call last):
  File "/home/airflow/.local/lib/python3.11/site-packages/airflow/models/taskinstance.py", line 465, in _execute_task
    result = _execute_callable(context=context, **execute_callable_kwargs)
             ^^^^^^^^^^^^^^^^^^^^^^^^^^^^^^^^^^^^^^^^^^^^^^^^^^^^^^^^^^^^^
  File "/home/airflow/.local/lib/python3.11/site-packages/airflow/models/taskinstance.py", line 432, in _execute_callable
    return execute_callable(context=context, **execute_callable_kwargs)
           ^^^^^^^^^^^^^^^^^^^^^^^^^^^^^^^^^^^^^^^^^^^^^^^^^^^^^^^^^^^^
  File "/home/airflow/.local/lib/python3.11/site-packages/airflow/models/baseoperator.py", line 400, in wrapper
    return func(self, *args, **kwargs)
           ^^^^^^^^^^^^^^^^^^^^^^^^^^^
  File "/home/airflow/.local/lib/python3.11/site-packages/airflow/operators/python.py", line 235, in execute
    return_value = self.execute_callable()
                   ^^^^^^^^^^^^^^^^^^^^^^^
  File "/home/airflow/.local/lib/python3.11/site-packages/airflow/operators/python.py", line 252, in execute_callable
    return self.python_callable(*self.op_args, **self.op_kwargs)
           ^^^^^^^^^^^^^^^^^^^^^^^^^^^^^^^^^^^^^^^^^^^^^^^^^^^^^
  File "/opt/airflow/dags/futsal_pipeline.py", line 29, in run_model_training
    pipeline.run_pipeline()
  File "/opt/airflow/pipeline/training_pipeline.py", line 191, in run_pipeline
    player_results = self.player_pipeline.run_pipeline()
                     ^^^^^^^^^^^^^^^^^^^^^^^^^^^^^^^^^^^
  File "/opt/airflow/pipeline/training_pipeline.py", line 149, in run_pipeline
    models_report = self.train_models(X, y)
                    ^^^^^^^^^^^^^^^^^^^^^^^
  File "/opt/airflow/pipeline/training_pipeline.py", line 105, in train_models
    return self.trainer.train(X, y)
           ^^^^^^^^^^^^^^^^^^^^^^^^
  File "/opt/airflow/scripts/model_trainer.py", line 357, in train
    return self.trainer.train(X, y)
           ^^^^^^^^^^^^^^^^^^^^^^^^
  File "/opt/airflow/scripts/model_trainer.py", line 275, in train
    grid.fit(X_train, y_train)
  File "/home/airflow/.local/lib/python3.11/site-packages/sklearn/base.py", line 1336, in wrapper
    return fit_method(estimator, *args, **kwargs)
           ^^^^^^^^^^^^^^^^^^^^^^^^^^^^^^^^^^^^^^
  File "/home/airflow/.local/lib/python3.11/site-packages/sklearn/model_selection/_search.py", line 1053, in fit
    self._run_search(evaluate_candidates)
  File "/home/airflow/.local/lib/python3.11/site-packages/sklearn/model_selection/_search.py", line 1612, in _run_search
    evaluate_candidates(ParameterGrid(self.param_grid))
  File "/home/airflow/.local/lib/python3.11/site-packages/sklearn/model_selection/_search.py", line 999, in evaluate_candidates
    out = parallel(
          ^^^^^^^^^
  File "/home/airflow/.local/lib/python3.11/site-packages/sklearn/utils/parallel.py", line 91, in __call__
    return super().__call__(iterable_with_config_and_warning_filters)
           ^^^^^^^^^^^^^^^^^^^^^^^^^^^^^^^^^^^^^^^^^^^^^^^^^^^^^^^^^^
  File "/home/airflow/.local/lib/python3.11/site-packages/joblib/parallel.py", line 1986, in __call__
    return output if self.return_generator else list(output)
                                                ^^^^^^^^^^^^
  File "/home/airflow/.local/lib/python3.11/site-packages/joblib/parallel.py", line 1914, in _get_sequential_output
    res = func(*args, **kwargs)
          ^^^^^^^^^^^^^^^^^^^^^
  File "/home/airflow/.local/lib/python3.11/site-packages/sklearn/utils/parallel.py", line 184, in __call__
    return self.function(*args, **kwargs)
           ^^^^^^^^^^^^^^^^^^^^^^^^^^^^^^
  File "/home/airflow/.local/lib/python3.11/site-packages/sklearn/model_selection/_validation.py", line 833, in _fit_and_score
    estimator.fit(X_train, y_train, **fit_params)
  File "/home/airflow/.local/lib/python3.11/site-packages/sklearn/base.py", line 1336, in wrapper
    return fit_method(estimator, *args, **kwargs)
           ^^^^^^^^^^^^^^^^^^^^^^^^^^^^^^^^^^^^^^
  File "/home/airflow/.local/lib/python3.11/site-packages/sklearn/ensemble/_forest.py", line 486, in fit
    trees = Parallel(
            ^^^^^^^^^
  File "/home/airflow/.local/lib/python3.11/site-packages/sklearn/utils/parallel.py", line 91, in __call__
    return super().__call__(iterable_with_config_and_warning_filters)
           ^^^^^^^^^^^^^^^^^^^^^^^^^^^^^^^^^^^^^^^^^^^^^^^^^^^^^^^^^^
  File "/home/airflow/.local/lib/python3.11/site-packages/joblib/parallel.py", line 1986, in __call__
    return output if self.return_generator else list(output)
                                                ^^^^^^^^^^^^
  File "/home/airflow/.local/lib/python3.11/site-packages/joblib/parallel.py", line 1914, in _get_sequential_output
    res = func(*args, **kwargs)
          ^^^^^^^^^^^^^^^^^^^^^
  File "/home/airflow/.local/lib/python3.11/site-packages/sklearn/utils/parallel.py", line 184, in __call__
    return self.function(*args, **kwargs)
           ^^^^^^^^^^^^^^^^^^^^^^^^^^^^^^
  File "/home/airflow/.local/lib/python3.11/site-packages/sklearn/ensemble/_forest.py", line 188, in _parallel_build_trees
    tree._fit(
  File "/home/airflow/.local/lib/python3.11/site-packages/sklearn/tree/_classes.py", line 475, in _fit
    builder.build(self.tree_, X, y, sample_weight, missing_values_in_feature_mask)
  File "/home/airflow/.local/lib/python3.11/site-packages/airflow/models/taskinstance.py", line 2613, in signal_handler
    raise AirflowTaskTerminated("Task received SIGTERM signal")
airflow.exceptions.AirflowTaskTerminated: Task received SIGTERM signal
[2026-06-02T05:46:58.458+0000] {taskinstance.py:1206} INFO - Marking task as FAILED. dag_id=futsal_nightly_db_pipeline, task_id=train_ml_models, run_id=manual__2026-06-01T12:16:40.646675+00:00, execution_date=20260601T121640, start_date=20260602T054402, end_date=20260602T054658
[2026-06-02T05:46:58.658+0000] {process_utils.py:80} INFO - Process psutil.Process(pid=3041, status='terminated', exitcode=2, started='05:44:02') (3041) terminated with exit code 2
[2026-06-02T05:46:58.659+0000] {local_task_job_runner.py:240} INFO - Task exited with return code 143
[2026-06-02T05:46:58.696+0000] {taskinstance.py:3498} INFO - 0 downstream tasks scheduled from follow-on schedule check
