[2026-06-08T05:30:39.164+0000] {local_task_job_runner.py:120} INFO - ::group::Pre task execution logs
[2026-06-08T05:30:39.197+0000] {taskinstance.py:2076} INFO - Dependencies all met for dep_context=non-requeueable deps ti=<TaskInstance: futsal_nightly_db_pipeline.train_ml_models scheduled__2026-06-05T00:00:00+00:00 [queued]>
[2026-06-08T05:30:39.207+0000] {taskinstance.py:2076} INFO - Dependencies all met for dep_context=requeueable deps ti=<TaskInstance: futsal_nightly_db_pipeline.train_ml_models scheduled__2026-06-05T00:00:00+00:00 [queued]>
[2026-06-08T05:30:39.208+0000] {taskinstance.py:2306} INFO - Starting attempt 3 of 2
[2026-06-08T05:30:39.222+0000] {taskinstance.py:2330} INFO - Executing <Task(PythonOperator): train_ml_models> on 2026-06-05 00:00:00+00:00
[2026-06-08T05:30:39.231+0000] {standard_task_runner.py:63} INFO - Started process 306 to run task
[2026-06-08T05:30:39.236+0000] {standard_task_runner.py:90} INFO - Running: ['***', 'tasks', 'run', 'futsal_nightly_db_pipeline', 'train_ml_models', 'scheduled__2026-06-05T00:00:00+00:00', '--job-id', '78', '--raw', '--subdir', 'DAGS_FOLDER/futsal_pipeline.py', '--cfg-path', '/tmp/tmp9dx2l6ui']
[2026-06-08T05:30:39.239+0000] {standard_task_runner.py:91} INFO - Job 78: Subtask train_ml_models
[2026-06-08T05:30:39.322+0000] {task_command.py:426} INFO - Running <TaskInstance: futsal_nightly_db_pipeline.train_ml_models scheduled__2026-06-05T00:00:00+00:00 [running]> on host a31a6798b0ec
[2026-06-08T05:30:39.440+0000] {taskinstance.py:2648} INFO - Exporting env vars: AIRFLOW_CTX_DAG_OWNER='futsal_admin' AIRFLOW_CTX_DAG_ID='futsal_nightly_db_pipeline' AIRFLOW_CTX_TASK_ID='train_ml_models' AIRFLOW_CTX_EXECUTION_DATE='2026-06-05T00:00:00+00:00' AIRFLOW_CTX_TRY_NUMBER='3' AIRFLOW_CTX_DAG_RUN_ID='scheduled__2026-06-05T00:00:00+00:00'
[2026-06-08T05:30:39.442+0000] {taskinstance.py:430} INFO - ::endgroup::
[2026-06-08T05:30:39.470+0000] {logging_mixin.py:188} INFO - 
=======================================================
[2026-06-08T05:30:39.471+0000] {logging_mixin.py:188} INFO - RUNNING MATCH DATA MODEL TRAINING PIPELINE
[2026-06-08T05:30:39.471+0000] {logging_mixin.py:188} INFO - =======================================================
[2026-06-08T05:30:39.472+0000] {logging_mixin.py:188} INFO - Loading match feature data...
[2026-06-08T05:30:39.490+0000] {logging_mixin.py:188} INFO - Training match models...
[2026-06-08T05:30:39.491+0000] {logging_mixin.py:188} INFO - Grid searching: RandomForestClassifier...
[2026-06-08T05:30:39.492+0000] {logging_mixin.py:188} INFO - Grid searching: SVC...
[2026-06-08T05:30:39.493+0000] {logging_mixin.py:188} INFO - Grid searching: LogisticRegression...
[2026-06-08T05:30:39.493+0000] {logging_mixin.py:188} INFO - Training RandomForestClassifier...
[2026-06-08T05:32:10.641+0000] {logging_mixin.py:188} INFO - Training SVC...
[2026-06-08T05:32:10.837+0000] {logging_mixin.py:188} INFO - Training LogisticRegression...
[2026-06-08T05:32:11.555+0000] {logging_mixin.py:188} INFO - 
==================================================
[2026-06-08T05:32:11.562+0000] {logging_mixin.py:188} INFO - Match Training Report:
[2026-06-08T05:32:11.564+0000] {logging_mixin.py:188} INFO - ==================================================
[2026-06-08T05:32:11.570+0000] {logging_mixin.py:188} INFO - Model: RandomForestClassifier
[2026-06-08T05:32:11.580+0000] {logging_mixin.py:188} INFO - Accuracy: 0.7412
[2026-06-08T05:32:11.582+0000] {logging_mixin.py:188} INFO - F1-Score: 0.7419
[2026-06-08T05:32:11.582+0000] {logging_mixin.py:188} INFO - Best Params: {'classifier__max_depth': 30, 'classifier__min_samples_leaf': 4, 'classifier__min_samples_split': 5, 'classifier__n_estimators': 100}
[2026-06-08T05:32:11.585+0000] {logging_mixin.py:188} INFO - --------------------------------------------------
[2026-06-08T05:32:11.587+0000] {logging_mixin.py:188} INFO - Model: SVC
[2026-06-08T05:32:11.592+0000] {logging_mixin.py:188} INFO - Accuracy: 0.7176
[2026-06-08T05:32:11.593+0000] {logging_mixin.py:188} INFO - F1-Score: 0.7184
[2026-06-08T05:32:11.596+0000] {logging_mixin.py:188} INFO - Best Params: {'classifier__C': 0.1, 'classifier__kernel': 'linear'}
[2026-06-08T05:32:11.596+0000] {logging_mixin.py:188} INFO - --------------------------------------------------
[2026-06-08T05:32:11.597+0000] {logging_mixin.py:188} INFO - Model: LogisticRegression
[2026-06-08T05:32:11.597+0000] {logging_mixin.py:188} INFO - Accuracy: 0.6941
[2026-06-08T05:32:11.597+0000] {logging_mixin.py:188} INFO - F1-Score: 0.6949
[2026-06-08T05:32:11.598+0000] {logging_mixin.py:188} INFO - Best Params: {'classifier__C': 0.1}
[2026-06-08T05:32:11.598+0000] {logging_mixin.py:188} INFO - --------------------------------------------------
[2026-06-08T05:32:11.705+0000] {logging_mixin.py:188} INFO - 
Best match model name: RandomForestClassifier
[2026-06-08T05:32:11.705+0000] {logging_mixin.py:188} INFO - Best match model type: <class 'sklearn.pipeline.Pipeline'>
[2026-06-08T05:32:12.053+0000] {logging_mixin.py:188} INFO - Best match model (architecture-specific) saved to models/RandomForestClassifier_matches_model.pkl
[2026-06-08T05:32:12.103+0000] {logging_mixin.py:188} INFO - Match features saved to features/match_trained_features.pkl
[2026-06-08T05:32:12.104+0000] {logging_mixin.py:188} INFO - 
=======================================================
[2026-06-08T05:32:12.104+0000] {logging_mixin.py:188} INFO - RUNNING PLAYER DATA MODEL TRAINING PIPELINE
[2026-06-08T05:32:12.105+0000] {logging_mixin.py:188} INFO - =======================================================
[2026-06-08T05:32:12.105+0000] {logging_mixin.py:188} INFO - Loading player feature data...
[2026-06-08T05:32:12.171+0000] {logging_mixin.py:188} INFO - Training player models...
[2026-06-08T05:32:12.173+0000] {logging_mixin.py:188} INFO - 
================================================================================
[2026-06-08T05:32:12.174+0000] {logging_mixin.py:188} INFO - TRAINING RandomForest
[2026-06-08T05:32:12.175+0000] {logging_mixin.py:188} INFO - ================================================================================
[2026-06-08T05:32:12.178+0000] {logging_mixin.py:188} INFO - Fitting 3 folds for each of 24 candidates, totalling 72 fits
[2026-06-08T05:34:00.004+0000] {logging_mixin.py:188} INFO - BEST PARAMETERS FOR RandomForest: {'max_depth': 3, 'min_samples_leaf': 2, 'min_samples_split': 2, 'n_estimators': 200}
[2026-06-08T05:34:00.047+0000] {logging_mixin.py:188} INFO - RESULTS FOR RandomForest: MAE: 3.3286, RMSE: 4.7092, R2: -0.0429
[2026-06-08T05:34:00.047+0000] {logging_mixin.py:188} INFO - 
================================================================================
[2026-06-08T05:34:00.048+0000] {logging_mixin.py:188} INFO - TRAINING GradientBoosting
[2026-06-08T05:34:00.048+0000] {logging_mixin.py:188} INFO - ================================================================================
[2026-06-08T05:34:00.051+0000] {logging_mixin.py:188} INFO - Fitting 3 folds for each of 12 candidates, totalling 36 fits
[2026-06-08T05:34:51.882+0000] {logging_mixin.py:188} INFO - BEST PARAMETERS FOR GradientBoosting: {'learning_rate': 0.03, 'max_depth': 3, 'n_estimators': 100}
[2026-06-08T05:34:51.891+0000] {logging_mixin.py:188} INFO - RESULTS FOR GradientBoosting: MAE: 3.3465, RMSE: 4.7402, R2: -0.0567
[2026-06-08T05:34:51.891+0000] {logging_mixin.py:188} INFO - 
================================================================================
[2026-06-08T05:34:51.892+0000] {logging_mixin.py:188} INFO - TRAINING ExtraTrees
[2026-06-08T05:34:51.893+0000] {logging_mixin.py:188} INFO - ================================================================================
[2026-06-08T05:34:51.898+0000] {logging_mixin.py:188} INFO - Fitting 3 folds for each of 8 candidates, totalling 24 fits
[2026-06-08T05:35:02.399+0000] {local_task_job_runner.py:124} ERROR - Received SIGTERM. Terminating subprocesses
[2026-06-08T05:35:02.462+0000] {process_utils.py:132} INFO - Sending 15 to group 306. PIDs of all processes in the group: [306]
[2026-06-08T05:35:02.465+0000] {process_utils.py:87} INFO - Sending the signal 15 to group 306
[2026-06-08T05:35:02.484+0000] {taskinstance.py:2611} ERROR - Received SIGTERM. Terminating subprocesses.
[2026-06-08T05:35:02.488+0000] {taskinstance.py:441} INFO - ::group::Post task execution logs
[2026-06-08T05:35:02.562+0000] {taskinstance.py:2905} ERROR - Task failed with exception
Traceback (most recent call last):
  File "/home/airflow/.local/lib/python3.11/site-packages/airflow/models/taskinstance.py", line 465, in _execute_task
    result = _execute_callable(context=context, **execute_callable_kwargs)
             ^^^^^^^^^^^^^^^^^^^^^^^^^^^^^^^^^^^^^^^^^^^^^^^^^^^^^^^^^^^^^
  File "/home/airflow/.local/lib/python3.11/site-packages/airflow/models/taskinstance.py", line 432, in _execute_callable
    return execute_callable(context=context, **execute_callable_kwargs)
           ^^^^^^^^^^^^^^^^^^^^^^^^^^^^^^^^^^^^^^^^^^^^^^^^^^^^^^^^^^^^
  File "/home/airflow/.local/lib/python3.11/site-packages/airflow/models/baseoperator.py", line 400, in wrapper
    return func(self, *args, **kwargs)
           ^^^^^^^^^^^^^^^^^^^^^^^^^^^
  File "/home/airflow/.local/lib/python3.11/site-packages/airflow/operators/python.py", line 235, in execute
    return_value = self.execute_callable()
                   ^^^^^^^^^^^^^^^^^^^^^^^
  File "/home/airflow/.local/lib/python3.11/site-packages/airflow/operators/python.py", line 252, in execute_callable
    return self.python_callable(*self.op_args, **self.op_kwargs)
           ^^^^^^^^^^^^^^^^^^^^^^^^^^^^^^^^^^^^^^^^^^^^^^^^^^^^^
  File "/opt/airflow/dags/futsal_pipeline.py", line 29, in run_model_training
    pipeline.run_pipeline()
  File "/opt/airflow/pipeline/training_pipeline.py", line 191, in run_pipeline
    player_results = self.player_pipeline.run_pipeline()
                     ^^^^^^^^^^^^^^^^^^^^^^^^^^^^^^^^^^^
  File "/opt/airflow/pipeline/training_pipeline.py", line 149, in run_pipeline
    models_report = self.train_models(X, y)
                    ^^^^^^^^^^^^^^^^^^^^^^^
  File "/opt/airflow/pipeline/training_pipeline.py", line 105, in train_models
    return self.trainer.train(X, y)
           ^^^^^^^^^^^^^^^^^^^^^^^^
  File "/opt/airflow/scripts/model_trainer.py", line 357, in train
    return self.trainer.train(X, y)
           ^^^^^^^^^^^^^^^^^^^^^^^^
  File "/opt/airflow/scripts/model_trainer.py", line 275, in train
    grid.fit(X_train, y_train)
  File "/home/airflow/.local/lib/python3.11/site-packages/sklearn/base.py", line 1336, in wrapper
    return fit_method(estimator, *args, **kwargs)
           ^^^^^^^^^^^^^^^^^^^^^^^^^^^^^^^^^^^^^^
  File "/home/airflow/.local/lib/python3.11/site-packages/sklearn/model_selection/_search.py", line 1053, in fit
    self._run_search(evaluate_candidates)
  File "/home/airflow/.local/lib/python3.11/site-packages/sklearn/model_selection/_search.py", line 1612, in _run_search
    evaluate_candidates(ParameterGrid(self.param_grid))
  File "/home/airflow/.local/lib/python3.11/site-packages/sklearn/model_selection/_search.py", line 999, in evaluate_candidates
    out = parallel(
          ^^^^^^^^^
  File "/home/airflow/.local/lib/python3.11/site-packages/sklearn/utils/parallel.py", line 91, in __call__
    return super().__call__(iterable_with_config_and_warning_filters)
           ^^^^^^^^^^^^^^^^^^^^^^^^^^^^^^^^^^^^^^^^^^^^^^^^^^^^^^^^^^
  File "/home/airflow/.local/lib/python3.11/site-packages/joblib/parallel.py", line 1986, in __call__
    return output if self.return_generator else list(output)
                                                ^^^^^^^^^^^^
  File "/home/airflow/.local/lib/python3.11/site-packages/joblib/parallel.py", line 1914, in _get_sequential_output
    res = func(*args, **kwargs)
          ^^^^^^^^^^^^^^^^^^^^^
  File "/home/airflow/.local/lib/python3.11/site-packages/sklearn/utils/parallel.py", line 184, in __call__
    return self.function(*args, **kwargs)
           ^^^^^^^^^^^^^^^^^^^^^^^^^^^^^^
  File "/home/airflow/.local/lib/python3.11/site-packages/sklearn/model_selection/_validation.py", line 833, in _fit_and_score
    estimator.fit(X_train, y_train, **fit_params)
  File "/home/airflow/.local/lib/python3.11/site-packages/sklearn/base.py", line 1336, in wrapper
    return fit_method(estimator, *args, **kwargs)
           ^^^^^^^^^^^^^^^^^^^^^^^^^^^^^^^^^^^^^^
  File "/home/airflow/.local/lib/python3.11/site-packages/sklearn/ensemble/_forest.py", line 486, in fit
    trees = Parallel(
            ^^^^^^^^^
  File "/home/airflow/.local/lib/python3.11/site-packages/sklearn/utils/parallel.py", line 91, in __call__
    return super().__call__(iterable_with_config_and_warning_filters)
           ^^^^^^^^^^^^^^^^^^^^^^^^^^^^^^^^^^^^^^^^^^^^^^^^^^^^^^^^^^
  File "/home/airflow/.local/lib/python3.11/site-packages/joblib/parallel.py", line 1986, in __call__
    return output if self.return_generator else list(output)
                                                ^^^^^^^^^^^^
  File "/home/airflow/.local/lib/python3.11/site-packages/joblib/parallel.py", line 1914, in _get_sequential_output
    res = func(*args, **kwargs)
          ^^^^^^^^^^^^^^^^^^^^^
  File "/home/airflow/.local/lib/python3.11/site-packages/sklearn/utils/parallel.py", line 184, in __call__
    return self.function(*args, **kwargs)
           ^^^^^^^^^^^^^^^^^^^^^^^^^^^^^^
  File "/home/airflow/.local/lib/python3.11/site-packages/sklearn/ensemble/_forest.py", line 196, in _parallel_build_trees
    tree._fit(
  File "/home/airflow/.local/lib/python3.11/site-packages/sklearn/tree/_classes.py", line 242, in _fit
    random_state = check_random_state(self.random_state)
                   ^^^^^^^^^^^^^^^^^^^^^^^^^^^^^^^^^^^^^
  File "/home/airflow/.local/lib/python3.11/site-packages/sklearn/utils/validation.py", line 1464, in check_random_state
    return np.random.RandomState(seed)
           ^^^^^^^^^^^^^^^^^^^^^^^^^^^
  File "numpy/random/mtrand.pyx", line 184, in numpy.random.mtrand.RandomState.__init__
  File "_mt19937.pyx", line 132, in numpy.random._mt19937.MT19937.__init__
  File "/usr/local/lib/python3.11/contextlib.py", line 78, in inner
    @wraps(func)
    
  File "/home/airflow/.local/lib/python3.11/site-packages/airflow/models/taskinstance.py", line 2613, in signal_handler
    raise AirflowTaskTerminated("Task received SIGTERM signal")
airflow.exceptions.AirflowTaskTerminated: Task received SIGTERM signal
[2026-06-08T05:35:02.619+0000] {taskinstance.py:1206} INFO - Marking task as FAILED. dag_id=futsal_nightly_db_pipeline, task_id=train_ml_models, run_id=scheduled__2026-06-05T00:00:00+00:00, execution_date=20260605T000000, start_date=20260608T053039, end_date=20260608T053502
[2026-06-08T05:35:02.708+0000] {process_utils.py:80} INFO - Process psutil.Process(pid=306, status='terminated', exitcode=2, started='05:30:38') (306) terminated with exit code 2
[2026-06-08T05:35:02.709+0000] {local_task_job_runner.py:240} INFO - Task exited with return code 143
[2026-06-08T05:35:02.735+0000] {taskinstance.py:3498} INFO - 0 downstream tasks scheduled from follow-on schedule check
[2026-06-08T05:35:02.753+0000] {local_task_job_runner.py:222} INFO - ::endgroup::
