[2026-06-02T05:48:10.364+0000] {local_task_job_runner.py:120} INFO - ::group::Pre task execution logs
[2026-06-02T05:48:10.394+0000] {taskinstance.py:2076} INFO - Dependencies all met for dep_context=non-requeueable deps ti=<TaskInstance: futsal_nightly_db_pipeline.train_ml_models manual__2026-06-02T05:48:02.282135+00:00 [queued]>
[2026-06-02T05:48:10.409+0000] {taskinstance.py:2076} INFO - Dependencies all met for dep_context=requeueable deps ti=<TaskInstance: futsal_nightly_db_pipeline.train_ml_models manual__2026-06-02T05:48:02.282135+00:00 [queued]>
[2026-06-02T05:48:10.410+0000] {taskinstance.py:2306} INFO - Starting attempt 1 of 2
[2026-06-02T05:48:10.429+0000] {taskinstance.py:2330} INFO - Executing <Task(PythonOperator): train_ml_models> on 2026-06-02 05:48:02.282135+00:00
[2026-06-02T05:48:10.436+0000] {standard_task_runner.py:63} INFO - Started process 751 to run task
[2026-06-02T05:48:10.440+0000] {standard_task_runner.py:90} INFO - Running: ['***', 'tasks', 'run', 'futsal_nightly_db_pipeline', 'train_ml_models', 'manual__2026-06-02T05:48:02.282135+00:00', '--job-id', '39', '--raw', '--subdir', 'DAGS_FOLDER/futsal_pipeline.py', '--cfg-path', '/tmp/tmpuhpgpqc4']
[2026-06-02T05:48:10.441+0000] {standard_task_runner.py:91} INFO - Job 39: Subtask train_ml_models
[2026-06-02T05:48:10.514+0000] {task_command.py:426} INFO - Running <TaskInstance: futsal_nightly_db_pipeline.train_ml_models manual__2026-06-02T05:48:02.282135+00:00 [running]> on host c6eb551a431b
[2026-06-02T05:48:10.604+0000] {taskinstance.py:2648} INFO - Exporting env vars: AIRFLOW_CTX_DAG_OWNER='futsal_admin' AIRFLOW_CTX_DAG_ID='futsal_nightly_db_pipeline' AIRFLOW_CTX_TASK_ID='train_ml_models' AIRFLOW_CTX_EXECUTION_DATE='2026-06-02T05:48:02.282135+00:00' AIRFLOW_CTX_TRY_NUMBER='1' AIRFLOW_CTX_DAG_RUN_ID='manual__2026-06-02T05:48:02.282135+00:00'
[2026-06-02T05:48:10.605+0000] {taskinstance.py:430} INFO - ::endgroup::
[2026-06-02T05:48:10.606+0000] {logging_mixin.py:188} INFO - 
=======================================================
[2026-06-02T05:48:10.607+0000] {logging_mixin.py:188} INFO - RUNNING MATCH DATA MODEL TRAINING PIPELINE
[2026-06-02T05:48:10.608+0000] {logging_mixin.py:188} INFO - =======================================================
[2026-06-02T05:48:10.609+0000] {logging_mixin.py:188} INFO - Loading match feature data...
[2026-06-02T05:48:10.622+0000] {logging_mixin.py:188} INFO - Training match models...
[2026-06-02T05:48:10.623+0000] {logging_mixin.py:188} INFO - Grid searching: RandomForestClassifier...
[2026-06-02T05:48:10.624+0000] {logging_mixin.py:188} INFO - Grid searching: SVC...
[2026-06-02T05:48:10.624+0000] {logging_mixin.py:188} INFO - Grid searching: LogisticRegression...
[2026-06-02T05:48:10.624+0000] {logging_mixin.py:188} INFO - Training RandomForestClassifier...
[2026-06-02T05:49:05.093+0000] {logging_mixin.py:188} INFO - Training SVC...
[2026-06-02T05:49:05.222+0000] {logging_mixin.py:188} INFO - Training LogisticRegression...
[2026-06-02T05:49:05.311+0000] {logging_mixin.py:188} INFO - 
==================================================
[2026-06-02T05:49:05.312+0000] {logging_mixin.py:188} INFO - Match Training Report:
[2026-06-02T05:49:05.316+0000] {logging_mixin.py:188} INFO - ==================================================
[2026-06-02T05:49:05.317+0000] {logging_mixin.py:188} INFO - Model: RandomForestClassifier
[2026-06-02T05:49:05.317+0000] {logging_mixin.py:188} INFO - Accuracy: 0.7294
[2026-06-02T05:49:05.318+0000] {logging_mixin.py:188} INFO - F1-Score: 0.7301
[2026-06-02T05:49:05.318+0000] {logging_mixin.py:188} INFO - Best Params: {'classifier__max_depth': 30, 'classifier__min_samples_leaf': 4, 'classifier__min_samples_split': 10, 'classifier__n_estimators': 300}
[2026-06-02T05:49:05.318+0000] {logging_mixin.py:188} INFO - --------------------------------------------------
[2026-06-02T05:49:05.319+0000] {logging_mixin.py:188} INFO - Model: SVC
[2026-06-02T05:49:05.319+0000] {logging_mixin.py:188} INFO - Accuracy: 0.7176
[2026-06-02T05:49:05.319+0000] {logging_mixin.py:188} INFO - F1-Score: 0.7184
[2026-06-02T05:49:05.320+0000] {logging_mixin.py:188} INFO - Best Params: {'classifier__C': 0.1, 'classifier__kernel': 'linear'}
[2026-06-02T05:49:05.320+0000] {logging_mixin.py:188} INFO - --------------------------------------------------
[2026-06-02T05:49:05.320+0000] {logging_mixin.py:188} INFO - Model: LogisticRegression
[2026-06-02T05:49:05.321+0000] {logging_mixin.py:188} INFO - Accuracy: 0.6941
[2026-06-02T05:49:05.321+0000] {logging_mixin.py:188} INFO - F1-Score: 0.6949
[2026-06-02T05:49:05.321+0000] {logging_mixin.py:188} INFO - Best Params: {'classifier__C': 0.1}
[2026-06-02T05:49:05.322+0000] {logging_mixin.py:188} INFO - --------------------------------------------------
[2026-06-02T05:49:05.367+0000] {logging_mixin.py:188} INFO - 
Best match model name: RandomForestClassifier
[2026-06-02T05:49:05.368+0000] {logging_mixin.py:188} INFO - Best match model type: <class 'sklearn.pipeline.Pipeline'>
[2026-06-02T05:49:05.873+0000] {logging_mixin.py:188} INFO - Best match model (architecture-specific) saved to models/RandomForestClassifier_matches_model.pkl
[2026-06-02T05:49:05.876+0000] {logging_mixin.py:188} INFO - Match features saved to features/match_trained_features.pkl
[2026-06-02T05:49:05.877+0000] {logging_mixin.py:188} INFO - 
=======================================================
[2026-06-02T05:49:05.877+0000] {logging_mixin.py:188} INFO - RUNNING PLAYER DATA MODEL TRAINING PIPELINE
[2026-06-02T05:49:05.878+0000] {logging_mixin.py:188} INFO - =======================================================
[2026-06-02T05:49:05.879+0000] {logging_mixin.py:188} INFO - Loading player feature data...
[2026-06-02T05:49:05.924+0000] {logging_mixin.py:188} INFO - Training player models...
[2026-06-02T05:49:05.925+0000] {logging_mixin.py:188} INFO - 
================================================================================
[2026-06-02T05:49:05.926+0000] {logging_mixin.py:188} INFO - TRAINING RandomForest
[2026-06-02T05:49:05.926+0000] {logging_mixin.py:188} INFO - ================================================================================
[2026-06-02T05:49:05.928+0000] {logging_mixin.py:188} INFO - Fitting 3 folds for each of 24 candidates, totalling 72 fits
[2026-06-02T05:50:08.566+0000] {logging_mixin.py:188} INFO - BEST PARAMETERS FOR RandomForest: {'max_depth': 3, 'min_samples_leaf': 2, 'min_samples_split': 2, 'n_estimators': 200}
[2026-06-02T05:50:08.592+0000] {logging_mixin.py:188} INFO - RESULTS FOR RandomForest: MAE: 3.3286, RMSE: 4.7092, R2: -0.0429
[2026-06-02T05:50:08.593+0000] {logging_mixin.py:188} INFO - 
================================================================================
[2026-06-02T05:50:08.593+0000] {logging_mixin.py:188} INFO - TRAINING GradientBoosting
[2026-06-02T05:50:08.594+0000] {logging_mixin.py:188} INFO - ================================================================================
[2026-06-02T05:50:08.596+0000] {logging_mixin.py:188} INFO - Fitting 3 folds for each of 12 candidates, totalling 36 fits
[2026-06-02T05:50:39.452+0000] {logging_mixin.py:188} INFO - BEST PARAMETERS FOR GradientBoosting: {'learning_rate': 0.03, 'max_depth': 3, 'n_estimators': 100}
[2026-06-02T05:50:39.457+0000] {logging_mixin.py:188} INFO - RESULTS FOR GradientBoosting: MAE: 3.3465, RMSE: 4.7402, R2: -0.0567
[2026-06-02T05:50:39.457+0000] {logging_mixin.py:188} INFO - 
================================================================================
[2026-06-02T05:50:39.458+0000] {logging_mixin.py:188} INFO - TRAINING ExtraTrees
[2026-06-02T05:50:39.458+0000] {logging_mixin.py:188} INFO - ================================================================================
[2026-06-02T05:50:39.462+0000] {logging_mixin.py:188} INFO - Fitting 3 folds for each of 8 candidates, totalling 24 fits
[2026-06-02T05:50:48.115+0000] {logging_mixin.py:188} INFO - BEST PARAMETERS FOR ExtraTrees: {'max_depth': 5, 'min_samples_split': 2, 'n_estimators': 100}
[2026-06-02T05:50:48.132+0000] {logging_mixin.py:188} INFO - RESULTS FOR ExtraTrees: MAE: 3.3024, RMSE: 4.6988, R2: -0.0383
[2026-06-02T05:50:48.132+0000] {logging_mixin.py:188} INFO - 
================================================================================
[2026-06-02T05:50:48.133+0000] {logging_mixin.py:188} INFO - TRAINING RidgeRegression
[2026-06-02T05:50:48.133+0000] {logging_mixin.py:188} INFO - ================================================================================
[2026-06-02T05:50:48.135+0000] {logging_mixin.py:188} INFO - Fitting 3 folds for each of 3 candidates, totalling 9 fits
[2026-06-02T05:50:48.234+0000] {logging_mixin.py:188} INFO - BEST PARAMETERS FOR RidgeRegression: {'alpha': 10.0}
[2026-06-02T05:50:48.246+0000] {logging_mixin.py:188} INFO - RESULTS FOR RidgeRegression: MAE: 3.313, RMSE: 4.6744, R2: -0.0276
[2026-06-02T05:50:48.247+0000] {logging_mixin.py:188} INFO - 
================================================================================
[2026-06-02T05:50:48.250+0000] {logging_mixin.py:188} INFO - TRAINING XGBoost
[2026-06-02T05:50:48.251+0000] {logging_mixin.py:188} INFO - ================================================================================
[2026-06-02T05:50:48.254+0000] {logging_mixin.py:188} INFO - Fitting 3 folds for each of 12 candidates, totalling 36 fits
[2026-06-02T05:50:55.086+0000] {logging_mixin.py:188} INFO - BEST PARAMETERS FOR XGBoost: {'colsample_bytree': 0.8, 'learning_rate': 0.03, 'max_depth': 3, 'n_estimators': 100, 'subsample': 0.8}
[2026-06-02T05:50:55.092+0000] {logging_mixin.py:188} INFO - RESULTS FOR XGBoost: MAE: 3.337, RMSE: 4.7411, R2: -0.0571
[2026-06-02T05:50:55.093+0000] {logging_mixin.py:188} INFO - 
==================================================
[2026-06-02T05:50:55.094+0000] {logging_mixin.py:188} INFO - Player Training Report:
[2026-06-02T05:50:55.094+0000] {logging_mixin.py:188} INFO - ==================================================
[2026-06-02T05:50:55.095+0000] {logging_mixin.py:188} INFO - Model: RandomForest
[2026-06-02T05:50:55.095+0000] {logging_mixin.py:188} INFO - R2-Score: -0.0429
[2026-06-02T05:50:55.096+0000] {logging_mixin.py:188} INFO - Metrics: MAE: 3.3286 | RMSE: 4.7092
[2026-06-02T05:50:55.096+0000] {logging_mixin.py:188} INFO - Best Params: {'max_depth': 3, 'min_samples_leaf': 2, 'min_samples_split': 2, 'n_estimators': 200}
[2026-06-02T05:50:55.096+0000] {logging_mixin.py:188} INFO - --------------------------------------------------
[2026-06-02T05:50:55.097+0000] {logging_mixin.py:188} INFO - Model: GradientBoosting
[2026-06-02T05:50:55.097+0000] {logging_mixin.py:188} INFO - R2-Score: -0.0567
[2026-06-02T05:50:55.097+0000] {logging_mixin.py:188} INFO - Metrics: MAE: 3.3465 | RMSE: 4.7402
[2026-06-02T05:50:55.098+0000] {logging_mixin.py:188} INFO - Best Params: {'learning_rate': 0.03, 'max_depth': 3, 'n_estimators': 100}
[2026-06-02T05:50:55.098+0000] {logging_mixin.py:188} INFO - --------------------------------------------------
[2026-06-02T05:50:55.098+0000] {logging_mixin.py:188} INFO - Model: ExtraTrees
[2026-06-02T05:50:55.099+0000] {logging_mixin.py:188} INFO - R2-Score: -0.0383
[2026-06-02T05:50:55.099+0000] {logging_mixin.py:188} INFO - Metrics: MAE: 3.3024 | RMSE: 4.6988
[2026-06-02T05:50:55.099+0000] {logging_mixin.py:188} INFO - Best Params: {'max_depth': 5, 'min_samples_split': 2, 'n_estimators': 100}
[2026-06-02T05:50:55.101+0000] {logging_mixin.py:188} INFO - --------------------------------------------------
[2026-06-02T05:50:55.101+0000] {logging_mixin.py:188} INFO - Model: RidgeRegression
[2026-06-02T05:50:55.101+0000] {logging_mixin.py:188} INFO - R2-Score: -0.0276
[2026-06-02T05:50:55.102+0000] {logging_mixin.py:188} INFO - Metrics: MAE: 3.313 | RMSE: 4.6744
[2026-06-02T05:50:55.102+0000] {logging_mixin.py:188} INFO - Best Params: {'alpha': 10.0}
[2026-06-02T05:50:55.102+0000] {logging_mixin.py:188} INFO - --------------------------------------------------
[2026-06-02T05:50:55.103+0000] {logging_mixin.py:188} INFO - Model: XGBoost
[2026-06-02T05:50:55.103+0000] {logging_mixin.py:188} INFO - R2-Score: -0.0571
[2026-06-02T05:50:55.103+0000] {logging_mixin.py:188} INFO - Metrics: MAE: 3.337 | RMSE: 4.7411
[2026-06-02T05:50:55.104+0000] {logging_mixin.py:188} INFO - Best Params: {'colsample_bytree': 0.8, 'learning_rate': 0.03, 'max_depth': 3, 'n_estimators': 100, 'subsample': 0.8}
[2026-06-02T05:50:55.104+0000] {logging_mixin.py:188} INFO - --------------------------------------------------
[2026-06-02T05:50:55.180+0000] {logging_mixin.py:188} INFO - 
Best player model name: RidgeRegression
[2026-06-02T05:50:55.184+0000] {logging_mixin.py:188} INFO - Best player model type: <class 'sklearn.linear_model._ridge.Ridge'>
[2026-06-02T05:50:55.220+0000] {logging_mixin.py:188} INFO - Best player model (architecture-specific) saved to models/RidgeRegression_players_model.pkl
[2026-06-02T05:50:55.317+0000] {logging_mixin.py:188} INFO - Player features saved to features/player_trained_features.pkl
[2026-06-02T05:50:55.319+0000] {logging_mixin.py:188} INFO - Model training complete.
[2026-06-02T05:50:55.322+0000] {python.py:237} INFO - Done. Returned value was: None
[2026-06-02T05:50:55.342+0000] {taskinstance.py:441} INFO - ::group::Post task execution logs
[2026-06-02T05:50:55.353+0000] {taskinstance.py:1206} INFO - Marking task as SUCCESS. dag_id=futsal_nightly_db_pipeline, task_id=train_ml_models, run_id=manual__2026-06-02T05:48:02.282135+00:00, execution_date=20260602T054802, start_date=20260602T054810, end_date=20260602T055055
[2026-06-02T05:50:55.384+0000] {local_task_job_runner.py:240} INFO - Task exited with return code 0
[2026-06-02T05:50:55.400+0000] {taskinstance.py:3498} INFO - 0 downstream tasks scheduled from follow-on schedule check
[2026-06-02T05:50:55.402+0000] {local_task_job_runner.py:222} INFO - ::endgroup::
