[2026-06-16T06:58:53.161+0000] {local_task_job_runner.py:120} INFO - ::group::Pre task execution logs
[2026-06-16T06:58:53.196+0000] {taskinstance.py:2076} INFO - Dependencies all met for dep_context=non-requeueable deps ti=<TaskInstance: futsal_weekly_db_pipeline.train_ml_models scheduled__2026-06-07T00:00:00+00:00 [queued]>
[2026-06-16T06:58:53.205+0000] {taskinstance.py:2076} INFO - Dependencies all met for dep_context=requeueable deps ti=<TaskInstance: futsal_weekly_db_pipeline.train_ml_models scheduled__2026-06-07T00:00:00+00:00 [queued]>
[2026-06-16T06:58:53.206+0000] {taskinstance.py:2306} INFO - Starting attempt 1 of 2
[2026-06-16T06:58:53.220+0000] {taskinstance.py:2330} INFO - Executing <Task(PythonOperator): train_ml_models> on 2026-06-07 00:00:00+00:00
[2026-06-16T06:58:53.231+0000] {standard_task_runner.py:63} INFO - Started process 245 to run task
[2026-06-16T06:58:53.235+0000] {standard_task_runner.py:90} INFO - Running: ['***', 'tasks', 'run', 'futsal_weekly_db_pipeline', 'train_ml_models', 'scheduled__2026-06-07T00:00:00+00:00', '--job-id', '16', '--raw', '--subdir', 'DAGS_FOLDER/futsal_pipeline.py', '--cfg-path', '/tmp/tmpxv67l15e']
[2026-06-16T06:58:53.239+0000] {standard_task_runner.py:91} INFO - Job 16: Subtask train_ml_models
[2026-06-16T06:58:53.316+0000] {task_command.py:426} INFO - Running <TaskInstance: futsal_weekly_db_pipeline.train_ml_models scheduled__2026-06-07T00:00:00+00:00 [running]> on host e493a289dc10
[2026-06-16T06:58:53.397+0000] {taskinstance.py:2648} INFO - Exporting env vars: AIRFLOW_CTX_DAG_OWNER='futsal_admin' AIRFLOW_CTX_DAG_ID='futsal_weekly_db_pipeline' AIRFLOW_CTX_TASK_ID='train_ml_models' AIRFLOW_CTX_EXECUTION_DATE='2026-06-07T00:00:00+00:00' AIRFLOW_CTX_TRY_NUMBER='1' AIRFLOW_CTX_DAG_RUN_ID='scheduled__2026-06-07T00:00:00+00:00'
[2026-06-16T06:58:53.398+0000] {taskinstance.py:430} INFO - ::endgroup::
[2026-06-16T06:58:53.413+0000] {logging_mixin.py:188} INFO - 
=======================================================
[2026-06-16T06:58:53.413+0000] {logging_mixin.py:188} INFO - RUNNING MATCH DATA MODEL TRAINING PIPELINE
[2026-06-16T06:58:53.414+0000] {logging_mixin.py:188} INFO - =======================================================
[2026-06-16T06:58:53.414+0000] {logging_mixin.py:188} INFO - Loading match feature data...
[2026-06-16T06:58:53.438+0000] {logging_mixin.py:188} INFO - Training match models...
[2026-06-16T06:58:53.439+0000] {logging_mixin.py:188} INFO - Grid searching: RandomForestClassifier...
[2026-06-16T06:58:53.440+0000] {logging_mixin.py:188} INFO - Grid searching: SVC...
[2026-06-16T06:58:53.441+0000] {logging_mixin.py:188} INFO - Grid searching: LogisticRegression...
[2026-06-16T06:58:53.441+0000] {logging_mixin.py:188} INFO - Training RandomForestClassifier...
[2026-06-16T07:00:08.929+0000] {logging_mixin.py:188} INFO - Training SVC...
[2026-06-16T07:00:09.186+0000] {logging_mixin.py:188} INFO - Training LogisticRegression...
[2026-06-16T07:00:09.535+0000] {logging_mixin.py:188} INFO - 
==================================================
[2026-06-16T07:00:09.536+0000] {logging_mixin.py:188} INFO - Match Training Report:
[2026-06-16T07:00:09.537+0000] {logging_mixin.py:188} INFO - ==================================================
[2026-06-16T07:00:09.537+0000] {logging_mixin.py:188} INFO - Model: RandomForestClassifier
[2026-06-16T07:00:09.538+0000] {logging_mixin.py:188} INFO - Accuracy: 0.6978
[2026-06-16T07:00:09.538+0000] {logging_mixin.py:188} INFO - F1-Score: 0.7005
[2026-06-16T07:00:09.539+0000] {logging_mixin.py:188} INFO - Best Params: {'classifier__max_depth': 30, 'classifier__min_samples_leaf': 1, 'classifier__min_samples_split': 5, 'classifier__n_estimators': 100}
[2026-06-16T07:00:09.539+0000] {logging_mixin.py:188} INFO - --------------------------------------------------
[2026-06-16T07:00:09.540+0000] {logging_mixin.py:188} INFO - Model: SVC
[2026-06-16T07:00:09.540+0000] {logging_mixin.py:188} INFO - Accuracy: 0.7266
[2026-06-16T07:00:09.542+0000] {logging_mixin.py:188} INFO - F1-Score: 0.7281
[2026-06-16T07:00:09.542+0000] {logging_mixin.py:188} INFO - Best Params: {'classifier__C': 0.1, 'classifier__kernel': 'rbf'}
[2026-06-16T07:00:09.543+0000] {logging_mixin.py:188} INFO - --------------------------------------------------
[2026-06-16T07:00:09.543+0000] {logging_mixin.py:188} INFO - Model: LogisticRegression
[2026-06-16T07:00:09.544+0000] {logging_mixin.py:188} INFO - Accuracy: 0.7338
[2026-06-16T07:00:09.544+0000] {logging_mixin.py:188} INFO - F1-Score: 0.7363
[2026-06-16T07:00:09.545+0000] {logging_mixin.py:188} INFO - Best Params: {'classifier__C': 1}
[2026-06-16T07:00:09.546+0000] {logging_mixin.py:188} INFO - --------------------------------------------------
[2026-06-16T07:00:09.605+0000] {logging_mixin.py:188} INFO - 
Best match model name: LogisticRegression
[2026-06-16T07:00:09.606+0000] {logging_mixin.py:188} INFO - Best match model type: <class 'sklearn.pipeline.Pipeline'>
[2026-06-16T07:00:09.637+0000] {logging_mixin.py:188} INFO - Best match model (architecture-specific) saved to models/LogisticRegression_matches_model.pkl
[2026-06-16T07:00:09.643+0000] {logging_mixin.py:188} INFO - Match features saved to features/match_trained_features.pkl
[2026-06-16T07:00:09.644+0000] {logging_mixin.py:188} INFO - 
=======================================================
[2026-06-16T07:00:09.645+0000] {logging_mixin.py:188} INFO - RUNNING PLAYER DATA MODEL TRAINING PIPELINE
[2026-06-16T07:00:09.646+0000] {logging_mixin.py:188} INFO - =======================================================
[2026-06-16T07:00:09.646+0000] {logging_mixin.py:188} INFO - Loading player feature data...
[2026-06-16T07:00:09.755+0000] {logging_mixin.py:188} INFO - Training player models...
[2026-06-16T07:00:09.756+0000] {logging_mixin.py:188} INFO - 
================================================================================
[2026-06-16T07:00:09.757+0000] {logging_mixin.py:188} INFO - TRAINING XGBoost
[2026-06-16T07:00:09.757+0000] {logging_mixin.py:188} INFO - ================================================================================
[2026-06-16T07:00:09.761+0000] {logging_mixin.py:188} INFO - Fitting 3 folds for each of 18 candidates, totalling 54 fits
[2026-06-16T07:00:47.611+0000] {logging_mixin.py:188} INFO - BEST PARAMETERS FOR XGBoost: {'learning_rate': 0.01, 'max_depth': 3, 'n_estimators': 200}
[2026-06-16T07:00:47.644+0000] {logging_mixin.py:188} INFO - RESULTS FOR XGBoost: Accuracy: 0.6356, F1: 0.1645, ROC_AUC: 0.6284
[2026-06-16T07:00:47.645+0000] {logging_mixin.py:188} INFO - 
================================================================================
[2026-06-16T07:00:47.645+0000] {logging_mixin.py:188} INFO - TRAINING LightGBM
[2026-06-16T07:00:47.646+0000] {logging_mixin.py:188} INFO - ================================================================================
[2026-06-16T07:00:47.650+0000] {logging_mixin.py:188} INFO - Fitting 3 folds for each of 18 candidates, totalling 54 fits
[2026-06-16T07:00:54.576+0000] {logging_mixin.py:188} INFO - BEST PARAMETERS FOR LightGBM: {'learning_rate': 0.01, 'max_depth': 3, 'n_estimators': 100}
[2026-06-16T07:00:54.593+0000] {logging_mixin.py:188} INFO - RESULTS FOR LightGBM: Accuracy: 0.6499, F1: 0.1701, ROC_AUC: 0.629
[2026-06-16T07:00:54.594+0000] {logging_mixin.py:188} INFO - 
================================================================================
[2026-06-16T07:00:54.594+0000] {logging_mixin.py:188} INFO - TRAINING CatBoost
[2026-06-16T07:00:54.594+0000] {logging_mixin.py:188} INFO - ================================================================================
[2026-06-16T07:00:54.599+0000] {logging_mixin.py:188} INFO - Fitting 3 folds for each of 18 candidates, totalling 54 fits
[2026-06-16T07:02:45.713+0000] {logging_mixin.py:188} INFO - BEST PARAMETERS FOR CatBoost: {'depth': 4, 'iterations': 200, 'learning_rate': 0.01}
[2026-06-16T07:02:45.744+0000] {logging_mixin.py:188} INFO - RESULTS FOR CatBoost: Accuracy: 0.6743, F1: 0.1775, ROC_AUC: 0.6406
[2026-06-16T07:02:45.744+0000] {logging_mixin.py:188} INFO - 
==================================================
[2026-06-16T07:02:45.745+0000] {logging_mixin.py:188} INFO - Player Training Report:
[2026-06-16T07:02:45.746+0000] {logging_mixin.py:188} INFO - ==================================================
[2026-06-16T07:02:45.747+0000] {logging_mixin.py:188} INFO - Model: XGBoost
[2026-06-16T07:02:45.747+0000] {logging_mixin.py:188} INFO - F1-Score: 0.1645
[2026-06-16T07:02:45.748+0000] {logging_mixin.py:188} INFO - Metrics: Accuracy: 0.6356 | ROC_AUC: 0.6284
[2026-06-16T07:02:45.748+0000] {logging_mixin.py:188} INFO - Best Params: {'learning_rate': 0.01, 'max_depth': 3, 'n_estimators': 200}
[2026-06-16T07:02:45.749+0000] {logging_mixin.py:188} INFO - --------------------------------------------------
[2026-06-16T07:02:45.750+0000] {logging_mixin.py:188} INFO - Model: LightGBM
[2026-06-16T07:02:45.750+0000] {logging_mixin.py:188} INFO - F1-Score: 0.1701
[2026-06-16T07:02:45.750+0000] {logging_mixin.py:188} INFO - Metrics: Accuracy: 0.6499 | ROC_AUC: 0.629
[2026-06-16T07:02:45.751+0000] {logging_mixin.py:188} INFO - Best Params: {'learning_rate': 0.01, 'max_depth': 3, 'n_estimators': 100}
[2026-06-16T07:02:45.751+0000] {logging_mixin.py:188} INFO - --------------------------------------------------
[2026-06-16T07:02:45.752+0000] {logging_mixin.py:188} INFO - Model: CatBoost
[2026-06-16T07:02:45.752+0000] {logging_mixin.py:188} INFO - F1-Score: 0.1775
[2026-06-16T07:02:45.752+0000] {logging_mixin.py:188} INFO - Metrics: Accuracy: 0.6743 | ROC_AUC: 0.6406
[2026-06-16T07:02:45.753+0000] {logging_mixin.py:188} INFO - Best Params: {'depth': 4, 'iterations': 200, 'learning_rate': 0.01}
[2026-06-16T07:02:45.754+0000] {logging_mixin.py:188} INFO - --------------------------------------------------
[2026-06-16T07:02:45.809+0000] {logging_mixin.py:188} INFO - 
Best player model name: CatBoost
[2026-06-16T07:02:45.810+0000] {logging_mixin.py:188} INFO - Best player model type: <class 'catboost.core.CatBoostClassifier'>
[2026-06-16T07:02:45.822+0000] {logging_mixin.py:188} INFO - Best player model (architecture-specific) saved to models/CatBoost_players_model.pkl
[2026-06-16T07:02:45.826+0000] {logging_mixin.py:188} INFO - Player features saved to features/player_trained_features.pkl
[2026-06-16T07:02:45.828+0000] {logging_mixin.py:188} INFO - Model training complete.
[2026-06-16T07:02:45.830+0000] {python.py:237} INFO - Done. Returned value was: None
[2026-06-16T07:02:45.832+0000] {taskinstance.py:441} INFO - ::group::Post task execution logs
[2026-06-16T07:02:45.844+0000] {taskinstance.py:1206} INFO - Marking task as SUCCESS. dag_id=futsal_weekly_db_pipeline, task_id=train_ml_models, run_id=scheduled__2026-06-07T00:00:00+00:00, execution_date=20260607T000000, start_date=20260616T065853, end_date=20260616T070245
[2026-06-16T07:02:45.919+0000] {local_task_job_runner.py:240} INFO - Task exited with return code 0
[2026-06-16T07:02:45.936+0000] {taskinstance.py:3498} INFO - 0 downstream tasks scheduled from follow-on schedule check
[2026-06-16T07:02:45.938+0000] {local_task_job_runner.py:222} INFO - ::endgroup::
