[2026-06-01T12:13:12.527+0000] {local_task_job_runner.py:120} INFO - ::group::Pre task execution logs
[2026-06-01T12:13:12.563+0000] {taskinstance.py:2076} INFO - Dependencies all met for dep_context=non-requeueable deps ti=<TaskInstance: futsal_nightly_db_pipeline.extract_transform_load_db manual__2026-06-01T12:13:05.091615+00:00 [queued]>
[2026-06-01T12:13:12.574+0000] {taskinstance.py:2076} INFO - Dependencies all met for dep_context=requeueable deps ti=<TaskInstance: futsal_nightly_db_pipeline.extract_transform_load_db manual__2026-06-01T12:13:05.091615+00:00 [queued]>
[2026-06-01T12:13:12.575+0000] {taskinstance.py:2306} INFO - Starting attempt 1 of 2
[2026-06-01T12:13:12.593+0000] {taskinstance.py:2330} INFO - Executing <Task(PythonOperator): extract_transform_load_db> on 2026-06-01 12:13:05.091615+00:00
[2026-06-01T12:13:12.605+0000] {standard_task_runner.py:63} INFO - Started process 101 to run task
[2026-06-01T12:13:12.608+0000] {standard_task_runner.py:90} INFO - Running: ['***', 'tasks', 'run', 'futsal_nightly_db_pipeline', 'extract_transform_load_db', 'manual__2026-06-01T12:13:05.091615+00:00', '--job-id', '5', '--raw', '--subdir', 'DAGS_FOLDER/futsal_pipeline.py', '--cfg-path', '/tmp/tmp1mexow6o']
[2026-06-01T12:13:12.610+0000] {standard_task_runner.py:91} INFO - Job 5: Subtask extract_transform_load_db
[2026-06-01T12:13:12.958+0000] {task_command.py:426} INFO - Running <TaskInstance: futsal_nightly_db_pipeline.extract_transform_load_db manual__2026-06-01T12:13:05.091615+00:00 [running]> on host baf04b10fc1d
[2026-06-01T12:13:13.069+0000] {taskinstance.py:2648} INFO - Exporting env vars: AIRFLOW_CTX_DAG_OWNER='futsal_admin' AIRFLOW_CTX_DAG_ID='futsal_nightly_db_pipeline' AIRFLOW_CTX_TASK_ID='extract_transform_load_db' AIRFLOW_CTX_EXECUTION_DATE='2026-06-01T12:13:05.091615+00:00' AIRFLOW_CTX_TRY_NUMBER='1' AIRFLOW_CTX_DAG_RUN_ID='manual__2026-06-01T12:13:05.091615+00:00'
[2026-06-01T12:13:13.071+0000] {taskinstance.py:430} INFO - ::endgroup::
[2026-06-01T12:13:13.094+0000] {logging_mixin.py:188} INFO - --- Running Match Data Pipeline ---
[2026-06-01T12:13:13.273+0000] {logging_mixin.py:188} WARNING - Traceback (most recent call last):
[2026-06-01T12:13:13.274+0000] {logging_mixin.py:188} WARNING -   File "/home/***/.local/lib/python3.11/site-packages/sqlalchemy/engine/base.py", line 1910, in _execute_context
    self.dialect.do_execute(
[2026-06-01T12:13:13.274+0000] {logging_mixin.py:188} WARNING -   File "/home/***/.local/lib/python3.11/site-packages/sqlalchemy/engine/default.py", line 736, in do_execute
    cursor.execute(statement, parameters)
[2026-06-01T12:13:13.275+0000] {logging_mixin.py:188} WARNING -   File "/home/***/.local/lib/python3.11/site-packages/pymysql/cursors.py", line 159, in execute
    result = self._query(query)
             ^^^^^^^^^^^^^^^^^^
[2026-06-01T12:13:13.275+0000] {logging_mixin.py:188} WARNING -   File "/home/***/.local/lib/python3.11/site-packages/pymysql/cursors.py", line 330, in _query
    conn.query(q)
[2026-06-01T12:13:13.276+0000] {logging_mixin.py:188} WARNING -   File "/home/***/.local/lib/python3.11/site-packages/pymysql/connections.py", line 582, in query
    self._affected_rows = self._read_query_result(unbuffered=unbuffered)
                          ^^^^^^^^^^^^^^^^^^^^^^^^^^^^^^^^^^^^^^^^^^^^^^
[2026-06-01T12:13:13.276+0000] {logging_mixin.py:188} WARNING -   File "/home/***/.local/lib/python3.11/site-packages/pymysql/connections.py", line 847, in _read_query_result
    result.read()
[2026-06-01T12:13:13.277+0000] {logging_mixin.py:188} WARNING -   File "/home/***/.local/lib/python3.11/site-packages/pymysql/connections.py", line 1245, in read
    first_packet = self.connection._read_packet()
                   ^^^^^^^^^^^^^^^^^^^^^^^^^^^^^^
[2026-06-01T12:13:13.277+0000] {logging_mixin.py:188} WARNING -   File "/home/***/.local/lib/python3.11/site-packages/pymysql/connections.py", line 803, in _read_packet
    packet.raise_for_error()
[2026-06-01T12:13:13.278+0000] {logging_mixin.py:188} WARNING -   File "/home/***/.local/lib/python3.11/site-packages/pymysql/protocol.py", line 219, in raise_for_error
    err.raise_mysql_exception(self._data)
[2026-06-01T12:13:13.278+0000] {logging_mixin.py:188} WARNING -   File "/home/***/.local/lib/python3.11/site-packages/pymysql/err.py", line 154, in raise_mysql_exception
    raise errorclass(errno, errval, sqlstate=sqlstate)
[2026-06-01T12:13:13.280+0000] {logging_mixin.py:188} WARNING - pymysql.err.ProgrammingError: (1146, "Table '***_db.futsal_men_matches' doesn't exist")
[2026-06-01T12:13:13.281+0000] {logging_mixin.py:188} WARNING - 
The above exception was the direct cause of the following exception:
[2026-06-01T12:13:13.282+0000] {logging_mixin.py:188} WARNING - Traceback (most recent call last):
[2026-06-01T12:13:13.283+0000] {logging_mixin.py:188} WARNING -   File "/opt/***/pipeline/data_pipeline.py", line 13, in match_run_pipeline
    matches = self.ingestion.ingest_match_data()
              ^^^^^^^^^^^^^^^^^^^^^^^^^^^^^^^^^^
[2026-06-01T12:13:13.283+0000] {logging_mixin.py:188} WARNING -   File "/opt/***/components/data_ingestion.py", line 45, in ingest_match_data
    matches_raw = self.read_match_data()
                  ^^^^^^^^^^^^^^^^^^^^^^
[2026-06-01T12:13:13.284+0000] {logging_mixin.py:188} WARNING -   File "/opt/***/components/data_ingestion.py", line 29, in read_match_data
    return pd.read_sql("SELECT * FROM futsal_men_matches", self.engine)
           ^^^^^^^^^^^^^^^^^^^^^^^^^^^^^^^^^^^^^^^^^^^^^^^^^^^^^^^^^^^^
[2026-06-01T12:13:13.285+0000] {logging_mixin.py:188} WARNING -   File "/home/***/.local/lib/python3.11/site-packages/pandas/io/sql.py", line 682, in read_sql
    return pandas_sql.read_query(
           ^^^^^^^^^^^^^^^^^^^^^^
[2026-06-01T12:13:13.285+0000] {logging_mixin.py:188} WARNING -   File "/home/***/.local/lib/python3.11/site-packages/pandas/io/sql.py", line 1776, in read_query
    result = self.execute(sql, params)
             ^^^^^^^^^^^^^^^^^^^^^^^^^
[2026-06-01T12:13:13.286+0000] {logging_mixin.py:188} WARNING -   File "/home/***/.local/lib/python3.11/site-packages/pandas/io/sql.py", line 1599, in execute
    return self.con.exec_driver_sql(sql, *args)
           ^^^^^^^^^^^^^^^^^^^^^^^^^^^^^^^^^^^^
[2026-06-01T12:13:13.286+0000] {logging_mixin.py:188} WARNING -   File "/home/***/.local/lib/python3.11/site-packages/sqlalchemy/engine/base.py", line 1770, in exec_driver_sql
    return self._exec_driver_sql(
           ^^^^^^^^^^^^^^^^^^^^^^
[2026-06-01T12:13:13.287+0000] {logging_mixin.py:188} WARNING -   File "/home/***/.local/lib/python3.11/site-packages/sqlalchemy/engine/base.py", line 1674, in _exec_driver_sql
    ret = self._execute_context(
          ^^^^^^^^^^^^^^^^^^^^^^
[2026-06-01T12:13:13.287+0000] {logging_mixin.py:188} WARNING -   File "/home/***/.local/lib/python3.11/site-packages/sqlalchemy/engine/base.py", line 1953, in _execute_context
    self._handle_dbapi_exception(
[2026-06-01T12:13:13.287+0000] {logging_mixin.py:188} WARNING -   File "/home/***/.local/lib/python3.11/site-packages/sqlalchemy/engine/base.py", line 2134, in _handle_dbapi_exception
    util.raise_(
[2026-06-01T12:13:13.288+0000] {logging_mixin.py:188} WARNING -   File "/home/***/.local/lib/python3.11/site-packages/sqlalchemy/util/compat.py", line 211, in raise_
    raise exception
[2026-06-01T12:13:13.288+0000] {logging_mixin.py:188} WARNING -   File "/home/***/.local/lib/python3.11/site-packages/sqlalchemy/engine/base.py", line 1910, in _execute_context
    self.dialect.do_execute(
[2026-06-01T12:13:13.289+0000] {logging_mixin.py:188} WARNING -   File "/home/***/.local/lib/python3.11/site-packages/sqlalchemy/engine/default.py", line 736, in do_execute
    cursor.execute(statement, parameters)
[2026-06-01T12:13:13.290+0000] {logging_mixin.py:188} WARNING -   File "/home/***/.local/lib/python3.11/site-packages/pymysql/cursors.py", line 159, in execute
    result = self._query(query)
             ^^^^^^^^^^^^^^^^^^
[2026-06-01T12:13:13.290+0000] {logging_mixin.py:188} WARNING -   File "/home/***/.local/lib/python3.11/site-packages/pymysql/cursors.py", line 330, in _query
    conn.query(q)
[2026-06-01T12:13:13.291+0000] {logging_mixin.py:188} WARNING -   File "/home/***/.local/lib/python3.11/site-packages/pymysql/connections.py", line 582, in query
    self._affected_rows = self._read_query_result(unbuffered=unbuffered)
                          ^^^^^^^^^^^^^^^^^^^^^^^^^^^^^^^^^^^^^^^^^^^^^^
[2026-06-01T12:13:13.291+0000] {logging_mixin.py:188} WARNING -   File "/home/***/.local/lib/python3.11/site-packages/pymysql/connections.py", line 847, in _read_query_result
    result.read()
[2026-06-01T12:13:13.292+0000] {logging_mixin.py:188} WARNING -   File "/home/***/.local/lib/python3.11/site-packages/pymysql/connections.py", line 1245, in read
    first_packet = self.connection._read_packet()
                   ^^^^^^^^^^^^^^^^^^^^^^^^^^^^^^
[2026-06-01T12:13:13.292+0000] {logging_mixin.py:188} WARNING -   File "/home/***/.local/lib/python3.11/site-packages/pymysql/connections.py", line 803, in _read_packet
    packet.raise_for_error()
[2026-06-01T12:13:13.293+0000] {logging_mixin.py:188} WARNING -   File "/home/***/.local/lib/python3.11/site-packages/pymysql/protocol.py", line 219, in raise_for_error
    err.raise_mysql_exception(self._data)
[2026-06-01T12:13:13.293+0000] {logging_mixin.py:188} WARNING -   File "/home/***/.local/lib/python3.11/site-packages/pymysql/err.py", line 154, in raise_mysql_exception
    raise errorclass(errno, errval, sqlstate=sqlstate)
[2026-06-01T12:13:13.294+0000] {logging_mixin.py:188} WARNING - sqlalchemy.exc.ProgrammingError: (pymysql.err.ProgrammingError) (1146, "Table '***_db.futsal_men_matches' doesn't exist")
[SQL: SELECT * FROM futsal_men_matches]
(Background on this error at: https://sqlalche.me/e/14/f405)
[2026-06-01T12:13:13.294+0000] {logging_mixin.py:188} INFO - 
--- Running Player Data Pipeline ---
[2026-06-01T12:13:13.303+0000] {logging_mixin.py:188} WARNING - Traceback (most recent call last):
[2026-06-01T12:13:13.304+0000] {logging_mixin.py:188} WARNING -   File "/home/***/.local/lib/python3.11/site-packages/sqlalchemy/engine/base.py", line 1910, in _execute_context
    self.dialect.do_execute(
[2026-06-01T12:13:13.305+0000] {logging_mixin.py:188} WARNING -   File "/home/***/.local/lib/python3.11/site-packages/sqlalchemy/engine/default.py", line 736, in do_execute
    cursor.execute(statement, parameters)
[2026-06-01T12:13:13.305+0000] {logging_mixin.py:188} WARNING -   File "/home/***/.local/lib/python3.11/site-packages/pymysql/cursors.py", line 159, in execute
    result = self._query(query)
             ^^^^^^^^^^^^^^^^^^
[2026-06-01T12:13:13.306+0000] {logging_mixin.py:188} WARNING -   File "/home/***/.local/lib/python3.11/site-packages/pymysql/cursors.py", line 330, in _query
    conn.query(q)
[2026-06-01T12:13:13.306+0000] {logging_mixin.py:188} WARNING -   File "/home/***/.local/lib/python3.11/site-packages/pymysql/connections.py", line 582, in query
    self._affected_rows = self._read_query_result(unbuffered=unbuffered)
                          ^^^^^^^^^^^^^^^^^^^^^^^^^^^^^^^^^^^^^^^^^^^^^^
[2026-06-01T12:13:13.307+0000] {logging_mixin.py:188} WARNING -   File "/home/***/.local/lib/python3.11/site-packages/pymysql/connections.py", line 847, in _read_query_result
    result.read()
[2026-06-01T12:13:13.307+0000] {logging_mixin.py:188} WARNING -   File "/home/***/.local/lib/python3.11/site-packages/pymysql/connections.py", line 1245, in read
    first_packet = self.connection._read_packet()
                   ^^^^^^^^^^^^^^^^^^^^^^^^^^^^^^
[2026-06-01T12:13:13.308+0000] {logging_mixin.py:188} WARNING -   File "/home/***/.local/lib/python3.11/site-packages/pymysql/connections.py", line 803, in _read_packet
    packet.raise_for_error()
[2026-06-01T12:13:13.308+0000] {logging_mixin.py:188} WARNING -   File "/home/***/.local/lib/python3.11/site-packages/pymysql/protocol.py", line 219, in raise_for_error
    err.raise_mysql_exception(self._data)
[2026-06-01T12:13:13.309+0000] {logging_mixin.py:188} WARNING -   File "/home/***/.local/lib/python3.11/site-packages/pymysql/err.py", line 154, in raise_mysql_exception
    raise errorclass(errno, errval, sqlstate=sqlstate)
[2026-06-01T12:13:13.309+0000] {logging_mixin.py:188} WARNING - pymysql.err.ProgrammingError: (1146, "Table '***_db.futsal_men_matches' doesn't exist")
[2026-06-01T12:13:13.310+0000] {logging_mixin.py:188} WARNING - 
The above exception was the direct cause of the following exception:
[2026-06-01T12:13:13.311+0000] {logging_mixin.py:188} WARNING - Traceback (most recent call last):
[2026-06-01T12:13:13.312+0000] {logging_mixin.py:188} WARNING -   File "/opt/***/pipeline/data_pipeline.py", line 27, in player_run_pipeline
    matches = self.ingestion.ingest_match_data()
              ^^^^^^^^^^^^^^^^^^^^^^^^^^^^^^^^^^
[2026-06-01T12:13:13.313+0000] {logging_mixin.py:188} WARNING -   File "/opt/***/components/data_ingestion.py", line 45, in ingest_match_data
    matches_raw = self.read_match_data()
                  ^^^^^^^^^^^^^^^^^^^^^^
[2026-06-01T12:13:13.313+0000] {logging_mixin.py:188} WARNING -   File "/opt/***/components/data_ingestion.py", line 29, in read_match_data
    return pd.read_sql("SELECT * FROM futsal_men_matches", self.engine)
           ^^^^^^^^^^^^^^^^^^^^^^^^^^^^^^^^^^^^^^^^^^^^^^^^^^^^^^^^^^^^
[2026-06-01T12:13:13.314+0000] {logging_mixin.py:188} WARNING -   File "/home/***/.local/lib/python3.11/site-packages/pandas/io/sql.py", line 682, in read_sql
    return pandas_sql.read_query(
           ^^^^^^^^^^^^^^^^^^^^^^
[2026-06-01T12:13:13.314+0000] {logging_mixin.py:188} WARNING -   File "/home/***/.local/lib/python3.11/site-packages/pandas/io/sql.py", line 1776, in read_query
    result = self.execute(sql, params)
             ^^^^^^^^^^^^^^^^^^^^^^^^^
[2026-06-01T12:13:13.315+0000] {logging_mixin.py:188} WARNING -   File "/home/***/.local/lib/python3.11/site-packages/pandas/io/sql.py", line 1599, in execute
    return self.con.exec_driver_sql(sql, *args)
           ^^^^^^^^^^^^^^^^^^^^^^^^^^^^^^^^^^^^
[2026-06-01T12:13:13.315+0000] {logging_mixin.py:188} WARNING -   File "/home/***/.local/lib/python3.11/site-packages/sqlalchemy/engine/base.py", line 1770, in exec_driver_sql
    return self._exec_driver_sql(
           ^^^^^^^^^^^^^^^^^^^^^^
[2026-06-01T12:13:13.316+0000] {logging_mixin.py:188} WARNING -   File "/home/***/.local/lib/python3.11/site-packages/sqlalchemy/engine/base.py", line 1674, in _exec_driver_sql
    ret = self._execute_context(
          ^^^^^^^^^^^^^^^^^^^^^^
[2026-06-01T12:13:13.316+0000] {logging_mixin.py:188} WARNING -   File "/home/***/.local/lib/python3.11/site-packages/sqlalchemy/engine/base.py", line 1953, in _execute_context
    self._handle_dbapi_exception(
[2026-06-01T12:13:13.317+0000] {logging_mixin.py:188} WARNING -   File "/home/***/.local/lib/python3.11/site-packages/sqlalchemy/engine/base.py", line 2134, in _handle_dbapi_exception
    util.raise_(
[2026-06-01T12:13:13.317+0000] {logging_mixin.py:188} WARNING -   File "/home/***/.local/lib/python3.11/site-packages/sqlalchemy/util/compat.py", line 211, in raise_
    raise exception
[2026-06-01T12:13:13.317+0000] {logging_mixin.py:188} WARNING -   File "/home/***/.local/lib/python3.11/site-packages/sqlalchemy/engine/base.py", line 1910, in _execute_context
    self.dialect.do_execute(
[2026-06-01T12:13:13.318+0000] {logging_mixin.py:188} WARNING -   File "/home/***/.local/lib/python3.11/site-packages/sqlalchemy/engine/default.py", line 736, in do_execute
    cursor.execute(statement, parameters)
[2026-06-01T12:13:13.319+0000] {logging_mixin.py:188} WARNING -   File "/home/***/.local/lib/python3.11/site-packages/pymysql/cursors.py", line 159, in execute
    result = self._query(query)
             ^^^^^^^^^^^^^^^^^^
[2026-06-01T12:13:13.319+0000] {logging_mixin.py:188} WARNING -   File "/home/***/.local/lib/python3.11/site-packages/pymysql/cursors.py", line 330, in _query
    conn.query(q)
[2026-06-01T12:13:13.320+0000] {logging_mixin.py:188} WARNING -   File "/home/***/.local/lib/python3.11/site-packages/pymysql/connections.py", line 582, in query
    self._affected_rows = self._read_query_result(unbuffered=unbuffered)
                          ^^^^^^^^^^^^^^^^^^^^^^^^^^^^^^^^^^^^^^^^^^^^^^
[2026-06-01T12:13:13.320+0000] {logging_mixin.py:188} WARNING -   File "/home/***/.local/lib/python3.11/site-packages/pymysql/connections.py", line 847, in _read_query_result
    result.read()
[2026-06-01T12:13:13.321+0000] {logging_mixin.py:188} WARNING -   File "/home/***/.local/lib/python3.11/site-packages/pymysql/connections.py", line 1245, in read
    first_packet = self.connection._read_packet()
                   ^^^^^^^^^^^^^^^^^^^^^^^^^^^^^^
[2026-06-01T12:13:13.322+0000] {logging_mixin.py:188} WARNING -   File "/home/***/.local/lib/python3.11/site-packages/pymysql/connections.py", line 803, in _read_packet
    packet.raise_for_error()
[2026-06-01T12:13:13.322+0000] {logging_mixin.py:188} WARNING -   File "/home/***/.local/lib/python3.11/site-packages/pymysql/protocol.py", line 219, in raise_for_error
    err.raise_mysql_exception(self._data)
[2026-06-01T12:13:13.323+0000] {logging_mixin.py:188} WARNING -   File "/home/***/.local/lib/python3.11/site-packages/pymysql/err.py", line 154, in raise_mysql_exception
    raise errorclass(errno, errval, sqlstate=sqlstate)
[2026-06-01T12:13:13.323+0000] {logging_mixin.py:188} WARNING - sqlalchemy.exc.ProgrammingError: (pymysql.err.ProgrammingError) (1146, "Table '***_db.futsal_men_matches' doesn't exist")
[SQL: SELECT * FROM futsal_men_matches]
(Background on this error at: https://sqlalche.me/e/14/f405)
[2026-06-01T12:13:13.324+0000] {taskinstance.py:441} INFO - ::group::Post task execution logs
[2026-06-01T12:13:13.324+0000] {taskinstance.py:2905} ERROR - Task failed with exception
Traceback (most recent call last):
  File "/home/airflow/.local/lib/python3.11/site-packages/airflow/models/taskinstance.py", line 465, in _execute_task
    result = _execute_callable(context=context, **execute_callable_kwargs)
             ^^^^^^^^^^^^^^^^^^^^^^^^^^^^^^^^^^^^^^^^^^^^^^^^^^^^^^^^^^^^^
  File "/home/airflow/.local/lib/python3.11/site-packages/airflow/models/taskinstance.py", line 432, in _execute_callable
    return execute_callable(context=context, **execute_callable_kwargs)
           ^^^^^^^^^^^^^^^^^^^^^^^^^^^^^^^^^^^^^^^^^^^^^^^^^^^^^^^^^^^^
  File "/home/airflow/.local/lib/python3.11/site-packages/airflow/models/baseoperator.py", line 400, in wrapper
    return func(self, *args, **kwargs)
           ^^^^^^^^^^^^^^^^^^^^^^^^^^^
  File "/home/airflow/.local/lib/python3.11/site-packages/airflow/operators/python.py", line 235, in execute
    return_value = self.execute_callable()
                   ^^^^^^^^^^^^^^^^^^^^^^^
  File "/home/airflow/.local/lib/python3.11/site-packages/airflow/operators/python.py", line 252, in execute_callable
    return self.python_callable(*self.op_args, **self.op_kwargs)
           ^^^^^^^^^^^^^^^^^^^^^^^^^^^^^^^^^^^^^^^^^^^^^^^^^^^^^
  File "/opt/airflow/dags/futsal_pipeline.py", line 24, in run_data_etl
    print(f"Data ETL complete. Processed {len(matches)} matches.")
                                          ^^^^^^^^^^^^
TypeError: object of type 'NoneType' has no len()
[2026-06-01T12:13:13.338+0000] {taskinstance.py:1206} INFO - Marking task as UP_FOR_RETRY. dag_id=futsal_nightly_db_pipeline, task_id=extract_transform_load_db, run_id=manual__2026-06-01T12:13:05.091615+00:00, execution_date=20260601T121305, start_date=20260601T121312, end_date=20260601T121313
[2026-06-01T12:13:13.357+0000] {standard_task_runner.py:110} ERROR - Failed to execute job 5 for task extract_transform_load_db (object of type 'NoneType' has no len(); 101)
[2026-06-01T12:13:13.385+0000] {local_task_job_runner.py:240} INFO - Task exited with return code 1
[2026-06-01T12:13:13.572+0000] {taskinstance.py:3498} INFO - 0 downstream tasks scheduled from follow-on schedule check
[2026-06-01T12:13:13.585+0000] {local_task_job_runner.py:222} INFO - ::endgroup::
