[2026-06-01T12:18:17.830+0000] {local_task_job_runner.py:120} INFO - ::group::Pre task execution logs
[2026-06-01T12:18:18.101+0000] {taskinstance.py:2076} INFO - Dependencies all met for dep_context=non-requeueable deps ti=<TaskInstance: futsal_nightly_db_pipeline.extract_transform_load_db manual__2026-06-01T12:13:05.091615+00:00 [queued]>
[2026-06-01T12:18:18.115+0000] {taskinstance.py:2076} INFO - Dependencies all met for dep_context=requeueable deps ti=<TaskInstance: futsal_nightly_db_pipeline.extract_transform_load_db manual__2026-06-01T12:13:05.091615+00:00 [queued]>
[2026-06-01T12:18:18.116+0000] {taskinstance.py:2306} INFO - Starting attempt 2 of 2
[2026-06-01T12:18:18.139+0000] {taskinstance.py:2330} INFO - Executing <Task(PythonOperator): extract_transform_load_db> on 2026-06-01 12:13:05.091615+00:00
[2026-06-01T12:18:18.161+0000] {standard_task_runner.py:63} INFO - Started process 211 to run task
[2026-06-01T12:18:18.178+0000] {standard_task_runner.py:90} INFO - Running: ['***', 'tasks', 'run', 'futsal_nightly_db_pipeline', 'extract_transform_load_db', 'manual__2026-06-01T12:13:05.091615+00:00', '--job-id', '8', '--raw', '--subdir', 'DAGS_FOLDER/futsal_pipeline.py', '--cfg-path', '/tmp/tmp395264e2']
[2026-06-01T12:18:18.184+0000] {standard_task_runner.py:91} INFO - Job 8: Subtask extract_transform_load_db
[2026-06-01T12:18:18.330+0000] {task_command.py:426} INFO - Running <TaskInstance: futsal_nightly_db_pipeline.extract_transform_load_db manual__2026-06-01T12:13:05.091615+00:00 [running]> on host baf04b10fc1d
[2026-06-01T12:18:18.698+0000] {taskinstance.py:2648} INFO - Exporting env vars: AIRFLOW_CTX_DAG_OWNER='futsal_admin' AIRFLOW_CTX_DAG_ID='futsal_nightly_db_pipeline' AIRFLOW_CTX_TASK_ID='extract_transform_load_db' AIRFLOW_CTX_EXECUTION_DATE='2026-06-01T12:13:05.091615+00:00' AIRFLOW_CTX_TRY_NUMBER='2' AIRFLOW_CTX_DAG_RUN_ID='manual__2026-06-01T12:13:05.091615+00:00'
[2026-06-01T12:18:18.725+0000] {taskinstance.py:430} INFO - ::endgroup::
[2026-06-01T12:18:18.842+0000] {logging_mixin.py:188} INFO - --- Running Match Data Pipeline ---
[2026-06-01T12:18:20.784+0000] {logging_mixin.py:188} INFO - 
--- Running Player Data Pipeline ---
[2026-06-01T12:18:21.758+0000] {logging_mixin.py:188} INFO - Data ETL complete. Processed 424 matches.
[2026-06-01T12:18:21.759+0000] {python.py:237} INFO - Done. Returned value was: None
[2026-06-01T12:18:21.759+0000] {taskinstance.py:441} INFO - ::group::Post task execution logs
[2026-06-01T12:18:21.781+0000] {taskinstance.py:1206} INFO - Marking task as SUCCESS. dag_id=futsal_nightly_db_pipeline, task_id=extract_transform_load_db, run_id=manual__2026-06-01T12:13:05.091615+00:00, execution_date=20260601T121305, start_date=20260601T121818, end_date=20260601T121821
[2026-06-01T12:18:21.853+0000] {local_task_job_runner.py:240} INFO - Task exited with return code 0
[2026-06-01T12:18:21.890+0000] {taskinstance.py:3498} INFO - 1 downstream tasks scheduled from follow-on schedule check
[2026-06-01T12:18:21.893+0000] {local_task_job_runner.py:222} INFO - ::endgroup::
