[2026-06-08T05:03:28.012+0000] {local_task_job_runner.py:120} INFO - ::group::Pre task execution logs
[2026-06-08T05:03:28.046+0000] {taskinstance.py:2076} INFO - Dependencies all met for dep_context=non-requeueable deps ti=<TaskInstance: futsal_nightly_db_pipeline.train_ml_models manual__2026-06-08T05:03:20.174688+00:00 [queued]>
[2026-06-08T05:03:28.055+0000] {taskinstance.py:2076} INFO - Dependencies all met for dep_context=requeueable deps ti=<TaskInstance: futsal_nightly_db_pipeline.train_ml_models manual__2026-06-08T05:03:20.174688+00:00 [queued]>
[2026-06-08T05:03:28.056+0000] {taskinstance.py:2306} INFO - Starting attempt 1 of 2
[2026-06-08T05:03:28.074+0000] {taskinstance.py:2330} INFO - Executing <Task(PythonOperator): train_ml_models> on 2026-06-08 05:03:20.174688+00:00
[2026-06-08T05:03:28.084+0000] {standard_task_runner.py:63} INFO - Started process 245 to run task
[2026-06-08T05:03:28.092+0000] {standard_task_runner.py:90} INFO - Running: ['***', 'tasks', 'run', 'futsal_nightly_db_pipeline', 'train_ml_models', 'manual__2026-06-08T05:03:20.174688+00:00', '--job-id', '72', '--raw', '--subdir', 'DAGS_FOLDER/futsal_pipeline.py', '--cfg-path', '/tmp/tmp_qvautuc']
[2026-06-08T05:03:28.097+0000] {standard_task_runner.py:91} INFO - Job 72: Subtask train_ml_models
[2026-06-08T05:03:28.182+0000] {task_command.py:426} INFO - Running <TaskInstance: futsal_nightly_db_pipeline.train_ml_models manual__2026-06-08T05:03:20.174688+00:00 [running]> on host 63b7fdbe0a1d
[2026-06-08T05:03:28.299+0000] {taskinstance.py:2648} INFO - Exporting env vars: AIRFLOW_CTX_DAG_OWNER='futsal_admin' AIRFLOW_CTX_DAG_ID='futsal_nightly_db_pipeline' AIRFLOW_CTX_TASK_ID='train_ml_models' AIRFLOW_CTX_EXECUTION_DATE='2026-06-08T05:03:20.174688+00:00' AIRFLOW_CTX_TRY_NUMBER='1' AIRFLOW_CTX_DAG_RUN_ID='manual__2026-06-08T05:03:20.174688+00:00'
[2026-06-08T05:03:28.301+0000] {taskinstance.py:430} INFO - ::endgroup::
[2026-06-08T05:03:28.316+0000] {logging_mixin.py:188} INFO - 
=======================================================
[2026-06-08T05:03:28.317+0000] {logging_mixin.py:188} INFO - RUNNING MATCH DATA MODEL TRAINING PIPELINE
[2026-06-08T05:03:28.317+0000] {logging_mixin.py:188} INFO - =======================================================
[2026-06-08T05:03:28.318+0000] {logging_mixin.py:188} INFO - Loading match feature data...
[2026-06-08T05:03:28.350+0000] {logging_mixin.py:188} INFO - Training match models...
[2026-06-08T05:03:28.352+0000] {logging_mixin.py:188} INFO - Grid searching: RandomForestClassifier...
[2026-06-08T05:03:28.354+0000] {logging_mixin.py:188} INFO - Grid searching: SVC...
[2026-06-08T05:03:28.358+0000] {logging_mixin.py:188} INFO - Grid searching: LogisticRegression...
[2026-06-08T05:03:28.361+0000] {logging_mixin.py:188} INFO - Training RandomForestClassifier...
[2026-06-08T05:04:51.438+0000] {logging_mixin.py:188} INFO - Training SVC...
[2026-06-08T05:04:51.779+0000] {logging_mixin.py:188} INFO - Training LogisticRegression...
[2026-06-08T05:04:52.609+0000] {logging_mixin.py:188} INFO - 
==================================================
[2026-06-08T05:04:52.609+0000] {logging_mixin.py:188} INFO - Match Training Report:
[2026-06-08T05:04:52.610+0000] {logging_mixin.py:188} INFO - ==================================================
[2026-06-08T05:04:52.610+0000] {logging_mixin.py:188} INFO - Model: RandomForestClassifier
[2026-06-08T05:04:52.612+0000] {logging_mixin.py:188} INFO - Accuracy: 0.7176
[2026-06-08T05:04:52.616+0000] {logging_mixin.py:188} INFO - F1-Score: 0.7184
[2026-06-08T05:04:52.616+0000] {logging_mixin.py:188} INFO - Best Params: {'classifier__max_depth': 20, 'classifier__min_samples_leaf': 4, 'classifier__min_samples_split': 2, 'classifier__n_estimators': 100}
[2026-06-08T05:04:52.617+0000] {logging_mixin.py:188} INFO - --------------------------------------------------
[2026-06-08T05:04:52.617+0000] {logging_mixin.py:188} INFO - Model: SVC
[2026-06-08T05:04:52.618+0000] {logging_mixin.py:188} INFO - Accuracy: 0.7176
[2026-06-08T05:04:52.618+0000] {logging_mixin.py:188} INFO - F1-Score: 0.7184
[2026-06-08T05:04:52.618+0000] {logging_mixin.py:188} INFO - Best Params: {'classifier__C': 0.1, 'classifier__kernel': 'linear'}
[2026-06-08T05:04:52.619+0000] {logging_mixin.py:188} INFO - --------------------------------------------------
[2026-06-08T05:04:52.619+0000] {logging_mixin.py:188} INFO - Model: LogisticRegression
[2026-06-08T05:04:52.619+0000] {logging_mixin.py:188} INFO - Accuracy: 0.6941
[2026-06-08T05:04:52.619+0000] {logging_mixin.py:188} INFO - F1-Score: 0.6949
[2026-06-08T05:04:52.620+0000] {logging_mixin.py:188} INFO - Best Params: {'classifier__C': 0.1}
[2026-06-08T05:04:52.620+0000] {logging_mixin.py:188} INFO - --------------------------------------------------
[2026-06-08T05:04:52.691+0000] {logging_mixin.py:188} INFO - 
Best match model name: RandomForestClassifier
[2026-06-08T05:04:52.696+0000] {logging_mixin.py:188} INFO - Best match model type: <class 'sklearn.pipeline.Pipeline'>
[2026-06-08T05:04:52.994+0000] {logging_mixin.py:188} INFO - Best match model (architecture-specific) saved to models/RandomForestClassifier_matches_model.pkl
[2026-06-08T05:04:52.999+0000] {logging_mixin.py:188} INFO - Match features saved to features/match_trained_features.pkl
[2026-06-08T05:04:53.000+0000] {logging_mixin.py:188} INFO - 
=======================================================
[2026-06-08T05:04:53.000+0000] {logging_mixin.py:188} INFO - RUNNING PLAYER DATA MODEL TRAINING PIPELINE
[2026-06-08T05:04:53.001+0000] {logging_mixin.py:188} INFO - =======================================================
[2026-06-08T05:04:53.002+0000] {logging_mixin.py:188} INFO - Loading player feature data...
[2026-06-08T05:04:53.090+0000] {logging_mixin.py:188} INFO - Training player models...
[2026-06-08T05:04:53.092+0000] {logging_mixin.py:188} INFO - 
================================================================================
[2026-06-08T05:04:53.093+0000] {logging_mixin.py:188} INFO - TRAINING RandomForest
[2026-06-08T05:04:53.094+0000] {logging_mixin.py:188} INFO - ================================================================================
[2026-06-08T05:04:53.097+0000] {logging_mixin.py:188} INFO - Fitting 3 folds for each of 24 candidates, totalling 72 fits
[2026-06-08T05:06:35.443+0000] {logging_mixin.py:188} INFO - BEST PARAMETERS FOR RandomForest: {'max_depth': 3, 'min_samples_leaf': 2, 'min_samples_split': 2, 'n_estimators': 200}
[2026-06-08T05:06:35.508+0000] {logging_mixin.py:188} INFO - RESULTS FOR RandomForest: MAE: 3.3286, RMSE: 4.7092, R2: -0.0429
[2026-06-08T05:06:35.512+0000] {logging_mixin.py:188} INFO - 
================================================================================
[2026-06-08T05:06:35.513+0000] {logging_mixin.py:188} INFO - TRAINING GradientBoosting
[2026-06-08T05:06:35.513+0000] {logging_mixin.py:188} INFO - ================================================================================
[2026-06-08T05:06:35.517+0000] {logging_mixin.py:188} INFO - Fitting 3 folds for each of 12 candidates, totalling 36 fits
[2026-06-08T05:07:24.518+0000] {logging_mixin.py:188} INFO - BEST PARAMETERS FOR GradientBoosting: {'learning_rate': 0.03, 'max_depth': 3, 'n_estimators': 100}
[2026-06-08T05:07:24.525+0000] {logging_mixin.py:188} INFO - RESULTS FOR GradientBoosting: MAE: 3.3465, RMSE: 4.7402, R2: -0.0567
[2026-06-08T05:07:24.526+0000] {logging_mixin.py:188} INFO - 
================================================================================
[2026-06-08T05:07:24.527+0000] {logging_mixin.py:188} INFO - TRAINING ExtraTrees
[2026-06-08T05:07:24.527+0000] {logging_mixin.py:188} INFO - ================================================================================
[2026-06-08T05:07:24.531+0000] {logging_mixin.py:188} INFO - Fitting 3 folds for each of 8 candidates, totalling 24 fits
[2026-06-08T05:07:38.128+0000] {logging_mixin.py:188} INFO - BEST PARAMETERS FOR ExtraTrees: {'max_depth': 5, 'min_samples_split': 2, 'n_estimators': 100}
[2026-06-08T05:07:38.169+0000] {logging_mixin.py:188} INFO - RESULTS FOR ExtraTrees: MAE: 3.3024, RMSE: 4.6988, R2: -0.0383
[2026-06-08T05:07:38.170+0000] {logging_mixin.py:188} INFO - 
================================================================================
[2026-06-08T05:07:38.171+0000] {logging_mixin.py:188} INFO - TRAINING RidgeRegression
[2026-06-08T05:07:38.174+0000] {logging_mixin.py:188} INFO - ================================================================================
[2026-06-08T05:07:38.179+0000] {logging_mixin.py:188} INFO - Fitting 3 folds for each of 3 candidates, totalling 9 fits
[2026-06-08T05:07:38.384+0000] {logging_mixin.py:188} INFO - BEST PARAMETERS FOR RidgeRegression: {'alpha': 10.0}
[2026-06-08T05:07:38.407+0000] {logging_mixin.py:188} INFO - RESULTS FOR RidgeRegression: MAE: 3.313, RMSE: 4.6744, R2: -0.0276
[2026-06-08T05:07:38.417+0000] {logging_mixin.py:188} INFO - 
================================================================================
[2026-06-08T05:07:38.423+0000] {logging_mixin.py:188} INFO - TRAINING XGBoost
[2026-06-08T05:07:38.426+0000] {logging_mixin.py:188} INFO - ================================================================================
[2026-06-08T05:07:38.456+0000] {logging_mixin.py:188} INFO - Fitting 3 folds for each of 12 candidates, totalling 36 fits
[2026-06-08T05:27:32.649+0000] {local_task_job_runner.py:124} ERROR - Received SIGTERM. Terminating subprocesses
[2026-06-08T05:27:32.708+0000] {process_utils.py:132} INFO - Sending 15 to group 245. PIDs of all processes in the group: [245]
[2026-06-08T05:27:32.710+0000] {process_utils.py:87} INFO - Sending the signal 15 to group 245
