[2026-06-01T12:18:57.287+0000] {local_task_job_runner.py:120} INFO - ::group::Pre task execution logs
[2026-06-01T12:18:57.515+0000] {taskinstance.py:2076} INFO - Dependencies all met for dep_context=non-requeueable deps ti=<TaskInstance: futsal_nightly_db_pipeline.train_ml_models manual__2026-06-01T12:18:40.355878+00:00 [queued]>
[2026-06-01T12:18:57.531+0000] {taskinstance.py:2076} INFO - Dependencies all met for dep_context=requeueable deps ti=<TaskInstance: futsal_nightly_db_pipeline.train_ml_models manual__2026-06-01T12:18:40.355878+00:00 [queued]>
[2026-06-01T12:18:57.542+0000] {taskinstance.py:2306} INFO - Starting attempt 1 of 2
[2026-06-01T12:18:57.570+0000] {taskinstance.py:2330} INFO - Executing <Task(PythonOperator): train_ml_models> on 2026-06-01 12:18:40.355878+00:00
[2026-06-01T12:18:57.581+0000] {standard_task_runner.py:63} INFO - Started process 278 to run task
[2026-06-01T12:18:57.586+0000] {standard_task_runner.py:90} INFO - Running: ['***', 'tasks', 'run', 'futsal_nightly_db_pipeline', 'train_ml_models', 'manual__2026-06-01T12:18:40.355878+00:00', '--job-id', '12', '--raw', '--subdir', 'DAGS_FOLDER/futsal_pipeline.py', '--cfg-path', '/tmp/tmpbhz46xc8']
[2026-06-01T12:18:57.594+0000] {standard_task_runner.py:91} INFO - Job 12: Subtask train_ml_models
[2026-06-01T12:18:57.687+0000] {task_command.py:426} INFO - Running <TaskInstance: futsal_nightly_db_pipeline.train_ml_models manual__2026-06-01T12:18:40.355878+00:00 [running]> on host baf04b10fc1d
[2026-06-01T12:18:57.842+0000] {taskinstance.py:2648} INFO - Exporting env vars: AIRFLOW_CTX_DAG_OWNER='futsal_admin' AIRFLOW_CTX_DAG_ID='futsal_nightly_db_pipeline' AIRFLOW_CTX_TASK_ID='train_ml_models' AIRFLOW_CTX_EXECUTION_DATE='2026-06-01T12:18:40.355878+00:00' AIRFLOW_CTX_TRY_NUMBER='1' AIRFLOW_CTX_DAG_RUN_ID='manual__2026-06-01T12:18:40.355878+00:00'
[2026-06-01T12:18:57.844+0000] {taskinstance.py:430} INFO - ::endgroup::
[2026-06-01T12:18:57.846+0000] {logging_mixin.py:188} INFO - 
=======================================================
[2026-06-01T12:18:57.847+0000] {logging_mixin.py:188} INFO - RUNNING MATCH DATA MODEL TRAINING PIPELINE
[2026-06-01T12:18:57.847+0000] {logging_mixin.py:188} INFO - =======================================================
[2026-06-01T12:18:57.848+0000] {logging_mixin.py:188} INFO - Loading match feature data...
[2026-06-01T12:18:57.873+0000] {logging_mixin.py:188} INFO - Training match models...
[2026-06-01T12:18:57.875+0000] {logging_mixin.py:188} INFO - Grid searching: RandomForestClassifier...
[2026-06-01T12:18:57.876+0000] {logging_mixin.py:188} INFO - Grid searching: SVC...
[2026-06-01T12:18:57.877+0000] {logging_mixin.py:188} INFO - Grid searching: LogisticRegression...
[2026-06-01T12:18:57.878+0000] {logging_mixin.py:188} INFO - Training RandomForestClassifier...
[2026-06-01T12:21:52.176+0000] {logging_mixin.py:188} INFO - Training SVC...
[2026-06-01T12:21:52.526+0000] {logging_mixin.py:188} INFO - Training LogisticRegression...
[2026-06-01T12:21:53.656+0000] {logging_mixin.py:188} INFO - 
==================================================
[2026-06-01T12:21:53.663+0000] {logging_mixin.py:188} INFO - Match Training Report:
[2026-06-01T12:21:53.664+0000] {logging_mixin.py:188} INFO - ==================================================
[2026-06-01T12:21:53.666+0000] {logging_mixin.py:188} INFO - Model: RandomForestClassifier
[2026-06-01T12:21:53.668+0000] {logging_mixin.py:188} INFO - Accuracy: 0.7176
[2026-06-01T12:21:53.669+0000] {logging_mixin.py:188} INFO - F1-Score: 0.7182
[2026-06-01T12:21:53.675+0000] {logging_mixin.py:188} INFO - Best Params: {'classifier__max_depth': 10, 'classifier__min_samples_leaf': 2, 'classifier__min_samples_split': 10, 'classifier__n_estimators': 200}
[2026-06-01T12:21:53.678+0000] {logging_mixin.py:188} INFO - --------------------------------------------------
[2026-06-01T12:21:53.680+0000] {logging_mixin.py:188} INFO - Model: SVC
[2026-06-01T12:21:53.690+0000] {logging_mixin.py:188} INFO - Accuracy: 0.7176
[2026-06-01T12:21:53.691+0000] {logging_mixin.py:188} INFO - F1-Score: 0.7184
[2026-06-01T12:21:53.692+0000] {logging_mixin.py:188} INFO - Best Params: {'classifier__C': 0.1, 'classifier__kernel': 'linear'}
[2026-06-01T12:21:53.693+0000] {logging_mixin.py:188} INFO - --------------------------------------------------
[2026-06-01T12:21:53.695+0000] {logging_mixin.py:188} INFO - Model: LogisticRegression
[2026-06-01T12:21:53.696+0000] {logging_mixin.py:188} INFO - Accuracy: 0.6941
[2026-06-01T12:21:53.697+0000] {logging_mixin.py:188} INFO - F1-Score: 0.6949
[2026-06-01T12:21:53.714+0000] {logging_mixin.py:188} INFO - Best Params: {'classifier__C': 0.1}
[2026-06-01T12:21:53.727+0000] {logging_mixin.py:188} INFO - --------------------------------------------------
[2026-06-01T12:21:53.862+0000] {logging_mixin.py:188} INFO - 
Best match model name: RandomForestClassifier
[2026-06-01T12:21:53.863+0000] {logging_mixin.py:188} INFO - Best match model type: <class 'sklearn.pipeline.Pipeline'>
[2026-06-01T12:21:54.303+0000] {logging_mixin.py:188} INFO - Best match model (architecture-specific) saved to models/RandomForestClassifier_matches_model.pkl
[2026-06-01T12:21:54.304+0000] {logging_mixin.py:188} INFO - Match features saved to features/match_trained_features.pkl
[2026-06-01T12:21:54.305+0000] {logging_mixin.py:188} INFO - 
=======================================================
[2026-06-01T12:21:54.306+0000] {logging_mixin.py:188} INFO - RUNNING PLAYER DATA MODEL TRAINING PIPELINE
[2026-06-01T12:21:54.306+0000] {logging_mixin.py:188} INFO - =======================================================
[2026-06-01T12:21:54.307+0000] {logging_mixin.py:188} INFO - Loading player feature data...
[2026-06-01T12:21:54.387+0000] {logging_mixin.py:188} INFO - Training player models...
[2026-06-01T12:21:54.390+0000] {logging_mixin.py:188} INFO - 
================================================================================
[2026-06-01T12:21:54.391+0000] {logging_mixin.py:188} INFO - TRAINING RandomForest
[2026-06-01T12:21:54.391+0000] {logging_mixin.py:188} INFO - ================================================================================
[2026-06-01T12:21:54.394+0000] {logging_mixin.py:188} INFO - Fitting 3 folds for each of 24 candidates, totalling 72 fits
[2026-06-01T12:25:13.437+0000] {logging_mixin.py:188} INFO - BEST PARAMETERS FOR RandomForest: {'max_depth': 3, 'min_samples_leaf': 2, 'min_samples_split': 2, 'n_estimators': 200}
[2026-06-01T12:25:13.515+0000] {logging_mixin.py:188} INFO - RESULTS FOR RandomForest: MAE: 3.3286, RMSE: 4.7092, R2: -0.0429
[2026-06-01T12:25:13.521+0000] {logging_mixin.py:188} INFO - 
================================================================================
[2026-06-01T12:25:13.521+0000] {logging_mixin.py:188} INFO - TRAINING GradientBoosting
[2026-06-01T12:25:13.522+0000] {logging_mixin.py:188} INFO - ================================================================================
[2026-06-01T12:25:13.524+0000] {logging_mixin.py:188} INFO - Fitting 3 folds for each of 12 candidates, totalling 36 fits
[2026-06-01T12:27:12.602+0000] {logging_mixin.py:188} INFO - BEST PARAMETERS FOR GradientBoosting: {'learning_rate': 0.03, 'max_depth': 3, 'n_estimators': 100}
[2026-06-01T12:27:12.627+0000] {logging_mixin.py:188} INFO - RESULTS FOR GradientBoosting: MAE: 3.3465, RMSE: 4.7402, R2: -0.0567
[2026-06-01T12:27:12.632+0000] {logging_mixin.py:188} INFO - 
================================================================================
[2026-06-01T12:27:12.632+0000] {logging_mixin.py:188} INFO - TRAINING ExtraTrees
[2026-06-01T12:27:12.638+0000] {logging_mixin.py:188} INFO - ================================================================================
[2026-06-01T12:27:12.643+0000] {logging_mixin.py:188} INFO - Fitting 3 folds for each of 8 candidates, totalling 24 fits
[2026-06-01T12:28:03.541+0000] {logging_mixin.py:188} INFO - BEST PARAMETERS FOR ExtraTrees: {'max_depth': 5, 'min_samples_split': 2, 'n_estimators': 100}
[2026-06-01T12:28:03.662+0000] {logging_mixin.py:188} INFO - RESULTS FOR ExtraTrees: MAE: 3.3024, RMSE: 4.6988, R2: -0.0383
[2026-06-01T12:28:03.667+0000] {logging_mixin.py:188} INFO - 
================================================================================
[2026-06-01T12:28:03.672+0000] {logging_mixin.py:188} INFO - TRAINING RidgeRegression
[2026-06-01T12:28:03.685+0000] {logging_mixin.py:188} INFO - ================================================================================
[2026-06-01T12:28:03.697+0000] {logging_mixin.py:188} INFO - Fitting 3 folds for each of 3 candidates, totalling 9 fits
[2026-06-01T12:28:04.359+0000] {logging_mixin.py:188} INFO - BEST PARAMETERS FOR RidgeRegression: {'alpha': 10.0}
[2026-06-01T12:28:04.436+0000] {logging_mixin.py:188} INFO - RESULTS FOR RidgeRegression: MAE: 3.313, RMSE: 4.6744, R2: -0.0276
[2026-06-01T12:28:04.445+0000] {logging_mixin.py:188} INFO - 
================================================================================
[2026-06-01T12:28:04.447+0000] {logging_mixin.py:188} INFO - TRAINING XGBoost
[2026-06-01T12:28:04.448+0000] {logging_mixin.py:188} INFO - ================================================================================
[2026-06-01T12:28:04.486+0000] {logging_mixin.py:188} INFO - Fitting 3 folds for each of 12 candidates, totalling 36 fits
