[2026-06-02T05:44:02.865+0000] {local_task_job_runner.py:120} INFO - ::group::Pre task execution logs
[2026-06-02T05:44:02.895+0000] {taskinstance.py:2076} INFO - Dependencies all met for dep_context=non-requeueable deps ti=<TaskInstance: futsal_nightly_db_pipeline.train_ml_models manual__2026-06-01T12:18:40.355878+00:00 [queued]>
[2026-06-02T05:44:02.904+0000] {taskinstance.py:2076} INFO - Dependencies all met for dep_context=requeueable deps ti=<TaskInstance: futsal_nightly_db_pipeline.train_ml_models manual__2026-06-01T12:18:40.355878+00:00 [queued]>
[2026-06-02T05:44:02.905+0000] {taskinstance.py:2306} INFO - Starting attempt 4 of 2
[2026-06-02T05:44:02.920+0000] {taskinstance.py:2330} INFO - Executing <Task(PythonOperator): train_ml_models> on 2026-06-01 12:18:40.355878+00:00
[2026-06-02T05:44:02.933+0000] {standard_task_runner.py:63} INFO - Started process 3040 to run task
[2026-06-02T05:44:02.940+0000] {standard_task_runner.py:90} INFO - Running: ['***', 'tasks', 'run', 'futsal_nightly_db_pipeline', 'train_ml_models', 'manual__2026-06-01T12:18:40.355878+00:00', '--job-id', '32', '--raw', '--subdir', 'DAGS_FOLDER/futsal_pipeline.py', '--cfg-path', '/tmp/tmpmre1pk5p']
[2026-06-02T05:44:02.942+0000] {standard_task_runner.py:91} INFO - Job 32: Subtask train_ml_models
[2026-06-02T05:44:03.016+0000] {task_command.py:426} INFO - Running <TaskInstance: futsal_nightly_db_pipeline.train_ml_models manual__2026-06-01T12:18:40.355878+00:00 [running]> on host b326f2068ec6
[2026-06-02T05:44:03.105+0000] {taskinstance.py:2648} INFO - Exporting env vars: AIRFLOW_CTX_DAG_OWNER='futsal_admin' AIRFLOW_CTX_DAG_ID='futsal_nightly_db_pipeline' AIRFLOW_CTX_TASK_ID='train_ml_models' AIRFLOW_CTX_EXECUTION_DATE='2026-06-01T12:18:40.355878+00:00' AIRFLOW_CTX_TRY_NUMBER='4' AIRFLOW_CTX_DAG_RUN_ID='manual__2026-06-01T12:18:40.355878+00:00'
[2026-06-02T05:44:03.106+0000] {taskinstance.py:430} INFO - ::endgroup::
[2026-06-02T05:44:03.107+0000] {logging_mixin.py:188} INFO - 
=======================================================
[2026-06-02T05:44:03.108+0000] {logging_mixin.py:188} INFO - RUNNING MATCH DATA MODEL TRAINING PIPELINE
[2026-06-02T05:44:03.108+0000] {logging_mixin.py:188} INFO - =======================================================
[2026-06-02T05:44:03.108+0000] {logging_mixin.py:188} INFO - Loading match feature data...
[2026-06-02T05:44:03.127+0000] {logging_mixin.py:188} INFO - Training match models...
[2026-06-02T05:44:03.128+0000] {logging_mixin.py:188} INFO - Grid searching: RandomForestClassifier...
[2026-06-02T05:44:03.129+0000] {logging_mixin.py:188} INFO - Grid searching: SVC...
[2026-06-02T05:44:03.130+0000] {logging_mixin.py:188} INFO - Grid searching: LogisticRegression...
[2026-06-02T05:44:03.131+0000] {logging_mixin.py:188} INFO - Training RandomForestClassifier...
[2026-06-02T05:46:40.106+0000] {logging_mixin.py:188} INFO - Training SVC...
[2026-06-02T05:46:40.479+0000] {logging_mixin.py:188} INFO - Training LogisticRegression...
[2026-06-02T05:46:42.037+0000] {logging_mixin.py:188} INFO - 
==================================================
[2026-06-02T05:46:42.040+0000] {logging_mixin.py:188} INFO - Match Training Report:
[2026-06-02T05:46:42.040+0000] {logging_mixin.py:188} INFO - ==================================================
[2026-06-02T05:46:42.041+0000] {logging_mixin.py:188} INFO - Model: RandomForestClassifier
[2026-06-02T05:46:42.041+0000] {logging_mixin.py:188} INFO - Accuracy: 0.7059
[2026-06-02T05:46:42.041+0000] {logging_mixin.py:188} INFO - F1-Score: 0.7062
[2026-06-02T05:46:42.042+0000] {logging_mixin.py:188} INFO - Best Params: {'classifier__max_depth': 30, 'classifier__min_samples_leaf': 4, 'classifier__min_samples_split': 5, 'classifier__n_estimators': 200}
[2026-06-02T05:46:42.042+0000] {logging_mixin.py:188} INFO - --------------------------------------------------
[2026-06-02T05:46:42.042+0000] {logging_mixin.py:188} INFO - Model: SVC
[2026-06-02T05:46:42.042+0000] {logging_mixin.py:188} INFO - Accuracy: 0.7176
[2026-06-02T05:46:42.043+0000] {logging_mixin.py:188} INFO - F1-Score: 0.7184
[2026-06-02T05:46:42.043+0000] {logging_mixin.py:188} INFO - Best Params: {'classifier__C': 0.1, 'classifier__kernel': 'linear'}
[2026-06-02T05:46:42.043+0000] {logging_mixin.py:188} INFO - --------------------------------------------------
[2026-06-02T05:46:42.047+0000] {logging_mixin.py:188} INFO - Model: LogisticRegression
[2026-06-02T05:46:42.047+0000] {logging_mixin.py:188} INFO - Accuracy: 0.6941
[2026-06-02T05:46:42.048+0000] {logging_mixin.py:188} INFO - F1-Score: 0.6949
[2026-06-02T05:46:42.048+0000] {logging_mixin.py:188} INFO - Best Params: {'classifier__C': 0.1}
[2026-06-02T05:46:42.049+0000] {logging_mixin.py:188} INFO - --------------------------------------------------
[2026-06-02T05:46:42.170+0000] {logging_mixin.py:188} INFO - 
Best match model name: SVC
[2026-06-02T05:46:42.176+0000] {logging_mixin.py:188} INFO - Best match model type: <class 'sklearn.pipeline.Pipeline'>
[2026-06-02T05:46:42.221+0000] {logging_mixin.py:188} INFO - Best match model (architecture-specific) saved to models/SVC_matches_model.pkl
[2026-06-02T05:46:42.223+0000] {logging_mixin.py:188} INFO - Match features saved to features/match_trained_features.pkl
[2026-06-02T05:46:42.223+0000] {logging_mixin.py:188} INFO - 
=======================================================
[2026-06-02T05:46:42.224+0000] {logging_mixin.py:188} INFO - RUNNING PLAYER DATA MODEL TRAINING PIPELINE
[2026-06-02T05:46:42.224+0000] {logging_mixin.py:188} INFO - =======================================================
[2026-06-02T05:46:42.224+0000] {logging_mixin.py:188} INFO - Loading player feature data...
[2026-06-02T05:46:42.374+0000] {logging_mixin.py:188} INFO - Training player models...
[2026-06-02T05:46:42.378+0000] {logging_mixin.py:188} INFO - 
================================================================================
[2026-06-02T05:46:42.379+0000] {logging_mixin.py:188} INFO - TRAINING RandomForest
[2026-06-02T05:46:42.379+0000] {logging_mixin.py:188} INFO - ================================================================================
[2026-06-02T05:46:42.389+0000] {logging_mixin.py:188} INFO - Fitting 3 folds for each of 24 candidates, totalling 72 fits
[2026-06-02T05:46:58.250+0000] {local_task_job_runner.py:124} ERROR - Received SIGTERM. Terminating subprocesses
[2026-06-02T05:46:58.344+0000] {process_utils.py:132} INFO - Sending 15 to group 3040. PIDs of all processes in the group: [3040]
[2026-06-02T05:46:58.372+0000] {process_utils.py:87} INFO - Sending the signal 15 to group 3040
[2026-06-02T05:46:58.373+0000] {taskinstance.py:2611} ERROR - Received SIGTERM. Terminating subprocesses.
[2026-06-02T05:46:58.375+0000] {taskinstance.py:441} INFO - ::group::Post task execution logs
[2026-06-02T05:46:58.415+0000] {taskinstance.py:2905} ERROR - Task failed with exception
Traceback (most recent call last):
  File "/home/airflow/.local/lib/python3.11/site-packages/airflow/models/taskinstance.py", line 465, in _execute_task
    result = _execute_callable(context=context, **execute_callable_kwargs)
             ^^^^^^^^^^^^^^^^^^^^^^^^^^^^^^^^^^^^^^^^^^^^^^^^^^^^^^^^^^^^^
  File "/home/airflow/.local/lib/python3.11/site-packages/airflow/models/taskinstance.py", line 432, in _execute_callable
    return execute_callable(context=context, **execute_callable_kwargs)
           ^^^^^^^^^^^^^^^^^^^^^^^^^^^^^^^^^^^^^^^^^^^^^^^^^^^^^^^^^^^^
  File "/home/airflow/.local/lib/python3.11/site-packages/airflow/models/baseoperator.py", line 400, in wrapper
    return func(self, *args, **kwargs)
           ^^^^^^^^^^^^^^^^^^^^^^^^^^^
  File "/home/airflow/.local/lib/python3.11/site-packages/airflow/operators/python.py", line 235, in execute
    return_value = self.execute_callable()
                   ^^^^^^^^^^^^^^^^^^^^^^^
  File "/home/airflow/.local/lib/python3.11/site-packages/airflow/operators/python.py", line 252, in execute_callable
    return self.python_callable(*self.op_args, **self.op_kwargs)
           ^^^^^^^^^^^^^^^^^^^^^^^^^^^^^^^^^^^^^^^^^^^^^^^^^^^^^
  File "/opt/airflow/dags/futsal_pipeline.py", line 29, in run_model_training
    pipeline.run_pipeline()
  File "/opt/airflow/pipeline/training_pipeline.py", line 191, in run_pipeline
    player_results = self.player_pipeline.run_pipeline()
                     ^^^^^^^^^^^^^^^^^^^^^^^^^^^^^^^^^^^
  File "/opt/airflow/pipeline/training_pipeline.py", line 149, in run_pipeline
    models_report = self.train_models(X, y)
                    ^^^^^^^^^^^^^^^^^^^^^^^
  File "/opt/airflow/pipeline/training_pipeline.py", line 105, in train_models
    return self.trainer.train(X, y)
           ^^^^^^^^^^^^^^^^^^^^^^^^
  File "/opt/airflow/scripts/model_trainer.py", line 357, in train
    return self.trainer.train(X, y)
           ^^^^^^^^^^^^^^^^^^^^^^^^
  File "/opt/airflow/scripts/model_trainer.py", line 275, in train
    grid.fit(X_train, y_train)
  File "/home/airflow/.local/lib/python3.11/site-packages/sklearn/base.py", line 1336, in wrapper
    return fit_method(estimator, *args, **kwargs)
           ^^^^^^^^^^^^^^^^^^^^^^^^^^^^^^^^^^^^^^
  File "/home/airflow/.local/lib/python3.11/site-packages/sklearn/model_selection/_search.py", line 1053, in fit
    self._run_search(evaluate_candidates)
  File "/home/airflow/.local/lib/python3.11/site-packages/sklearn/model_selection/_search.py", line 1612, in _run_search
    evaluate_candidates(ParameterGrid(self.param_grid))
  File "/home/airflow/.local/lib/python3.11/site-packages/sklearn/model_selection/_search.py", line 999, in evaluate_candidates
    out = parallel(
          ^^^^^^^^^
  File "/home/airflow/.local/lib/python3.11/site-packages/sklearn/utils/parallel.py", line 91, in __call__
    return super().__call__(iterable_with_config_and_warning_filters)
           ^^^^^^^^^^^^^^^^^^^^^^^^^^^^^^^^^^^^^^^^^^^^^^^^^^^^^^^^^^
  File "/home/airflow/.local/lib/python3.11/site-packages/joblib/parallel.py", line 1986, in __call__
    return output if self.return_generator else list(output)
                                                ^^^^^^^^^^^^
  File "/home/airflow/.local/lib/python3.11/site-packages/joblib/parallel.py", line 1914, in _get_sequential_output
    res = func(*args, **kwargs)
          ^^^^^^^^^^^^^^^^^^^^^
  File "/home/airflow/.local/lib/python3.11/site-packages/sklearn/utils/parallel.py", line 184, in __call__
    return self.function(*args, **kwargs)
           ^^^^^^^^^^^^^^^^^^^^^^^^^^^^^^
  File "/home/airflow/.local/lib/python3.11/site-packages/sklearn/model_selection/_validation.py", line 833, in _fit_and_score
    estimator.fit(X_train, y_train, **fit_params)
  File "/home/airflow/.local/lib/python3.11/site-packages/sklearn/base.py", line 1336, in wrapper
    return fit_method(estimator, *args, **kwargs)
           ^^^^^^^^^^^^^^^^^^^^^^^^^^^^^^^^^^^^^^
  File "/home/airflow/.local/lib/python3.11/site-packages/sklearn/ensemble/_forest.py", line 486, in fit
    trees = Parallel(
            ^^^^^^^^^
  File "/home/airflow/.local/lib/python3.11/site-packages/sklearn/utils/parallel.py", line 91, in __call__
    return super().__call__(iterable_with_config_and_warning_filters)
           ^^^^^^^^^^^^^^^^^^^^^^^^^^^^^^^^^^^^^^^^^^^^^^^^^^^^^^^^^^
  File "/home/airflow/.local/lib/python3.11/site-packages/joblib/parallel.py", line 1986, in __call__
    return output if self.return_generator else list(output)
                                                ^^^^^^^^^^^^
  File "/home/airflow/.local/lib/python3.11/site-packages/joblib/parallel.py", line 1914, in _get_sequential_output
    res = func(*args, **kwargs)
          ^^^^^^^^^^^^^^^^^^^^^
  File "/home/airflow/.local/lib/python3.11/site-packages/sklearn/utils/parallel.py", line 140, in __call__
    def __call__(self, *args, **kwargs):
    
  File "/home/airflow/.local/lib/python3.11/site-packages/airflow/models/taskinstance.py", line 2613, in signal_handler
    raise AirflowTaskTerminated("Task received SIGTERM signal")
airflow.exceptions.AirflowTaskTerminated: Task received SIGTERM signal
[2026-06-02T05:46:58.513+0000] {taskinstance.py:1206} INFO - Marking task as FAILED. dag_id=futsal_nightly_db_pipeline, task_id=train_ml_models, run_id=manual__2026-06-01T12:18:40.355878+00:00, execution_date=20260601T121840, start_date=20260602T054402, end_date=20260602T054658
[2026-06-02T05:46:58.672+0000] {process_utils.py:80} INFO - Process psutil.Process(pid=3040, status='terminated', exitcode=2, started='05:44:02') (3040) terminated with exit code 2
[2026-06-02T05:46:58.674+0000] {local_task_job_runner.py:240} INFO - Task exited with return code 143
[2026-06-02T05:46:58.706+0000] {taskinstance.py:3498} INFO - 0 downstream tasks scheduled from follow-on schedule check
