[2026-06-01T12:33:09.224+0000] {local_task_job_runner.py:120} INFO - ::group::Pre task execution logs
[2026-06-01T12:33:09.291+0000] {taskinstance.py:2076} INFO - Dependencies all met for dep_context=non-requeueable deps ti=<TaskInstance: futsal_nightly_db_pipeline.train_ml_models manual__2026-06-01T12:18:40.355878+00:00 [queued]>
[2026-06-01T12:33:09.309+0000] {taskinstance.py:2076} INFO - Dependencies all met for dep_context=requeueable deps ti=<TaskInstance: futsal_nightly_db_pipeline.train_ml_models manual__2026-06-01T12:18:40.355878+00:00 [queued]>
[2026-06-01T12:33:09.310+0000] {taskinstance.py:2306} INFO - Starting attempt 2 of 2
[2026-06-01T12:33:09.337+0000] {taskinstance.py:2330} INFO - Executing <Task(PythonOperator): train_ml_models> on 2026-06-01 12:18:40.355878+00:00
[2026-06-01T12:33:09.358+0000] {standard_task_runner.py:63} INFO - Started process 437 to run task
[2026-06-01T12:33:09.364+0000] {standard_task_runner.py:90} INFO - Running: ['***', 'tasks', 'run', 'futsal_nightly_db_pipeline', 'train_ml_models', 'manual__2026-06-01T12:18:40.355878+00:00', '--job-id', '18', '--raw', '--subdir', 'DAGS_FOLDER/futsal_pipeline.py', '--cfg-path', '/tmp/tmpucxsbkf8']
[2026-06-01T12:33:09.367+0000] {standard_task_runner.py:91} INFO - Job 18: Subtask train_ml_models
[2026-06-01T12:33:09.506+0000] {task_command.py:426} INFO - Running <TaskInstance: futsal_nightly_db_pipeline.train_ml_models manual__2026-06-01T12:18:40.355878+00:00 [running]> on host b326f2068ec6
[2026-06-01T12:33:09.673+0000] {taskinstance.py:2648} INFO - Exporting env vars: AIRFLOW_CTX_DAG_OWNER='futsal_admin' AIRFLOW_CTX_DAG_ID='futsal_nightly_db_pipeline' AIRFLOW_CTX_TASK_ID='train_ml_models' AIRFLOW_CTX_EXECUTION_DATE='2026-06-01T12:18:40.355878+00:00' AIRFLOW_CTX_TRY_NUMBER='2' AIRFLOW_CTX_DAG_RUN_ID='manual__2026-06-01T12:18:40.355878+00:00'
[2026-06-01T12:33:09.678+0000] {taskinstance.py:430} INFO - ::endgroup::
[2026-06-01T12:33:09.681+0000] {logging_mixin.py:188} INFO - 
=======================================================
[2026-06-01T12:33:09.682+0000] {logging_mixin.py:188} INFO - RUNNING MATCH DATA MODEL TRAINING PIPELINE
[2026-06-01T12:33:09.683+0000] {logging_mixin.py:188} INFO - =======================================================
[2026-06-01T12:33:09.684+0000] {logging_mixin.py:188} INFO - Loading match feature data...
[2026-06-01T12:33:09.716+0000] {logging_mixin.py:188} INFO - Training match models...
[2026-06-01T12:33:09.723+0000] {logging_mixin.py:188} INFO - Grid searching: RandomForestClassifier...
[2026-06-01T12:33:09.725+0000] {logging_mixin.py:188} INFO - Grid searching: SVC...
[2026-06-01T12:33:09.726+0000] {logging_mixin.py:188} INFO - Grid searching: LogisticRegression...
[2026-06-01T12:33:09.727+0000] {logging_mixin.py:188} INFO - Training RandomForestClassifier...
[2026-06-01T12:35:56.250+0000] {logging_mixin.py:188} INFO - Training SVC...
[2026-06-01T12:35:56.669+0000] {logging_mixin.py:188} INFO - Training LogisticRegression...
[2026-06-01T12:35:58.638+0000] {logging_mixin.py:188} INFO - 
==================================================
[2026-06-01T12:35:58.643+0000] {logging_mixin.py:188} INFO - Match Training Report:
[2026-06-01T12:35:58.687+0000] {logging_mixin.py:188} INFO - ==================================================
[2026-06-01T12:35:58.691+0000] {logging_mixin.py:188} INFO - Model: RandomForestClassifier
[2026-06-01T12:35:58.692+0000] {logging_mixin.py:188} INFO - Accuracy: 0.7412
[2026-06-01T12:35:58.704+0000] {logging_mixin.py:188} INFO - F1-Score: 0.7417
[2026-06-01T12:35:58.711+0000] {logging_mixin.py:188} INFO - Best Params: {'classifier__max_depth': 20, 'classifier__min_samples_leaf': 2, 'classifier__min_samples_split': 10, 'classifier__n_estimators': 100}
[2026-06-01T12:35:58.715+0000] {logging_mixin.py:188} INFO - --------------------------------------------------
[2026-06-01T12:35:58.727+0000] {logging_mixin.py:188} INFO - Model: SVC
[2026-06-01T12:35:58.728+0000] {logging_mixin.py:188} INFO - Accuracy: 0.7176
[2026-06-01T12:35:58.728+0000] {logging_mixin.py:188} INFO - F1-Score: 0.7184
[2026-06-01T12:35:58.743+0000] {logging_mixin.py:188} INFO - Best Params: {'classifier__C': 0.1, 'classifier__kernel': 'linear'}
[2026-06-01T12:35:58.751+0000] {logging_mixin.py:188} INFO - --------------------------------------------------
[2026-06-01T12:35:58.759+0000] {logging_mixin.py:188} INFO - Model: LogisticRegression
[2026-06-01T12:35:58.769+0000] {logging_mixin.py:188} INFO - Accuracy: 0.6941
[2026-06-01T12:35:58.774+0000] {logging_mixin.py:188} INFO - F1-Score: 0.6949
[2026-06-01T12:35:58.775+0000] {logging_mixin.py:188} INFO - Best Params: {'classifier__C': 0.1}
[2026-06-01T12:35:58.775+0000] {logging_mixin.py:188} INFO - --------------------------------------------------
[2026-06-01T12:35:58.823+0000] {logging_mixin.py:188} INFO - 
Best match model name: RandomForestClassifier
[2026-06-01T12:35:58.824+0000] {logging_mixin.py:188} INFO - Best match model type: <class 'sklearn.pipeline.Pipeline'>
[2026-06-01T12:35:59.085+0000] {logging_mixin.py:188} INFO - Best match model (architecture-specific) saved to models/RandomForestClassifier_matches_model.pkl
[2026-06-01T12:35:59.086+0000] {logging_mixin.py:188} INFO - Match features saved to features/match_trained_features.pkl
[2026-06-01T12:35:59.087+0000] {logging_mixin.py:188} INFO - 
=======================================================
[2026-06-01T12:35:59.088+0000] {logging_mixin.py:188} INFO - RUNNING PLAYER DATA MODEL TRAINING PIPELINE
[2026-06-01T12:35:59.089+0000] {logging_mixin.py:188} INFO - =======================================================
[2026-06-01T12:35:59.089+0000] {logging_mixin.py:188} INFO - Loading player feature data...
[2026-06-01T12:35:59.166+0000] {logging_mixin.py:188} INFO - Training player models...
[2026-06-01T12:35:59.168+0000] {logging_mixin.py:188} INFO - 
================================================================================
[2026-06-01T12:35:59.169+0000] {logging_mixin.py:188} INFO - TRAINING RandomForest
[2026-06-01T12:35:59.170+0000] {logging_mixin.py:188} INFO - ================================================================================
[2026-06-01T12:35:59.174+0000] {logging_mixin.py:188} INFO - Fitting 3 folds for each of 24 candidates, totalling 72 fits
[2026-06-01T12:38:15.010+0000] {logging_mixin.py:188} INFO - BEST PARAMETERS FOR RandomForest: {'max_depth': 3, 'min_samples_leaf': 2, 'min_samples_split': 2, 'n_estimators': 200}
[2026-06-01T12:38:15.063+0000] {logging_mixin.py:188} INFO - RESULTS FOR RandomForest: MAE: 3.3286, RMSE: 4.7092, R2: -0.0429
[2026-06-01T12:38:15.064+0000] {logging_mixin.py:188} INFO - 
================================================================================
[2026-06-01T12:38:15.065+0000] {logging_mixin.py:188} INFO - TRAINING GradientBoosting
[2026-06-01T12:38:15.065+0000] {logging_mixin.py:188} INFO - ================================================================================
[2026-06-01T12:38:15.070+0000] {logging_mixin.py:188} INFO - Fitting 3 folds for each of 12 candidates, totalling 36 fits
[2026-06-01T12:39:18.009+0000] {logging_mixin.py:188} INFO - BEST PARAMETERS FOR GradientBoosting: {'learning_rate': 0.03, 'max_depth': 3, 'n_estimators': 100}
[2026-06-01T12:39:18.017+0000] {logging_mixin.py:188} INFO - RESULTS FOR GradientBoosting: MAE: 3.3465, RMSE: 4.7402, R2: -0.0567
[2026-06-01T12:39:18.018+0000] {logging_mixin.py:188} INFO - 
================================================================================
[2026-06-01T12:39:18.019+0000] {logging_mixin.py:188} INFO - TRAINING ExtraTrees
[2026-06-01T12:39:18.019+0000] {logging_mixin.py:188} INFO - ================================================================================
[2026-06-01T12:39:18.023+0000] {logging_mixin.py:188} INFO - Fitting 3 folds for each of 8 candidates, totalling 24 fits
[2026-06-01T12:39:36.930+0000] {logging_mixin.py:188} INFO - BEST PARAMETERS FOR ExtraTrees: {'max_depth': 5, 'min_samples_split': 2, 'n_estimators': 100}
[2026-06-01T12:39:37.049+0000] {logging_mixin.py:188} INFO - RESULTS FOR ExtraTrees: MAE: 3.3024, RMSE: 4.6988, R2: -0.0383
[2026-06-01T12:39:37.051+0000] {logging_mixin.py:188} INFO - 
================================================================================
[2026-06-01T12:39:37.055+0000] {logging_mixin.py:188} INFO - TRAINING RidgeRegression
[2026-06-01T12:39:37.068+0000] {logging_mixin.py:188} INFO - ================================================================================
[2026-06-01T12:39:37.103+0000] {logging_mixin.py:188} INFO - Fitting 3 folds for each of 3 candidates, totalling 9 fits
[2026-06-01T12:39:37.667+0000] {logging_mixin.py:188} INFO - BEST PARAMETERS FOR RidgeRegression: {'alpha': 10.0}
[2026-06-01T12:39:37.710+0000] {logging_mixin.py:188} INFO - RESULTS FOR RidgeRegression: MAE: 3.313, RMSE: 4.6744, R2: -0.0276
[2026-06-01T12:39:37.711+0000] {logging_mixin.py:188} INFO - 
================================================================================
[2026-06-01T12:39:37.713+0000] {logging_mixin.py:188} INFO - TRAINING XGBoost
[2026-06-01T12:39:37.714+0000] {logging_mixin.py:188} INFO - ================================================================================
[2026-06-01T12:39:37.747+0000] {logging_mixin.py:188} INFO - Fitting 3 folds for each of 12 candidates, totalling 36 fits
