[2026-06-08T04:50:48.295+0000] {local_task_job_runner.py:120} INFO - ::group::Pre task execution logs
[2026-06-08T04:50:48.323+0000] {taskinstance.py:2076} INFO - Dependencies all met for dep_context=non-requeueable deps ti=<TaskInstance: futsal_nightly_db_pipeline.extract_transform_load_db scheduled__2026-06-05T00:00:00+00:00 [queued]>
[2026-06-08T04:50:48.331+0000] {taskinstance.py:2076} INFO - Dependencies all met for dep_context=requeueable deps ti=<TaskInstance: futsal_nightly_db_pipeline.extract_transform_load_db scheduled__2026-06-05T00:00:00+00:00 [queued]>
[2026-06-08T04:50:48.332+0000] {taskinstance.py:2306} INFO - Starting attempt 1 of 2
[2026-06-08T04:50:48.344+0000] {taskinstance.py:2330} INFO - Executing <Task(PythonOperator): extract_transform_load_db> on 2026-06-05 00:00:00+00:00
[2026-06-08T04:50:48.351+0000] {standard_task_runner.py:63} INFO - Started process 209 to run task
[2026-06-08T04:50:48.353+0000] {standard_task_runner.py:90} INFO - Running: ['***', 'tasks', 'run', 'futsal_nightly_db_pipeline', 'extract_transform_load_db', 'scheduled__2026-06-05T00:00:00+00:00', '--job-id', '66', '--raw', '--subdir', 'DAGS_FOLDER/futsal_pipeline.py', '--cfg-path', '/tmp/tmp4i14_tmy']
[2026-06-08T04:50:48.356+0000] {standard_task_runner.py:91} INFO - Job 66: Subtask extract_transform_load_db
[2026-06-08T04:50:48.415+0000] {task_command.py:426} INFO - Running <TaskInstance: futsal_nightly_db_pipeline.extract_transform_load_db scheduled__2026-06-05T00:00:00+00:00 [running]> on host 7b549fe50564
[2026-06-08T04:50:48.501+0000] {taskinstance.py:2648} INFO - Exporting env vars: AIRFLOW_CTX_DAG_OWNER='futsal_admin' AIRFLOW_CTX_DAG_ID='futsal_nightly_db_pipeline' AIRFLOW_CTX_TASK_ID='extract_transform_load_db' AIRFLOW_CTX_EXECUTION_DATE='2026-06-05T00:00:00+00:00' AIRFLOW_CTX_TRY_NUMBER='1' AIRFLOW_CTX_DAG_RUN_ID='scheduled__2026-06-05T00:00:00+00:00'
[2026-06-08T04:50:48.503+0000] {taskinstance.py:430} INFO - ::endgroup::
[2026-06-08T04:50:48.539+0000] {logging_mixin.py:188} INFO - --- Running Match Data Pipeline ---
[2026-06-08T04:50:49.416+0000] {logging_mixin.py:188} INFO - 
--- Running Player Data Pipeline ---
[2026-06-08T04:50:50.402+0000] {logging_mixin.py:188} INFO - Data ETL complete. Processed 424 matches.
[2026-06-08T04:50:50.404+0000] {python.py:237} INFO - Done. Returned value was: None
[2026-06-08T04:50:50.406+0000] {taskinstance.py:441} INFO - ::group::Post task execution logs
[2026-06-08T04:50:50.420+0000] {taskinstance.py:1206} INFO - Marking task as SUCCESS. dag_id=futsal_nightly_db_pipeline, task_id=extract_transform_load_db, run_id=scheduled__2026-06-05T00:00:00+00:00, execution_date=20260605T000000, start_date=20260608T045048, end_date=20260608T045050
[2026-06-08T04:50:50.464+0000] {local_task_job_runner.py:240} INFO - Task exited with return code 0
[2026-06-08T04:50:50.488+0000] {taskinstance.py:3498} INFO - 1 downstream tasks scheduled from follow-on schedule check
[2026-06-08T04:50:50.489+0000] {local_task_job_runner.py:222} INFO - ::endgroup::
