[2026-06-01T12:04:34.294+0000] {processor.py:161} INFO - Started process (PID=68) to work on /opt/airflow/dags/futsal_pipeline.py
[2026-06-01T12:04:34.296+0000] {processor.py:830} INFO - Processing file /opt/airflow/dags/futsal_pipeline.py for tasks to queue
[2026-06-01T12:04:34.301+0000] {logging_mixin.py:188} INFO - [2026-06-01T12:04:34.300+0000] {dagbag.py:545} INFO - Filling up the DagBag from /opt/airflow/dags/futsal_pipeline.py
[2026-06-01T12:04:34.351+0000] {logging_mixin.py:188} INFO - [2026-06-01T12:04:34.342+0000] {dagbag.py:355} ERROR - Failed to import: /opt/airflow/dags/futsal_pipeline.py
Traceback (most recent call last):
  File "/home/airflow/.local/lib/python3.11/site-packages/airflow/models/dagbag.py", line 351, in parse
    loader.exec_module(new_module)
  File "<frozen importlib._bootstrap_external>", line 940, in exec_module
  File "<frozen importlib._bootstrap>", line 241, in _call_with_frames_removed
  File "/opt/airflow/dags/futsal_pipeline.py", line 16, in <module>
    from pipeline.data_pipeline import DataPipeline
ModuleNotFoundError: No module named 'pipeline'
[2026-06-01T12:04:34.354+0000] {processor.py:842} WARNING - No viable dags retrieved from /opt/airflow/dags/futsal_pipeline.py
[2026-06-01T12:04:34.393+0000] {processor.py:183} INFO - Processing /opt/airflow/dags/futsal_pipeline.py took 0.110 seconds
[2026-06-01T12:05:04.872+0000] {processor.py:161} INFO - Started process (PID=127) to work on /opt/airflow/dags/futsal_pipeline.py
[2026-06-01T12:05:04.878+0000] {processor.py:830} INFO - Processing file /opt/airflow/dags/futsal_pipeline.py for tasks to queue
[2026-06-01T12:05:04.891+0000] {logging_mixin.py:188} INFO - [2026-06-01T12:05:04.889+0000] {dagbag.py:545} INFO - Filling up the DagBag from /opt/airflow/dags/futsal_pipeline.py
[2026-06-01T12:05:04.967+0000] {logging_mixin.py:188} INFO - [2026-06-01T12:05:04.957+0000] {dagbag.py:355} ERROR - Failed to import: /opt/airflow/dags/futsal_pipeline.py
Traceback (most recent call last):
  File "/home/airflow/.local/lib/python3.11/site-packages/airflow/models/dagbag.py", line 351, in parse
    loader.exec_module(new_module)
  File "<frozen importlib._bootstrap_external>", line 940, in exec_module
  File "<frozen importlib._bootstrap>", line 241, in _call_with_frames_removed
  File "/opt/airflow/dags/futsal_pipeline.py", line 16, in <module>
    from pipeline.data_pipeline import DataPipeline
ModuleNotFoundError: No module named 'pipeline'
[2026-06-01T12:05:04.973+0000] {processor.py:842} WARNING - No viable dags retrieved from /opt/airflow/dags/futsal_pipeline.py
[2026-06-01T12:05:05.043+0000] {processor.py:183} INFO - Processing /opt/airflow/dags/futsal_pipeline.py took 0.200 seconds
[2026-06-01T12:05:35.174+0000] {processor.py:161} INFO - Started process (PID=186) to work on /opt/airflow/dags/futsal_pipeline.py
[2026-06-01T12:05:35.177+0000] {processor.py:830} INFO - Processing file /opt/airflow/dags/futsal_pipeline.py for tasks to queue
[2026-06-01T12:05:35.187+0000] {logging_mixin.py:188} INFO - [2026-06-01T12:05:35.186+0000] {dagbag.py:545} INFO - Filling up the DagBag from /opt/airflow/dags/futsal_pipeline.py
[2026-06-01T12:05:35.213+0000] {logging_mixin.py:188} INFO - [2026-06-01T12:05:35.207+0000] {dagbag.py:355} ERROR - Failed to import: /opt/airflow/dags/futsal_pipeline.py
Traceback (most recent call last):
  File "/home/airflow/.local/lib/python3.11/site-packages/airflow/models/dagbag.py", line 351, in parse
    loader.exec_module(new_module)
  File "<frozen importlib._bootstrap_external>", line 940, in exec_module
  File "<frozen importlib._bootstrap>", line 241, in _call_with_frames_removed
  File "/opt/airflow/dags/futsal_pipeline.py", line 16, in <module>
    from pipeline.data_pipeline import DataPipeline
ModuleNotFoundError: No module named 'pipeline'
[2026-06-01T12:05:35.216+0000] {processor.py:842} WARNING - No viable dags retrieved from /opt/airflow/dags/futsal_pipeline.py
[2026-06-01T12:05:35.261+0000] {processor.py:183} INFO - Processing /opt/airflow/dags/futsal_pipeline.py took 0.099 seconds
[2026-06-01T12:06:05.584+0000] {processor.py:161} INFO - Started process (PID=245) to work on /opt/airflow/dags/futsal_pipeline.py
[2026-06-01T12:06:05.588+0000] {processor.py:830} INFO - Processing file /opt/airflow/dags/futsal_pipeline.py for tasks to queue
[2026-06-01T12:06:05.600+0000] {logging_mixin.py:188} INFO - [2026-06-01T12:06:05.598+0000] {dagbag.py:545} INFO - Filling up the DagBag from /opt/airflow/dags/futsal_pipeline.py
[2026-06-01T12:06:05.637+0000] {logging_mixin.py:188} INFO - [2026-06-01T12:06:05.631+0000] {dagbag.py:355} ERROR - Failed to import: /opt/airflow/dags/futsal_pipeline.py
Traceback (most recent call last):
  File "/home/airflow/.local/lib/python3.11/site-packages/airflow/models/dagbag.py", line 351, in parse
    loader.exec_module(new_module)
  File "<frozen importlib._bootstrap_external>", line 940, in exec_module
  File "<frozen importlib._bootstrap>", line 241, in _call_with_frames_removed
  File "/opt/airflow/dags/futsal_pipeline.py", line 16, in <module>
    from pipeline.data_pipeline import DataPipeline
ModuleNotFoundError: No module named 'pipeline'
[2026-06-01T12:06:05.640+0000] {processor.py:842} WARNING - No viable dags retrieved from /opt/airflow/dags/futsal_pipeline.py
[2026-06-01T12:06:05.728+0000] {processor.py:183} INFO - Processing /opt/airflow/dags/futsal_pipeline.py took 0.212 seconds
[2026-06-01T12:06:35.911+0000] {processor.py:161} INFO - Started process (PID=304) to work on /opt/airflow/dags/futsal_pipeline.py
[2026-06-01T12:06:35.914+0000] {processor.py:830} INFO - Processing file /opt/airflow/dags/futsal_pipeline.py for tasks to queue
[2026-06-01T12:06:35.919+0000] {logging_mixin.py:188} INFO - [2026-06-01T12:06:35.918+0000] {dagbag.py:545} INFO - Filling up the DagBag from /opt/airflow/dags/futsal_pipeline.py
[2026-06-01T12:06:35.998+0000] {logging_mixin.py:188} INFO - [2026-06-01T12:06:35.981+0000] {dagbag.py:355} ERROR - Failed to import: /opt/airflow/dags/futsal_pipeline.py
Traceback (most recent call last):
  File "/home/airflow/.local/lib/python3.11/site-packages/airflow/models/dagbag.py", line 351, in parse
    loader.exec_module(new_module)
  File "<frozen importlib._bootstrap_external>", line 940, in exec_module
  File "<frozen importlib._bootstrap>", line 241, in _call_with_frames_removed
  File "/opt/airflow/dags/futsal_pipeline.py", line 16, in <module>
    from pipeline.data_pipeline import DataPipeline
ModuleNotFoundError: No module named 'pipeline'
[2026-06-01T12:06:36.013+0000] {processor.py:842} WARNING - No viable dags retrieved from /opt/airflow/dags/futsal_pipeline.py
[2026-06-01T12:06:36.069+0000] {processor.py:183} INFO - Processing /opt/airflow/dags/futsal_pipeline.py took 0.179 seconds
[2026-06-01T12:07:06.314+0000] {processor.py:161} INFO - Started process (PID=363) to work on /opt/airflow/dags/futsal_pipeline.py
[2026-06-01T12:07:06.316+0000] {processor.py:830} INFO - Processing file /opt/airflow/dags/futsal_pipeline.py for tasks to queue
[2026-06-01T12:07:06.318+0000] {logging_mixin.py:188} INFO - [2026-06-01T12:07:06.318+0000] {dagbag.py:545} INFO - Filling up the DagBag from /opt/airflow/dags/futsal_pipeline.py
[2026-06-01T12:07:06.334+0000] {logging_mixin.py:188} INFO - [2026-06-01T12:07:06.330+0000] {dagbag.py:355} ERROR - Failed to import: /opt/airflow/dags/futsal_pipeline.py
Traceback (most recent call last):
  File "/home/airflow/.local/lib/python3.11/site-packages/airflow/models/dagbag.py", line 351, in parse
    loader.exec_module(new_module)
  File "<frozen importlib._bootstrap_external>", line 940, in exec_module
  File "<frozen importlib._bootstrap>", line 241, in _call_with_frames_removed
  File "/opt/airflow/dags/futsal_pipeline.py", line 16, in <module>
    from pipeline.data_pipeline import DataPipeline
ModuleNotFoundError: No module named 'pipeline'
[2026-06-01T12:07:06.335+0000] {processor.py:842} WARNING - No viable dags retrieved from /opt/airflow/dags/futsal_pipeline.py
[2026-06-01T12:07:06.361+0000] {processor.py:183} INFO - Processing /opt/airflow/dags/futsal_pipeline.py took 0.054 seconds
[2026-06-01T12:07:36.647+0000] {processor.py:161} INFO - Started process (PID=423) to work on /opt/airflow/dags/futsal_pipeline.py
[2026-06-01T12:07:36.648+0000] {processor.py:830} INFO - Processing file /opt/airflow/dags/futsal_pipeline.py for tasks to queue
[2026-06-01T12:07:36.651+0000] {logging_mixin.py:188} INFO - [2026-06-01T12:07:36.650+0000] {dagbag.py:545} INFO - Filling up the DagBag from /opt/airflow/dags/futsal_pipeline.py
[2026-06-01T12:07:36.667+0000] {logging_mixin.py:188} INFO - [2026-06-01T12:07:36.664+0000] {dagbag.py:355} ERROR - Failed to import: /opt/airflow/dags/futsal_pipeline.py
Traceback (most recent call last):
  File "/home/airflow/.local/lib/python3.11/site-packages/airflow/models/dagbag.py", line 351, in parse
    loader.exec_module(new_module)
  File "<frozen importlib._bootstrap_external>", line 940, in exec_module
  File "<frozen importlib._bootstrap>", line 241, in _call_with_frames_removed
  File "/opt/airflow/dags/futsal_pipeline.py", line 16, in <module>
    from pipeline.data_pipeline import DataPipeline
ModuleNotFoundError: No module named 'pipeline'
[2026-06-01T12:07:36.669+0000] {processor.py:842} WARNING - No viable dags retrieved from /opt/airflow/dags/futsal_pipeline.py
[2026-06-01T12:07:36.693+0000] {processor.py:183} INFO - Processing /opt/airflow/dags/futsal_pipeline.py took 0.052 seconds
[2026-06-01T12:08:07.164+0000] {processor.py:161} INFO - Started process (PID=482) to work on /opt/airflow/dags/futsal_pipeline.py
[2026-06-01T12:08:07.165+0000] {processor.py:830} INFO - Processing file /opt/airflow/dags/futsal_pipeline.py for tasks to queue
[2026-06-01T12:08:07.168+0000] {logging_mixin.py:188} INFO - [2026-06-01T12:08:07.167+0000] {dagbag.py:545} INFO - Filling up the DagBag from /opt/airflow/dags/futsal_pipeline.py
[2026-06-01T12:08:07.183+0000] {logging_mixin.py:188} INFO - [2026-06-01T12:08:07.180+0000] {dagbag.py:355} ERROR - Failed to import: /opt/airflow/dags/futsal_pipeline.py
Traceback (most recent call last):
  File "/home/airflow/.local/lib/python3.11/site-packages/airflow/models/dagbag.py", line 351, in parse
    loader.exec_module(new_module)
  File "<frozen importlib._bootstrap_external>", line 940, in exec_module
  File "<frozen importlib._bootstrap>", line 241, in _call_with_frames_removed
  File "/opt/airflow/dags/futsal_pipeline.py", line 16, in <module>
    from pipeline.data_pipeline import DataPipeline
ModuleNotFoundError: No module named 'pipeline'
[2026-06-01T12:08:07.185+0000] {processor.py:842} WARNING - No viable dags retrieved from /opt/airflow/dags/futsal_pipeline.py
[2026-06-01T12:08:07.216+0000] {processor.py:183} INFO - Processing /opt/airflow/dags/futsal_pipeline.py took 0.057 seconds
[2026-06-01T12:08:37.590+0000] {processor.py:161} INFO - Started process (PID=541) to work on /opt/airflow/dags/futsal_pipeline.py
[2026-06-01T12:08:37.591+0000] {processor.py:830} INFO - Processing file /opt/airflow/dags/futsal_pipeline.py for tasks to queue
[2026-06-01T12:08:37.593+0000] {logging_mixin.py:188} INFO - [2026-06-01T12:08:37.593+0000] {dagbag.py:545} INFO - Filling up the DagBag from /opt/airflow/dags/futsal_pipeline.py
[2026-06-01T12:08:37.609+0000] {logging_mixin.py:188} INFO - [2026-06-01T12:08:37.605+0000] {dagbag.py:355} ERROR - Failed to import: /opt/airflow/dags/futsal_pipeline.py
Traceback (most recent call last):
  File "/home/airflow/.local/lib/python3.11/site-packages/airflow/models/dagbag.py", line 351, in parse
    loader.exec_module(new_module)
  File "<frozen importlib._bootstrap_external>", line 940, in exec_module
  File "<frozen importlib._bootstrap>", line 241, in _call_with_frames_removed
  File "/opt/airflow/dags/futsal_pipeline.py", line 16, in <module>
    from pipeline.data_pipeline import DataPipeline
ModuleNotFoundError: No module named 'pipeline'
[2026-06-01T12:08:37.610+0000] {processor.py:842} WARNING - No viable dags retrieved from /opt/airflow/dags/futsal_pipeline.py
[2026-06-01T12:08:37.641+0000] {processor.py:183} INFO - Processing /opt/airflow/dags/futsal_pipeline.py took 0.058 seconds
[2026-06-01T12:09:07.708+0000] {processor.py:161} INFO - Started process (PID=600) to work on /opt/airflow/dags/futsal_pipeline.py
[2026-06-01T12:09:07.709+0000] {processor.py:830} INFO - Processing file /opt/airflow/dags/futsal_pipeline.py for tasks to queue
[2026-06-01T12:09:07.712+0000] {logging_mixin.py:188} INFO - [2026-06-01T12:09:07.711+0000] {dagbag.py:545} INFO - Filling up the DagBag from /opt/airflow/dags/futsal_pipeline.py
[2026-06-01T12:09:07.729+0000] {logging_mixin.py:188} INFO - [2026-06-01T12:09:07.725+0000] {dagbag.py:355} ERROR - Failed to import: /opt/airflow/dags/futsal_pipeline.py
Traceback (most recent call last):
  File "/home/airflow/.local/lib/python3.11/site-packages/airflow/models/dagbag.py", line 351, in parse
    loader.exec_module(new_module)
  File "<frozen importlib._bootstrap_external>", line 940, in exec_module
  File "<frozen importlib._bootstrap>", line 241, in _call_with_frames_removed
  File "/opt/airflow/dags/futsal_pipeline.py", line 16, in <module>
    from pipeline.data_pipeline import DataPipeline
ModuleNotFoundError: No module named 'pipeline'
[2026-06-01T12:09:07.730+0000] {processor.py:842} WARNING - No viable dags retrieved from /opt/airflow/dags/futsal_pipeline.py
[2026-06-01T12:09:07.762+0000] {processor.py:183} INFO - Processing /opt/airflow/dags/futsal_pipeline.py took 0.061 seconds
[2026-06-01T12:09:37.849+0000] {processor.py:161} INFO - Started process (PID=659) to work on /opt/airflow/dags/futsal_pipeline.py
[2026-06-01T12:09:37.850+0000] {processor.py:830} INFO - Processing file /opt/airflow/dags/futsal_pipeline.py for tasks to queue
[2026-06-01T12:09:37.852+0000] {logging_mixin.py:188} INFO - [2026-06-01T12:09:37.852+0000] {dagbag.py:545} INFO - Filling up the DagBag from /opt/airflow/dags/futsal_pipeline.py
[2026-06-01T12:09:37.868+0000] {logging_mixin.py:188} INFO - [2026-06-01T12:09:37.864+0000] {dagbag.py:355} ERROR - Failed to import: /opt/airflow/dags/futsal_pipeline.py
Traceback (most recent call last):
  File "/home/airflow/.local/lib/python3.11/site-packages/airflow/models/dagbag.py", line 351, in parse
    loader.exec_module(new_module)
  File "<frozen importlib._bootstrap_external>", line 940, in exec_module
  File "<frozen importlib._bootstrap>", line 241, in _call_with_frames_removed
  File "/opt/airflow/dags/futsal_pipeline.py", line 16, in <module>
    from pipeline.data_pipeline import DataPipeline
ModuleNotFoundError: No module named 'pipeline'
[2026-06-01T12:09:37.870+0000] {processor.py:842} WARNING - No viable dags retrieved from /opt/airflow/dags/futsal_pipeline.py
[2026-06-01T12:09:37.900+0000] {processor.py:183} INFO - Processing /opt/airflow/dags/futsal_pipeline.py took 0.057 seconds
[2026-06-01T12:10:53.103+0000] {processor.py:161} INFO - Started process (PID=64) to work on /opt/airflow/dags/futsal_pipeline.py
[2026-06-01T12:10:53.106+0000] {processor.py:830} INFO - Processing file /opt/airflow/dags/futsal_pipeline.py for tasks to queue
[2026-06-01T12:10:53.112+0000] {logging_mixin.py:188} INFO - [2026-06-01T12:10:53.111+0000] {dagbag.py:545} INFO - Filling up the DagBag from /opt/airflow/dags/futsal_pipeline.py
[2026-06-01T12:10:58.621+0000] {processor.py:840} INFO - DAG(s) 'futsal_nightly_db_pipeline' retrieved from /opt/airflow/dags/futsal_pipeline.py
[2026-06-01T12:10:58.795+0000] {logging_mixin.py:188} INFO - [2026-06-01T12:10:58.794+0000] {override.py:1829} INFO - Created Permission View: can read on DAG:futsal_nightly_db_pipeline
[2026-06-01T12:10:58.815+0000] {logging_mixin.py:188} INFO - [2026-06-01T12:10:58.815+0000] {override.py:1829} INFO - Created Permission View: can delete on DAG:futsal_nightly_db_pipeline
[2026-06-01T12:10:58.829+0000] {logging_mixin.py:188} INFO - [2026-06-01T12:10:58.828+0000] {override.py:1829} INFO - Created Permission View: can edit on DAG:futsal_nightly_db_pipeline
[2026-06-01T12:10:58.831+0000] {logging_mixin.py:188} INFO - [2026-06-01T12:10:58.830+0000] {dag.py:3096} INFO - Sync 1 DAGs
[2026-06-01T12:10:58.848+0000] {logging_mixin.py:188} INFO - [2026-06-01T12:10:58.847+0000] {dag.py:3118} INFO - Creating ORM DAG for futsal_nightly_db_pipeline
[2026-06-01T12:10:58.866+0000] {logging_mixin.py:188} INFO - [2026-06-01T12:10:58.866+0000] {dag.py:3954} INFO - Setting next_dagrun for futsal_nightly_db_pipeline to 2026-06-01 00:00:00+00:00, run_after=2026-06-02 00:00:00+00:00
[2026-06-01T12:10:58.904+0000] {processor.py:183} INFO - Processing /opt/airflow/dags/futsal_pipeline.py took 5.819 seconds
[2026-06-01T12:11:29.143+0000] {processor.py:161} INFO - Started process (PID=139) to work on /opt/airflow/dags/futsal_pipeline.py
[2026-06-01T12:11:29.145+0000] {processor.py:830} INFO - Processing file /opt/airflow/dags/futsal_pipeline.py for tasks to queue
[2026-06-01T12:11:29.147+0000] {logging_mixin.py:188} INFO - [2026-06-01T12:11:29.147+0000] {dagbag.py:545} INFO - Filling up the DagBag from /opt/airflow/dags/futsal_pipeline.py
[2026-06-01T12:11:30.977+0000] {processor.py:840} INFO - DAG(s) 'futsal_nightly_db_pipeline' retrieved from /opt/airflow/dags/futsal_pipeline.py
[2026-06-01T12:11:31.006+0000] {logging_mixin.py:188} INFO - [2026-06-01T12:11:31.005+0000] {dag.py:3096} INFO - Sync 1 DAGs
[2026-06-01T12:11:31.045+0000] {logging_mixin.py:188} INFO - [2026-06-01T12:11:31.044+0000] {dag.py:3954} INFO - Setting next_dagrun for futsal_nightly_db_pipeline to 2026-06-01 00:00:00+00:00, run_after=2026-06-02 00:00:00+00:00
[2026-06-01T12:11:31.067+0000] {processor.py:183} INFO - Processing /opt/airflow/dags/futsal_pipeline.py took 1.932 seconds
[2026-06-01T12:12:01.614+0000] {processor.py:161} INFO - Started process (PID=211) to work on /opt/airflow/dags/futsal_pipeline.py
[2026-06-01T12:12:01.615+0000] {processor.py:830} INFO - Processing file /opt/airflow/dags/futsal_pipeline.py for tasks to queue
[2026-06-01T12:12:01.617+0000] {logging_mixin.py:188} INFO - [2026-06-01T12:12:01.617+0000] {dagbag.py:545} INFO - Filling up the DagBag from /opt/airflow/dags/futsal_pipeline.py
[2026-06-01T12:12:03.997+0000] {processor.py:840} INFO - DAG(s) 'futsal_nightly_db_pipeline' retrieved from /opt/airflow/dags/futsal_pipeline.py
[2026-06-01T12:12:04.025+0000] {logging_mixin.py:188} INFO - [2026-06-01T12:12:04.024+0000] {dag.py:3096} INFO - Sync 1 DAGs
[2026-06-01T12:12:04.057+0000] {logging_mixin.py:188} INFO - [2026-06-01T12:12:04.057+0000] {dag.py:3954} INFO - Setting next_dagrun for futsal_nightly_db_pipeline to 2026-06-01 00:00:00+00:00, run_after=2026-06-02 00:00:00+00:00
[2026-06-01T12:12:04.086+0000] {processor.py:183} INFO - Processing /opt/airflow/dags/futsal_pipeline.py took 2.480 seconds
[2026-06-01T12:12:34.305+0000] {processor.py:161} INFO - Started process (PID=313) to work on /opt/airflow/dags/futsal_pipeline.py
[2026-06-01T12:12:34.308+0000] {processor.py:830} INFO - Processing file /opt/airflow/dags/futsal_pipeline.py for tasks to queue
[2026-06-01T12:12:34.314+0000] {logging_mixin.py:188} INFO - [2026-06-01T12:12:34.312+0000] {dagbag.py:545} INFO - Filling up the DagBag from /opt/airflow/dags/futsal_pipeline.py
[2026-06-01T12:12:36.830+0000] {processor.py:840} INFO - DAG(s) 'futsal_nightly_db_pipeline' retrieved from /opt/airflow/dags/futsal_pipeline.py
[2026-06-01T12:12:36.871+0000] {logging_mixin.py:188} INFO - [2026-06-01T12:12:36.871+0000] {dag.py:3096} INFO - Sync 1 DAGs
[2026-06-01T12:12:36.927+0000] {logging_mixin.py:188} INFO - [2026-06-01T12:12:36.926+0000] {dag.py:3954} INFO - Setting next_dagrun for futsal_nightly_db_pipeline to 2026-06-01 00:00:00+00:00, run_after=2026-06-02 00:00:00+00:00
[2026-06-01T12:12:36.991+0000] {processor.py:183} INFO - Processing /opt/airflow/dags/futsal_pipeline.py took 2.704 seconds
[2026-06-01T12:13:07.119+0000] {processor.py:161} INFO - Started process (PID=387) to work on /opt/airflow/dags/futsal_pipeline.py
[2026-06-01T12:13:07.126+0000] {processor.py:830} INFO - Processing file /opt/airflow/dags/futsal_pipeline.py for tasks to queue
[2026-06-01T12:13:07.143+0000] {logging_mixin.py:188} INFO - [2026-06-01T12:13:07.137+0000] {dagbag.py:545} INFO - Filling up the DagBag from /opt/airflow/dags/futsal_pipeline.py
[2026-06-01T12:13:10.363+0000] {processor.py:840} INFO - DAG(s) 'futsal_nightly_db_pipeline' retrieved from /opt/airflow/dags/futsal_pipeline.py
[2026-06-01T12:13:10.407+0000] {logging_mixin.py:188} INFO - [2026-06-01T12:13:10.406+0000] {dag.py:3096} INFO - Sync 1 DAGs
[2026-06-01T12:13:10.451+0000] {logging_mixin.py:188} INFO - [2026-06-01T12:13:10.450+0000] {dag.py:3954} INFO - Setting next_dagrun for futsal_nightly_db_pipeline to 2026-06-01 00:00:00+00:00, run_after=2026-06-02 00:00:00+00:00
[2026-06-01T12:13:10.486+0000] {processor.py:183} INFO - Processing /opt/airflow/dags/futsal_pipeline.py took 3.382 seconds
[2026-06-01T12:13:40.617+0000] {processor.py:161} INFO - Started process (PID=463) to work on /opt/airflow/dags/futsal_pipeline.py
[2026-06-01T12:13:40.618+0000] {processor.py:830} INFO - Processing file /opt/airflow/dags/futsal_pipeline.py for tasks to queue
[2026-06-01T12:13:40.621+0000] {logging_mixin.py:188} INFO - [2026-06-01T12:13:40.620+0000] {dagbag.py:545} INFO - Filling up the DagBag from /opt/airflow/dags/futsal_pipeline.py
[2026-06-01T12:13:42.826+0000] {processor.py:840} INFO - DAG(s) 'futsal_nightly_db_pipeline' retrieved from /opt/airflow/dags/futsal_pipeline.py
[2026-06-01T12:13:42.851+0000] {logging_mixin.py:188} INFO - [2026-06-01T12:13:42.850+0000] {dag.py:3096} INFO - Sync 1 DAGs
[2026-06-01T12:13:42.877+0000] {logging_mixin.py:188} INFO - [2026-06-01T12:13:42.876+0000] {dag.py:3954} INFO - Setting next_dagrun for futsal_nightly_db_pipeline to 2026-06-01 00:00:00+00:00, run_after=2026-06-02 00:00:00+00:00
[2026-06-01T12:13:42.913+0000] {processor.py:183} INFO - Processing /opt/airflow/dags/futsal_pipeline.py took 2.306 seconds
[2026-06-01T12:14:13.523+0000] {processor.py:161} INFO - Started process (PID=562) to work on /opt/airflow/dags/futsal_pipeline.py
[2026-06-01T12:14:13.524+0000] {processor.py:830} INFO - Processing file /opt/airflow/dags/futsal_pipeline.py for tasks to queue
[2026-06-01T12:14:13.526+0000] {logging_mixin.py:188} INFO - [2026-06-01T12:14:13.526+0000] {dagbag.py:545} INFO - Filling up the DagBag from /opt/airflow/dags/futsal_pipeline.py
[2026-06-01T12:14:15.249+0000] {processor.py:840} INFO - DAG(s) 'futsal_nightly_db_pipeline' retrieved from /opt/airflow/dags/futsal_pipeline.py
[2026-06-01T12:14:15.269+0000] {logging_mixin.py:188} INFO - [2026-06-01T12:14:15.268+0000] {dag.py:3096} INFO - Sync 1 DAGs
[2026-06-01T12:14:15.289+0000] {logging_mixin.py:188} INFO - [2026-06-01T12:14:15.289+0000] {dag.py:3954} INFO - Setting next_dagrun for futsal_nightly_db_pipeline to 2026-06-01 00:00:00+00:00, run_after=2026-06-02 00:00:00+00:00
[2026-06-01T12:14:15.322+0000] {processor.py:183} INFO - Processing /opt/airflow/dags/futsal_pipeline.py took 1.806 seconds
[2026-06-01T12:14:45.388+0000] {processor.py:161} INFO - Started process (PID=637) to work on /opt/airflow/dags/futsal_pipeline.py
[2026-06-01T12:14:45.390+0000] {processor.py:830} INFO - Processing file /opt/airflow/dags/futsal_pipeline.py for tasks to queue
[2026-06-01T12:14:45.393+0000] {logging_mixin.py:188} INFO - [2026-06-01T12:14:45.393+0000] {dagbag.py:545} INFO - Filling up the DagBag from /opt/airflow/dags/futsal_pipeline.py
[2026-06-01T12:14:47.283+0000] {processor.py:840} INFO - DAG(s) 'futsal_nightly_db_pipeline' retrieved from /opt/airflow/dags/futsal_pipeline.py
[2026-06-01T12:14:47.302+0000] {logging_mixin.py:188} INFO - [2026-06-01T12:14:47.301+0000] {dag.py:3096} INFO - Sync 1 DAGs
[2026-06-01T12:14:47.321+0000] {logging_mixin.py:188} INFO - [2026-06-01T12:14:47.321+0000] {dag.py:3954} INFO - Setting next_dagrun for futsal_nightly_db_pipeline to 2026-06-01 00:00:00+00:00, run_after=2026-06-02 00:00:00+00:00
[2026-06-01T12:14:47.351+0000] {processor.py:183} INFO - Processing /opt/airflow/dags/futsal_pipeline.py took 1.973 seconds
[2026-06-01T12:15:18.019+0000] {processor.py:161} INFO - Started process (PID=705) to work on /opt/airflow/dags/futsal_pipeline.py
[2026-06-01T12:15:18.020+0000] {processor.py:830} INFO - Processing file /opt/airflow/dags/futsal_pipeline.py for tasks to queue
[2026-06-01T12:15:18.023+0000] {logging_mixin.py:188} INFO - [2026-06-01T12:15:18.022+0000] {dagbag.py:545} INFO - Filling up the DagBag from /opt/airflow/dags/futsal_pipeline.py
[2026-06-01T12:15:20.277+0000] {processor.py:840} INFO - DAG(s) 'futsal_nightly_db_pipeline' retrieved from /opt/airflow/dags/futsal_pipeline.py
[2026-06-01T12:15:20.347+0000] {logging_mixin.py:188} INFO - [2026-06-01T12:15:20.337+0000] {dag.py:3096} INFO - Sync 1 DAGs
[2026-06-01T12:15:20.446+0000] {logging_mixin.py:188} INFO - [2026-06-01T12:15:20.446+0000] {dag.py:3954} INFO - Setting next_dagrun for futsal_nightly_db_pipeline to 2026-06-01 00:00:00+00:00, run_after=2026-06-02 00:00:00+00:00
[2026-06-01T12:15:20.504+0000] {processor.py:183} INFO - Processing /opt/airflow/dags/futsal_pipeline.py took 2.491 seconds
[2026-06-01T12:15:50.642+0000] {processor.py:161} INFO - Started process (PID=778) to work on /opt/airflow/dags/futsal_pipeline.py
[2026-06-01T12:15:50.644+0000] {processor.py:830} INFO - Processing file /opt/airflow/dags/futsal_pipeline.py for tasks to queue
[2026-06-01T12:15:50.646+0000] {logging_mixin.py:188} INFO - [2026-06-01T12:15:50.646+0000] {dagbag.py:545} INFO - Filling up the DagBag from /opt/airflow/dags/futsal_pipeline.py
[2026-06-01T12:15:52.285+0000] {processor.py:840} INFO - DAG(s) 'futsal_nightly_db_pipeline' retrieved from /opt/airflow/dags/futsal_pipeline.py
[2026-06-01T12:15:52.305+0000] {logging_mixin.py:188} INFO - [2026-06-01T12:15:52.305+0000] {dag.py:3096} INFO - Sync 1 DAGs
[2026-06-01T12:15:52.329+0000] {logging_mixin.py:188} INFO - [2026-06-01T12:15:52.329+0000] {dag.py:3954} INFO - Setting next_dagrun for futsal_nightly_db_pipeline to 2026-06-01 00:00:00+00:00, run_after=2026-06-02 00:00:00+00:00
[2026-06-01T12:15:52.361+0000] {processor.py:183} INFO - Processing /opt/airflow/dags/futsal_pipeline.py took 1.725 seconds
[2026-06-01T12:16:23.100+0000] {processor.py:161} INFO - Started process (PID=846) to work on /opt/airflow/dags/futsal_pipeline.py
[2026-06-01T12:16:23.101+0000] {processor.py:830} INFO - Processing file /opt/airflow/dags/futsal_pipeline.py for tasks to queue
[2026-06-01T12:16:23.103+0000] {logging_mixin.py:188} INFO - [2026-06-01T12:16:23.103+0000] {dagbag.py:545} INFO - Filling up the DagBag from /opt/airflow/dags/futsal_pipeline.py
[2026-06-01T12:16:24.970+0000] {processor.py:840} INFO - DAG(s) 'futsal_nightly_db_pipeline' retrieved from /opt/airflow/dags/futsal_pipeline.py
[2026-06-01T12:16:24.995+0000] {logging_mixin.py:188} INFO - [2026-06-01T12:16:24.995+0000] {dag.py:3096} INFO - Sync 1 DAGs
[2026-06-01T12:16:25.021+0000] {logging_mixin.py:188} INFO - [2026-06-01T12:16:25.021+0000] {dag.py:3954} INFO - Setting next_dagrun for futsal_nightly_db_pipeline to 2026-06-01 00:00:00+00:00, run_after=2026-06-02 00:00:00+00:00
[2026-06-01T12:16:25.055+0000] {processor.py:183} INFO - Processing /opt/airflow/dags/futsal_pipeline.py took 1.962 seconds
[2026-06-01T12:16:55.915+0000] {processor.py:161} INFO - Started process (PID=913) to work on /opt/airflow/dags/futsal_pipeline.py
[2026-06-01T12:16:55.917+0000] {processor.py:830} INFO - Processing file /opt/airflow/dags/futsal_pipeline.py for tasks to queue
[2026-06-01T12:16:55.920+0000] {logging_mixin.py:188} INFO - [2026-06-01T12:16:55.919+0000] {dagbag.py:545} INFO - Filling up the DagBag from /opt/airflow/dags/futsal_pipeline.py
[2026-06-01T12:16:58.578+0000] {processor.py:840} INFO - DAG(s) 'futsal_nightly_db_pipeline' retrieved from /opt/airflow/dags/futsal_pipeline.py
[2026-06-01T12:16:58.610+0000] {logging_mixin.py:188} INFO - [2026-06-01T12:16:58.609+0000] {dag.py:3096} INFO - Sync 1 DAGs
[2026-06-01T12:16:58.653+0000] {logging_mixin.py:188} INFO - [2026-06-01T12:16:58.652+0000] {dag.py:3954} INFO - Setting next_dagrun for futsal_nightly_db_pipeline to 2026-06-01 00:00:00+00:00, run_after=2026-06-02 00:00:00+00:00
[2026-06-01T12:16:58.688+0000] {processor.py:183} INFO - Processing /opt/airflow/dags/futsal_pipeline.py took 2.780 seconds
[2026-06-01T12:17:28.981+0000] {processor.py:161} INFO - Started process (PID=981) to work on /opt/airflow/dags/futsal_pipeline.py
[2026-06-01T12:17:28.983+0000] {processor.py:830} INFO - Processing file /opt/airflow/dags/futsal_pipeline.py for tasks to queue
[2026-06-01T12:17:28.985+0000] {logging_mixin.py:188} INFO - [2026-06-01T12:17:28.985+0000] {dagbag.py:545} INFO - Filling up the DagBag from /opt/airflow/dags/futsal_pipeline.py
[2026-06-01T12:17:31.121+0000] {processor.py:840} INFO - DAG(s) 'futsal_nightly_db_pipeline' retrieved from /opt/airflow/dags/futsal_pipeline.py
[2026-06-01T12:17:31.228+0000] {logging_mixin.py:188} INFO - [2026-06-01T12:17:31.227+0000] {dag.py:3096} INFO - Sync 1 DAGs
[2026-06-01T12:17:31.293+0000] {logging_mixin.py:188} INFO - [2026-06-01T12:17:31.292+0000] {dag.py:3954} INFO - Setting next_dagrun for futsal_nightly_db_pipeline to 2026-06-01 00:00:00+00:00, run_after=2026-06-02 00:00:00+00:00
[2026-06-01T12:17:31.349+0000] {processor.py:183} INFO - Processing /opt/airflow/dags/futsal_pipeline.py took 2.379 seconds
[2026-06-01T12:18:01.428+0000] {processor.py:161} INFO - Started process (PID=1051) to work on /opt/airflow/dags/futsal_pipeline.py
[2026-06-01T12:18:01.429+0000] {processor.py:830} INFO - Processing file /opt/airflow/dags/futsal_pipeline.py for tasks to queue
[2026-06-01T12:18:01.432+0000] {logging_mixin.py:188} INFO - [2026-06-01T12:18:01.431+0000] {dagbag.py:545} INFO - Filling up the DagBag from /opt/airflow/dags/futsal_pipeline.py
[2026-06-01T12:18:03.508+0000] {processor.py:840} INFO - DAG(s) 'futsal_nightly_db_pipeline' retrieved from /opt/airflow/dags/futsal_pipeline.py
[2026-06-01T12:18:03.533+0000] {logging_mixin.py:188} INFO - [2026-06-01T12:18:03.532+0000] {dag.py:3096} INFO - Sync 1 DAGs
[2026-06-01T12:18:03.554+0000] {logging_mixin.py:188} INFO - [2026-06-01T12:18:03.554+0000] {dag.py:3954} INFO - Setting next_dagrun for futsal_nightly_db_pipeline to 2026-06-01 00:00:00+00:00, run_after=2026-06-02 00:00:00+00:00
[2026-06-01T12:18:03.586+0000] {processor.py:183} INFO - Processing /opt/airflow/dags/futsal_pipeline.py took 2.167 seconds
[2026-06-01T12:18:34.136+0000] {processor.py:161} INFO - Started process (PID=1122) to work on /opt/airflow/dags/futsal_pipeline.py
[2026-06-01T12:18:34.139+0000] {processor.py:830} INFO - Processing file /opt/airflow/dags/futsal_pipeline.py for tasks to queue
[2026-06-01T12:18:34.150+0000] {logging_mixin.py:188} INFO - [2026-06-01T12:18:34.149+0000] {dagbag.py:545} INFO - Filling up the DagBag from /opt/airflow/dags/futsal_pipeline.py
[2026-06-01T12:18:37.988+0000] {processor.py:840} INFO - DAG(s) 'futsal_nightly_db_pipeline' retrieved from /opt/airflow/dags/futsal_pipeline.py
[2026-06-01T12:18:38.019+0000] {logging_mixin.py:188} INFO - [2026-06-01T12:18:38.018+0000] {dag.py:3096} INFO - Sync 1 DAGs
[2026-06-01T12:18:38.049+0000] {logging_mixin.py:188} INFO - [2026-06-01T12:18:38.049+0000] {dag.py:3954} INFO - Setting next_dagrun for futsal_nightly_db_pipeline to 2026-06-01 00:00:00+00:00, run_after=2026-06-02 00:00:00+00:00
[2026-06-01T12:18:38.080+0000] {processor.py:183} INFO - Processing /opt/airflow/dags/futsal_pipeline.py took 3.965 seconds
[2026-06-01T12:19:08.653+0000] {processor.py:161} INFO - Started process (PID=1197) to work on /opt/airflow/dags/futsal_pipeline.py
[2026-06-01T12:19:08.656+0000] {processor.py:830} INFO - Processing file /opt/airflow/dags/futsal_pipeline.py for tasks to queue
[2026-06-01T12:19:08.666+0000] {logging_mixin.py:188} INFO - [2026-06-01T12:19:08.663+0000] {dagbag.py:545} INFO - Filling up the DagBag from /opt/airflow/dags/futsal_pipeline.py
[2026-06-01T12:19:14.991+0000] {processor.py:840} INFO - DAG(s) 'futsal_nightly_db_pipeline' retrieved from /opt/airflow/dags/futsal_pipeline.py
[2026-06-01T12:19:15.037+0000] {logging_mixin.py:188} INFO - [2026-06-01T12:19:15.035+0000] {dag.py:3096} INFO - Sync 1 DAGs
[2026-06-01T12:19:15.098+0000] {logging_mixin.py:188} INFO - [2026-06-01T12:19:15.098+0000] {dag.py:3954} INFO - Setting next_dagrun for futsal_nightly_db_pipeline to 2026-06-01 00:00:00+00:00, run_after=2026-06-02 00:00:00+00:00
[2026-06-01T12:19:15.156+0000] {processor.py:183} INFO - Processing /opt/airflow/dags/futsal_pipeline.py took 6.546 seconds
[2026-06-01T12:19:45.299+0000] {processor.py:161} INFO - Started process (PID=1274) to work on /opt/airflow/dags/futsal_pipeline.py
[2026-06-01T12:19:45.302+0000] {processor.py:830} INFO - Processing file /opt/airflow/dags/futsal_pipeline.py for tasks to queue
[2026-06-01T12:19:45.306+0000] {logging_mixin.py:188} INFO - [2026-06-01T12:19:45.305+0000] {dagbag.py:545} INFO - Filling up the DagBag from /opt/airflow/dags/futsal_pipeline.py
[2026-06-01T12:19:51.313+0000] {processor.py:840} INFO - DAG(s) 'futsal_nightly_db_pipeline' retrieved from /opt/airflow/dags/futsal_pipeline.py
[2026-06-01T12:19:51.411+0000] {logging_mixin.py:188} INFO - [2026-06-01T12:19:51.410+0000] {dag.py:3096} INFO - Sync 1 DAGs
[2026-06-01T12:19:51.497+0000] {logging_mixin.py:188} INFO - [2026-06-01T12:19:51.496+0000] {dag.py:3954} INFO - Setting next_dagrun for futsal_nightly_db_pipeline to 2026-06-01 00:00:00+00:00, run_after=2026-06-02 00:00:00+00:00
[2026-06-01T12:19:51.623+0000] {processor.py:183} INFO - Processing /opt/airflow/dags/futsal_pipeline.py took 6.336 seconds
[2026-06-01T12:20:22.415+0000] {processor.py:161} INFO - Started process (PID=1358) to work on /opt/airflow/dags/futsal_pipeline.py
[2026-06-01T12:20:22.417+0000] {processor.py:830} INFO - Processing file /opt/airflow/dags/futsal_pipeline.py for tasks to queue
[2026-06-01T12:20:22.423+0000] {logging_mixin.py:188} INFO - [2026-06-01T12:20:22.422+0000] {dagbag.py:545} INFO - Filling up the DagBag from /opt/airflow/dags/futsal_pipeline.py
[2026-06-01T12:20:26.154+0000] {processor.py:840} INFO - DAG(s) 'futsal_nightly_db_pipeline' retrieved from /opt/airflow/dags/futsal_pipeline.py
[2026-06-01T12:20:26.231+0000] {logging_mixin.py:188} INFO - [2026-06-01T12:20:26.230+0000] {dag.py:3096} INFO - Sync 1 DAGs
[2026-06-01T12:20:26.298+0000] {logging_mixin.py:188} INFO - [2026-06-01T12:20:26.297+0000] {dag.py:3954} INFO - Setting next_dagrun for futsal_nightly_db_pipeline to 2026-06-01 00:00:00+00:00, run_after=2026-06-02 00:00:00+00:00
[2026-06-01T12:20:26.352+0000] {processor.py:183} INFO - Processing /opt/airflow/dags/futsal_pipeline.py took 3.949 seconds
[2026-06-01T12:20:56.615+0000] {processor.py:161} INFO - Started process (PID=1436) to work on /opt/airflow/dags/futsal_pipeline.py
[2026-06-01T12:20:56.617+0000] {processor.py:830} INFO - Processing file /opt/airflow/dags/futsal_pipeline.py for tasks to queue
[2026-06-01T12:20:56.625+0000] {logging_mixin.py:188} INFO - [2026-06-01T12:20:56.625+0000] {dagbag.py:545} INFO - Filling up the DagBag from /opt/airflow/dags/futsal_pipeline.py
[2026-06-01T12:21:00.536+0000] {processor.py:840} INFO - DAG(s) 'futsal_nightly_db_pipeline' retrieved from /opt/airflow/dags/futsal_pipeline.py
[2026-06-01T12:21:00.567+0000] {logging_mixin.py:188} INFO - [2026-06-01T12:21:00.566+0000] {dag.py:3096} INFO - Sync 1 DAGs
[2026-06-01T12:21:00.605+0000] {logging_mixin.py:188} INFO - [2026-06-01T12:21:00.605+0000] {dag.py:3954} INFO - Setting next_dagrun for futsal_nightly_db_pipeline to 2026-06-01 00:00:00+00:00, run_after=2026-06-02 00:00:00+00:00
[2026-06-01T12:21:00.657+0000] {processor.py:183} INFO - Processing /opt/airflow/dags/futsal_pipeline.py took 4.064 seconds
[2026-06-01T12:21:30.850+0000] {processor.py:161} INFO - Started process (PID=1512) to work on /opt/airflow/dags/futsal_pipeline.py
[2026-06-01T12:21:30.852+0000] {processor.py:830} INFO - Processing file /opt/airflow/dags/futsal_pipeline.py for tasks to queue
[2026-06-01T12:21:30.856+0000] {logging_mixin.py:188} INFO - [2026-06-01T12:21:30.855+0000] {dagbag.py:545} INFO - Filling up the DagBag from /opt/airflow/dags/futsal_pipeline.py
[2026-06-01T12:21:33.692+0000] {processor.py:840} INFO - DAG(s) 'futsal_nightly_db_pipeline' retrieved from /opt/airflow/dags/futsal_pipeline.py
[2026-06-01T12:21:33.724+0000] {logging_mixin.py:188} INFO - [2026-06-01T12:21:33.723+0000] {dag.py:3096} INFO - Sync 1 DAGs
[2026-06-01T12:21:33.764+0000] {logging_mixin.py:188} INFO - [2026-06-01T12:21:33.763+0000] {dag.py:3954} INFO - Setting next_dagrun for futsal_nightly_db_pipeline to 2026-06-01 00:00:00+00:00, run_after=2026-06-02 00:00:00+00:00
[2026-06-01T12:21:33.801+0000] {processor.py:183} INFO - Processing /opt/airflow/dags/futsal_pipeline.py took 2.965 seconds
[2026-06-01T12:22:04.192+0000] {processor.py:161} INFO - Started process (PID=1582) to work on /opt/airflow/dags/futsal_pipeline.py
[2026-06-01T12:22:04.195+0000] {processor.py:830} INFO - Processing file /opt/airflow/dags/futsal_pipeline.py for tasks to queue
[2026-06-01T12:22:04.199+0000] {logging_mixin.py:188} INFO - [2026-06-01T12:22:04.198+0000] {dagbag.py:545} INFO - Filling up the DagBag from /opt/airflow/dags/futsal_pipeline.py
[2026-06-01T12:22:08.066+0000] {processor.py:840} INFO - DAG(s) 'futsal_nightly_db_pipeline' retrieved from /opt/airflow/dags/futsal_pipeline.py
[2026-06-01T12:22:08.107+0000] {logging_mixin.py:188} INFO - [2026-06-01T12:22:08.103+0000] {dag.py:3096} INFO - Sync 1 DAGs
[2026-06-01T12:22:08.158+0000] {logging_mixin.py:188} INFO - [2026-06-01T12:22:08.157+0000] {dag.py:3954} INFO - Setting next_dagrun for futsal_nightly_db_pipeline to 2026-06-01 00:00:00+00:00, run_after=2026-06-02 00:00:00+00:00
[2026-06-01T12:22:08.198+0000] {processor.py:183} INFO - Processing /opt/airflow/dags/futsal_pipeline.py took 4.028 seconds
[2026-06-01T12:22:38.452+0000] {processor.py:161} INFO - Started process (PID=1654) to work on /opt/airflow/dags/futsal_pipeline.py
[2026-06-01T12:22:38.454+0000] {processor.py:830} INFO - Processing file /opt/airflow/dags/futsal_pipeline.py for tasks to queue
[2026-06-01T12:22:38.457+0000] {logging_mixin.py:188} INFO - [2026-06-01T12:22:38.456+0000] {dagbag.py:545} INFO - Filling up the DagBag from /opt/airflow/dags/futsal_pipeline.py
[2026-06-01T12:22:41.806+0000] {processor.py:840} INFO - DAG(s) 'futsal_nightly_db_pipeline' retrieved from /opt/airflow/dags/futsal_pipeline.py
[2026-06-01T12:22:41.839+0000] {logging_mixin.py:188} INFO - [2026-06-01T12:22:41.838+0000] {dag.py:3096} INFO - Sync 1 DAGs
[2026-06-01T12:22:41.873+0000] {logging_mixin.py:188} INFO - [2026-06-01T12:22:41.872+0000] {dag.py:3954} INFO - Setting next_dagrun for futsal_nightly_db_pipeline to 2026-06-01 00:00:00+00:00, run_after=2026-06-02 00:00:00+00:00
[2026-06-01T12:22:41.924+0000] {processor.py:183} INFO - Processing /opt/airflow/dags/futsal_pipeline.py took 3.497 seconds
[2026-06-01T12:23:12.366+0000] {processor.py:161} INFO - Started process (PID=1726) to work on /opt/airflow/dags/futsal_pipeline.py
[2026-06-01T12:23:12.369+0000] {processor.py:830} INFO - Processing file /opt/airflow/dags/futsal_pipeline.py for tasks to queue
[2026-06-01T12:23:12.373+0000] {logging_mixin.py:188} INFO - [2026-06-01T12:23:12.372+0000] {dagbag.py:545} INFO - Filling up the DagBag from /opt/airflow/dags/futsal_pipeline.py
[2026-06-01T12:23:16.150+0000] {processor.py:840} INFO - DAG(s) 'futsal_nightly_db_pipeline' retrieved from /opt/airflow/dags/futsal_pipeline.py
[2026-06-01T12:23:16.324+0000] {logging_mixin.py:188} INFO - [2026-06-01T12:23:16.323+0000] {dag.py:3096} INFO - Sync 1 DAGs
[2026-06-01T12:23:16.550+0000] {logging_mixin.py:188} INFO - [2026-06-01T12:23:16.550+0000] {dag.py:3954} INFO - Setting next_dagrun for futsal_nightly_db_pipeline to 2026-06-01 00:00:00+00:00, run_after=2026-06-02 00:00:00+00:00
[2026-06-01T12:23:16.658+0000] {processor.py:183} INFO - Processing /opt/airflow/dags/futsal_pipeline.py took 4.307 seconds
[2026-06-01T12:23:47.254+0000] {processor.py:161} INFO - Started process (PID=1801) to work on /opt/airflow/dags/futsal_pipeline.py
[2026-06-01T12:23:47.260+0000] {processor.py:830} INFO - Processing file /opt/airflow/dags/futsal_pipeline.py for tasks to queue
[2026-06-01T12:23:47.263+0000] {logging_mixin.py:188} INFO - [2026-06-01T12:23:47.262+0000] {dagbag.py:545} INFO - Filling up the DagBag from /opt/airflow/dags/futsal_pipeline.py
[2026-06-01T12:23:50.709+0000] {processor.py:840} INFO - DAG(s) 'futsal_nightly_db_pipeline' retrieved from /opt/airflow/dags/futsal_pipeline.py
[2026-06-01T12:23:50.760+0000] {logging_mixin.py:188} INFO - [2026-06-01T12:23:50.760+0000] {dag.py:3096} INFO - Sync 1 DAGs
[2026-06-01T12:23:50.822+0000] {logging_mixin.py:188} INFO - [2026-06-01T12:23:50.821+0000] {dag.py:3954} INFO - Setting next_dagrun for futsal_nightly_db_pipeline to 2026-06-01 00:00:00+00:00, run_after=2026-06-02 00:00:00+00:00
[2026-06-01T12:23:50.893+0000] {processor.py:183} INFO - Processing /opt/airflow/dags/futsal_pipeline.py took 3.648 seconds
[2026-06-01T12:24:21.367+0000] {processor.py:161} INFO - Started process (PID=1872) to work on /opt/airflow/dags/futsal_pipeline.py
[2026-06-01T12:24:21.372+0000] {processor.py:830} INFO - Processing file /opt/airflow/dags/futsal_pipeline.py for tasks to queue
[2026-06-01T12:24:21.379+0000] {logging_mixin.py:188} INFO - [2026-06-01T12:24:21.378+0000] {dagbag.py:545} INFO - Filling up the DagBag from /opt/airflow/dags/futsal_pipeline.py
[2026-06-01T12:24:26.053+0000] {processor.py:840} INFO - DAG(s) 'futsal_nightly_db_pipeline' retrieved from /opt/airflow/dags/futsal_pipeline.py
[2026-06-01T12:24:26.142+0000] {logging_mixin.py:188} INFO - [2026-06-01T12:24:26.141+0000] {dag.py:3096} INFO - Sync 1 DAGs
[2026-06-01T12:24:26.198+0000] {logging_mixin.py:188} INFO - [2026-06-01T12:24:26.197+0000] {dag.py:3954} INFO - Setting next_dagrun for futsal_nightly_db_pipeline to 2026-06-01 00:00:00+00:00, run_after=2026-06-02 00:00:00+00:00
[2026-06-01T12:24:26.372+0000] {processor.py:183} INFO - Processing /opt/airflow/dags/futsal_pipeline.py took 5.016 seconds
[2026-06-01T12:24:56.713+0000] {processor.py:161} INFO - Started process (PID=1957) to work on /opt/airflow/dags/futsal_pipeline.py
[2026-06-01T12:24:56.716+0000] {processor.py:830} INFO - Processing file /opt/airflow/dags/futsal_pipeline.py for tasks to queue
[2026-06-01T12:24:56.727+0000] {logging_mixin.py:188} INFO - [2026-06-01T12:24:56.725+0000] {dagbag.py:545} INFO - Filling up the DagBag from /opt/airflow/dags/futsal_pipeline.py
[2026-06-01T12:25:01.972+0000] {processor.py:840} INFO - DAG(s) 'futsal_nightly_db_pipeline' retrieved from /opt/airflow/dags/futsal_pipeline.py
[2026-06-01T12:25:02.015+0000] {logging_mixin.py:188} INFO - [2026-06-01T12:25:02.014+0000] {dag.py:3096} INFO - Sync 1 DAGs
[2026-06-01T12:25:02.073+0000] {logging_mixin.py:188} INFO - [2026-06-01T12:25:02.072+0000] {dag.py:3954} INFO - Setting next_dagrun for futsal_nightly_db_pipeline to 2026-06-01 00:00:00+00:00, run_after=2026-06-02 00:00:00+00:00
[2026-06-01T12:25:02.165+0000] {processor.py:183} INFO - Processing /opt/airflow/dags/futsal_pipeline.py took 5.475 seconds
[2026-06-01T12:25:32.921+0000] {processor.py:161} INFO - Started process (PID=2033) to work on /opt/airflow/dags/futsal_pipeline.py
[2026-06-01T12:25:32.929+0000] {processor.py:830} INFO - Processing file /opt/airflow/dags/futsal_pipeline.py for tasks to queue
[2026-06-01T12:25:32.933+0000] {logging_mixin.py:188} INFO - [2026-06-01T12:25:32.932+0000] {dagbag.py:545} INFO - Filling up the DagBag from /opt/airflow/dags/futsal_pipeline.py
[2026-06-01T12:25:37.047+0000] {processor.py:840} INFO - DAG(s) 'futsal_nightly_db_pipeline' retrieved from /opt/airflow/dags/futsal_pipeline.py
[2026-06-01T12:25:37.127+0000] {logging_mixin.py:188} INFO - [2026-06-01T12:25:37.120+0000] {dag.py:3096} INFO - Sync 1 DAGs
[2026-06-01T12:25:37.187+0000] {logging_mixin.py:188} INFO - [2026-06-01T12:25:37.186+0000] {dag.py:3954} INFO - Setting next_dagrun for futsal_nightly_db_pipeline to 2026-06-01 00:00:00+00:00, run_after=2026-06-02 00:00:00+00:00
[2026-06-01T12:25:37.245+0000] {processor.py:183} INFO - Processing /opt/airflow/dags/futsal_pipeline.py took 4.341 seconds
[2026-06-01T12:26:08.051+0000] {processor.py:161} INFO - Started process (PID=2110) to work on /opt/airflow/dags/futsal_pipeline.py
[2026-06-01T12:26:08.058+0000] {processor.py:830} INFO - Processing file /opt/airflow/dags/futsal_pipeline.py for tasks to queue
[2026-06-01T12:26:08.061+0000] {logging_mixin.py:188} INFO - [2026-06-01T12:26:08.060+0000] {dagbag.py:545} INFO - Filling up the DagBag from /opt/airflow/dags/futsal_pipeline.py
[2026-06-01T12:26:11.609+0000] {processor.py:840} INFO - DAG(s) 'futsal_nightly_db_pipeline' retrieved from /opt/airflow/dags/futsal_pipeline.py
[2026-06-01T12:26:11.677+0000] {logging_mixin.py:188} INFO - [2026-06-01T12:26:11.676+0000] {dag.py:3096} INFO - Sync 1 DAGs
[2026-06-01T12:26:11.754+0000] {logging_mixin.py:188} INFO - [2026-06-01T12:26:11.753+0000] {dag.py:3954} INFO - Setting next_dagrun for futsal_nightly_db_pipeline to 2026-06-01 00:00:00+00:00, run_after=2026-06-02 00:00:00+00:00
[2026-06-01T12:26:11.830+0000] {processor.py:183} INFO - Processing /opt/airflow/dags/futsal_pipeline.py took 3.802 seconds
[2026-06-01T12:26:42.731+0000] {processor.py:161} INFO - Started process (PID=2185) to work on /opt/airflow/dags/futsal_pipeline.py
[2026-06-01T12:26:42.747+0000] {processor.py:830} INFO - Processing file /opt/airflow/dags/futsal_pipeline.py for tasks to queue
[2026-06-01T12:26:42.757+0000] {logging_mixin.py:188} INFO - [2026-06-01T12:26:42.752+0000] {dagbag.py:545} INFO - Filling up the DagBag from /opt/airflow/dags/futsal_pipeline.py
[2026-06-01T12:26:45.447+0000] {processor.py:840} INFO - DAG(s) 'futsal_nightly_db_pipeline' retrieved from /opt/airflow/dags/futsal_pipeline.py
[2026-06-01T12:26:45.485+0000] {logging_mixin.py:188} INFO - [2026-06-01T12:26:45.484+0000] {dag.py:3096} INFO - Sync 1 DAGs
[2026-06-01T12:26:45.514+0000] {logging_mixin.py:188} INFO - [2026-06-01T12:26:45.514+0000] {dag.py:3954} INFO - Setting next_dagrun for futsal_nightly_db_pipeline to 2026-06-01 00:00:00+00:00, run_after=2026-06-02 00:00:00+00:00
[2026-06-01T12:26:45.569+0000] {processor.py:183} INFO - Processing /opt/airflow/dags/futsal_pipeline.py took 2.871 seconds
[2026-06-01T12:27:16.303+0000] {processor.py:161} INFO - Started process (PID=2255) to work on /opt/airflow/dags/futsal_pipeline.py
[2026-06-01T12:27:16.306+0000] {processor.py:830} INFO - Processing file /opt/airflow/dags/futsal_pipeline.py for tasks to queue
[2026-06-01T12:27:16.311+0000] {logging_mixin.py:188} INFO - [2026-06-01T12:27:16.311+0000] {dagbag.py:545} INFO - Filling up the DagBag from /opt/airflow/dags/futsal_pipeline.py
[2026-06-01T12:27:20.424+0000] {processor.py:840} INFO - DAG(s) 'futsal_nightly_db_pipeline' retrieved from /opt/airflow/dags/futsal_pipeline.py
[2026-06-01T12:27:20.457+0000] {logging_mixin.py:188} INFO - [2026-06-01T12:27:20.457+0000] {dag.py:3096} INFO - Sync 1 DAGs
[2026-06-01T12:27:20.501+0000] {logging_mixin.py:188} INFO - [2026-06-01T12:27:20.500+0000] {dag.py:3954} INFO - Setting next_dagrun for futsal_nightly_db_pipeline to 2026-06-01 00:00:00+00:00, run_after=2026-06-02 00:00:00+00:00
[2026-06-01T12:27:20.572+0000] {processor.py:183} INFO - Processing /opt/airflow/dags/futsal_pipeline.py took 4.281 seconds
[2026-06-01T12:27:50.982+0000] {processor.py:161} INFO - Started process (PID=2330) to work on /opt/airflow/dags/futsal_pipeline.py
[2026-06-01T12:27:50.995+0000] {processor.py:830} INFO - Processing file /opt/airflow/dags/futsal_pipeline.py for tasks to queue
[2026-06-01T12:27:50.998+0000] {logging_mixin.py:188} INFO - [2026-06-01T12:27:50.998+0000] {dagbag.py:545} INFO - Filling up the DagBag from /opt/airflow/dags/futsal_pipeline.py
[2026-06-01T12:27:54.983+0000] {processor.py:840} INFO - DAG(s) 'futsal_nightly_db_pipeline' retrieved from /opt/airflow/dags/futsal_pipeline.py
[2026-06-01T12:27:55.011+0000] {logging_mixin.py:188} INFO - [2026-06-01T12:27:55.010+0000] {dag.py:3096} INFO - Sync 1 DAGs
[2026-06-01T12:27:55.042+0000] {logging_mixin.py:188} INFO - [2026-06-01T12:27:55.041+0000] {dag.py:3954} INFO - Setting next_dagrun for futsal_nightly_db_pipeline to 2026-06-01 00:00:00+00:00, run_after=2026-06-02 00:00:00+00:00
[2026-06-01T12:27:55.099+0000] {processor.py:183} INFO - Processing /opt/airflow/dags/futsal_pipeline.py took 4.135 seconds
[2026-06-01T12:28:25.493+0000] {processor.py:161} INFO - Started process (PID=2409) to work on /opt/airflow/dags/futsal_pipeline.py
[2026-06-01T12:28:25.507+0000] {processor.py:830} INFO - Processing file /opt/airflow/dags/futsal_pipeline.py for tasks to queue
[2026-06-01T12:28:25.528+0000] {logging_mixin.py:188} INFO - [2026-06-01T12:28:25.527+0000] {dagbag.py:545} INFO - Filling up the DagBag from /opt/airflow/dags/futsal_pipeline.py
[2026-06-01T12:28:33.229+0000] {processor.py:840} INFO - DAG(s) 'futsal_nightly_db_pipeline' retrieved from /opt/airflow/dags/futsal_pipeline.py
[2026-06-01T12:28:33.310+0000] {logging_mixin.py:188} INFO - [2026-06-01T12:28:33.308+0000] {dag.py:3096} INFO - Sync 1 DAGs
[2026-06-01T12:28:33.420+0000] {logging_mixin.py:188} INFO - [2026-06-01T12:28:33.420+0000] {dag.py:3954} INFO - Setting next_dagrun for futsal_nightly_db_pipeline to 2026-06-01 00:00:00+00:00, run_after=2026-06-02 00:00:00+00:00
[2026-06-01T12:28:33.524+0000] {processor.py:183} INFO - Processing /opt/airflow/dags/futsal_pipeline.py took 8.065 seconds
[2026-06-01T12:29:03.811+0000] {processor.py:161} INFO - Started process (PID=2487) to work on /opt/airflow/dags/futsal_pipeline.py
[2026-06-01T12:29:03.812+0000] {processor.py:830} INFO - Processing file /opt/airflow/dags/futsal_pipeline.py for tasks to queue
[2026-06-01T12:29:03.814+0000] {logging_mixin.py:188} INFO - [2026-06-01T12:29:03.814+0000] {dagbag.py:545} INFO - Filling up the DagBag from /opt/airflow/dags/futsal_pipeline.py
[2026-06-01T12:29:08.232+0000] {processor.py:840} INFO - DAG(s) 'futsal_nightly_db_pipeline' retrieved from /opt/airflow/dags/futsal_pipeline.py
[2026-06-01T12:29:08.274+0000] {logging_mixin.py:188} INFO - [2026-06-01T12:29:08.273+0000] {dag.py:3096} INFO - Sync 1 DAGs
[2026-06-01T12:29:08.353+0000] {logging_mixin.py:188} INFO - [2026-06-01T12:29:08.352+0000] {dag.py:3954} INFO - Setting next_dagrun for futsal_nightly_db_pipeline to 2026-06-01 00:00:00+00:00, run_after=2026-06-02 00:00:00+00:00
[2026-06-01T12:29:08.554+0000] {processor.py:183} INFO - Processing /opt/airflow/dags/futsal_pipeline.py took 4.752 seconds
[2026-06-01T12:29:39.098+0000] {processor.py:161} INFO - Started process (PID=2561) to work on /opt/airflow/dags/futsal_pipeline.py
[2026-06-01T12:29:39.108+0000] {processor.py:830} INFO - Processing file /opt/airflow/dags/futsal_pipeline.py for tasks to queue
[2026-06-01T12:29:39.115+0000] {logging_mixin.py:188} INFO - [2026-06-01T12:29:39.114+0000] {dagbag.py:545} INFO - Filling up the DagBag from /opt/airflow/dags/futsal_pipeline.py
[2026-06-01T12:29:44.047+0000] {processor.py:840} INFO - DAG(s) 'futsal_nightly_db_pipeline' retrieved from /opt/airflow/dags/futsal_pipeline.py
[2026-06-01T12:29:44.116+0000] {logging_mixin.py:188} INFO - [2026-06-01T12:29:44.115+0000] {dag.py:3096} INFO - Sync 1 DAGs
[2026-06-01T12:29:44.256+0000] {logging_mixin.py:188} INFO - [2026-06-01T12:29:44.256+0000] {dag.py:3954} INFO - Setting next_dagrun for futsal_nightly_db_pipeline to 2026-06-01 00:00:00+00:00, run_after=2026-06-02 00:00:00+00:00
[2026-06-01T12:29:44.359+0000] {processor.py:183} INFO - Processing /opt/airflow/dags/futsal_pipeline.py took 5.275 seconds
[2026-06-01T12:30:15.007+0000] {processor.py:161} INFO - Started process (PID=2638) to work on /opt/airflow/dags/futsal_pipeline.py
[2026-06-01T12:30:15.012+0000] {processor.py:830} INFO - Processing file /opt/airflow/dags/futsal_pipeline.py for tasks to queue
[2026-06-01T12:30:15.024+0000] {logging_mixin.py:188} INFO - [2026-06-01T12:30:15.023+0000] {dagbag.py:545} INFO - Filling up the DagBag from /opt/airflow/dags/futsal_pipeline.py
[2026-06-01T12:30:20.071+0000] {processor.py:840} INFO - DAG(s) 'futsal_nightly_db_pipeline' retrieved from /opt/airflow/dags/futsal_pipeline.py
[2026-06-01T12:30:20.107+0000] {logging_mixin.py:188} INFO - [2026-06-01T12:30:20.106+0000] {dag.py:3096} INFO - Sync 1 DAGs
[2026-06-01T12:30:20.143+0000] {logging_mixin.py:188} INFO - [2026-06-01T12:30:20.143+0000] {dag.py:3954} INFO - Setting next_dagrun for futsal_nightly_db_pipeline to 2026-06-01 00:00:00+00:00, run_after=2026-06-02 00:00:00+00:00
[2026-06-01T12:30:20.169+0000] {processor.py:183} INFO - Processing /opt/airflow/dags/futsal_pipeline.py took 5.178 seconds
[2026-06-01T12:30:50.365+0000] {processor.py:161} INFO - Started process (PID=2716) to work on /opt/airflow/dags/futsal_pipeline.py
[2026-06-01T12:30:50.367+0000] {processor.py:830} INFO - Processing file /opt/airflow/dags/futsal_pipeline.py for tasks to queue
[2026-06-01T12:30:50.369+0000] {logging_mixin.py:188} INFO - [2026-06-01T12:30:50.369+0000] {dagbag.py:545} INFO - Filling up the DagBag from /opt/airflow/dags/futsal_pipeline.py
[2026-06-01T12:30:54.340+0000] {processor.py:840} INFO - DAG(s) 'futsal_nightly_db_pipeline' retrieved from /opt/airflow/dags/futsal_pipeline.py
[2026-06-01T12:30:54.381+0000] {logging_mixin.py:188} INFO - [2026-06-01T12:30:54.380+0000] {dag.py:3096} INFO - Sync 1 DAGs
[2026-06-01T12:30:54.430+0000] {logging_mixin.py:188} INFO - [2026-06-01T12:30:54.430+0000] {dag.py:3954} INFO - Setting next_dagrun for futsal_nightly_db_pipeline to 2026-06-01 00:00:00+00:00, run_after=2026-06-02 00:00:00+00:00
[2026-06-01T12:30:54.489+0000] {processor.py:183} INFO - Processing /opt/airflow/dags/futsal_pipeline.py took 4.138 seconds
[2026-06-01T12:31:25.163+0000] {processor.py:161} INFO - Started process (PID=2791) to work on /opt/airflow/dags/futsal_pipeline.py
[2026-06-01T12:31:25.167+0000] {processor.py:830} INFO - Processing file /opt/airflow/dags/futsal_pipeline.py for tasks to queue
[2026-06-01T12:31:25.181+0000] {logging_mixin.py:188} INFO - [2026-06-01T12:31:25.180+0000] {dagbag.py:545} INFO - Filling up the DagBag from /opt/airflow/dags/futsal_pipeline.py
[2026-06-01T12:32:58.787+0000] {processor.py:161} INFO - Started process (PID=183) to work on /opt/airflow/dags/futsal_pipeline.py
[2026-06-01T12:32:58.793+0000] {processor.py:830} INFO - Processing file /opt/airflow/dags/futsal_pipeline.py for tasks to queue
[2026-06-01T12:32:58.804+0000] {logging_mixin.py:188} INFO - [2026-06-01T12:32:58.804+0000] {dagbag.py:545} INFO - Filling up the DagBag from /opt/airflow/dags/futsal_pipeline.py
[2026-06-01T12:33:02.839+0000] {processor.py:840} INFO - DAG(s) 'futsal_nightly_db_pipeline' retrieved from /opt/airflow/dags/futsal_pipeline.py
[2026-06-01T12:33:03.150+0000] {logging_mixin.py:188} INFO - [2026-06-01T12:33:03.149+0000] {dag.py:3096} INFO - Sync 1 DAGs
[2026-06-01T12:33:03.177+0000] {logging_mixin.py:188} INFO - [2026-06-01T12:33:03.176+0000] {dag.py:3954} INFO - Setting next_dagrun for futsal_nightly_db_pipeline to 2026-06-01 00:00:00+00:00, run_after=2026-06-02 00:00:00+00:00
[2026-06-01T12:33:03.204+0000] {processor.py:183} INFO - Processing /opt/airflow/dags/futsal_pipeline.py took 4.444 seconds
[2026-06-01T12:33:34.762+0000] {processor.py:161} INFO - Started process (PID=582) to work on /opt/airflow/dags/futsal_pipeline.py
[2026-06-01T12:33:34.765+0000] {processor.py:830} INFO - Processing file /opt/airflow/dags/futsal_pipeline.py for tasks to queue
[2026-06-01T12:33:34.769+0000] {logging_mixin.py:188} INFO - [2026-06-01T12:33:34.768+0000] {dagbag.py:545} INFO - Filling up the DagBag from /opt/airflow/dags/futsal_pipeline.py
[2026-06-01T12:33:39.750+0000] {processor.py:840} INFO - DAG(s) 'futsal_nightly_db_pipeline' retrieved from /opt/airflow/dags/futsal_pipeline.py
[2026-06-01T12:33:39.820+0000] {logging_mixin.py:188} INFO - [2026-06-01T12:33:39.812+0000] {dag.py:3096} INFO - Sync 1 DAGs
[2026-06-01T12:33:39.885+0000] {logging_mixin.py:188} INFO - [2026-06-01T12:33:39.885+0000] {dag.py:3954} INFO - Setting next_dagrun for futsal_nightly_db_pipeline to 2026-06-01 00:00:00+00:00, run_after=2026-06-02 00:00:00+00:00
[2026-06-01T12:33:39.991+0000] {processor.py:183} INFO - Processing /opt/airflow/dags/futsal_pipeline.py took 5.243 seconds
[2026-06-01T12:34:10.275+0000] {processor.py:161} INFO - Started process (PID=885) to work on /opt/airflow/dags/futsal_pipeline.py
[2026-06-01T12:34:10.286+0000] {processor.py:830} INFO - Processing file /opt/airflow/dags/futsal_pipeline.py for tasks to queue
[2026-06-01T12:34:10.291+0000] {logging_mixin.py:188} INFO - [2026-06-01T12:34:10.290+0000] {dagbag.py:545} INFO - Filling up the DagBag from /opt/airflow/dags/futsal_pipeline.py
[2026-06-01T12:34:13.728+0000] {processor.py:840} INFO - DAG(s) 'futsal_nightly_db_pipeline' retrieved from /opt/airflow/dags/futsal_pipeline.py
[2026-06-01T12:34:13.816+0000] {logging_mixin.py:188} INFO - [2026-06-01T12:34:13.815+0000] {dag.py:3096} INFO - Sync 1 DAGs
[2026-06-01T12:34:13.922+0000] {logging_mixin.py:188} INFO - [2026-06-01T12:34:13.921+0000] {dag.py:3954} INFO - Setting next_dagrun for futsal_nightly_db_pipeline to 2026-06-01 00:00:00+00:00, run_after=2026-06-02 00:00:00+00:00
[2026-06-01T12:34:14.243+0000] {processor.py:183} INFO - Processing /opt/airflow/dags/futsal_pipeline.py took 3.979 seconds
[2026-06-01T12:34:44.809+0000] {processor.py:161} INFO - Started process (PID=1186) to work on /opt/airflow/dags/futsal_pipeline.py
[2026-06-01T12:34:44.815+0000] {processor.py:830} INFO - Processing file /opt/airflow/dags/futsal_pipeline.py for tasks to queue
[2026-06-01T12:34:44.820+0000] {logging_mixin.py:188} INFO - [2026-06-01T12:34:44.819+0000] {dagbag.py:545} INFO - Filling up the DagBag from /opt/airflow/dags/futsal_pipeline.py
[2026-06-01T12:34:49.027+0000] {processor.py:840} INFO - DAG(s) 'futsal_nightly_db_pipeline' retrieved from /opt/airflow/dags/futsal_pipeline.py
[2026-06-01T12:34:49.072+0000] {logging_mixin.py:188} INFO - [2026-06-01T12:34:49.071+0000] {dag.py:3096} INFO - Sync 1 DAGs
[2026-06-01T12:34:49.121+0000] {logging_mixin.py:188} INFO - [2026-06-01T12:34:49.121+0000] {dag.py:3954} INFO - Setting next_dagrun for futsal_nightly_db_pipeline to 2026-06-01 00:00:00+00:00, run_after=2026-06-02 00:00:00+00:00
[2026-06-01T12:34:49.174+0000] {processor.py:183} INFO - Processing /opt/airflow/dags/futsal_pipeline.py took 4.390 seconds
[2026-06-01T12:35:19.581+0000] {processor.py:161} INFO - Started process (PID=1517) to work on /opt/airflow/dags/futsal_pipeline.py
[2026-06-01T12:35:19.585+0000] {processor.py:830} INFO - Processing file /opt/airflow/dags/futsal_pipeline.py for tasks to queue
[2026-06-01T12:35:19.590+0000] {logging_mixin.py:188} INFO - [2026-06-01T12:35:19.589+0000] {dagbag.py:545} INFO - Filling up the DagBag from /opt/airflow/dags/futsal_pipeline.py
[2026-06-01T12:35:23.817+0000] {processor.py:840} INFO - DAG(s) 'futsal_nightly_db_pipeline' retrieved from /opt/airflow/dags/futsal_pipeline.py
[2026-06-01T12:35:23.878+0000] {logging_mixin.py:188} INFO - [2026-06-01T12:35:23.877+0000] {dag.py:3096} INFO - Sync 1 DAGs
[2026-06-01T12:35:23.999+0000] {logging_mixin.py:188} INFO - [2026-06-01T12:35:23.999+0000] {dag.py:3954} INFO - Setting next_dagrun for futsal_nightly_db_pipeline to 2026-06-01 00:00:00+00:00, run_after=2026-06-02 00:00:00+00:00
[2026-06-01T12:35:24.061+0000] {processor.py:183} INFO - Processing /opt/airflow/dags/futsal_pipeline.py took 4.497 seconds
[2026-06-01T12:35:54.909+0000] {processor.py:161} INFO - Started process (PID=1843) to work on /opt/airflow/dags/futsal_pipeline.py
[2026-06-01T12:35:54.926+0000] {processor.py:830} INFO - Processing file /opt/airflow/dags/futsal_pipeline.py for tasks to queue
[2026-06-01T12:35:54.937+0000] {logging_mixin.py:188} INFO - [2026-06-01T12:35:54.935+0000] {dagbag.py:545} INFO - Filling up the DagBag from /opt/airflow/dags/futsal_pipeline.py
[2026-06-01T12:35:59.557+0000] {processor.py:840} INFO - DAG(s) 'futsal_nightly_db_pipeline' retrieved from /opt/airflow/dags/futsal_pipeline.py
[2026-06-01T12:35:59.584+0000] {logging_mixin.py:188} INFO - [2026-06-01T12:35:59.583+0000] {dag.py:3096} INFO - Sync 1 DAGs
[2026-06-01T12:35:59.620+0000] {logging_mixin.py:188} INFO - [2026-06-01T12:35:59.619+0000] {dag.py:3954} INFO - Setting next_dagrun for futsal_nightly_db_pipeline to 2026-06-01 00:00:00+00:00, run_after=2026-06-02 00:00:00+00:00
[2026-06-01T12:35:59.662+0000] {processor.py:183} INFO - Processing /opt/airflow/dags/futsal_pipeline.py took 4.840 seconds
[2026-06-01T12:36:30.327+0000] {processor.py:161} INFO - Started process (PID=2173) to work on /opt/airflow/dags/futsal_pipeline.py
[2026-06-01T12:36:30.329+0000] {processor.py:830} INFO - Processing file /opt/airflow/dags/futsal_pipeline.py for tasks to queue
[2026-06-01T12:36:30.334+0000] {logging_mixin.py:188} INFO - [2026-06-01T12:36:30.332+0000] {dagbag.py:545} INFO - Filling up the DagBag from /opt/airflow/dags/futsal_pipeline.py
[2026-06-01T12:36:33.856+0000] {processor.py:840} INFO - DAG(s) 'futsal_nightly_db_pipeline' retrieved from /opt/airflow/dags/futsal_pipeline.py
[2026-06-01T12:36:33.968+0000] {logging_mixin.py:188} INFO - [2026-06-01T12:36:33.967+0000] {dag.py:3096} INFO - Sync 1 DAGs
[2026-06-01T12:36:34.103+0000] {logging_mixin.py:188} INFO - [2026-06-01T12:36:34.103+0000] {dag.py:3954} INFO - Setting next_dagrun for futsal_nightly_db_pipeline to 2026-06-01 00:00:00+00:00, run_after=2026-06-02 00:00:00+00:00
[2026-06-01T12:36:34.267+0000] {processor.py:183} INFO - Processing /opt/airflow/dags/futsal_pipeline.py took 3.955 seconds
[2026-06-01T12:37:05.010+0000] {processor.py:161} INFO - Started process (PID=2456) to work on /opt/airflow/dags/futsal_pipeline.py
[2026-06-01T12:37:05.013+0000] {processor.py:830} INFO - Processing file /opt/airflow/dags/futsal_pipeline.py for tasks to queue
[2026-06-01T12:37:05.017+0000] {logging_mixin.py:188} INFO - [2026-06-01T12:37:05.016+0000] {dagbag.py:545} INFO - Filling up the DagBag from /opt/airflow/dags/futsal_pipeline.py
[2026-06-01T12:37:08.183+0000] {processor.py:840} INFO - DAG(s) 'futsal_nightly_db_pipeline' retrieved from /opt/airflow/dags/futsal_pipeline.py
[2026-06-01T12:37:08.213+0000] {logging_mixin.py:188} INFO - [2026-06-01T12:37:08.212+0000] {dag.py:3096} INFO - Sync 1 DAGs
[2026-06-01T12:37:08.247+0000] {logging_mixin.py:188} INFO - [2026-06-01T12:37:08.247+0000] {dag.py:3954} INFO - Setting next_dagrun for futsal_nightly_db_pipeline to 2026-06-01 00:00:00+00:00, run_after=2026-06-02 00:00:00+00:00
[2026-06-01T12:37:08.286+0000] {processor.py:183} INFO - Processing /opt/airflow/dags/futsal_pipeline.py took 3.289 seconds
[2026-06-01T12:37:38.828+0000] {processor.py:161} INFO - Started process (PID=2767) to work on /opt/airflow/dags/futsal_pipeline.py
[2026-06-01T12:37:38.830+0000] {processor.py:830} INFO - Processing file /opt/airflow/dags/futsal_pipeline.py for tasks to queue
[2026-06-01T12:37:38.834+0000] {logging_mixin.py:188} INFO - [2026-06-01T12:37:38.833+0000] {dagbag.py:545} INFO - Filling up the DagBag from /opt/airflow/dags/futsal_pipeline.py
[2026-06-01T12:37:42.656+0000] {processor.py:840} INFO - DAG(s) 'futsal_nightly_db_pipeline' retrieved from /opt/airflow/dags/futsal_pipeline.py
[2026-06-01T12:37:42.693+0000] {logging_mixin.py:188} INFO - [2026-06-01T12:37:42.691+0000] {dag.py:3096} INFO - Sync 1 DAGs
[2026-06-01T12:37:42.743+0000] {logging_mixin.py:188} INFO - [2026-06-01T12:37:42.743+0000] {dag.py:3954} INFO - Setting next_dagrun for futsal_nightly_db_pipeline to 2026-06-01 00:00:00+00:00, run_after=2026-06-02 00:00:00+00:00
[2026-06-01T12:37:42.790+0000] {processor.py:183} INFO - Processing /opt/airflow/dags/futsal_pipeline.py took 3.977 seconds
[2026-06-01T12:38:13.111+0000] {processor.py:161} INFO - Started process (PID=3098) to work on /opt/airflow/dags/futsal_pipeline.py
[2026-06-01T12:38:13.113+0000] {processor.py:830} INFO - Processing file /opt/airflow/dags/futsal_pipeline.py for tasks to queue
[2026-06-01T12:38:13.120+0000] {logging_mixin.py:188} INFO - [2026-06-01T12:38:13.119+0000] {dagbag.py:545} INFO - Filling up the DagBag from /opt/airflow/dags/futsal_pipeline.py
[2026-06-01T12:38:16.387+0000] {processor.py:840} INFO - DAG(s) 'futsal_nightly_db_pipeline' retrieved from /opt/airflow/dags/futsal_pipeline.py
[2026-06-01T12:38:16.417+0000] {logging_mixin.py:188} INFO - [2026-06-01T12:38:16.417+0000] {dag.py:3096} INFO - Sync 1 DAGs
[2026-06-01T12:38:16.457+0000] {logging_mixin.py:188} INFO - [2026-06-01T12:38:16.456+0000] {dag.py:3954} INFO - Setting next_dagrun for futsal_nightly_db_pipeline to 2026-06-01 00:00:00+00:00, run_after=2026-06-02 00:00:00+00:00
[2026-06-01T12:38:16.511+0000] {processor.py:183} INFO - Processing /opt/airflow/dags/futsal_pipeline.py took 3.419 seconds
[2026-06-01T12:38:46.955+0000] {processor.py:161} INFO - Started process (PID=3389) to work on /opt/airflow/dags/futsal_pipeline.py
[2026-06-01T12:38:46.958+0000] {processor.py:830} INFO - Processing file /opt/airflow/dags/futsal_pipeline.py for tasks to queue
[2026-06-01T12:38:46.971+0000] {logging_mixin.py:188} INFO - [2026-06-01T12:38:46.971+0000] {dagbag.py:545} INFO - Filling up the DagBag from /opt/airflow/dags/futsal_pipeline.py
[2026-06-01T12:38:50.294+0000] {processor.py:840} INFO - DAG(s) 'futsal_nightly_db_pipeline' retrieved from /opt/airflow/dags/futsal_pipeline.py
[2026-06-01T12:38:50.322+0000] {logging_mixin.py:188} INFO - [2026-06-01T12:38:50.321+0000] {dag.py:3096} INFO - Sync 1 DAGs
[2026-06-01T12:38:50.350+0000] {logging_mixin.py:188} INFO - [2026-06-01T12:38:50.349+0000] {dag.py:3954} INFO - Setting next_dagrun for futsal_nightly_db_pipeline to 2026-06-01 00:00:00+00:00, run_after=2026-06-02 00:00:00+00:00
[2026-06-01T12:38:50.387+0000] {processor.py:183} INFO - Processing /opt/airflow/dags/futsal_pipeline.py took 3.453 seconds
[2026-06-01T12:39:21.152+0000] {processor.py:161} INFO - Started process (PID=3690) to work on /opt/airflow/dags/futsal_pipeline.py
[2026-06-01T12:39:21.153+0000] {processor.py:830} INFO - Processing file /opt/airflow/dags/futsal_pipeline.py for tasks to queue
[2026-06-01T12:39:21.158+0000] {logging_mixin.py:188} INFO - [2026-06-01T12:39:21.157+0000] {dagbag.py:545} INFO - Filling up the DagBag from /opt/airflow/dags/futsal_pipeline.py
[2026-06-01T12:39:24.413+0000] {processor.py:840} INFO - DAG(s) 'futsal_nightly_db_pipeline' retrieved from /opt/airflow/dags/futsal_pipeline.py
[2026-06-01T12:39:24.446+0000] {logging_mixin.py:188} INFO - [2026-06-01T12:39:24.446+0000] {dag.py:3096} INFO - Sync 1 DAGs
[2026-06-01T12:39:24.485+0000] {logging_mixin.py:188} INFO - [2026-06-01T12:39:24.484+0000] {dag.py:3954} INFO - Setting next_dagrun for futsal_nightly_db_pipeline to 2026-06-01 00:00:00+00:00, run_after=2026-06-02 00:00:00+00:00
[2026-06-01T12:39:24.532+0000] {processor.py:183} INFO - Processing /opt/airflow/dags/futsal_pipeline.py took 3.401 seconds
[2026-06-01T12:39:54.878+0000] {processor.py:161} INFO - Started process (PID=4040) to work on /opt/airflow/dags/futsal_pipeline.py
[2026-06-01T12:39:54.889+0000] {processor.py:830} INFO - Processing file /opt/airflow/dags/futsal_pipeline.py for tasks to queue
[2026-06-01T12:39:54.907+0000] {logging_mixin.py:188} INFO - [2026-06-01T12:39:54.906+0000] {dagbag.py:545} INFO - Filling up the DagBag from /opt/airflow/dags/futsal_pipeline.py
[2026-06-01T12:40:05.186+0000] {processor.py:840} INFO - DAG(s) 'futsal_nightly_db_pipeline' retrieved from /opt/airflow/dags/futsal_pipeline.py
[2026-06-01T12:40:05.225+0000] {logging_mixin.py:188} INFO - [2026-06-01T12:40:05.225+0000] {dag.py:3096} INFO - Sync 1 DAGs
[2026-06-01T12:40:05.363+0000] {logging_mixin.py:188} INFO - [2026-06-01T12:40:05.363+0000] {dag.py:3954} INFO - Setting next_dagrun for futsal_nightly_db_pipeline to 2026-06-01 00:00:00+00:00, run_after=2026-06-02 00:00:00+00:00
[2026-06-01T12:40:05.510+0000] {processor.py:183} INFO - Processing /opt/airflow/dags/futsal_pipeline.py took 10.671 seconds
[2026-06-01T12:40:36.350+0000] {processor.py:161} INFO - Started process (PID=4380) to work on /opt/airflow/dags/futsal_pipeline.py
[2026-06-01T12:40:36.358+0000] {processor.py:830} INFO - Processing file /opt/airflow/dags/futsal_pipeline.py for tasks to queue
[2026-06-01T12:40:36.384+0000] {logging_mixin.py:188} INFO - [2026-06-01T12:40:36.383+0000] {dagbag.py:545} INFO - Filling up the DagBag from /opt/airflow/dags/futsal_pipeline.py
[2026-06-01T12:40:50.163+0000] {processor.py:840} INFO - DAG(s) 'futsal_nightly_db_pipeline' retrieved from /opt/airflow/dags/futsal_pipeline.py
[2026-06-01T12:40:50.224+0000] {logging_mixin.py:188} INFO - [2026-06-01T12:40:50.223+0000] {dag.py:3096} INFO - Sync 1 DAGs
[2026-06-01T12:40:50.394+0000] {logging_mixin.py:188} INFO - [2026-06-01T12:40:50.394+0000] {dag.py:3954} INFO - Setting next_dagrun for futsal_nightly_db_pipeline to 2026-06-01 00:00:00+00:00, run_after=2026-06-02 00:00:00+00:00
[2026-06-01T12:40:50.646+0000] {processor.py:183} INFO - Processing /opt/airflow/dags/futsal_pipeline.py took 14.333 seconds
[2026-06-01T12:41:21.165+0000] {processor.py:161} INFO - Started process (PID=4736) to work on /opt/airflow/dags/futsal_pipeline.py
[2026-06-01T12:41:21.179+0000] {processor.py:830} INFO - Processing file /opt/airflow/dags/futsal_pipeline.py for tasks to queue
[2026-06-01T12:41:21.189+0000] {logging_mixin.py:188} INFO - [2026-06-01T12:41:21.189+0000] {dagbag.py:545} INFO - Filling up the DagBag from /opt/airflow/dags/futsal_pipeline.py
[2026-06-01T12:41:30.690+0000] {processor.py:840} INFO - DAG(s) 'futsal_nightly_db_pipeline' retrieved from /opt/airflow/dags/futsal_pipeline.py
[2026-06-01T12:41:30.756+0000] {logging_mixin.py:188} INFO - [2026-06-01T12:41:30.755+0000] {dag.py:3096} INFO - Sync 1 DAGs
[2026-06-01T12:41:31.183+0000] {logging_mixin.py:188} INFO - [2026-06-01T12:41:31.182+0000] {dag.py:3954} INFO - Setting next_dagrun for futsal_nightly_db_pipeline to 2026-06-01 00:00:00+00:00, run_after=2026-06-02 00:00:00+00:00
[2026-06-01T12:41:31.437+0000] {processor.py:183} INFO - Processing /opt/airflow/dags/futsal_pipeline.py took 10.326 seconds
[2026-06-01T12:42:02.045+0000] {processor.py:161} INFO - Started process (PID=5060) to work on /opt/airflow/dags/futsal_pipeline.py
[2026-06-01T12:42:02.062+0000] {processor.py:830} INFO - Processing file /opt/airflow/dags/futsal_pipeline.py for tasks to queue
[2026-06-01T12:42:02.098+0000] {logging_mixin.py:188} INFO - [2026-06-01T12:42:02.097+0000] {dagbag.py:545} INFO - Filling up the DagBag from /opt/airflow/dags/futsal_pipeline.py
[2026-06-01T12:42:13.208+0000] {processor.py:840} INFO - DAG(s) 'futsal_nightly_db_pipeline' retrieved from /opt/airflow/dags/futsal_pipeline.py
[2026-06-01T12:42:13.263+0000] {logging_mixin.py:188} INFO - [2026-06-01T12:42:13.262+0000] {dag.py:3096} INFO - Sync 1 DAGs
[2026-06-01T12:42:13.390+0000] {logging_mixin.py:188} INFO - [2026-06-01T12:42:13.388+0000] {dag.py:3954} INFO - Setting next_dagrun for futsal_nightly_db_pipeline to 2026-06-01 00:00:00+00:00, run_after=2026-06-02 00:00:00+00:00
[2026-06-01T12:42:13.464+0000] {processor.py:183} INFO - Processing /opt/airflow/dags/futsal_pipeline.py took 11.462 seconds
[2026-06-01T12:42:44.173+0000] {processor.py:161} INFO - Started process (PID=5392) to work on /opt/airflow/dags/futsal_pipeline.py
[2026-06-01T12:42:44.195+0000] {processor.py:830} INFO - Processing file /opt/airflow/dags/futsal_pipeline.py for tasks to queue
[2026-06-01T12:42:44.210+0000] {logging_mixin.py:188} INFO - [2026-06-01T12:42:44.205+0000] {dagbag.py:545} INFO - Filling up the DagBag from /opt/airflow/dags/futsal_pipeline.py
[2026-06-01T12:42:52.720+0000] {processor.py:840} INFO - DAG(s) 'futsal_nightly_db_pipeline' retrieved from /opt/airflow/dags/futsal_pipeline.py
[2026-06-01T12:42:52.776+0000] {logging_mixin.py:188} INFO - [2026-06-01T12:42:52.776+0000] {dag.py:3096} INFO - Sync 1 DAGs
[2026-06-01T12:42:52.859+0000] {logging_mixin.py:188} INFO - [2026-06-01T12:42:52.857+0000] {dag.py:3954} INFO - Setting next_dagrun for futsal_nightly_db_pipeline to 2026-06-01 00:00:00+00:00, run_after=2026-06-02 00:00:00+00:00
[2026-06-01T12:42:52.905+0000] {processor.py:183} INFO - Processing /opt/airflow/dags/futsal_pipeline.py took 8.777 seconds
[2026-06-01T12:43:23.749+0000] {processor.py:161} INFO - Started process (PID=5710) to work on /opt/airflow/dags/futsal_pipeline.py
[2026-06-01T12:43:23.776+0000] {processor.py:830} INFO - Processing file /opt/airflow/dags/futsal_pipeline.py for tasks to queue
[2026-06-01T12:43:23.798+0000] {logging_mixin.py:188} INFO - [2026-06-01T12:43:23.798+0000] {dagbag.py:545} INFO - Filling up the DagBag from /opt/airflow/dags/futsal_pipeline.py
[2026-06-01T12:43:40.031+0000] {processor.py:840} INFO - DAG(s) 'futsal_nightly_db_pipeline' retrieved from /opt/airflow/dags/futsal_pipeline.py
[2026-06-01T12:43:40.098+0000] {logging_mixin.py:188} INFO - [2026-06-01T12:43:40.093+0000] {dag.py:3096} INFO - Sync 1 DAGs
[2026-06-01T12:43:40.351+0000] {logging_mixin.py:188} INFO - [2026-06-01T12:43:40.351+0000] {dag.py:3954} INFO - Setting next_dagrun for futsal_nightly_db_pipeline to 2026-06-01 00:00:00+00:00, run_after=2026-06-02 00:00:00+00:00
[2026-06-01T12:43:40.578+0000] {processor.py:183} INFO - Processing /opt/airflow/dags/futsal_pipeline.py took 16.883 seconds
[2026-06-01T12:44:11.495+0000] {processor.py:161} INFO - Started process (PID=6046) to work on /opt/airflow/dags/futsal_pipeline.py
[2026-06-01T12:44:11.512+0000] {processor.py:830} INFO - Processing file /opt/airflow/dags/futsal_pipeline.py for tasks to queue
[2026-06-01T12:44:11.533+0000] {logging_mixin.py:188} INFO - [2026-06-01T12:44:11.533+0000] {dagbag.py:545} INFO - Filling up the DagBag from /opt/airflow/dags/futsal_pipeline.py
[2026-06-01T12:44:24.758+0000] {processor.py:840} INFO - DAG(s) 'futsal_nightly_db_pipeline' retrieved from /opt/airflow/dags/futsal_pipeline.py
[2026-06-01T12:44:24.841+0000] {logging_mixin.py:188} INFO - [2026-06-01T12:44:24.841+0000] {dag.py:3096} INFO - Sync 1 DAGs
[2026-06-01T12:44:24.930+0000] {logging_mixin.py:188} INFO - [2026-06-01T12:44:24.930+0000] {dag.py:3954} INFO - Setting next_dagrun for futsal_nightly_db_pipeline to 2026-06-01 00:00:00+00:00, run_after=2026-06-02 00:00:00+00:00
[2026-06-01T12:44:25.020+0000] {processor.py:183} INFO - Processing /opt/airflow/dags/futsal_pipeline.py took 13.605 seconds
[2026-06-01T12:44:55.801+0000] {processor.py:161} INFO - Started process (PID=6410) to work on /opt/airflow/dags/futsal_pipeline.py
[2026-06-01T12:44:55.805+0000] {processor.py:830} INFO - Processing file /opt/airflow/dags/futsal_pipeline.py for tasks to queue
[2026-06-01T12:44:55.814+0000] {logging_mixin.py:188} INFO - [2026-06-01T12:44:55.813+0000] {dagbag.py:545} INFO - Filling up the DagBag from /opt/airflow/dags/futsal_pipeline.py
[2026-06-01T12:45:09.038+0000] {processor.py:840} INFO - DAG(s) 'futsal_nightly_db_pipeline' retrieved from /opt/airflow/dags/futsal_pipeline.py
[2026-06-01T12:45:09.099+0000] {logging_mixin.py:188} INFO - [2026-06-01T12:45:09.098+0000] {dag.py:3096} INFO - Sync 1 DAGs
[2026-06-01T12:45:09.172+0000] {logging_mixin.py:188} INFO - [2026-06-01T12:45:09.171+0000] {dag.py:3954} INFO - Setting next_dagrun for futsal_nightly_db_pipeline to 2026-06-01 00:00:00+00:00, run_after=2026-06-02 00:00:00+00:00
[2026-06-01T12:45:09.248+0000] {processor.py:183} INFO - Processing /opt/airflow/dags/futsal_pipeline.py took 13.471 seconds
[2026-06-01T12:45:40.347+0000] {processor.py:161} INFO - Started process (PID=6767) to work on /opt/airflow/dags/futsal_pipeline.py
[2026-06-01T12:45:40.360+0000] {processor.py:830} INFO - Processing file /opt/airflow/dags/futsal_pipeline.py for tasks to queue
[2026-06-01T12:45:40.373+0000] {logging_mixin.py:188} INFO - [2026-06-01T12:45:40.372+0000] {dagbag.py:545} INFO - Filling up the DagBag from /opt/airflow/dags/futsal_pipeline.py
[2026-06-01T12:45:51.347+0000] {processor.py:840} INFO - DAG(s) 'futsal_nightly_db_pipeline' retrieved from /opt/airflow/dags/futsal_pipeline.py
[2026-06-01T12:45:51.412+0000] {logging_mixin.py:188} INFO - [2026-06-01T12:45:51.412+0000] {dag.py:3096} INFO - Sync 1 DAGs
[2026-06-01T12:45:51.524+0000] {logging_mixin.py:188} INFO - [2026-06-01T12:45:51.523+0000] {dag.py:3954} INFO - Setting next_dagrun for futsal_nightly_db_pipeline to 2026-06-01 00:00:00+00:00, run_after=2026-06-02 00:00:00+00:00
[2026-06-01T12:45:51.600+0000] {processor.py:183} INFO - Processing /opt/airflow/dags/futsal_pipeline.py took 11.294 seconds
[2026-06-01T12:46:22.400+0000] {processor.py:161} INFO - Started process (PID=7094) to work on /opt/airflow/dags/futsal_pipeline.py
[2026-06-01T12:46:22.409+0000] {processor.py:830} INFO - Processing file /opt/airflow/dags/futsal_pipeline.py for tasks to queue
[2026-06-01T12:46:22.414+0000] {logging_mixin.py:188} INFO - [2026-06-01T12:46:22.414+0000] {dagbag.py:545} INFO - Filling up the DagBag from /opt/airflow/dags/futsal_pipeline.py
[2026-06-01T12:46:31.476+0000] {processor.py:840} INFO - DAG(s) 'futsal_nightly_db_pipeline' retrieved from /opt/airflow/dags/futsal_pipeline.py
[2026-06-01T12:46:31.556+0000] {logging_mixin.py:188} INFO - [2026-06-01T12:46:31.556+0000] {dag.py:3096} INFO - Sync 1 DAGs
[2026-06-01T12:46:31.595+0000] {logging_mixin.py:188} INFO - [2026-06-01T12:46:31.595+0000] {dag.py:3954} INFO - Setting next_dagrun for futsal_nightly_db_pipeline to 2026-06-01 00:00:00+00:00, run_after=2026-06-02 00:00:00+00:00
[2026-06-01T12:46:31.654+0000] {processor.py:183} INFO - Processing /opt/airflow/dags/futsal_pipeline.py took 9.279 seconds
[2026-06-01T12:47:02.144+0000] {processor.py:161} INFO - Started process (PID=7408) to work on /opt/airflow/dags/futsal_pipeline.py
[2026-06-01T12:47:02.159+0000] {processor.py:830} INFO - Processing file /opt/airflow/dags/futsal_pipeline.py for tasks to queue
[2026-06-01T12:47:02.175+0000] {logging_mixin.py:188} INFO - [2026-06-01T12:47:02.174+0000] {dagbag.py:545} INFO - Filling up the DagBag from /opt/airflow/dags/futsal_pipeline.py
[2026-06-01T12:47:13.167+0000] {processor.py:840} INFO - DAG(s) 'futsal_nightly_db_pipeline' retrieved from /opt/airflow/dags/futsal_pipeline.py
[2026-06-01T12:47:13.222+0000] {logging_mixin.py:188} INFO - [2026-06-01T12:47:13.221+0000] {dag.py:3096} INFO - Sync 1 DAGs
[2026-06-01T12:47:13.339+0000] {logging_mixin.py:188} INFO - [2026-06-01T12:47:13.338+0000] {dag.py:3954} INFO - Setting next_dagrun for futsal_nightly_db_pipeline to 2026-06-01 00:00:00+00:00, run_after=2026-06-02 00:00:00+00:00
[2026-06-01T12:47:13.682+0000] {processor.py:183} INFO - Processing /opt/airflow/dags/futsal_pipeline.py took 11.658 seconds
[2026-06-01T12:47:44.808+0000] {processor.py:161} INFO - Started process (PID=7731) to work on /opt/airflow/dags/futsal_pipeline.py
[2026-06-01T12:47:44.830+0000] {processor.py:830} INFO - Processing file /opt/airflow/dags/futsal_pipeline.py for tasks to queue
[2026-06-01T12:47:44.843+0000] {logging_mixin.py:188} INFO - [2026-06-01T12:47:44.842+0000] {dagbag.py:545} INFO - Filling up the DagBag from /opt/airflow/dags/futsal_pipeline.py
[2026-06-01T12:47:51.032+0000] {processor.py:840} INFO - DAG(s) 'futsal_nightly_db_pipeline' retrieved from /opt/airflow/dags/futsal_pipeline.py
[2026-06-01T12:47:51.076+0000] {logging_mixin.py:188} INFO - [2026-06-01T12:47:51.076+0000] {dag.py:3096} INFO - Sync 1 DAGs
[2026-06-01T12:47:51.156+0000] {logging_mixin.py:188} INFO - [2026-06-01T12:47:51.156+0000] {dag.py:3954} INFO - Setting next_dagrun for futsal_nightly_db_pipeline to 2026-06-01 00:00:00+00:00, run_after=2026-06-02 00:00:00+00:00
[2026-06-01T12:47:51.224+0000] {processor.py:183} INFO - Processing /opt/airflow/dags/futsal_pipeline.py took 6.461 seconds
[2026-06-01T12:48:21.783+0000] {processor.py:161} INFO - Started process (PID=8063) to work on /opt/airflow/dags/futsal_pipeline.py
[2026-06-01T12:48:21.787+0000] {processor.py:830} INFO - Processing file /opt/airflow/dags/futsal_pipeline.py for tasks to queue
[2026-06-01T12:48:21.789+0000] {logging_mixin.py:188} INFO - [2026-06-01T12:48:21.789+0000] {dagbag.py:545} INFO - Filling up the DagBag from /opt/airflow/dags/futsal_pipeline.py
[2026-06-01T12:48:27.186+0000] {processor.py:840} INFO - DAG(s) 'futsal_nightly_db_pipeline' retrieved from /opt/airflow/dags/futsal_pipeline.py
[2026-06-01T12:48:27.219+0000] {logging_mixin.py:188} INFO - [2026-06-01T12:48:27.218+0000] {dag.py:3096} INFO - Sync 1 DAGs
[2026-06-01T12:48:27.268+0000] {logging_mixin.py:188} INFO - [2026-06-01T12:48:27.267+0000] {dag.py:3954} INFO - Setting next_dagrun for futsal_nightly_db_pipeline to 2026-06-01 00:00:00+00:00, run_after=2026-06-02 00:00:00+00:00
[2026-06-01T12:48:27.310+0000] {processor.py:183} INFO - Processing /opt/airflow/dags/futsal_pipeline.py took 5.542 seconds
[2026-06-01T12:48:57.794+0000] {processor.py:161} INFO - Started process (PID=8404) to work on /opt/airflow/dags/futsal_pipeline.py
[2026-06-01T12:48:57.796+0000] {processor.py:830} INFO - Processing file /opt/airflow/dags/futsal_pipeline.py for tasks to queue
[2026-06-01T12:48:57.799+0000] {logging_mixin.py:188} INFO - [2026-06-01T12:48:57.798+0000] {dagbag.py:545} INFO - Filling up the DagBag from /opt/airflow/dags/futsal_pipeline.py
[2026-06-01T12:49:07.645+0000] {processor.py:840} INFO - DAG(s) 'futsal_nightly_db_pipeline' retrieved from /opt/airflow/dags/futsal_pipeline.py
[2026-06-01T12:49:07.820+0000] {logging_mixin.py:188} INFO - [2026-06-01T12:49:07.820+0000] {dag.py:3096} INFO - Sync 1 DAGs
[2026-06-01T12:49:08.103+0000] {logging_mixin.py:188} INFO - [2026-06-01T12:49:08.103+0000] {dag.py:3954} INFO - Setting next_dagrun for futsal_nightly_db_pipeline to 2026-06-01 00:00:00+00:00, run_after=2026-06-02 00:00:00+00:00
[2026-06-01T12:49:08.282+0000] {processor.py:183} INFO - Processing /opt/airflow/dags/futsal_pipeline.py took 10.519 seconds
