[2026-06-02T05:44:02.888+0000] {local_task_job_runner.py:120} INFO - ::group::Pre task execution logs
[2026-06-02T05:44:02.921+0000] {taskinstance.py:2076} INFO - Dependencies all met for dep_context=non-requeueable deps ti=<TaskInstance: futsal_nightly_db_pipeline.train_ml_models manual__2026-06-02T05:10:33.902602+00:00 [queued]>
[2026-06-02T05:44:02.929+0000] {taskinstance.py:2076} INFO - Dependencies all met for dep_context=requeueable deps ti=<TaskInstance: futsal_nightly_db_pipeline.train_ml_models manual__2026-06-02T05:10:33.902602+00:00 [queued]>
[2026-06-02T05:44:02.931+0000] {taskinstance.py:2306} INFO - Starting attempt 2 of 2
[2026-06-02T05:44:02.944+0000] {taskinstance.py:2330} INFO - Executing <Task(PythonOperator): train_ml_models> on 2026-06-02 05:10:33.902602+00:00
[2026-06-02T05:44:02.959+0000] {standard_task_runner.py:63} INFO - Started process 3043 to run task
[2026-06-02T05:44:02.964+0000] {standard_task_runner.py:90} INFO - Running: ['***', 'tasks', 'run', 'futsal_nightly_db_pipeline', 'train_ml_models', 'manual__2026-06-02T05:10:33.902602+00:00', '--job-id', '34', '--raw', '--subdir', 'DAGS_FOLDER/futsal_pipeline.py', '--cfg-path', '/tmp/tmpg45pqnnh']
[2026-06-02T05:44:02.965+0000] {standard_task_runner.py:91} INFO - Job 34: Subtask train_ml_models
[2026-06-02T05:44:03.040+0000] {task_command.py:426} INFO - Running <TaskInstance: futsal_nightly_db_pipeline.train_ml_models manual__2026-06-02T05:10:33.902602+00:00 [running]> on host b326f2068ec6
[2026-06-02T05:44:03.135+0000] {taskinstance.py:2648} INFO - Exporting env vars: AIRFLOW_CTX_DAG_OWNER='futsal_admin' AIRFLOW_CTX_DAG_ID='futsal_nightly_db_pipeline' AIRFLOW_CTX_TASK_ID='train_ml_models' AIRFLOW_CTX_EXECUTION_DATE='2026-06-02T05:10:33.902602+00:00' AIRFLOW_CTX_TRY_NUMBER='2' AIRFLOW_CTX_DAG_RUN_ID='manual__2026-06-02T05:10:33.902602+00:00'
[2026-06-02T05:44:03.138+0000] {taskinstance.py:430} INFO - ::endgroup::
[2026-06-02T05:44:03.140+0000] {logging_mixin.py:188} INFO - 
=======================================================
[2026-06-02T05:44:03.141+0000] {logging_mixin.py:188} INFO - RUNNING MATCH DATA MODEL TRAINING PIPELINE
[2026-06-02T05:44:03.141+0000] {logging_mixin.py:188} INFO - =======================================================
[2026-06-02T05:44:03.142+0000] {logging_mixin.py:188} INFO - Loading match feature data...
[2026-06-02T05:44:03.160+0000] {logging_mixin.py:188} INFO - Training match models...
[2026-06-02T05:44:03.162+0000] {logging_mixin.py:188} INFO - Grid searching: RandomForestClassifier...
[2026-06-02T05:44:03.162+0000] {logging_mixin.py:188} INFO - Grid searching: SVC...
[2026-06-02T05:44:03.163+0000] {logging_mixin.py:188} INFO - Grid searching: LogisticRegression...
[2026-06-02T05:44:03.164+0000] {logging_mixin.py:188} INFO - Training RandomForestClassifier...
[2026-06-02T05:46:40.510+0000] {logging_mixin.py:188} INFO - Training SVC...
[2026-06-02T05:46:41.343+0000] {logging_mixin.py:188} INFO - Training LogisticRegression...
[2026-06-02T05:46:43.466+0000] {logging_mixin.py:188} INFO - 
==================================================
[2026-06-02T05:46:43.480+0000] {logging_mixin.py:188} INFO - Match Training Report:
[2026-06-02T05:46:43.481+0000] {logging_mixin.py:188} INFO - ==================================================
[2026-06-02T05:46:43.481+0000] {logging_mixin.py:188} INFO - Model: RandomForestClassifier
[2026-06-02T05:46:43.482+0000] {logging_mixin.py:188} INFO - Accuracy: 0.7059
[2026-06-02T05:46:43.482+0000] {logging_mixin.py:188} INFO - F1-Score: 0.7062
[2026-06-02T05:46:43.482+0000] {logging_mixin.py:188} INFO - Best Params: {'classifier__max_depth': 30, 'classifier__min_samples_leaf': 4, 'classifier__min_samples_split': 5, 'classifier__n_estimators': 200}
[2026-06-02T05:46:43.483+0000] {logging_mixin.py:188} INFO - --------------------------------------------------
[2026-06-02T05:46:43.483+0000] {logging_mixin.py:188} INFO - Model: SVC
[2026-06-02T05:46:43.483+0000] {logging_mixin.py:188} INFO - Accuracy: 0.7176
[2026-06-02T05:46:43.484+0000] {logging_mixin.py:188} INFO - F1-Score: 0.7184
[2026-06-02T05:46:43.484+0000] {logging_mixin.py:188} INFO - Best Params: {'classifier__C': 0.1, 'classifier__kernel': 'linear'}
[2026-06-02T05:46:43.484+0000] {logging_mixin.py:188} INFO - --------------------------------------------------
[2026-06-02T05:46:43.492+0000] {logging_mixin.py:188} INFO - Model: LogisticRegression
[2026-06-02T05:46:43.493+0000] {logging_mixin.py:188} INFO - Accuracy: 0.6941
[2026-06-02T05:46:43.493+0000] {logging_mixin.py:188} INFO - F1-Score: 0.6949
[2026-06-02T05:46:43.493+0000] {logging_mixin.py:188} INFO - Best Params: {'classifier__C': 0.1}
[2026-06-02T05:46:43.494+0000] {logging_mixin.py:188} INFO - --------------------------------------------------
[2026-06-02T05:46:43.627+0000] {logging_mixin.py:188} INFO - 
Best match model name: SVC
[2026-06-02T05:46:43.629+0000] {logging_mixin.py:188} INFO - Best match model type: <class 'sklearn.pipeline.Pipeline'>
[2026-06-02T05:46:43.669+0000] {logging_mixin.py:188} INFO - Best match model (architecture-specific) saved to models/SVC_matches_model.pkl
[2026-06-02T05:46:43.670+0000] {logging_mixin.py:188} INFO - Match features saved to features/match_trained_features.pkl
[2026-06-02T05:46:43.676+0000] {logging_mixin.py:188} INFO - 
=======================================================
[2026-06-02T05:46:43.677+0000] {logging_mixin.py:188} INFO - RUNNING PLAYER DATA MODEL TRAINING PIPELINE
[2026-06-02T05:46:43.677+0000] {logging_mixin.py:188} INFO - =======================================================
[2026-06-02T05:46:43.683+0000] {logging_mixin.py:188} INFO - Loading player feature data...
[2026-06-02T05:46:43.828+0000] {logging_mixin.py:188} INFO - Training player models...
[2026-06-02T05:46:43.831+0000] {logging_mixin.py:188} INFO - 
================================================================================
[2026-06-02T05:46:43.834+0000] {logging_mixin.py:188} INFO - TRAINING RandomForest
[2026-06-02T05:46:43.835+0000] {logging_mixin.py:188} INFO - ================================================================================
[2026-06-02T05:46:43.838+0000] {logging_mixin.py:188} INFO - Fitting 3 folds for each of 24 candidates, totalling 72 fits
[2026-06-02T05:46:58.236+0000] {local_task_job_runner.py:124} ERROR - Received SIGTERM. Terminating subprocesses
[2026-06-02T05:46:58.263+0000] {process_utils.py:132} INFO - Sending 15 to group 3043. PIDs of all processes in the group: [3043]
[2026-06-02T05:46:58.264+0000] {process_utils.py:87} INFO - Sending the signal 15 to group 3043
[2026-06-02T05:46:58.349+0000] {taskinstance.py:2611} ERROR - Received SIGTERM. Terminating subprocesses.
[2026-06-02T05:46:58.355+0000] {taskinstance.py:441} INFO - ::group::Post task execution logs
[2026-06-02T05:46:58.402+0000] {taskinstance.py:2905} ERROR - Task failed with exception
Traceback (most recent call last):
  File "/home/airflow/.local/lib/python3.11/site-packages/airflow/models/taskinstance.py", line 465, in _execute_task
    result = _execute_callable(context=context, **execute_callable_kwargs)
             ^^^^^^^^^^^^^^^^^^^^^^^^^^^^^^^^^^^^^^^^^^^^^^^^^^^^^^^^^^^^^
  File "/home/airflow/.local/lib/python3.11/site-packages/airflow/models/taskinstance.py", line 432, in _execute_callable
    return execute_callable(context=context, **execute_callable_kwargs)
           ^^^^^^^^^^^^^^^^^^^^^^^^^^^^^^^^^^^^^^^^^^^^^^^^^^^^^^^^^^^^
  File "/home/airflow/.local/lib/python3.11/site-packages/airflow/models/baseoperator.py", line 400, in wrapper
    return func(self, *args, **kwargs)
           ^^^^^^^^^^^^^^^^^^^^^^^^^^^
  File "/home/airflow/.local/lib/python3.11/site-packages/airflow/operators/python.py", line 235, in execute
    return_value = self.execute_callable()
                   ^^^^^^^^^^^^^^^^^^^^^^^
  File "/home/airflow/.local/lib/python3.11/site-packages/airflow/operators/python.py", line 252, in execute_callable
    return self.python_callable(*self.op_args, **self.op_kwargs)
           ^^^^^^^^^^^^^^^^^^^^^^^^^^^^^^^^^^^^^^^^^^^^^^^^^^^^^
  File "/opt/airflow/dags/futsal_pipeline.py", line 29, in run_model_training
    pipeline.run_pipeline()
  File "/opt/airflow/pipeline/training_pipeline.py", line 191, in run_pipeline
    player_results = self.player_pipeline.run_pipeline()
                     ^^^^^^^^^^^^^^^^^^^^^^^^^^^^^^^^^^^
  File "/opt/airflow/pipeline/training_pipeline.py", line 149, in run_pipeline
    models_report = self.train_models(X, y)
                    ^^^^^^^^^^^^^^^^^^^^^^^
  File "/opt/airflow/pipeline/training_pipeline.py", line 105, in train_models
    return self.trainer.train(X, y)
           ^^^^^^^^^^^^^^^^^^^^^^^^
  File "/opt/airflow/scripts/model_trainer.py", line 357, in train
    return self.trainer.train(X, y)
           ^^^^^^^^^^^^^^^^^^^^^^^^
  File "/opt/airflow/scripts/model_trainer.py", line 275, in train
    grid.fit(X_train, y_train)
  File "/home/airflow/.local/lib/python3.11/site-packages/sklearn/base.py", line 1336, in wrapper
    return fit_method(estimator, *args, **kwargs)
           ^^^^^^^^^^^^^^^^^^^^^^^^^^^^^^^^^^^^^^
  File "/home/airflow/.local/lib/python3.11/site-packages/sklearn/model_selection/_search.py", line 1053, in fit
    self._run_search(evaluate_candidates)
  File "/home/airflow/.local/lib/python3.11/site-packages/sklearn/model_selection/_search.py", line 1612, in _run_search
    evaluate_candidates(ParameterGrid(self.param_grid))
  File "/home/airflow/.local/lib/python3.11/site-packages/sklearn/model_selection/_search.py", line 999, in evaluate_candidates
    out = parallel(
          ^^^^^^^^^
  File "/home/airflow/.local/lib/python3.11/site-packages/sklearn/utils/parallel.py", line 91, in __call__
    return super().__call__(iterable_with_config_and_warning_filters)
           ^^^^^^^^^^^^^^^^^^^^^^^^^^^^^^^^^^^^^^^^^^^^^^^^^^^^^^^^^^
  File "/home/airflow/.local/lib/python3.11/site-packages/joblib/parallel.py", line 1986, in __call__
    return output if self.return_generator else list(output)
                                                ^^^^^^^^^^^^
  File "/home/airflow/.local/lib/python3.11/site-packages/joblib/parallel.py", line 1914, in _get_sequential_output
    res = func(*args, **kwargs)
          ^^^^^^^^^^^^^^^^^^^^^
  File "/home/airflow/.local/lib/python3.11/site-packages/sklearn/utils/parallel.py", line 184, in __call__
    return self.function(*args, **kwargs)
           ^^^^^^^^^^^^^^^^^^^^^^^^^^^^^^
  File "/home/airflow/.local/lib/python3.11/site-packages/sklearn/model_selection/_validation.py", line 833, in _fit_and_score
    estimator.fit(X_train, y_train, **fit_params)
  File "/home/airflow/.local/lib/python3.11/site-packages/sklearn/base.py", line 1336, in wrapper
    return fit_method(estimator, *args, **kwargs)
           ^^^^^^^^^^^^^^^^^^^^^^^^^^^^^^^^^^^^^^
  File "/home/airflow/.local/lib/python3.11/site-packages/sklearn/ensemble/_forest.py", line 486, in fit
    trees = Parallel(
            ^^^^^^^^^
  File "/home/airflow/.local/lib/python3.11/site-packages/sklearn/utils/parallel.py", line 91, in __call__
    return super().__call__(iterable_with_config_and_warning_filters)
           ^^^^^^^^^^^^^^^^^^^^^^^^^^^^^^^^^^^^^^^^^^^^^^^^^^^^^^^^^^
  File "/home/airflow/.local/lib/python3.11/site-packages/joblib/parallel.py", line 1986, in __call__
    return output if self.return_generator else list(output)
                                                ^^^^^^^^^^^^
  File "/home/airflow/.local/lib/python3.11/site-packages/joblib/parallel.py", line 1914, in _get_sequential_output
    res = func(*args, **kwargs)
          ^^^^^^^^^^^^^^^^^^^^^
  File "/home/airflow/.local/lib/python3.11/site-packages/sklearn/utils/parallel.py", line 184, in __call__
    return self.function(*args, **kwargs)
           ^^^^^^^^^^^^^^^^^^^^^^^^^^^^^^
  File "/home/airflow/.local/lib/python3.11/site-packages/sklearn/ensemble/_forest.py", line 175, in _parallel_build_trees
    indices = _generate_sample_indices(
              ^^^^^^^^^^^^^^^^^^^^^^^^^
  File "/home/airflow/.local/lib/python3.11/site-packages/sklearn/ensemble/_forest.py", line 128, in _generate_sample_indices
    random_instance = check_random_state(random_state)
                      ^^^^^^^^^^^^^^^^^^^^^^^^^^^^^^^^
  File "/home/airflow/.local/lib/python3.11/site-packages/sklearn/utils/validation.py", line 1464, in check_random_state
    return np.random.RandomState(seed)
           ^^^^^^^^^^^^^^^^^^^^^^^^^^^
  File "numpy/random/mtrand.pyx", line 184, in numpy.random.mtrand.RandomState.__init__
  File "_mt19937.pyx", line 132, in numpy.random._mt19937.MT19937.__init__
  File "/usr/local/lib/python3.11/contextlib.py", line 81, in inner
    return func(*args, **kwds)
           ^^^^^^^^^^^^^^^^^^^
  File "/home/airflow/.local/lib/python3.11/site-packages/airflow/models/taskinstance.py", line 2613, in signal_handler
    raise AirflowTaskTerminated("Task received SIGTERM signal")
airflow.exceptions.AirflowTaskTerminated: Task received SIGTERM signal
[2026-06-02T05:46:58.490+0000] {taskinstance.py:1206} INFO - Marking task as FAILED. dag_id=futsal_nightly_db_pipeline, task_id=train_ml_models, run_id=manual__2026-06-02T05:10:33.902602+00:00, execution_date=20260602T051033, start_date=20260602T054402, end_date=20260602T054658
[2026-06-02T05:46:58.658+0000] {process_utils.py:80} INFO - Process psutil.Process(pid=3043, status='terminated', exitcode=2, started='05:44:02') (3043) terminated with exit code 2
[2026-06-02T05:46:58.659+0000] {local_task_job_runner.py:240} INFO - Task exited with return code 143
[2026-06-02T05:46:58.697+0000] {taskinstance.py:3498} INFO - 0 downstream tasks scheduled from follow-on schedule check
