[2026-06-01T12:18:59.123+0000] {local_task_job_runner.py:120} INFO - ::group::Pre task execution logs
[2026-06-01T12:18:59.399+0000] {taskinstance.py:2076} INFO - Dependencies all met for dep_context=non-requeueable deps ti=<TaskInstance: futsal_nightly_db_pipeline.train_ml_models manual__2026-06-01T12:18:43.344037+00:00 [queued]>
[2026-06-01T12:18:59.415+0000] {taskinstance.py:2076} INFO - Dependencies all met for dep_context=requeueable deps ti=<TaskInstance: futsal_nightly_db_pipeline.train_ml_models manual__2026-06-01T12:18:43.344037+00:00 [queued]>
[2026-06-01T12:18:59.416+0000] {taskinstance.py:2306} INFO - Starting attempt 1 of 2
[2026-06-01T12:18:59.435+0000] {taskinstance.py:2330} INFO - Executing <Task(PythonOperator): train_ml_models> on 2026-06-01 12:18:43.344037+00:00
[2026-06-01T12:18:59.446+0000] {standard_task_runner.py:63} INFO - Started process 279 to run task
[2026-06-01T12:18:59.452+0000] {standard_task_runner.py:90} INFO - Running: ['***', 'tasks', 'run', 'futsal_nightly_db_pipeline', 'train_ml_models', 'manual__2026-06-01T12:18:43.344037+00:00', '--job-id', '13', '--raw', '--subdir', 'DAGS_FOLDER/futsal_pipeline.py', '--cfg-path', '/tmp/tmpwsrioc3d']
[2026-06-01T12:18:59.455+0000] {standard_task_runner.py:91} INFO - Job 13: Subtask train_ml_models
[2026-06-01T12:18:59.557+0000] {task_command.py:426} INFO - Running <TaskInstance: futsal_nightly_db_pipeline.train_ml_models manual__2026-06-01T12:18:43.344037+00:00 [running]> on host baf04b10fc1d
[2026-06-01T12:18:59.706+0000] {taskinstance.py:2648} INFO - Exporting env vars: AIRFLOW_CTX_DAG_OWNER='futsal_admin' AIRFLOW_CTX_DAG_ID='futsal_nightly_db_pipeline' AIRFLOW_CTX_TASK_ID='train_ml_models' AIRFLOW_CTX_EXECUTION_DATE='2026-06-01T12:18:43.344037+00:00' AIRFLOW_CTX_TRY_NUMBER='1' AIRFLOW_CTX_DAG_RUN_ID='manual__2026-06-01T12:18:43.344037+00:00'
[2026-06-01T12:18:59.708+0000] {taskinstance.py:430} INFO - ::endgroup::
[2026-06-01T12:18:59.710+0000] {logging_mixin.py:188} INFO - 
=======================================================
[2026-06-01T12:18:59.711+0000] {logging_mixin.py:188} INFO - RUNNING MATCH DATA MODEL TRAINING PIPELINE
[2026-06-01T12:18:59.711+0000] {logging_mixin.py:188} INFO - =======================================================
[2026-06-01T12:18:59.712+0000] {logging_mixin.py:188} INFO - Loading match feature data...
[2026-06-01T12:18:59.732+0000] {logging_mixin.py:188} INFO - Training match models...
[2026-06-01T12:18:59.734+0000] {logging_mixin.py:188} INFO - Grid searching: RandomForestClassifier...
[2026-06-01T12:18:59.735+0000] {logging_mixin.py:188} INFO - Grid searching: SVC...
[2026-06-01T12:18:59.736+0000] {logging_mixin.py:188} INFO - Grid searching: LogisticRegression...
[2026-06-01T12:18:59.737+0000] {logging_mixin.py:188} INFO - Training RandomForestClassifier...
[2026-06-01T12:21:54.523+0000] {logging_mixin.py:188} INFO - Training SVC...
[2026-06-01T12:21:54.856+0000] {logging_mixin.py:188} INFO - Training LogisticRegression...
[2026-06-01T12:21:56.117+0000] {logging_mixin.py:188} INFO - 
==================================================
[2026-06-01T12:21:56.139+0000] {logging_mixin.py:188} INFO - Match Training Report:
[2026-06-01T12:21:56.167+0000] {logging_mixin.py:188} INFO - ==================================================
[2026-06-01T12:21:56.178+0000] {logging_mixin.py:188} INFO - Model: RandomForestClassifier
[2026-06-01T12:21:56.200+0000] {logging_mixin.py:188} INFO - Accuracy: 0.7176
[2026-06-01T12:21:56.209+0000] {logging_mixin.py:188} INFO - F1-Score: 0.7182
[2026-06-01T12:21:56.225+0000] {logging_mixin.py:188} INFO - Best Params: {'classifier__max_depth': 10, 'classifier__min_samples_leaf': 2, 'classifier__min_samples_split': 10, 'classifier__n_estimators': 200}
[2026-06-01T12:21:56.241+0000] {logging_mixin.py:188} INFO - --------------------------------------------------
[2026-06-01T12:21:56.246+0000] {logging_mixin.py:188} INFO - Model: SVC
[2026-06-01T12:21:56.247+0000] {logging_mixin.py:188} INFO - Accuracy: 0.7176
[2026-06-01T12:21:56.248+0000] {logging_mixin.py:188} INFO - F1-Score: 0.7184
[2026-06-01T12:21:56.250+0000] {logging_mixin.py:188} INFO - Best Params: {'classifier__C': 0.1, 'classifier__kernel': 'linear'}
[2026-06-01T12:21:56.253+0000] {logging_mixin.py:188} INFO - --------------------------------------------------
[2026-06-01T12:21:56.257+0000] {logging_mixin.py:188} INFO - Model: LogisticRegression
[2026-06-01T12:21:56.259+0000] {logging_mixin.py:188} INFO - Accuracy: 0.6941
[2026-06-01T12:21:56.260+0000] {logging_mixin.py:188} INFO - F1-Score: 0.6949
[2026-06-01T12:21:56.263+0000] {logging_mixin.py:188} INFO - Best Params: {'classifier__C': 0.1}
[2026-06-01T12:21:56.268+0000] {logging_mixin.py:188} INFO - --------------------------------------------------
[2026-06-01T12:21:56.327+0000] {logging_mixin.py:188} INFO - 
Best match model name: RandomForestClassifier
[2026-06-01T12:21:56.328+0000] {logging_mixin.py:188} INFO - Best match model type: <class 'sklearn.pipeline.Pipeline'>
[2026-06-01T12:21:57.088+0000] {logging_mixin.py:188} INFO - Best match model (architecture-specific) saved to models/RandomForestClassifier_matches_model.pkl
[2026-06-01T12:21:57.090+0000] {logging_mixin.py:188} INFO - Match features saved to features/match_trained_features.pkl
[2026-06-01T12:21:57.091+0000] {logging_mixin.py:188} INFO - 
=======================================================
[2026-06-01T12:21:57.092+0000] {logging_mixin.py:188} INFO - RUNNING PLAYER DATA MODEL TRAINING PIPELINE
[2026-06-01T12:21:57.093+0000] {logging_mixin.py:188} INFO - =======================================================
[2026-06-01T12:21:57.095+0000] {logging_mixin.py:188} INFO - Loading player feature data...
[2026-06-01T12:21:57.222+0000] {logging_mixin.py:188} INFO - Training player models...
[2026-06-01T12:21:57.229+0000] {logging_mixin.py:188} INFO - 
================================================================================
[2026-06-01T12:21:57.230+0000] {logging_mixin.py:188} INFO - TRAINING RandomForest
[2026-06-01T12:21:57.231+0000] {logging_mixin.py:188} INFO - ================================================================================
[2026-06-01T12:21:57.246+0000] {logging_mixin.py:188} INFO - Fitting 3 folds for each of 24 candidates, totalling 72 fits
[2026-06-01T12:25:30.583+0000] {logging_mixin.py:188} INFO - BEST PARAMETERS FOR RandomForest: {'max_depth': 3, 'min_samples_leaf': 2, 'min_samples_split': 2, 'n_estimators': 200}
[2026-06-01T12:25:30.705+0000] {logging_mixin.py:188} INFO - RESULTS FOR RandomForest: MAE: 3.3286, RMSE: 4.7092, R2: -0.0429
[2026-06-01T12:25:30.706+0000] {logging_mixin.py:188} INFO - 
================================================================================
[2026-06-01T12:25:30.707+0000] {logging_mixin.py:188} INFO - TRAINING GradientBoosting
[2026-06-01T12:25:30.708+0000] {logging_mixin.py:188} INFO - ================================================================================
[2026-06-01T12:25:30.718+0000] {logging_mixin.py:188} INFO - Fitting 3 folds for each of 12 candidates, totalling 36 fits
[2026-06-01T12:27:45.670+0000] {logging_mixin.py:188} INFO - BEST PARAMETERS FOR GradientBoosting: {'learning_rate': 0.03, 'max_depth': 3, 'n_estimators': 100}
[2026-06-01T12:27:45.689+0000] {logging_mixin.py:188} INFO - RESULTS FOR GradientBoosting: MAE: 3.3465, RMSE: 4.7402, R2: -0.0567
[2026-06-01T12:27:45.690+0000] {logging_mixin.py:188} INFO - 
================================================================================
[2026-06-01T12:27:45.699+0000] {logging_mixin.py:188} INFO - TRAINING ExtraTrees
[2026-06-01T12:27:45.702+0000] {logging_mixin.py:188} INFO - ================================================================================
[2026-06-01T12:27:45.716+0000] {logging_mixin.py:188} INFO - Fitting 3 folds for each of 8 candidates, totalling 24 fits
[2026-06-01T12:28:45.877+0000] {logging_mixin.py:188} INFO - BEST PARAMETERS FOR ExtraTrees: {'max_depth': 5, 'min_samples_split': 2, 'n_estimators': 100}
[2026-06-01T12:28:46.008+0000] {logging_mixin.py:188} INFO - RESULTS FOR ExtraTrees: MAE: 3.3024, RMSE: 4.6988, R2: -0.0383
[2026-06-01T12:28:46.009+0000] {logging_mixin.py:188} INFO - 
================================================================================
[2026-06-01T12:28:46.009+0000] {logging_mixin.py:188} INFO - TRAINING RidgeRegression
[2026-06-01T12:28:46.010+0000] {logging_mixin.py:188} INFO - ================================================================================
[2026-06-01T12:28:46.022+0000] {logging_mixin.py:188} INFO - Fitting 3 folds for each of 3 candidates, totalling 9 fits
[2026-06-01T12:28:47.066+0000] {logging_mixin.py:188} INFO - BEST PARAMETERS FOR RidgeRegression: {'alpha': 10.0}
[2026-06-01T12:28:47.099+0000] {logging_mixin.py:188} INFO - RESULTS FOR RidgeRegression: MAE: 3.313, RMSE: 4.6744, R2: -0.0276
[2026-06-01T12:28:47.103+0000] {logging_mixin.py:188} INFO - 
================================================================================
[2026-06-01T12:28:47.110+0000] {logging_mixin.py:188} INFO - TRAINING XGBoost
[2026-06-01T12:28:47.112+0000] {logging_mixin.py:188} INFO - ================================================================================
[2026-06-01T12:28:47.141+0000] {logging_mixin.py:188} INFO - Fitting 3 folds for each of 12 candidates, totalling 36 fits
