[2026-06-02T04:47:07.307+0000] {local_task_job_runner.py:120} INFO - ::group::Pre task execution logs
[2026-06-02T04:47:07.343+0000] {taskinstance.py:2076} INFO - Dependencies all met for dep_context=non-requeueable deps ti=<TaskInstance: futsal_nightly_db_pipeline.train_ml_models manual__2026-06-01T12:18:43.344037+00:00 [queued]>
[2026-06-02T04:47:07.353+0000] {taskinstance.py:2076} INFO - Dependencies all met for dep_context=requeueable deps ti=<TaskInstance: futsal_nightly_db_pipeline.train_ml_models manual__2026-06-01T12:18:43.344037+00:00 [queued]>
[2026-06-02T04:47:07.354+0000] {taskinstance.py:2306} INFO - Starting attempt 3 of 2
[2026-06-02T04:47:07.371+0000] {taskinstance.py:2330} INFO - Executing <Task(PythonOperator): train_ml_models> on 2026-06-01 12:18:43.344037+00:00
[2026-06-02T04:47:07.382+0000] {standard_task_runner.py:63} INFO - Started process 349 to run task
[2026-06-02T04:47:07.385+0000] {standard_task_runner.py:90} INFO - Running: ['***', 'tasks', 'run', 'futsal_nightly_db_pipeline', 'train_ml_models', 'manual__2026-06-01T12:18:43.344037+00:00', '--job-id', '20', '--raw', '--subdir', 'DAGS_FOLDER/futsal_pipeline.py', '--cfg-path', '/tmp/tmpu5gq7y66']
[2026-06-02T04:47:07.387+0000] {standard_task_runner.py:91} INFO - Job 20: Subtask train_ml_models
[2026-06-02T04:47:07.455+0000] {task_command.py:426} INFO - Running <TaskInstance: futsal_nightly_db_pipeline.train_ml_models manual__2026-06-01T12:18:43.344037+00:00 [running]> on host b326f2068ec6
[2026-06-02T04:47:07.552+0000] {taskinstance.py:2648} INFO - Exporting env vars: AIRFLOW_CTX_DAG_OWNER='futsal_admin' AIRFLOW_CTX_DAG_ID='futsal_nightly_db_pipeline' AIRFLOW_CTX_TASK_ID='train_ml_models' AIRFLOW_CTX_EXECUTION_DATE='2026-06-01T12:18:43.344037+00:00' AIRFLOW_CTX_TRY_NUMBER='3' AIRFLOW_CTX_DAG_RUN_ID='manual__2026-06-01T12:18:43.344037+00:00'
[2026-06-02T04:47:07.554+0000] {taskinstance.py:430} INFO - ::endgroup::
[2026-06-02T04:47:07.555+0000] {logging_mixin.py:188} INFO - 
=======================================================
[2026-06-02T04:47:07.555+0000] {logging_mixin.py:188} INFO - RUNNING MATCH DATA MODEL TRAINING PIPELINE
[2026-06-02T04:47:07.556+0000] {logging_mixin.py:188} INFO - =======================================================
[2026-06-02T04:47:07.557+0000] {logging_mixin.py:188} INFO - Loading match feature data...
[2026-06-02T04:47:07.580+0000] {logging_mixin.py:188} INFO - Training match models...
[2026-06-02T04:47:07.582+0000] {logging_mixin.py:188} INFO - Grid searching: RandomForestClassifier...
[2026-06-02T04:47:07.584+0000] {logging_mixin.py:188} INFO - Grid searching: SVC...
[2026-06-02T04:47:07.585+0000] {logging_mixin.py:188} INFO - Grid searching: LogisticRegression...
[2026-06-02T04:47:07.587+0000] {logging_mixin.py:188} INFO - Training RandomForestClassifier...
[2026-06-02T04:48:33.008+0000] {logging_mixin.py:188} INFO - Training SVC...
[2026-06-02T04:48:33.476+0000] {logging_mixin.py:188} INFO - Training LogisticRegression...
[2026-06-02T04:48:34.557+0000] {logging_mixin.py:188} INFO - 
==================================================
[2026-06-02T04:48:34.558+0000] {logging_mixin.py:188} INFO - Match Training Report:
[2026-06-02T04:48:34.569+0000] {logging_mixin.py:188} INFO - ==================================================
[2026-06-02T04:48:34.570+0000] {logging_mixin.py:188} INFO - Model: RandomForestClassifier
[2026-06-02T04:48:34.582+0000] {logging_mixin.py:188} INFO - Accuracy: 0.7176
[2026-06-02T04:48:34.584+0000] {logging_mixin.py:188} INFO - F1-Score: 0.7182
[2026-06-02T04:48:34.589+0000] {logging_mixin.py:188} INFO - Best Params: {'classifier__max_depth': 30, 'classifier__min_samples_leaf': 4, 'classifier__min_samples_split': 10, 'classifier__n_estimators': 200}
[2026-06-02T04:48:34.590+0000] {logging_mixin.py:188} INFO - --------------------------------------------------
[2026-06-02T04:48:34.591+0000] {logging_mixin.py:188} INFO - Model: SVC
[2026-06-02T04:48:34.598+0000] {logging_mixin.py:188} INFO - Accuracy: 0.7176
[2026-06-02T04:48:34.600+0000] {logging_mixin.py:188} INFO - F1-Score: 0.7184
[2026-06-02T04:48:34.601+0000] {logging_mixin.py:188} INFO - Best Params: {'classifier__C': 0.1, 'classifier__kernel': 'linear'}
[2026-06-02T04:48:34.608+0000] {logging_mixin.py:188} INFO - --------------------------------------------------
[2026-06-02T04:48:34.609+0000] {logging_mixin.py:188} INFO - Model: LogisticRegression
[2026-06-02T04:48:34.611+0000] {logging_mixin.py:188} INFO - Accuracy: 0.6941
[2026-06-02T04:48:34.611+0000] {logging_mixin.py:188} INFO - F1-Score: 0.6949
[2026-06-02T04:48:34.612+0000] {logging_mixin.py:188} INFO - Best Params: {'classifier__C': 0.1}
[2026-06-02T04:48:34.613+0000] {logging_mixin.py:188} INFO - --------------------------------------------------
[2026-06-02T04:48:34.716+0000] {logging_mixin.py:188} INFO - 
Best match model name: RandomForestClassifier
[2026-06-02T04:48:34.717+0000] {logging_mixin.py:188} INFO - Best match model type: <class 'sklearn.pipeline.Pipeline'>
[2026-06-02T04:48:36.069+0000] {logging_mixin.py:188} INFO - Best match model (architecture-specific) saved to models/RandomForestClassifier_matches_model.pkl
[2026-06-02T04:48:36.070+0000] {logging_mixin.py:188} INFO - Match features saved to features/match_trained_features.pkl
[2026-06-02T04:48:36.070+0000] {logging_mixin.py:188} INFO - 
=======================================================
[2026-06-02T04:48:36.071+0000] {logging_mixin.py:188} INFO - RUNNING PLAYER DATA MODEL TRAINING PIPELINE
[2026-06-02T04:48:36.071+0000] {logging_mixin.py:188} INFO - =======================================================
[2026-06-02T04:48:36.071+0000] {logging_mixin.py:188} INFO - Loading player feature data...
[2026-06-02T04:48:36.278+0000] {logging_mixin.py:188} INFO - Training player models...
[2026-06-02T04:48:36.284+0000] {logging_mixin.py:188} INFO - 
================================================================================
[2026-06-02T04:48:36.285+0000] {logging_mixin.py:188} INFO - TRAINING RandomForest
[2026-06-02T04:48:36.286+0000] {logging_mixin.py:188} INFO - ================================================================================
[2026-06-02T04:48:36.305+0000] {logging_mixin.py:188} INFO - Fitting 3 folds for each of 24 candidates, totalling 72 fits
[2026-06-02T04:50:29.886+0000] {logging_mixin.py:188} INFO - BEST PARAMETERS FOR RandomForest: {'max_depth': 3, 'min_samples_leaf': 2, 'min_samples_split': 2, 'n_estimators': 200}
[2026-06-02T04:50:29.913+0000] {logging_mixin.py:188} INFO - RESULTS FOR RandomForest: MAE: 3.3286, RMSE: 4.7092, R2: -0.0429
[2026-06-02T04:50:29.914+0000] {logging_mixin.py:188} INFO - 
================================================================================
[2026-06-02T04:50:29.914+0000] {logging_mixin.py:188} INFO - TRAINING GradientBoosting
[2026-06-02T04:50:29.915+0000] {logging_mixin.py:188} INFO - ================================================================================
[2026-06-02T04:50:29.918+0000] {logging_mixin.py:188} INFO - Fitting 3 folds for each of 12 candidates, totalling 36 fits
[2026-06-02T04:51:24.523+0000] {logging_mixin.py:188} INFO - BEST PARAMETERS FOR GradientBoosting: {'learning_rate': 0.03, 'max_depth': 3, 'n_estimators': 100}
[2026-06-02T04:51:24.528+0000] {logging_mixin.py:188} INFO - RESULTS FOR GradientBoosting: MAE: 3.3465, RMSE: 4.7402, R2: -0.0567
[2026-06-02T04:51:24.529+0000] {logging_mixin.py:188} INFO - 
================================================================================
[2026-06-02T04:51:24.530+0000] {logging_mixin.py:188} INFO - TRAINING ExtraTrees
[2026-06-02T04:51:24.530+0000] {logging_mixin.py:188} INFO - ================================================================================
[2026-06-02T04:51:24.533+0000] {logging_mixin.py:188} INFO - Fitting 3 folds for each of 8 candidates, totalling 24 fits
[2026-06-02T04:51:40.368+0000] {logging_mixin.py:188} INFO - BEST PARAMETERS FOR ExtraTrees: {'max_depth': 5, 'min_samples_split': 2, 'n_estimators': 100}
[2026-06-02T04:51:40.440+0000] {logging_mixin.py:188} INFO - RESULTS FOR ExtraTrees: MAE: 3.3024, RMSE: 4.6988, R2: -0.0383
[2026-06-02T04:51:40.441+0000] {logging_mixin.py:188} INFO - 
================================================================================
[2026-06-02T04:51:40.445+0000] {logging_mixin.py:188} INFO - TRAINING RidgeRegression
[2026-06-02T04:51:40.449+0000] {logging_mixin.py:188} INFO - ================================================================================
[2026-06-02T04:51:40.457+0000] {logging_mixin.py:188} INFO - Fitting 3 folds for each of 3 candidates, totalling 9 fits
[2026-06-02T04:51:40.808+0000] {logging_mixin.py:188} INFO - BEST PARAMETERS FOR RidgeRegression: {'alpha': 10.0}
[2026-06-02T04:51:40.823+0000] {logging_mixin.py:188} INFO - RESULTS FOR RidgeRegression: MAE: 3.313, RMSE: 4.6744, R2: -0.0276
[2026-06-02T04:51:40.836+0000] {logging_mixin.py:188} INFO - 
================================================================================
[2026-06-02T04:51:40.838+0000] {logging_mixin.py:188} INFO - TRAINING XGBoost
[2026-06-02T04:51:40.839+0000] {logging_mixin.py:188} INFO - ================================================================================
[2026-06-02T04:51:40.849+0000] {logging_mixin.py:188} INFO - Fitting 3 folds for each of 12 candidates, totalling 36 fits
[2026-06-02T05:38:45.242+0000] {local_task_job_runner.py:124} ERROR - Received SIGTERM. Terminating subprocesses
[2026-06-02T05:38:45.522+0000] {process_utils.py:132} INFO - Sending 15 to group 349. PIDs of all processes in the group: [349]
[2026-06-02T05:38:45.542+0000] {process_utils.py:87} INFO - Sending the signal 15 to group 349
[2026-06-02T05:38:45.813+0000] {taskinstance.py:2611} ERROR - Received SIGTERM. Terminating subprocesses.
[2026-06-02T05:38:45.877+0000] {taskinstance.py:441} INFO - ::group::Post task execution logs
[2026-06-02T05:38:46.014+0000] {taskinstance.py:2905} ERROR - Task failed with exception
Traceback (most recent call last):
  File "/home/airflow/.local/lib/python3.11/site-packages/airflow/models/taskinstance.py", line 465, in _execute_task
    result = _execute_callable(context=context, **execute_callable_kwargs)
             ^^^^^^^^^^^^^^^^^^^^^^^^^^^^^^^^^^^^^^^^^^^^^^^^^^^^^^^^^^^^^
  File "/home/airflow/.local/lib/python3.11/site-packages/airflow/models/taskinstance.py", line 432, in _execute_callable
    return execute_callable(context=context, **execute_callable_kwargs)
           ^^^^^^^^^^^^^^^^^^^^^^^^^^^^^^^^^^^^^^^^^^^^^^^^^^^^^^^^^^^^
  File "/home/airflow/.local/lib/python3.11/site-packages/airflow/models/baseoperator.py", line 400, in wrapper
    return func(self, *args, **kwargs)
           ^^^^^^^^^^^^^^^^^^^^^^^^^^^
  File "/home/airflow/.local/lib/python3.11/site-packages/airflow/operators/python.py", line 235, in execute
    return_value = self.execute_callable()
                   ^^^^^^^^^^^^^^^^^^^^^^^
  File "/home/airflow/.local/lib/python3.11/site-packages/airflow/operators/python.py", line 252, in execute_callable
    return self.python_callable(*self.op_args, **self.op_kwargs)
           ^^^^^^^^^^^^^^^^^^^^^^^^^^^^^^^^^^^^^^^^^^^^^^^^^^^^^
  File "/opt/airflow/dags/futsal_pipeline.py", line 29, in run_model_training
    pipeline.run_pipeline()
  File "/opt/airflow/pipeline/training_pipeline.py", line 191, in run_pipeline
    player_results = self.player_pipeline.run_pipeline()
                     ^^^^^^^^^^^^^^^^^^^^^^^^^^^^^^^^^^^
  File "/opt/airflow/pipeline/training_pipeline.py", line 149, in run_pipeline
    models_report = self.train_models(X, y)
                    ^^^^^^^^^^^^^^^^^^^^^^^
  File "/opt/airflow/pipeline/training_pipeline.py", line 105, in train_models
    return self.trainer.train(X, y)
           ^^^^^^^^^^^^^^^^^^^^^^^^
  File "/opt/airflow/scripts/model_trainer.py", line 354, in train
    return self.trainer.prepare_data(feature_df)
           ^^^^^^^^^^^^^^^^^^^^^^^^
  File "/opt/airflow/scripts/model_trainer.py", line 272, in train
    n_jobs=n_jobs
  File "/home/airflow/.local/lib/python3.11/site-packages/sklearn/base.py", line 1336, in wrapper
    return fit_method(estimator, *args, **kwargs)
           ^^^^^^^^^^^^^^^^^^^^^^^^^^^^^^^^^^^^^^
  File "/home/airflow/.local/lib/python3.11/site-packages/sklearn/model_selection/_search.py", line 1053, in fit
    self._run_search(evaluate_candidates)
  File "/home/airflow/.local/lib/python3.11/site-packages/sklearn/model_selection/_search.py", line 1612, in _run_search
    evaluate_candidates(ParameterGrid(self.param_grid))
  File "/home/airflow/.local/lib/python3.11/site-packages/sklearn/model_selection/_search.py", line 999, in evaluate_candidates
    out = parallel(
          ^^^^^^^^^
  File "/home/airflow/.local/lib/python3.11/site-packages/sklearn/utils/parallel.py", line 91, in __call__
    return super().__call__(iterable_with_config_and_warning_filters)
           ^^^^^^^^^^^^^^^^^^^^^^^^^^^^^^^^^^^^^^^^^^^^^^^^^^^^^^^^^^
  File "/home/airflow/.local/lib/python3.11/site-packages/joblib/parallel.py", line 1986, in __call__
    return output if self.return_generator else list(output)
                                                ^^^^^^^^^^^^
  File "/home/airflow/.local/lib/python3.11/site-packages/joblib/parallel.py", line 1914, in _get_sequential_output
    res = func(*args, **kwargs)
          ^^^^^^^^^^^^^^^^^^^^^
  File "/home/airflow/.local/lib/python3.11/site-packages/sklearn/utils/parallel.py", line 184, in __call__
    return self.function(*args, **kwargs)
           ^^^^^^^^^^^^^^^^^^^^^^^^^^^^^^
  File "/home/airflow/.local/lib/python3.11/site-packages/sklearn/model_selection/_validation.py", line 833, in _fit_and_score
    estimator.fit(X_train, y_train, **fit_params)
  File "/home/airflow/.local/lib/python3.11/site-packages/xgboost/core.py", line 751, in inner_f
    return func(**kwargs)
           ^^^^^^^^^^^^^^
  File "/home/airflow/.local/lib/python3.11/site-packages/xgboost/sklearn.py", line 1368, in fit
    self._Booster = train(
                    ^^^^^^
  File "/home/airflow/.local/lib/python3.11/site-packages/xgboost/core.py", line 751, in inner_f
    return func(**kwargs)
           ^^^^^^^^^^^^^^
  File "/home/airflow/.local/lib/python3.11/site-packages/xgboost/training.py", line 200, in train
    bst.update(dtrain, iteration=i, fobj=obj)
  File "/home/airflow/.local/lib/python3.11/site-packages/xgboost/core.py", line 2391, in update
    _LIB.XGBoosterUpdateOneIter(
  File "/home/airflow/.local/lib/python3.11/site-packages/airflow/models/taskinstance.py", line 2613, in signal_handler
    raise AirflowTaskTerminated("Task received SIGTERM signal")
airflow.exceptions.AirflowTaskTerminated: Task received SIGTERM signal
[2026-06-02T05:38:46.133+0000] {taskinstance.py:1206} INFO - Marking task as FAILED. dag_id=futsal_nightly_db_pipeline, task_id=train_ml_models, run_id=manual__2026-06-01T12:18:43.344037+00:00, execution_date=20260601T121843, start_date=20260602T044707, end_date=20260602T053846
