[2026-06-01T12:33:09.050+0000] {local_task_job_runner.py:120} INFO - ::group::Pre task execution logs
[2026-06-01T12:33:09.147+0000] {taskinstance.py:2076} INFO - Dependencies all met for dep_context=non-requeueable deps ti=<TaskInstance: futsal_nightly_db_pipeline.train_ml_models manual__2026-06-01T12:18:43.344037+00:00 [queued]>
[2026-06-01T12:33:09.165+0000] {taskinstance.py:2076} INFO - Dependencies all met for dep_context=requeueable deps ti=<TaskInstance: futsal_nightly_db_pipeline.train_ml_models manual__2026-06-01T12:18:43.344037+00:00 [queued]>
[2026-06-01T12:33:09.167+0000] {taskinstance.py:2306} INFO - Starting attempt 2 of 2
[2026-06-01T12:33:09.199+0000] {taskinstance.py:2330} INFO - Executing <Task(PythonOperator): train_ml_models> on 2026-06-01 12:18:43.344037+00:00
[2026-06-01T12:33:09.218+0000] {standard_task_runner.py:63} INFO - Started process 433 to run task
[2026-06-01T12:33:09.225+0000] {standard_task_runner.py:90} INFO - Running: ['***', 'tasks', 'run', 'futsal_nightly_db_pipeline', 'train_ml_models', 'manual__2026-06-01T12:18:43.344037+00:00', '--job-id', '17', '--raw', '--subdir', 'DAGS_FOLDER/futsal_pipeline.py', '--cfg-path', '/tmp/tmpkj4vg_cf']
[2026-06-01T12:33:09.229+0000] {standard_task_runner.py:91} INFO - Job 17: Subtask train_ml_models
[2026-06-01T12:33:09.362+0000] {task_command.py:426} INFO - Running <TaskInstance: futsal_nightly_db_pipeline.train_ml_models manual__2026-06-01T12:18:43.344037+00:00 [running]> on host b326f2068ec6
[2026-06-01T12:33:09.540+0000] {taskinstance.py:2648} INFO - Exporting env vars: AIRFLOW_CTX_DAG_OWNER='futsal_admin' AIRFLOW_CTX_DAG_ID='futsal_nightly_db_pipeline' AIRFLOW_CTX_TASK_ID='train_ml_models' AIRFLOW_CTX_EXECUTION_DATE='2026-06-01T12:18:43.344037+00:00' AIRFLOW_CTX_TRY_NUMBER='2' AIRFLOW_CTX_DAG_RUN_ID='manual__2026-06-01T12:18:43.344037+00:00'
[2026-06-01T12:33:09.543+0000] {taskinstance.py:430} INFO - ::endgroup::
[2026-06-01T12:33:09.545+0000] {logging_mixin.py:188} INFO - 
=======================================================
[2026-06-01T12:33:09.546+0000] {logging_mixin.py:188} INFO - RUNNING MATCH DATA MODEL TRAINING PIPELINE
[2026-06-01T12:33:09.547+0000] {logging_mixin.py:188} INFO - =======================================================
[2026-06-01T12:33:09.547+0000] {logging_mixin.py:188} INFO - Loading match feature data...
[2026-06-01T12:33:09.576+0000] {logging_mixin.py:188} INFO - Training match models...
[2026-06-01T12:33:09.578+0000] {logging_mixin.py:188} INFO - Grid searching: RandomForestClassifier...
[2026-06-01T12:33:09.579+0000] {logging_mixin.py:188} INFO - Grid searching: SVC...
[2026-06-01T12:33:09.580+0000] {logging_mixin.py:188} INFO - Grid searching: LogisticRegression...
[2026-06-01T12:33:09.581+0000] {logging_mixin.py:188} INFO - Training RandomForestClassifier...
[2026-06-01T12:35:53.135+0000] {logging_mixin.py:188} INFO - Training SVC...
[2026-06-01T12:35:53.481+0000] {logging_mixin.py:188} INFO - Training LogisticRegression...
[2026-06-01T12:35:54.780+0000] {logging_mixin.py:188} INFO - 
==================================================
[2026-06-01T12:35:54.783+0000] {logging_mixin.py:188} INFO - Match Training Report:
[2026-06-01T12:35:54.795+0000] {logging_mixin.py:188} INFO - ==================================================
[2026-06-01T12:35:54.795+0000] {logging_mixin.py:188} INFO - Model: RandomForestClassifier
[2026-06-01T12:35:54.797+0000] {logging_mixin.py:188} INFO - Accuracy: 0.7412
[2026-06-01T12:35:54.799+0000] {logging_mixin.py:188} INFO - F1-Score: 0.7417
[2026-06-01T12:35:54.800+0000] {logging_mixin.py:188} INFO - Best Params: {'classifier__max_depth': 20, 'classifier__min_samples_leaf': 2, 'classifier__min_samples_split': 10, 'classifier__n_estimators': 100}
[2026-06-01T12:35:54.807+0000] {logging_mixin.py:188} INFO - --------------------------------------------------
[2026-06-01T12:35:54.813+0000] {logging_mixin.py:188} INFO - Model: SVC
[2026-06-01T12:35:54.817+0000] {logging_mixin.py:188} INFO - Accuracy: 0.7176
[2026-06-01T12:35:54.818+0000] {logging_mixin.py:188} INFO - F1-Score: 0.7184
[2026-06-01T12:35:54.818+0000] {logging_mixin.py:188} INFO - Best Params: {'classifier__C': 0.1, 'classifier__kernel': 'linear'}
[2026-06-01T12:35:54.822+0000] {logging_mixin.py:188} INFO - --------------------------------------------------
[2026-06-01T12:35:54.831+0000] {logging_mixin.py:188} INFO - Model: LogisticRegression
[2026-06-01T12:35:54.832+0000] {logging_mixin.py:188} INFO - Accuracy: 0.6941
[2026-06-01T12:35:54.833+0000] {logging_mixin.py:188} INFO - F1-Score: 0.6949
[2026-06-01T12:35:54.836+0000] {logging_mixin.py:188} INFO - Best Params: {'classifier__C': 0.1}
[2026-06-01T12:35:54.836+0000] {logging_mixin.py:188} INFO - --------------------------------------------------
[2026-06-01T12:35:54.894+0000] {logging_mixin.py:188} INFO - 
Best match model name: RandomForestClassifier
[2026-06-01T12:35:54.911+0000] {logging_mixin.py:188} INFO - Best match model type: <class 'sklearn.pipeline.Pipeline'>
[2026-06-01T12:35:55.460+0000] {logging_mixin.py:188} INFO - Best match model (architecture-specific) saved to models/RandomForestClassifier_matches_model.pkl
[2026-06-01T12:35:55.463+0000] {logging_mixin.py:188} INFO - Match features saved to features/match_trained_features.pkl
[2026-06-01T12:35:55.468+0000] {logging_mixin.py:188} INFO - 
=======================================================
[2026-06-01T12:35:55.468+0000] {logging_mixin.py:188} INFO - RUNNING PLAYER DATA MODEL TRAINING PIPELINE
[2026-06-01T12:35:55.470+0000] {logging_mixin.py:188} INFO - =======================================================
[2026-06-01T12:35:55.471+0000] {logging_mixin.py:188} INFO - Loading player feature data...
[2026-06-01T12:35:55.795+0000] {logging_mixin.py:188} INFO - Training player models...
[2026-06-01T12:35:55.812+0000] {logging_mixin.py:188} INFO - 
================================================================================
[2026-06-01T12:35:55.817+0000] {logging_mixin.py:188} INFO - TRAINING RandomForest
[2026-06-01T12:35:55.818+0000] {logging_mixin.py:188} INFO - ================================================================================
[2026-06-01T12:35:55.822+0000] {logging_mixin.py:188} INFO - Fitting 3 folds for each of 24 candidates, totalling 72 fits
[2026-06-01T12:38:14.012+0000] {logging_mixin.py:188} INFO - BEST PARAMETERS FOR RandomForest: {'max_depth': 3, 'min_samples_leaf': 2, 'min_samples_split': 2, 'n_estimators': 200}
[2026-06-01T12:38:14.078+0000] {logging_mixin.py:188} INFO - RESULTS FOR RandomForest: MAE: 3.3286, RMSE: 4.7092, R2: -0.0429
[2026-06-01T12:38:14.078+0000] {logging_mixin.py:188} INFO - 
================================================================================
[2026-06-01T12:38:14.079+0000] {logging_mixin.py:188} INFO - TRAINING GradientBoosting
[2026-06-01T12:38:14.080+0000] {logging_mixin.py:188} INFO - ================================================================================
[2026-06-01T12:38:14.086+0000] {logging_mixin.py:188} INFO - Fitting 3 folds for each of 12 candidates, totalling 36 fits
[2026-06-01T12:39:16.693+0000] {logging_mixin.py:188} INFO - BEST PARAMETERS FOR GradientBoosting: {'learning_rate': 0.03, 'max_depth': 3, 'n_estimators': 100}
[2026-06-01T12:39:16.702+0000] {logging_mixin.py:188} INFO - RESULTS FOR GradientBoosting: MAE: 3.3465, RMSE: 4.7402, R2: -0.0567
[2026-06-01T12:39:16.703+0000] {logging_mixin.py:188} INFO - 
================================================================================
[2026-06-01T12:39:16.704+0000] {logging_mixin.py:188} INFO - TRAINING ExtraTrees
[2026-06-01T12:39:16.704+0000] {logging_mixin.py:188} INFO - ================================================================================
[2026-06-01T12:39:16.708+0000] {logging_mixin.py:188} INFO - Fitting 3 folds for each of 8 candidates, totalling 24 fits
[2026-06-01T12:39:33.143+0000] {logging_mixin.py:188} INFO - BEST PARAMETERS FOR ExtraTrees: {'max_depth': 5, 'min_samples_split': 2, 'n_estimators': 100}
[2026-06-01T12:39:33.166+0000] {logging_mixin.py:188} INFO - RESULTS FOR ExtraTrees: MAE: 3.3024, RMSE: 4.6988, R2: -0.0383
[2026-06-01T12:39:33.166+0000] {logging_mixin.py:188} INFO - 
================================================================================
[2026-06-01T12:39:33.167+0000] {logging_mixin.py:188} INFO - TRAINING RidgeRegression
[2026-06-01T12:39:33.168+0000] {logging_mixin.py:188} INFO - ================================================================================
[2026-06-01T12:39:33.171+0000] {logging_mixin.py:188} INFO - Fitting 3 folds for each of 3 candidates, totalling 9 fits
[2026-06-01T12:39:33.392+0000] {logging_mixin.py:188} INFO - BEST PARAMETERS FOR RidgeRegression: {'alpha': 10.0}
[2026-06-01T12:39:33.408+0000] {logging_mixin.py:188} INFO - RESULTS FOR RidgeRegression: MAE: 3.313, RMSE: 4.6744, R2: -0.0276
[2026-06-01T12:39:33.416+0000] {logging_mixin.py:188} INFO - 
================================================================================
[2026-06-01T12:39:33.417+0000] {logging_mixin.py:188} INFO - TRAINING XGBoost
[2026-06-01T12:39:33.418+0000] {logging_mixin.py:188} INFO - ================================================================================
[2026-06-01T12:39:33.432+0000] {logging_mixin.py:188} INFO - Fitting 3 folds for each of 12 candidates, totalling 36 fits
