[2026-06-16T06:58:34.201+0000] {local_task_job_runner.py:120} INFO - ::group::Pre task execution logs
[2026-06-16T06:58:34.234+0000] {taskinstance.py:2076} INFO - Dependencies all met for dep_context=non-requeueable deps ti=<TaskInstance: futsal_weekly_db_pipeline.extract_transform_load_db scheduled__2026-06-07T00:00:00+00:00 [queued]>
[2026-06-16T06:58:34.243+0000] {taskinstance.py:2076} INFO - Dependencies all met for dep_context=requeueable deps ti=<TaskInstance: futsal_weekly_db_pipeline.extract_transform_load_db scheduled__2026-06-07T00:00:00+00:00 [queued]>
[2026-06-16T06:58:34.245+0000] {taskinstance.py:2306} INFO - Starting attempt 1 of 2
[2026-06-16T06:58:34.258+0000] {taskinstance.py:2330} INFO - Executing <Task(PythonOperator): extract_transform_load_db> on 2026-06-07 00:00:00+00:00
[2026-06-16T06:58:34.267+0000] {standard_task_runner.py:63} INFO - Started process 212 to run task
[2026-06-16T06:58:34.271+0000] {standard_task_runner.py:90} INFO - Running: ['***', 'tasks', 'run', 'futsal_weekly_db_pipeline', 'extract_transform_load_db', 'scheduled__2026-06-07T00:00:00+00:00', '--job-id', '15', '--raw', '--subdir', 'DAGS_FOLDER/futsal_pipeline.py', '--cfg-path', '/tmp/tmpm65b35j4']
[2026-06-16T06:58:34.275+0000] {standard_task_runner.py:91} INFO - Job 15: Subtask extract_transform_load_db
[2026-06-16T06:58:34.347+0000] {task_command.py:426} INFO - Running <TaskInstance: futsal_weekly_db_pipeline.extract_transform_load_db scheduled__2026-06-07T00:00:00+00:00 [running]> on host e493a289dc10
[2026-06-16T06:58:34.461+0000] {taskinstance.py:2648} INFO - Exporting env vars: AIRFLOW_CTX_DAG_OWNER='futsal_admin' AIRFLOW_CTX_DAG_ID='futsal_weekly_db_pipeline' AIRFLOW_CTX_TASK_ID='extract_transform_load_db' AIRFLOW_CTX_EXECUTION_DATE='2026-06-07T00:00:00+00:00' AIRFLOW_CTX_TRY_NUMBER='1' AIRFLOW_CTX_DAG_RUN_ID='scheduled__2026-06-07T00:00:00+00:00'
[2026-06-16T06:58:34.462+0000] {taskinstance.py:430} INFO - ::endgroup::
[2026-06-16T06:58:35.114+0000] {transport.py:1874} INFO - Connected (version 2.0, client OpenSSH_8.2p1)
[2026-06-16T06:58:36.261+0000] {transport.py:1874} INFO - Authentication (publickey) successful!
[2026-06-16T06:58:36.263+0000] {logging_mixin.py:188} INFO - SSH Tunnel Connected
[2026-06-16T06:58:36.305+0000] {logging_mixin.py:188} INFO - Database connection established.
[2026-06-16T06:58:36.306+0000] {logging_mixin.py:188} INFO - --- Running Match Data Pipeline ---
[2026-06-16T06:58:44.665+0000] {logging_mixin.py:188} INFO - 
--- Running Player Data Pipeline ---
[2026-06-16T06:58:50.916+0000] {logging_mixin.py:188} INFO - Data ETL complete. Processed 691 matches.
[2026-06-16T06:58:50.919+0000] {python.py:237} INFO - Done. Returned value was: None
[2026-06-16T06:58:50.920+0000] {taskinstance.py:441} INFO - ::group::Post task execution logs
[2026-06-16T06:58:50.931+0000] {taskinstance.py:1206} INFO - Marking task as SUCCESS. dag_id=futsal_weekly_db_pipeline, task_id=extract_transform_load_db, run_id=scheduled__2026-06-07T00:00:00+00:00, execution_date=20260607T000000, start_date=20260616T065834, end_date=20260616T065850
[2026-06-16T06:58:50.989+0000] {local_task_job_runner.py:240} INFO - Task exited with return code 0
[2026-06-16T06:58:51.009+0000] {taskinstance.py:3498} INFO - 1 downstream tasks scheduled from follow-on schedule check
[2026-06-16T06:58:51.011+0000] {local_task_job_runner.py:222} INFO - ::endgroup::
