[2026-06-02T05:40:54.676+0000] {local_task_job_runner.py:120} INFO - ::group::Pre task execution logs
[2026-06-02T05:40:54.698+0000] {taskinstance.py:2076} INFO - Dependencies all met for dep_context=non-requeueable deps ti=<TaskInstance: futsal_nightly_db_pipeline.train_ml_models manual__2026-06-02T05:40:47.678647+00:00 [queued]>
[2026-06-02T05:40:54.705+0000] {taskinstance.py:2076} INFO - Dependencies all met for dep_context=requeueable deps ti=<TaskInstance: futsal_nightly_db_pipeline.train_ml_models manual__2026-06-02T05:40:47.678647+00:00 [queued]>
[2026-06-02T05:40:54.706+0000] {taskinstance.py:2306} INFO - Starting attempt 1 of 2
[2026-06-02T05:40:54.718+0000] {taskinstance.py:2330} INFO - Executing <Task(PythonOperator): train_ml_models> on 2026-06-02 05:40:47.678647+00:00
[2026-06-02T05:40:54.726+0000] {standard_task_runner.py:63} INFO - Started process 1303 to run task
[2026-06-02T05:40:54.730+0000] {standard_task_runner.py:90} INFO - Running: ['***', 'tasks', 'run', 'futsal_nightly_db_pipeline', 'train_ml_models', 'manual__2026-06-02T05:40:47.678647+00:00', '--job-id', '30', '--raw', '--subdir', 'DAGS_FOLDER/futsal_pipeline.py', '--cfg-path', '/tmp/tmp80v2bxmi']
[2026-06-02T05:40:54.732+0000] {standard_task_runner.py:91} INFO - Job 30: Subtask train_ml_models
[2026-06-02T05:40:54.802+0000] {task_command.py:426} INFO - Running <TaskInstance: futsal_nightly_db_pipeline.train_ml_models manual__2026-06-02T05:40:47.678647+00:00 [running]> on host b326f2068ec6
[2026-06-02T05:40:54.893+0000] {taskinstance.py:2648} INFO - Exporting env vars: AIRFLOW_CTX_DAG_OWNER='futsal_admin' AIRFLOW_CTX_DAG_ID='futsal_nightly_db_pipeline' AIRFLOW_CTX_TASK_ID='train_ml_models' AIRFLOW_CTX_EXECUTION_DATE='2026-06-02T05:40:47.678647+00:00' AIRFLOW_CTX_TRY_NUMBER='1' AIRFLOW_CTX_DAG_RUN_ID='manual__2026-06-02T05:40:47.678647+00:00'
[2026-06-02T05:40:54.894+0000] {taskinstance.py:430} INFO - ::endgroup::
[2026-06-02T05:40:54.895+0000] {logging_mixin.py:188} INFO - 
=======================================================
[2026-06-02T05:40:54.896+0000] {logging_mixin.py:188} INFO - RUNNING MATCH DATA MODEL TRAINING PIPELINE
[2026-06-02T05:40:54.896+0000] {logging_mixin.py:188} INFO - =======================================================
[2026-06-02T05:40:54.897+0000] {logging_mixin.py:188} INFO - Loading match feature data...
[2026-06-02T05:40:54.918+0000] {logging_mixin.py:188} INFO - Training match models...
[2026-06-02T05:40:54.919+0000] {logging_mixin.py:188} INFO - Grid searching: RandomForestClassifier...
[2026-06-02T05:40:54.920+0000] {logging_mixin.py:188} INFO - Grid searching: SVC...
[2026-06-02T05:40:54.921+0000] {logging_mixin.py:188} INFO - Grid searching: LogisticRegression...
[2026-06-02T05:40:54.922+0000] {logging_mixin.py:188} INFO - Training RandomForestClassifier...
[2026-06-02T05:41:50.851+0000] {logging_mixin.py:188} INFO - Training SVC...
[2026-06-02T05:41:50.967+0000] {logging_mixin.py:188} INFO - Training LogisticRegression...
[2026-06-02T05:41:51.045+0000] {logging_mixin.py:188} INFO - 
==================================================
[2026-06-02T05:41:51.046+0000] {logging_mixin.py:188} INFO - Match Training Report:
[2026-06-02T05:41:51.050+0000] {logging_mixin.py:188} INFO - ==================================================
[2026-06-02T05:41:51.051+0000] {logging_mixin.py:188} INFO - Model: RandomForestClassifier
[2026-06-02T05:41:51.051+0000] {logging_mixin.py:188} INFO - Accuracy: 0.7059
[2026-06-02T05:41:51.051+0000] {logging_mixin.py:188} INFO - F1-Score: 0.7062
[2026-06-02T05:41:51.052+0000] {logging_mixin.py:188} INFO - Best Params: {'classifier__max_depth': 30, 'classifier__min_samples_leaf': 4, 'classifier__min_samples_split': 5, 'classifier__n_estimators': 200}
[2026-06-02T05:41:51.052+0000] {logging_mixin.py:188} INFO - --------------------------------------------------
[2026-06-02T05:41:51.052+0000] {logging_mixin.py:188} INFO - Model: SVC
[2026-06-02T05:41:51.053+0000] {logging_mixin.py:188} INFO - Accuracy: 0.7176
[2026-06-02T05:41:51.053+0000] {logging_mixin.py:188} INFO - F1-Score: 0.7184
[2026-06-02T05:41:51.053+0000] {logging_mixin.py:188} INFO - Best Params: {'classifier__C': 0.1, 'classifier__kernel': 'linear'}
[2026-06-02T05:41:51.054+0000] {logging_mixin.py:188} INFO - --------------------------------------------------
[2026-06-02T05:41:51.054+0000] {logging_mixin.py:188} INFO - Model: LogisticRegression
[2026-06-02T05:41:51.054+0000] {logging_mixin.py:188} INFO - Accuracy: 0.6941
[2026-06-02T05:41:51.055+0000] {logging_mixin.py:188} INFO - F1-Score: 0.6949
[2026-06-02T05:41:51.055+0000] {logging_mixin.py:188} INFO - Best Params: {'classifier__C': 0.1}
[2026-06-02T05:41:51.055+0000] {logging_mixin.py:188} INFO - --------------------------------------------------
[2026-06-02T05:41:51.088+0000] {logging_mixin.py:188} INFO - 
Best match model name: SVC
[2026-06-02T05:41:51.089+0000] {logging_mixin.py:188} INFO - Best match model type: <class 'sklearn.pipeline.Pipeline'>
[2026-06-02T05:41:51.114+0000] {logging_mixin.py:188} INFO - Best match model (architecture-specific) saved to models/SVC_matches_model.pkl
[2026-06-02T05:41:51.115+0000] {logging_mixin.py:188} INFO - Match features saved to features/match_trained_features.pkl
[2026-06-02T05:41:51.116+0000] {logging_mixin.py:188} INFO - 
=======================================================
[2026-06-02T05:41:51.117+0000] {logging_mixin.py:188} INFO - RUNNING PLAYER DATA MODEL TRAINING PIPELINE
[2026-06-02T05:41:51.117+0000] {logging_mixin.py:188} INFO - =======================================================
[2026-06-02T05:41:51.118+0000] {logging_mixin.py:188} INFO - Loading player feature data...
[2026-06-02T05:41:51.180+0000] {logging_mixin.py:188} INFO - Training player models...
[2026-06-02T05:41:51.182+0000] {logging_mixin.py:188} INFO - 
================================================================================
[2026-06-02T05:41:51.182+0000] {logging_mixin.py:188} INFO - TRAINING RandomForest
[2026-06-02T05:41:51.183+0000] {logging_mixin.py:188} INFO - ================================================================================
[2026-06-02T05:41:51.185+0000] {logging_mixin.py:188} INFO - Fitting 3 folds for each of 24 candidates, totalling 72 fits
[2026-06-02T05:42:52.610+0000] {logging_mixin.py:188} INFO - BEST PARAMETERS FOR RandomForest: {'max_depth': 3, 'min_samples_leaf': 2, 'min_samples_split': 2, 'n_estimators': 200}
[2026-06-02T05:42:52.637+0000] {logging_mixin.py:188} INFO - RESULTS FOR RandomForest: MAE: 3.3286, RMSE: 4.7092, R2: -0.0429
[2026-06-02T05:42:52.637+0000] {logging_mixin.py:188} INFO - 
================================================================================
[2026-06-02T05:42:52.638+0000] {logging_mixin.py:188} INFO - TRAINING GradientBoosting
[2026-06-02T05:42:52.638+0000] {logging_mixin.py:188} INFO - ================================================================================
[2026-06-02T05:42:52.641+0000] {logging_mixin.py:188} INFO - Fitting 3 folds for each of 12 candidates, totalling 36 fits
[2026-06-02T05:43:23.496+0000] {logging_mixin.py:188} INFO - BEST PARAMETERS FOR GradientBoosting: {'learning_rate': 0.03, 'max_depth': 3, 'n_estimators': 100}
[2026-06-02T05:43:23.500+0000] {logging_mixin.py:188} INFO - RESULTS FOR GradientBoosting: MAE: 3.3465, RMSE: 4.7402, R2: -0.0567
[2026-06-02T05:43:23.501+0000] {logging_mixin.py:188} INFO - 
================================================================================
[2026-06-02T05:43:23.501+0000] {logging_mixin.py:188} INFO - TRAINING ExtraTrees
[2026-06-02T05:43:23.502+0000] {logging_mixin.py:188} INFO - ================================================================================
[2026-06-02T05:43:23.504+0000] {logging_mixin.py:188} INFO - Fitting 3 folds for each of 8 candidates, totalling 24 fits
[2026-06-02T05:43:30.580+0000] {logging_mixin.py:188} INFO - BEST PARAMETERS FOR ExtraTrees: {'max_depth': 5, 'min_samples_split': 2, 'n_estimators': 100}
[2026-06-02T05:43:30.592+0000] {logging_mixin.py:188} INFO - RESULTS FOR ExtraTrees: MAE: 3.3024, RMSE: 4.6988, R2: -0.0383
[2026-06-02T05:43:30.593+0000] {logging_mixin.py:188} INFO - 
================================================================================
[2026-06-02T05:43:30.594+0000] {logging_mixin.py:188} INFO - TRAINING RidgeRegression
[2026-06-02T05:43:30.594+0000] {logging_mixin.py:188} INFO - ================================================================================
[2026-06-02T05:43:30.596+0000] {logging_mixin.py:188} INFO - Fitting 3 folds for each of 3 candidates, totalling 9 fits
[2026-06-02T05:43:30.639+0000] {logging_mixin.py:188} INFO - BEST PARAMETERS FOR RidgeRegression: {'alpha': 10.0}
[2026-06-02T05:43:30.643+0000] {logging_mixin.py:188} INFO - RESULTS FOR RidgeRegression: MAE: 3.313, RMSE: 4.6744, R2: -0.0276
[2026-06-02T05:43:30.643+0000] {logging_mixin.py:188} INFO - 
================================================================================
[2026-06-02T05:43:30.644+0000] {logging_mixin.py:188} INFO - TRAINING XGBoost
[2026-06-02T05:43:30.645+0000] {logging_mixin.py:188} INFO - ================================================================================
[2026-06-02T05:43:30.647+0000] {logging_mixin.py:188} INFO - Fitting 3 folds for each of 12 candidates, totalling 36 fits
[2026-06-02T05:43:35.260+0000] {logging_mixin.py:188} INFO - BEST PARAMETERS FOR XGBoost: {'colsample_bytree': 0.8, 'learning_rate': 0.03, 'max_depth': 3, 'n_estimators': 100, 'subsample': 0.8}
[2026-06-02T05:43:35.289+0000] {logging_mixin.py:188} INFO - RESULTS FOR XGBoost: MAE: 3.337, RMSE: 4.7411, R2: -0.0571
[2026-06-02T05:43:35.293+0000] {logging_mixin.py:188} INFO - 
==================================================
[2026-06-02T05:43:35.295+0000] {logging_mixin.py:188} INFO - Player Training Report:
[2026-06-02T05:43:35.297+0000] {logging_mixin.py:188} INFO - ==================================================
[2026-06-02T05:43:35.298+0000] {logging_mixin.py:188} INFO - Model: RandomForest
[2026-06-02T05:43:35.298+0000] {logging_mixin.py:188} INFO - R2-Score: -0.0429
[2026-06-02T05:43:35.298+0000] {logging_mixin.py:188} INFO - Metrics: MAE: 3.3286 | RMSE: 4.7092
[2026-06-02T05:43:35.299+0000] {logging_mixin.py:188} INFO - Best Params: {'max_depth': 3, 'min_samples_leaf': 2, 'min_samples_split': 2, 'n_estimators': 200}
[2026-06-02T05:43:35.299+0000] {logging_mixin.py:188} INFO - --------------------------------------------------
[2026-06-02T05:43:35.300+0000] {logging_mixin.py:188} INFO - Model: GradientBoosting
[2026-06-02T05:43:35.301+0000] {logging_mixin.py:188} INFO - R2-Score: -0.0567
[2026-06-02T05:43:35.301+0000] {logging_mixin.py:188} INFO - Metrics: MAE: 3.3465 | RMSE: 4.7402
[2026-06-02T05:43:35.302+0000] {logging_mixin.py:188} INFO - Best Params: {'learning_rate': 0.03, 'max_depth': 3, 'n_estimators': 100}
[2026-06-02T05:43:35.302+0000] {logging_mixin.py:188} INFO - --------------------------------------------------
[2026-06-02T05:43:35.303+0000] {logging_mixin.py:188} INFO - Model: ExtraTrees
[2026-06-02T05:43:35.303+0000] {logging_mixin.py:188} INFO - R2-Score: -0.0383
[2026-06-02T05:43:35.303+0000] {logging_mixin.py:188} INFO - Metrics: MAE: 3.3024 | RMSE: 4.6988
[2026-06-02T05:43:35.304+0000] {logging_mixin.py:188} INFO - Best Params: {'max_depth': 5, 'min_samples_split': 2, 'n_estimators': 100}
[2026-06-02T05:43:35.304+0000] {logging_mixin.py:188} INFO - --------------------------------------------------
[2026-06-02T05:43:35.305+0000] {logging_mixin.py:188} INFO - Model: RidgeRegression
[2026-06-02T05:43:35.305+0000] {logging_mixin.py:188} INFO - R2-Score: -0.0276
[2026-06-02T05:43:35.306+0000] {logging_mixin.py:188} INFO - Metrics: MAE: 3.313 | RMSE: 4.6744
[2026-06-02T05:43:35.306+0000] {logging_mixin.py:188} INFO - Best Params: {'alpha': 10.0}
[2026-06-02T05:43:35.307+0000] {logging_mixin.py:188} INFO - --------------------------------------------------
[2026-06-02T05:43:35.307+0000] {logging_mixin.py:188} INFO - Model: XGBoost
[2026-06-02T05:43:35.308+0000] {logging_mixin.py:188} INFO - R2-Score: -0.0571
[2026-06-02T05:43:35.308+0000] {logging_mixin.py:188} INFO - Metrics: MAE: 3.337 | RMSE: 4.7411
[2026-06-02T05:43:35.308+0000] {logging_mixin.py:188} INFO - Best Params: {'colsample_bytree': 0.8, 'learning_rate': 0.03, 'max_depth': 3, 'n_estimators': 100, 'subsample': 0.8}
[2026-06-02T05:43:35.309+0000] {logging_mixin.py:188} INFO - --------------------------------------------------
[2026-06-02T05:43:35.395+0000] {logging_mixin.py:188} INFO - 
Best player model name: RidgeRegression
[2026-06-02T05:43:35.401+0000] {logging_mixin.py:188} INFO - Best player model type: <class 'sklearn.linear_model._ridge.Ridge'>
[2026-06-02T05:43:35.422+0000] {logging_mixin.py:188} INFO - Best player model (architecture-specific) saved to models/RidgeRegression_players_model.pkl
[2026-06-02T05:43:35.423+0000] {logging_mixin.py:188} INFO - Player features saved to features/player_trained_features.pkl
[2026-06-02T05:43:35.424+0000] {logging_mixin.py:188} INFO - Model training complete.
[2026-06-02T05:43:35.426+0000] {python.py:237} INFO - Done. Returned value was: None
[2026-06-02T05:43:35.428+0000] {taskinstance.py:441} INFO - ::group::Post task execution logs
[2026-06-02T05:43:35.448+0000] {taskinstance.py:1206} INFO - Marking task as SUCCESS. dag_id=futsal_nightly_db_pipeline, task_id=train_ml_models, run_id=manual__2026-06-02T05:40:47.678647+00:00, execution_date=20260602T054047, start_date=20260602T054054, end_date=20260602T054335
[2026-06-02T05:43:35.502+0000] {local_task_job_runner.py:240} INFO - Task exited with return code 0
[2026-06-02T05:43:35.516+0000] {taskinstance.py:3498} INFO - 0 downstream tasks scheduled from follow-on schedule check
[2026-06-02T05:43:35.518+0000] {local_task_job_runner.py:222} INFO - ::endgroup::
