{"timestamp":"2026-06-01T08:26:40.802201Z","level":"info","event":"::group::Pre Execute","logger":"task","filename":"task_runner.py","lineno":1926}
{"timestamp":"2026-06-01T08:26:42.942935Z","level":"info","event":"setup plugin alembic.autogenerate.schemas","logger":"alembic.runtime.plugins","dag_id":"futsal_nightly_db_pipeline","map_index":-1,"try_number":1,"task_id":"extract_transform_load_db","run_id":"manual__2026-06-01T08:26:39.274928+00:00","ti_id":"019e824a-c754-74c0-ac8e-eb5cf6f858f7","filename":"plugins.py","lineno":37}
{"timestamp":"2026-06-01T08:26:42.943502Z","level":"info","event":"setup plugin alembic.autogenerate.tables","logger":"alembic.runtime.plugins","dag_id":"futsal_nightly_db_pipeline","map_index":-1,"try_number":1,"task_id":"extract_transform_load_db","run_id":"manual__2026-06-01T08:26:39.274928+00:00","ti_id":"019e824a-c754-74c0-ac8e-eb5cf6f858f7","filename":"plugins.py","lineno":37}
{"timestamp":"2026-06-01T08:26:42.943730Z","level":"info","event":"setup plugin alembic.autogenerate.types","logger":"alembic.runtime.plugins","dag_id":"futsal_nightly_db_pipeline","map_index":-1,"try_number":1,"task_id":"extract_transform_load_db","run_id":"manual__2026-06-01T08:26:39.274928+00:00","ti_id":"019e824a-c754-74c0-ac8e-eb5cf6f858f7","filename":"plugins.py","lineno":37}
{"timestamp":"2026-06-01T08:26:42.943876Z","level":"info","event":"setup plugin alembic.autogenerate.constraints","logger":"alembic.runtime.plugins","dag_id":"futsal_nightly_db_pipeline","map_index":-1,"try_number":1,"task_id":"extract_transform_load_db","run_id":"manual__2026-06-01T08:26:39.274928+00:00","ti_id":"019e824a-c754-74c0-ac8e-eb5cf6f858f7","filename":"plugins.py","lineno":37}
{"timestamp":"2026-06-01T08:26:42.944089Z","level":"info","event":"setup plugin alembic.autogenerate.defaults","logger":"alembic.runtime.plugins","dag_id":"futsal_nightly_db_pipeline","map_index":-1,"try_number":1,"task_id":"extract_transform_load_db","run_id":"manual__2026-06-01T08:26:39.274928+00:00","ti_id":"019e824a-c754-74c0-ac8e-eb5cf6f858f7","filename":"plugins.py","lineno":37}
{"timestamp":"2026-06-01T08:26:42.944245Z","level":"info","event":"setup plugin alembic.autogenerate.comments","logger":"alembic.runtime.plugins","dag_id":"futsal_nightly_db_pipeline","map_index":-1,"try_number":1,"task_id":"extract_transform_load_db","run_id":"manual__2026-06-01T08:26:39.274928+00:00","ti_id":"019e824a-c754-74c0-ac8e-eb5cf6f858f7","filename":"plugins.py","lineno":37}
{"timestamp":"2026-06-01T08:26:43.442358Z","level":"info","event":"DAG bundles loaded: dags-folder, example_dags","dag_id":"futsal_nightly_db_pipeline","map_index":-1,"try_number":1,"task_id":"extract_transform_load_db","run_id":"manual__2026-06-01T08:26:39.274928+00:00","ti_id":"019e824a-c754-74c0-ac8e-eb5cf6f858f7","logger":"airflow.dag_processing.bundles.manager.DagBundlesManager","filename":"manager.py","lineno":209}
{"timestamp":"2026-06-01T08:26:43.445129Z","level":"info","event":"Filling up the DagBag from /mnt/c/Sagar/Futsal_ML/Futsal-ML-Analysis/Futsal_Match_Prediction/airflow/dags/futsal_pipeline.py","dag_id":"futsal_nightly_db_pipeline","map_index":-1,"try_number":1,"task_id":"extract_transform_load_db","run_id":"manual__2026-06-01T08:26:39.274928+00:00","ti_id":"019e824a-c754-74c0-ac8e-eb5cf6f858f7","logger":"airflow.dag_processing.dagbag.BundleDagBag","filename":"dagbag.py","lineno":469}
{"timestamp":"2026-06-01T08:26:44.930854Z","level":"warning","event":"The `airflow.operators.python.PythonOperator` attribute is deprecated. Please use `'airflow.providers.standard.operators.python.PythonOperator'`.","category":"UserWarning","filename":"/mnt/c/Sagar/Futsal_ML/Futsal-ML-Analysis/Futsal_Match_Prediction/airflow/dags/futsal_pipeline.py","lineno":2,"dag_id":"futsal_nightly_db_pipeline","map_index":-1,"try_number":1,"task_id":"extract_transform_load_db","run_id":"manual__2026-06-01T08:26:39.274928+00:00","ti_id":"019e824a-c754-74c0-ac8e-eb5cf6f858f7","logger":"py.warnings"}
{"timestamp":"2026-06-01T08:26:44.962275Z","level":"info","event":"Task instance is in running state","logger":"task.stdout"}
{"timestamp":"2026-06-01T08:26:44.962975Z","level":"info","event":" Previous state of the Task instance: TaskInstanceState.QUEUED","logger":"task.stdout"}
{"timestamp":"2026-06-01T08:26:44.963575Z","level":"info","event":"Current task name:extract_transform_load_db","logger":"task.stdout"}
{"timestamp":"2026-06-01T08:26:44.964036Z","level":"info","event":"Dag name:futsal_nightly_db_pipeline","logger":"task.stdout"}
{"timestamp":"2026-06-01T08:26:44.962545Z","level":"info","event":"::endgroup::","dag_id":"futsal_nightly_db_pipeline","map_index":-1,"try_number":1,"task_id":"extract_transform_load_db","run_id":"manual__2026-06-01T08:26:39.274928+00:00","ti_id":"019e824a-c754-74c0-ac8e-eb5cf6f858f7","logger":"task","filename":"task_runner.py","lineno":1727}
{"timestamp":"2026-06-01T08:26:44.981600Z","level":"info","event":"--- Running Match Data Pipeline ---","logger":"task.stdout"}
{"timestamp":"2026-06-01T08:26:45.013423Z","level":"error","event":"Traceback (most recent call last):","logger":"task.stderr"}
{"timestamp":"2026-06-01T08:26:45.014136Z","level":"error","event":"  File \"/home/system/.wsl_venv/lib/python3.14/site-packages/pymysql/connections.py\", line 682, in connect","logger":"task.stderr"}
{"timestamp":"2026-06-01T08:26:45.014548Z","level":"error","event":"    sock = socket.create_connection(","logger":"task.stderr"}
{"timestamp":"2026-06-01T08:26:45.015003Z","level":"error","event":"        (self.host, self.port), self.connect_timeout, **kwargs","logger":"task.stderr"}
{"timestamp":"2026-06-01T08:26:45.015492Z","level":"error","event":"    )","logger":"task.stderr"}
{"timestamp":"2026-06-01T08:26:45.015942Z","level":"error","event":"  File \"/usr/lib/python3.14/socket.py\", line 870, in create_connection","logger":"task.stderr"}
{"timestamp":"2026-06-01T08:26:45.016421Z","level":"error","event":"    raise exceptions[0]","logger":"task.stderr"}
{"timestamp":"2026-06-01T08:26:45.016934Z","level":"error","event":"  File \"/usr/lib/python3.14/socket.py\", line 855, in create_connection","logger":"task.stderr"}
{"timestamp":"2026-06-01T08:26:45.017556Z","level":"error","event":"    sock.connect(sa)","logger":"task.stderr"}
{"timestamp":"2026-06-01T08:26:45.018119Z","level":"error","event":"    ~~~~~~~~~~~~^^^^","logger":"task.stderr"}
{"timestamp":"2026-06-01T08:26:45.018580Z","level":"error","event":"ConnectionRefusedError: [Errno 111] Connection refused","logger":"task.stderr"}
{"timestamp":"2026-06-01T08:26:45.019168Z","level":"error","event":"","logger":"task.stderr"}
{"timestamp":"2026-06-01T08:26:45.020471Z","level":"error","event":"During handling of the above exception, another exception occurred:","logger":"task.stderr"}
{"timestamp":"2026-06-01T08:26:45.020987Z","level":"error","event":"","logger":"task.stderr"}
{"timestamp":"2026-06-01T08:26:45.021489Z","level":"error","event":"Traceback (most recent call last):","logger":"task.stderr"}
{"timestamp":"2026-06-01T08:26:45.022076Z","level":"error","event":"  File \"/home/system/.wsl_venv/lib/python3.14/site-packages/sqlalchemy/engine/base.py\", line 144, in __init__","logger":"task.stderr"}
{"timestamp":"2026-06-01T08:26:45.022549Z","level":"error","event":"    self._dbapi_connection = engine.raw_connection()","logger":"task.stderr"}
{"timestamp":"2026-06-01T08:26:45.023162Z","level":"error","event":"                             ~~~~~~~~~~~~~~~~~~~~~^^","logger":"task.stderr"}
{"timestamp":"2026-06-01T08:26:45.023975Z","level":"error","event":"  File \"/home/system/.wsl_venv/lib/python3.14/site-packages/sqlalchemy/engine/base.py\", line 3319, in raw_connection","logger":"task.stderr"}
{"timestamp":"2026-06-01T08:26:45.024400Z","level":"error","event":"    return self.pool.connect()","logger":"task.stderr"}
{"timestamp":"2026-06-01T08:26:45.024815Z","level":"error","event":"           ~~~~~~~~~~~~~~~~~^^","logger":"task.stderr"}
{"timestamp":"2026-06-01T08:26:45.025216Z","level":"error","event":"  File \"/home/system/.wsl_venv/lib/python3.14/site-packages/sqlalchemy/pool/base.py\", line 448, in connect","logger":"task.stderr"}
{"timestamp":"2026-06-01T08:26:45.025641Z","level":"error","event":"    return _ConnectionFairy._checkout(self)","logger":"task.stderr"}
{"timestamp":"2026-06-01T08:26:45.026859Z","level":"error","event":"           ~~~~~~~~~~~~~~~~~~~~~~~~~~^^^^^^","logger":"task.stderr"}
{"timestamp":"2026-06-01T08:26:45.027545Z","level":"error","event":"  File \"/home/system/.wsl_venv/lib/python3.14/site-packages/sqlalchemy/pool/base.py\", line 1272, in _checkout","logger":"task.stderr"}
{"timestamp":"2026-06-01T08:26:45.027977Z","level":"error","event":"    fairy = _ConnectionRecord.checkout(pool)","logger":"task.stderr"}
{"timestamp":"2026-06-01T08:26:45.028385Z","level":"error","event":"  File \"/home/system/.wsl_venv/lib/python3.14/site-packages/sqlalchemy/pool/base.py\", line 712, in checkout","logger":"task.stderr"}
{"timestamp":"2026-06-01T08:26:45.028806Z","level":"error","event":"    rec = pool._do_get()","logger":"task.stderr"}
{"timestamp":"2026-06-01T08:26:45.029291Z","level":"error","event":"  File \"/home/system/.wsl_venv/lib/python3.14/site-packages/sqlalchemy/pool/impl.py\", line 178, in _do_get","logger":"task.stderr"}
{"timestamp":"2026-06-01T08:26:45.029691Z","level":"error","event":"    with util.safe_reraise():","logger":"task.stderr"}
{"timestamp":"2026-06-01T08:26:45.030071Z","level":"error","event":"         ~~~~~~~~~~~~~~~~~^^","logger":"task.stderr"}
{"timestamp":"2026-06-01T08:26:45.030459Z","level":"error","event":"  File \"/home/system/.wsl_venv/lib/python3.14/site-packages/sqlalchemy/util/langhelpers.py\", line 122, in __exit__","logger":"task.stderr"}
{"timestamp":"2026-06-01T08:26:45.030868Z","level":"error","event":"    raise exc_value.with_traceback(exc_tb)","logger":"task.stderr"}
{"timestamp":"2026-06-01T08:26:45.031406Z","level":"error","event":"  File \"/home/system/.wsl_venv/lib/python3.14/site-packages/sqlalchemy/pool/impl.py\", line 176, in _do_get","logger":"task.stderr"}
{"timestamp":"2026-06-01T08:26:45.031906Z","level":"error","event":"    return self._create_connection()","logger":"task.stderr"}
{"timestamp":"2026-06-01T08:26:45.032302Z","level":"error","event":"           ~~~~~~~~~~~~~~~~~~~~~~~^^","logger":"task.stderr"}
{"timestamp":"2026-06-01T08:26:45.033363Z","level":"error","event":"  File \"/home/system/.wsl_venv/lib/python3.14/site-packages/sqlalchemy/pool/base.py\", line 389, in _create_connection","logger":"task.stderr"}
{"timestamp":"2026-06-01T08:26:45.033797Z","level":"error","event":"    return _ConnectionRecord(self)","logger":"task.stderr"}
{"timestamp":"2026-06-01T08:26:45.034201Z","level":"error","event":"  File \"/home/system/.wsl_venv/lib/python3.14/site-packages/sqlalchemy/pool/base.py\", line 674, in __init__","logger":"task.stderr"}
{"timestamp":"2026-06-01T08:26:45.034645Z","level":"error","event":"    self.__connect()","logger":"task.stderr"}
{"timestamp":"2026-06-01T08:26:45.035033Z","level":"error","event":"    ~~~~~~~~~~~~~~^^","logger":"task.stderr"}
{"timestamp":"2026-06-01T08:26:45.035479Z","level":"error","event":"  File \"/home/system/.wsl_venv/lib/python3.14/site-packages/sqlalchemy/pool/base.py\", line 900, in __connect","logger":"task.stderr"}
{"timestamp":"2026-06-01T08:26:45.035871Z","level":"error","event":"    with util.safe_reraise():","logger":"task.stderr"}
{"timestamp":"2026-06-01T08:26:45.036290Z","level":"error","event":"         ~~~~~~~~~~~~~~~~~^^","logger":"task.stderr"}
{"timestamp":"2026-06-01T08:26:45.036645Z","level":"error","event":"  File \"/home/system/.wsl_venv/lib/python3.14/site-packages/sqlalchemy/util/langhelpers.py\", line 122, in __exit__","logger":"task.stderr"}
{"timestamp":"2026-06-01T08:26:45.036978Z","level":"error","event":"    raise exc_value.with_traceback(exc_tb)","logger":"task.stderr"}
{"timestamp":"2026-06-01T08:26:45.037424Z","level":"error","event":"  File \"/home/system/.wsl_venv/lib/python3.14/site-packages/sqlalchemy/pool/base.py\", line 896, in __connect","logger":"task.stderr"}
{"timestamp":"2026-06-01T08:26:45.038244Z","level":"error","event":"    self.dbapi_connection = connection = pool._invoke_creator(self)","logger":"task.stderr"}
{"timestamp":"2026-06-01T08:26:45.038819Z","level":"error","event":"                                         ~~~~~~~~~~~~~~~~~~~~^^^^^^","logger":"task.stderr"}
{"timestamp":"2026-06-01T08:26:45.040232Z","level":"error","event":"  File \"/home/system/.wsl_venv/lib/python3.14/site-packages/sqlalchemy/engine/create.py\", line 667, in connect","logger":"task.stderr"}
{"timestamp":"2026-06-01T08:26:45.040844Z","level":"error","event":"    return dialect.connect(*cargs_tup, **cparams)","logger":"task.stderr"}
{"timestamp":"2026-06-01T08:26:45.041324Z","level":"error","event":"           ~~~~~~~~~~~~~~~^^^^^^^^^^^^^^^^^^^^^^^","logger":"task.stderr"}
{"timestamp":"2026-06-01T08:26:45.041775Z","level":"error","event":"  File \"/home/system/.wsl_venv/lib/python3.14/site-packages/sqlalchemy/engine/default.py\", line 630, in connect","logger":"task.stderr"}
{"timestamp":"2026-06-01T08:26:45.042189Z","level":"error","event":"    return self.loaded_dbapi.connect(*cargs, **cparams)  # type: ignore[no-any-return]  # NOQA: E501","logger":"task.stderr"}
{"timestamp":"2026-06-01T08:26:45.042562Z","level":"error","event":"           ~~~~~~~~~~~~~~~~~~~~~~~~~^^^^^^^^^^^^^^^^^^^","logger":"task.stderr"}
{"timestamp":"2026-06-01T08:26:45.042871Z","level":"error","event":"  File \"/home/system/.wsl_venv/lib/python3.14/site-packages/pymysql/connections.py\", line 372, in __init__","logger":"task.stderr"}
{"timestamp":"2026-06-01T08:26:45.043223Z","level":"error","event":"    self.connect()","logger":"task.stderr"}
{"timestamp":"2026-06-01T08:26:45.043619Z","level":"error","event":"    ~~~~~~~~~~~~^^","logger":"task.stderr"}
{"timestamp":"2026-06-01T08:26:45.044024Z","level":"error","event":"  File \"/home/system/.wsl_venv/lib/python3.14/site-packages/pymysql/connections.py\", line 744, in connect","logger":"task.stderr"}
{"timestamp":"2026-06-01T08:26:45.044497Z","level":"error","event":"    raise exc","logger":"task.stderr"}
{"timestamp":"2026-06-01T08:26:45.044894Z","level":"error","event":"pymysql.err.OperationalError: (2003, \"Can't connect to MySQL server on 'localhost' ([Errno 111] Connection refused)\")","logger":"task.stderr"}
{"timestamp":"2026-06-01T08:26:45.045345Z","level":"error","event":"","logger":"task.stderr"}
{"timestamp":"2026-06-01T08:26:45.046660Z","level":"error","event":"The above exception was the direct cause of the following exception:","logger":"task.stderr"}
{"timestamp":"2026-06-01T08:26:45.047069Z","level":"error","event":"","logger":"task.stderr"}
{"timestamp":"2026-06-01T08:26:45.047502Z","level":"error","event":"Traceback (most recent call last):","logger":"task.stderr"}
{"timestamp":"2026-06-01T08:26:45.048039Z","level":"error","event":"  File \"/mnt/c/Sagar/Futsal_ML/Futsal-ML-Analysis/Futsal_Match_Prediction/pipeline/data_pipeline.py\", line 13, in match_run_pipeline","logger":"task.stderr"}
{"timestamp":"2026-06-01T08:26:45.048467Z","level":"error","event":"    matches = self.ingestion.ingest_match_data()","logger":"task.stderr"}
{"timestamp":"2026-06-01T08:26:45.048904Z","level":"error","event":"  File \"/mnt/c/Sagar/Futsal_ML/Futsal-ML-Analysis/Futsal_Match_Prediction/components/data_ingestion.py\", line 45, in ingest_match_data","logger":"task.stderr"}
{"timestamp":"2026-06-01T08:26:45.049366Z","level":"error","event":"    matches_raw = self.read_match_data()","logger":"task.stderr"}
{"timestamp":"2026-06-01T08:26:45.049796Z","level":"error","event":"  File \"/mnt/c/Sagar/Futsal_ML/Futsal-ML-Analysis/Futsal_Match_Prediction/components/data_ingestion.py\", line 29, in read_match_data","logger":"task.stderr"}
{"timestamp":"2026-06-01T08:26:45.050177Z","level":"error","event":"    return pd.read_sql(\"SELECT * FROM futsal_men_matches\", self.engine)","logger":"task.stderr"}
{"timestamp":"2026-06-01T08:26:45.050597Z","level":"error","event":"           ~~~~~~~~~~~^^^^^^^^^^^^^^^^^^^^^^^^^^^^^^^^^^^^^^^^^^^^^^^^^","logger":"task.stderr"}
{"timestamp":"2026-06-01T08:26:45.051022Z","level":"error","event":"  File \"/home/system/.wsl_venv/lib/python3.14/site-packages/pandas/io/sql.py\", line 700, in read_sql","logger":"task.stderr"}
{"timestamp":"2026-06-01T08:26:45.051813Z","level":"error","event":"    with pandasSQL_builder(con) as pandas_sql:","logger":"task.stderr"}
{"timestamp":"2026-06-01T08:26:45.052693Z","level":"error","event":"         ~~~~~~~~~~~~~~~~~^^^^^","logger":"task.stderr"}
{"timestamp":"2026-06-01T08:26:45.053186Z","level":"error","event":"  File \"/home/system/.wsl_venv/lib/python3.14/site-packages/pandas/io/sql.py\", line 908, in pandasSQL_builder","logger":"task.stderr"}
{"timestamp":"2026-06-01T08:26:45.053644Z","level":"error","event":"    return SQLDatabase(con, schema, need_transaction)","logger":"task.stderr"}
{"timestamp":"2026-06-01T08:26:45.054066Z","level":"error","event":"  File \"/home/system/.wsl_venv/lib/python3.14/site-packages/pandas/io/sql.py\", line 1649, in __init__","logger":"task.stderr"}
{"timestamp":"2026-06-01T08:26:45.054676Z","level":"error","event":"    con = self.exit_stack.enter_context(con.connect())","logger":"task.stderr"}
{"timestamp":"2026-06-01T08:26:45.056487Z","level":"error","event":"                                        ~~~~~~~~~~~^^","logger":"task.stderr"}
{"timestamp":"2026-06-01T08:26:45.057096Z","level":"error","event":"  File \"/home/system/.wsl_venv/lib/python3.14/site-packages/sqlalchemy/engine/base.py\", line 3295, in connect","logger":"task.stderr"}
{"timestamp":"2026-06-01T08:26:45.057585Z","level":"error","event":"    return self._connection_cls(self)","logger":"task.stderr"}
{"timestamp":"2026-06-01T08:26:45.058121Z","level":"error","event":"           ~~~~~~~~~~~~~~~~~~~~^^^^^^","logger":"task.stderr"}
{"timestamp":"2026-06-01T08:26:45.058965Z","level":"error","event":"  File \"/home/system/.wsl_venv/lib/python3.14/site-packages/sqlalchemy/engine/base.py\", line 146, in __init__","logger":"task.stderr"}
{"timestamp":"2026-06-01T08:26:45.059601Z","level":"error","event":"    Connection._handle_dbapi_exception_noconnection(","logger":"task.stderr"}
{"timestamp":"2026-06-01T08:26:45.060067Z","level":"error","event":"    ~~~~~~~~~~~~~~~~~~~~~~~~~~~~~~~~~~~~~~~~~~~~~~~^","logger":"task.stderr"}
{"timestamp":"2026-06-01T08:26:45.060521Z","level":"error","event":"        err, dialect, engine","logger":"task.stderr"}
{"timestamp":"2026-06-01T08:26:45.060935Z","level":"error","event":"        ^^^^^^^^^^^^^^^^^^^^","logger":"task.stderr"}
{"timestamp":"2026-06-01T08:26:45.061381Z","level":"error","event":"    )","logger":"task.stderr"}
{"timestamp":"2026-06-01T08:26:45.061834Z","level":"error","event":"    ^","logger":"task.stderr"}
{"timestamp":"2026-06-01T08:26:45.062232Z","level":"error","event":"  File \"/home/system/.wsl_venv/lib/python3.14/site-packages/sqlalchemy/engine/base.py\", line 2450, in _handle_dbapi_exception_noconnection","logger":"task.stderr"}
{"timestamp":"2026-06-01T08:26:45.062802Z","level":"error","event":"    raise sqlalchemy_exception.with_traceback(exc_info[2]) from e","logger":"task.stderr"}
{"timestamp":"2026-06-01T08:26:45.063213Z","level":"error","event":"  File \"/home/system/.wsl_venv/lib/python3.14/site-packages/sqlalchemy/engine/base.py\", line 144, in __init__","logger":"task.stderr"}
{"timestamp":"2026-06-01T08:26:45.063637Z","level":"error","event":"    self._dbapi_connection = engine.raw_connection()","logger":"task.stderr"}
{"timestamp":"2026-06-01T08:26:45.064032Z","level":"error","event":"                             ~~~~~~~~~~~~~~~~~~~~~^^","logger":"task.stderr"}
{"timestamp":"2026-06-01T08:26:45.064513Z","level":"error","event":"  File \"/home/system/.wsl_venv/lib/python3.14/site-packages/sqlalchemy/engine/base.py\", line 3319, in raw_connection","logger":"task.stderr"}
{"timestamp":"2026-06-01T08:26:45.064928Z","level":"error","event":"    return self.pool.connect()","logger":"task.stderr"}
{"timestamp":"2026-06-01T08:26:45.065860Z","level":"error","event":"           ~~~~~~~~~~~~~~~~~^^","logger":"task.stderr"}
{"timestamp":"2026-06-01T08:26:45.066530Z","level":"error","event":"  File \"/home/system/.wsl_venv/lib/python3.14/site-packages/sqlalchemy/pool/base.py\", line 448, in connect","logger":"task.stderr"}
{"timestamp":"2026-06-01T08:26:45.066900Z","level":"error","event":"    return _ConnectionFairy._checkout(self)","logger":"task.stderr"}
{"timestamp":"2026-06-01T08:26:45.067324Z","level":"error","event":"           ~~~~~~~~~~~~~~~~~~~~~~~~~~^^^^^^","logger":"task.stderr"}
{"timestamp":"2026-06-01T08:26:45.067835Z","level":"error","event":"  File \"/home/system/.wsl_venv/lib/python3.14/site-packages/sqlalchemy/pool/base.py\", line 1272, in _checkout","logger":"task.stderr"}
{"timestamp":"2026-06-01T08:26:45.068229Z","level":"error","event":"    fairy = _ConnectionRecord.checkout(pool)","logger":"task.stderr"}
{"timestamp":"2026-06-01T08:26:45.068658Z","level":"error","event":"  File \"/home/system/.wsl_venv/lib/python3.14/site-packages/sqlalchemy/pool/base.py\", line 712, in checkout","logger":"task.stderr"}
{"timestamp":"2026-06-01T08:26:45.069120Z","level":"error","event":"    rec = pool._do_get()","logger":"task.stderr"}
{"timestamp":"2026-06-01T08:26:45.069903Z","level":"error","event":"  File \"/home/system/.wsl_venv/lib/python3.14/site-packages/sqlalchemy/pool/impl.py\", line 178, in _do_get","logger":"task.stderr"}
{"timestamp":"2026-06-01T08:26:45.070896Z","level":"error","event":"    with util.safe_reraise():","logger":"task.stderr"}
{"timestamp":"2026-06-01T08:26:45.072963Z","level":"error","event":"         ~~~~~~~~~~~~~~~~~^^","logger":"task.stderr"}
{"timestamp":"2026-06-01T08:26:45.073753Z","level":"error","event":"  File \"/home/system/.wsl_venv/lib/python3.14/site-packages/sqlalchemy/util/langhelpers.py\", line 122, in __exit__","logger":"task.stderr"}
{"timestamp":"2026-06-01T08:26:45.074456Z","level":"error","event":"    raise exc_value.with_traceback(exc_tb)","logger":"task.stderr"}
{"timestamp":"2026-06-01T08:26:45.075082Z","level":"error","event":"  File \"/home/system/.wsl_venv/lib/python3.14/site-packages/sqlalchemy/pool/impl.py\", line 176, in _do_get","logger":"task.stderr"}
{"timestamp":"2026-06-01T08:26:45.075541Z","level":"error","event":"    return self._create_connection()","logger":"task.stderr"}
{"timestamp":"2026-06-01T08:26:45.076012Z","level":"error","event":"           ~~~~~~~~~~~~~~~~~~~~~~~^^","logger":"task.stderr"}
{"timestamp":"2026-06-01T08:26:45.076453Z","level":"error","event":"  File \"/home/system/.wsl_venv/lib/python3.14/site-packages/sqlalchemy/pool/base.py\", line 389, in _create_connection","logger":"task.stderr"}
{"timestamp":"2026-06-01T08:26:45.076886Z","level":"error","event":"    return _ConnectionRecord(self)","logger":"task.stderr"}
{"timestamp":"2026-06-01T08:26:45.077248Z","level":"error","event":"  File \"/home/system/.wsl_venv/lib/python3.14/site-packages/sqlalchemy/pool/base.py\", line 674, in __init__","logger":"task.stderr"}
{"timestamp":"2026-06-01T08:26:45.077677Z","level":"error","event":"    self.__connect()","logger":"task.stderr"}
{"timestamp":"2026-06-01T08:26:45.078095Z","level":"error","event":"    ~~~~~~~~~~~~~~^^","logger":"task.stderr"}
{"timestamp":"2026-06-01T08:26:45.079019Z","level":"error","event":"  File \"/home/system/.wsl_venv/lib/python3.14/site-packages/sqlalchemy/pool/base.py\", line 900, in __connect","logger":"task.stderr"}
{"timestamp":"2026-06-01T08:26:45.079491Z","level":"error","event":"    with util.safe_reraise():","logger":"task.stderr"}
{"timestamp":"2026-06-01T08:26:45.079921Z","level":"error","event":"         ~~~~~~~~~~~~~~~~~^^","logger":"task.stderr"}
{"timestamp":"2026-06-01T08:26:45.080287Z","level":"error","event":"  File \"/home/system/.wsl_venv/lib/python3.14/site-packages/sqlalchemy/util/langhelpers.py\", line 122, in __exit__","logger":"task.stderr"}
{"timestamp":"2026-06-01T08:26:45.080683Z","level":"error","event":"    raise exc_value.with_traceback(exc_tb)","logger":"task.stderr"}
{"timestamp":"2026-06-01T08:26:45.081099Z","level":"error","event":"  File \"/home/system/.wsl_venv/lib/python3.14/site-packages/sqlalchemy/pool/base.py\", line 896, in __connect","logger":"task.stderr"}
{"timestamp":"2026-06-01T08:26:45.081690Z","level":"error","event":"    self.dbapi_connection = connection = pool._invoke_creator(self)","logger":"task.stderr"}
{"timestamp":"2026-06-01T08:26:45.082152Z","level":"info","event":"","logger":"task.stdout"}
{"timestamp":"2026-06-01T08:26:45.082570Z","level":"info","event":"--- Running Player Data Pipeline ---","logger":"task.stdout"}
{"timestamp":"2026-06-01T08:26:45.083068Z","level":"error","event":"                                         ~~~~~~~~~~~~~~~~~~~~^^^^^^","logger":"task.stderr"}
{"timestamp":"2026-06-01T08:26:45.083489Z","level":"error","event":"  File \"/home/system/.wsl_venv/lib/python3.14/site-packages/sqlalchemy/engine/create.py\", line 667, in connect","logger":"task.stderr"}
{"timestamp":"2026-06-01T08:26:45.083889Z","level":"error","event":"    return dialect.connect(*cargs_tup, **cparams)","logger":"task.stderr"}
{"timestamp":"2026-06-01T08:26:45.084285Z","level":"error","event":"           ~~~~~~~~~~~~~~~^^^^^^^^^^^^^^^^^^^^^^^","logger":"task.stderr"}
{"timestamp":"2026-06-01T08:26:45.085155Z","level":"error","event":"  File \"/home/system/.wsl_venv/lib/python3.14/site-packages/sqlalchemy/engine/default.py\", line 630, in connect","logger":"task.stderr"}
{"timestamp":"2026-06-01T08:26:45.085627Z","level":"error","event":"    return self.loaded_dbapi.connect(*cargs, **cparams)  # type: ignore[no-any-return]  # NOQA: E501","logger":"task.stderr"}
{"timestamp":"2026-06-01T08:26:45.086095Z","level":"error","event":"           ~~~~~~~~~~~~~~~~~~~~~~~~~^^^^^^^^^^^^^^^^^^^","logger":"task.stderr"}
{"timestamp":"2026-06-01T08:26:45.086546Z","level":"error","event":"  File \"/home/system/.wsl_venv/lib/python3.14/site-packages/pymysql/connections.py\", line 372, in __init__","logger":"task.stderr"}
{"timestamp":"2026-06-01T08:26:45.086916Z","level":"error","event":"    self.connect()","logger":"task.stderr"}
{"timestamp":"2026-06-01T08:26:45.087302Z","level":"error","event":"    ~~~~~~~~~~~~^^","logger":"task.stderr"}
{"timestamp":"2026-06-01T08:26:45.087682Z","level":"error","event":"  File \"/home/system/.wsl_venv/lib/python3.14/site-packages/pymysql/connections.py\", line 744, in connect","logger":"task.stderr"}
{"timestamp":"2026-06-01T08:26:45.088036Z","level":"error","event":"    raise exc","logger":"task.stderr"}
{"timestamp":"2026-06-01T08:26:45.088560Z","level":"error","event":"sqlalchemy.exc.OperationalError: (pymysql.err.OperationalError) (2003, \"Can't connect to MySQL server on 'localhost' ([Errno 111] Connection refused)\")","logger":"task.stderr"}
{"timestamp":"2026-06-01T08:26:45.089071Z","level":"error","event":"(Background on this error at: https://sqlalche.me/e/20/e3q8)","logger":"task.stderr"}
{"timestamp":"2026-06-01T08:26:45.089500Z","level":"error","event":"Traceback (most recent call last):","logger":"task.stderr"}
{"timestamp":"2026-06-01T08:26:45.089977Z","level":"error","event":"  File \"/home/system/.wsl_venv/lib/python3.14/site-packages/pymysql/connections.py\", line 682, in connect","logger":"task.stderr"}
{"timestamp":"2026-06-01T08:26:45.090580Z","level":"error","event":"    sock = socket.create_connection(","logger":"task.stderr"}
{"timestamp":"2026-06-01T08:26:45.091095Z","level":"error","event":"        (self.host, self.port), self.connect_timeout, **kwargs","logger":"task.stderr"}
{"timestamp":"2026-06-01T08:26:45.092113Z","level":"error","event":"    )","logger":"task.stderr"}
{"timestamp":"2026-06-01T08:26:45.092608Z","level":"error","event":"  File \"/usr/lib/python3.14/socket.py\", line 870, in create_connection","logger":"task.stderr"}
{"timestamp":"2026-06-01T08:26:45.093051Z","level":"error","event":"    raise exceptions[0]","logger":"task.stderr"}
{"timestamp":"2026-06-01T08:26:45.093424Z","level":"error","event":"  File \"/usr/lib/python3.14/socket.py\", line 855, in create_connection","logger":"task.stderr"}
{"timestamp":"2026-06-01T08:26:45.093819Z","level":"error","event":"    sock.connect(sa)","logger":"task.stderr"}
{"timestamp":"2026-06-01T08:26:45.094241Z","level":"error","event":"    ~~~~~~~~~~~~^^^^","logger":"task.stderr"}
{"timestamp":"2026-06-01T08:26:45.094686Z","level":"error","event":"ConnectionRefusedError: [Errno 111] Connection refused","logger":"task.stderr"}
{"timestamp":"2026-06-01T08:26:45.095085Z","level":"error","event":"","logger":"task.stderr"}
{"timestamp":"2026-06-01T08:26:45.095565Z","level":"error","event":"During handling of the above exception, another exception occurred:","logger":"task.stderr"}
{"timestamp":"2026-06-01T08:26:45.095918Z","level":"error","event":"","logger":"task.stderr"}
{"timestamp":"2026-06-01T08:26:45.096358Z","level":"error","event":"Traceback (most recent call last):","logger":"task.stderr"}
{"timestamp":"2026-06-01T08:26:45.096760Z","level":"error","event":"  File \"/home/system/.wsl_venv/lib/python3.14/site-packages/sqlalchemy/engine/base.py\", line 144, in __init__","logger":"task.stderr"}
{"timestamp":"2026-06-01T08:26:45.097207Z","level":"error","event":"    self._dbapi_connection = engine.raw_connection()","logger":"task.stderr"}
{"timestamp":"2026-06-01T08:26:45.097604Z","level":"error","event":"                             ~~~~~~~~~~~~~~~~~~~~~^^","logger":"task.stderr"}
{"timestamp":"2026-06-01T08:26:45.098242Z","level":"error","event":"  File \"/home/system/.wsl_venv/lib/python3.14/site-packages/sqlalchemy/engine/base.py\", line 3319, in raw_connection","logger":"task.stderr"}
{"timestamp":"2026-06-01T08:26:45.098671Z","level":"error","event":"    return self.pool.connect()","logger":"task.stderr"}
{"timestamp":"2026-06-01T08:26:45.099103Z","level":"error","event":"           ~~~~~~~~~~~~~~~~~^^","logger":"task.stderr"}
{"timestamp":"2026-06-01T08:26:45.099676Z","level":"error","event":"  File \"/home/system/.wsl_venv/lib/python3.14/site-packages/sqlalchemy/pool/base.py\", line 448, in connect","logger":"task.stderr"}
{"timestamp":"2026-06-01T08:26:45.100189Z","level":"error","event":"    return _ConnectionFairy._checkout(self)","logger":"task.stderr"}
{"timestamp":"2026-06-01T08:26:45.100628Z","level":"error","event":"           ~~~~~~~~~~~~~~~~~~~~~~~~~~^^^^^^","logger":"task.stderr"}
{"timestamp":"2026-06-01T08:26:45.101018Z","level":"error","event":"  File \"/home/system/.wsl_venv/lib/python3.14/site-packages/sqlalchemy/pool/base.py\", line 1272, in _checkout","logger":"task.stderr"}
{"timestamp":"2026-06-01T08:26:45.101377Z","level":"error","event":"    fairy = _ConnectionRecord.checkout(pool)","logger":"task.stderr"}
{"timestamp":"2026-06-01T08:26:45.101739Z","level":"error","event":"  File \"/home/system/.wsl_venv/lib/python3.14/site-packages/sqlalchemy/pool/base.py\", line 712, in checkout","logger":"task.stderr"}
{"timestamp":"2026-06-01T08:26:45.102099Z","level":"error","event":"    rec = pool._do_get()","logger":"task.stderr"}
{"timestamp":"2026-06-01T08:26:45.102470Z","level":"error","event":"  File \"/home/system/.wsl_venv/lib/python3.14/site-packages/sqlalchemy/pool/impl.py\", line 178, in _do_get","logger":"task.stderr"}
{"timestamp":"2026-06-01T08:26:45.102890Z","level":"error","event":"    with util.safe_reraise():","logger":"task.stderr"}
{"timestamp":"2026-06-01T08:26:45.103415Z","level":"error","event":"         ~~~~~~~~~~~~~~~~~^^","logger":"task.stderr"}
{"timestamp":"2026-06-01T08:26:45.103842Z","level":"error","event":"  File \"/home/system/.wsl_venv/lib/python3.14/site-packages/sqlalchemy/util/langhelpers.py\", line 122, in __exit__","logger":"task.stderr"}
{"timestamp":"2026-06-01T08:26:45.104270Z","level":"error","event":"    raise exc_value.with_traceback(exc_tb)","logger":"task.stderr"}
{"timestamp":"2026-06-01T08:26:45.104938Z","level":"error","event":"  File \"/home/system/.wsl_venv/lib/python3.14/site-packages/sqlalchemy/pool/impl.py\", line 176, in _do_get","logger":"task.stderr"}
{"timestamp":"2026-06-01T08:26:45.105784Z","level":"error","event":"    return self._create_connection()","logger":"task.stderr"}
{"timestamp":"2026-06-01T08:26:45.106246Z","level":"error","event":"           ~~~~~~~~~~~~~~~~~~~~~~~^^","logger":"task.stderr"}
{"timestamp":"2026-06-01T08:26:45.106791Z","level":"error","event":"  File \"/home/system/.wsl_venv/lib/python3.14/site-packages/sqlalchemy/pool/base.py\", line 389, in _create_connection","logger":"task.stderr"}
{"timestamp":"2026-06-01T08:26:45.107283Z","level":"error","event":"    return _ConnectionRecord(self)","logger":"task.stderr"}
{"timestamp":"2026-06-01T08:26:45.107933Z","level":"error","event":"  File \"/home/system/.wsl_venv/lib/python3.14/site-packages/sqlalchemy/pool/base.py\", line 674, in __init__","logger":"task.stderr"}
{"timestamp":"2026-06-01T08:26:45.108361Z","level":"error","event":"    self.__connect()","logger":"task.stderr"}
{"timestamp":"2026-06-01T08:26:45.108714Z","level":"error","event":"    ~~~~~~~~~~~~~~^^","logger":"task.stderr"}
{"timestamp":"2026-06-01T08:26:45.109065Z","level":"error","event":"  File \"/home/system/.wsl_venv/lib/python3.14/site-packages/sqlalchemy/pool/base.py\", line 900, in __connect","logger":"task.stderr"}
{"timestamp":"2026-06-01T08:26:45.109409Z","level":"error","event":"    with util.safe_reraise():","logger":"task.stderr"}
{"timestamp":"2026-06-01T08:26:45.109734Z","level":"error","event":"         ~~~~~~~~~~~~~~~~~^^","logger":"task.stderr"}
{"timestamp":"2026-06-01T08:26:45.110065Z","level":"error","event":"  File \"/home/system/.wsl_venv/lib/python3.14/site-packages/sqlalchemy/util/langhelpers.py\", line 122, in __exit__","logger":"task.stderr"}
{"timestamp":"2026-06-01T08:26:45.110388Z","level":"error","event":"    raise exc_value.with_traceback(exc_tb)","logger":"task.stderr"}
{"timestamp":"2026-06-01T08:26:45.111523Z","level":"error","event":"  File \"/home/system/.wsl_venv/lib/python3.14/site-packages/sqlalchemy/pool/base.py\", line 896, in __connect","logger":"task.stderr"}
{"timestamp":"2026-06-01T08:26:45.111903Z","level":"error","event":"    self.dbapi_connection = connection = pool._invoke_creator(self)","logger":"task.stderr"}
{"timestamp":"2026-06-01T08:26:45.112239Z","level":"error","event":"                                         ~~~~~~~~~~~~~~~~~~~~^^^^^^","logger":"task.stderr"}
{"timestamp":"2026-06-01T08:26:45.112578Z","level":"error","event":"  File \"/home/system/.wsl_venv/lib/python3.14/site-packages/sqlalchemy/engine/create.py\", line 667, in connect","logger":"task.stderr"}
{"timestamp":"2026-06-01T08:26:45.112917Z","level":"error","event":"    return dialect.connect(*cargs_tup, **cparams)","logger":"task.stderr"}
{"timestamp":"2026-06-01T08:26:45.113306Z","level":"error","event":"           ~~~~~~~~~~~~~~~^^^^^^^^^^^^^^^^^^^^^^^","logger":"task.stderr"}
{"timestamp":"2026-06-01T08:26:45.057583Z","level":"error","event":"Task failed with exception","dag_id":"futsal_nightly_db_pipeline","map_index":-1,"try_number":1,"task_id":"extract_transform_load_db","run_id":"manual__2026-06-01T08:26:39.274928+00:00","ti_id":"019e824a-c754-74c0-ac8e-eb5cf6f858f7","logger":"task","filename":"task_runner.py","lineno":1381,"error_detail":[{"exc_type":"TypeError","exc_value":"object of type 'NoneType' has no len()","exc_notes":[],"syntax_error":null,"is_cause":false,"frames":[{"filename":"/home/system/.wsl_venv/lib/python3.14/site-packages/airflow/sdk/execution_time/task_runner.py","lineno":1287,"name":"run"},{"filename":"/home/system/.wsl_venv/lib/python3.14/site-packages/airflow/sdk/execution_time/task_runner.py","lineno":1745,"name":"_execute_task"},{"filename":"/home/system/.wsl_venv/lib/python3.14/site-packages/airflow/sdk/bases/operator.py","lineno":443,"name":"wrapper"},{"filename":"/home/system/.wsl_venv/lib/python3.14/site-packages/airflow/providers/standard/operators/python.py","lineno":231,"name":"execute"},{"filename":"/home/system/.wsl_venv/lib/python3.14/site-packages/airflow/providers/standard/operators/python.py","lineno":254,"name":"execute_callable"},{"filename":"/home/system/.wsl_venv/lib/python3.14/site-packages/airflow/sdk/execution_time/callback_runner.py","lineno":97,"name":"run"},{"filename":"/mnt/c/Sagar/Futsal_ML/Futsal-ML-Analysis/Futsal_Match_Prediction/airflow/dags/futsal_pipeline.py","lineno":24,"name":"run_data_etl"}],"is_group":false,"exceptions":[]}]}
{"timestamp":"2026-06-01T08:26:45.058125Z","level":"info","event":"::group::Post Execute","dag_id":"futsal_nightly_db_pipeline","map_index":-1,"try_number":1,"task_id":"extract_transform_load_db","run_id":"manual__2026-06-01T08:26:39.274928+00:00","ti_id":"019e824a-c754-74c0-ac8e-eb5cf6f858f7","logger":"task","filename":"task_runner.py","lineno":1382}
{"timestamp":"2026-06-01T08:26:45.210082Z","level":"error","event":"  File \"/home/system/.wsl_venv/lib/python3.14/site-packages/sqlalchemy/engine/default.py\", line 630, in connect","logger":"task.stderr"}
{"timestamp":"2026-06-01T08:26:45.210625Z","level":"error","event":"    return self.loaded_dbapi.connect(*cargs, **cparams)  # type: ignore[no-any-return]  # NOQA: E501","logger":"task.stderr"}
{"timestamp":"2026-06-01T08:26:45.211245Z","level":"error","event":"           ~~~~~~~~~~~~~~~~~~~~~~~~~^^^^^^^^^^^^^^^^^^^","logger":"task.stderr"}
{"timestamp":"2026-06-01T08:26:45.211682Z","level":"error","event":"  File \"/home/system/.wsl_venv/lib/python3.14/site-packages/pymysql/connections.py\", line 372, in __init__","logger":"task.stderr"}
{"timestamp":"2026-06-01T08:26:45.212313Z","level":"error","event":"    self.connect()","logger":"task.stderr"}
{"timestamp":"2026-06-01T08:26:45.212782Z","level":"error","event":"    ~~~~~~~~~~~~^^","logger":"task.stderr"}
{"timestamp":"2026-06-01T08:26:45.213254Z","level":"error","event":"  File \"/home/system/.wsl_venv/lib/python3.14/site-packages/pymysql/connections.py\", line 744, in connect","logger":"task.stderr"}
{"timestamp":"2026-06-01T08:26:45.213702Z","level":"error","event":"    raise exc","logger":"task.stderr"}
{"timestamp":"2026-06-01T08:26:45.214127Z","level":"error","event":"pymysql.err.OperationalError: (2003, \"Can't connect to MySQL server on 'localhost' ([Errno 111] Connection refused)\")","logger":"task.stderr"}
{"timestamp":"2026-06-01T08:26:45.214580Z","level":"error","event":"","logger":"task.stderr"}
{"timestamp":"2026-06-01T08:26:45.215088Z","level":"error","event":"The above exception was the direct cause of the following exception:","logger":"task.stderr"}
{"timestamp":"2026-06-01T08:26:45.215747Z","level":"error","event":"","logger":"task.stderr"}
{"timestamp":"2026-06-01T08:26:45.216245Z","level":"error","event":"Traceback (most recent call last):","logger":"task.stderr"}
{"timestamp":"2026-06-01T08:26:45.216684Z","level":"error","event":"  File \"/mnt/c/Sagar/Futsal_ML/Futsal-ML-Analysis/Futsal_Match_Prediction/pipeline/data_pipeline.py\", line 27, in player_run_pipeline","logger":"task.stderr"}
{"timestamp":"2026-06-01T08:26:45.217040Z","level":"error","event":"    matches = self.ingestion.ingest_match_data()","logger":"task.stderr"}
{"timestamp":"2026-06-01T08:26:45.217447Z","level":"error","event":"  File \"/mnt/c/Sagar/Futsal_ML/Futsal-ML-Analysis/Futsal_Match_Prediction/components/data_ingestion.py\", line 45, in ingest_match_data","logger":"task.stderr"}
{"timestamp":"2026-06-01T08:26:45.217931Z","level":"error","event":"    matches_raw = self.read_match_data()","logger":"task.stderr"}
{"timestamp":"2026-06-01T08:26:45.218392Z","level":"error","event":"  File \"/mnt/c/Sagar/Futsal_ML/Futsal-ML-Analysis/Futsal_Match_Prediction/components/data_ingestion.py\", line 29, in read_match_data","logger":"task.stderr"}
{"timestamp":"2026-06-01T08:26:45.219197Z","level":"error","event":"    return pd.read_sql(\"SELECT * FROM futsal_men_matches\", self.engine)","logger":"task.stderr"}
{"timestamp":"2026-06-01T08:26:45.220018Z","level":"error","event":"           ~~~~~~~~~~~^^^^^^^^^^^^^^^^^^^^^^^^^^^^^^^^^^^^^^^^^^^^^^^^^","logger":"task.stderr"}
{"timestamp":"2026-06-01T08:26:45.220564Z","level":"error","event":"  File \"/home/system/.wsl_venv/lib/python3.14/site-packages/pandas/io/sql.py\", line 700, in read_sql","logger":"task.stderr"}
{"timestamp":"2026-06-01T08:26:45.221147Z","level":"error","event":"    with pandasSQL_builder(con) as pandas_sql:","logger":"task.stderr"}
{"timestamp":"2026-06-01T08:26:45.221757Z","level":"error","event":"         ~~~~~~~~~~~~~~~~~^^^^^","logger":"task.stderr"}
{"timestamp":"2026-06-01T08:26:45.222366Z","level":"error","event":"  File \"/home/system/.wsl_venv/lib/python3.14/site-packages/pandas/io/sql.py\", line 908, in pandasSQL_builder","logger":"task.stderr"}
{"timestamp":"2026-06-01T08:26:45.222928Z","level":"error","event":"    return SQLDatabase(con, schema, need_transaction)","logger":"task.stderr"}
{"timestamp":"2026-06-01T08:26:45.223454Z","level":"error","event":"  File \"/home/system/.wsl_venv/lib/python3.14/site-packages/pandas/io/sql.py\", line 1649, in __init__","logger":"task.stderr"}
{"timestamp":"2026-06-01T08:26:45.223903Z","level":"error","event":"    con = self.exit_stack.enter_context(con.connect())","logger":"task.stderr"}
{"timestamp":"2026-06-01T08:26:45.224326Z","level":"error","event":"                                        ~~~~~~~~~~~^^","logger":"task.stderr"}
{"timestamp":"2026-06-01T08:26:45.224853Z","level":"error","event":"  File \"/home/system/.wsl_venv/lib/python3.14/site-packages/sqlalchemy/engine/base.py\", line 3295, in connect","logger":"task.stderr"}
{"timestamp":"2026-06-01T08:26:45.225385Z","level":"error","event":"    return self._connection_cls(self)","logger":"task.stderr"}
{"timestamp":"2026-06-01T08:26:45.225845Z","level":"error","event":"           ~~~~~~~~~~~~~~~~~~~~^^^^^^","logger":"task.stderr"}
{"timestamp":"2026-06-01T08:26:45.226335Z","level":"error","event":"  File \"/home/system/.wsl_venv/lib/python3.14/site-packages/sqlalchemy/engine/base.py\", line 146, in __init__","logger":"task.stderr"}
{"timestamp":"2026-06-01T08:26:45.226879Z","level":"error","event":"    Connection._handle_dbapi_exception_noconnection(","logger":"task.stderr"}
{"timestamp":"2026-06-01T08:26:45.227466Z","level":"error","event":"    ~~~~~~~~~~~~~~~~~~~~~~~~~~~~~~~~~~~~~~~~~~~~~~~^","logger":"task.stderr"}
{"timestamp":"2026-06-01T08:26:45.228009Z","level":"error","event":"        err, dialect, engine","logger":"task.stderr"}
{"timestamp":"2026-06-01T08:26:45.228462Z","level":"error","event":"        ^^^^^^^^^^^^^^^^^^^^","logger":"task.stderr"}
{"timestamp":"2026-06-01T08:26:45.228921Z","level":"error","event":"    )","logger":"task.stderr"}
{"timestamp":"2026-06-01T08:26:45.229421Z","level":"error","event":"    ^","logger":"task.stderr"}
{"timestamp":"2026-06-01T08:26:45.229874Z","level":"error","event":"  File \"/home/system/.wsl_venv/lib/python3.14/site-packages/sqlalchemy/engine/base.py\", line 2450, in _handle_dbapi_exception_noconnection","logger":"task.stderr"}
{"timestamp":"2026-06-01T08:26:45.232341Z","level":"error","event":"    raise sqlalchemy_exception.with_traceback(exc_info[2]) from e","logger":"task.stderr"}
{"timestamp":"2026-06-01T08:26:45.232939Z","level":"error","event":"  File \"/home/system/.wsl_venv/lib/python3.14/site-packages/sqlalchemy/engine/base.py\", line 144, in __init__","logger":"task.stderr"}
{"timestamp":"2026-06-01T08:26:45.233477Z","level":"error","event":"    self._dbapi_connection = engine.raw_connection()","logger":"task.stderr"}
{"timestamp":"2026-06-01T08:26:45.233920Z","level":"error","event":"                             ~~~~~~~~~~~~~~~~~~~~~^^","logger":"task.stderr"}
{"timestamp":"2026-06-01T08:26:45.234374Z","level":"error","event":"  File \"/home/system/.wsl_venv/lib/python3.14/site-packages/sqlalchemy/engine/base.py\", line 3319, in raw_connection","logger":"task.stderr"}
{"timestamp":"2026-06-01T08:26:45.234844Z","level":"error","event":"    return self.pool.connect()","logger":"task.stderr"}
{"timestamp":"2026-06-01T08:26:45.235439Z","level":"error","event":"           ~~~~~~~~~~~~~~~~~^^","logger":"task.stderr"}
{"timestamp":"2026-06-01T08:26:45.236044Z","level":"error","event":"  File \"/home/system/.wsl_venv/lib/python3.14/site-packages/sqlalchemy/pool/base.py\", line 448, in connect","logger":"task.stderr"}
{"timestamp":"2026-06-01T08:26:45.236594Z","level":"error","event":"    return _ConnectionFairy._checkout(self)","logger":"task.stderr"}
{"timestamp":"2026-06-01T08:26:45.237204Z","level":"error","event":"           ~~~~~~~~~~~~~~~~~~~~~~~~~~^^^^^^","logger":"task.stderr"}
{"timestamp":"2026-06-01T08:26:45.238161Z","level":"error","event":"  File \"/home/system/.wsl_venv/lib/python3.14/site-packages/sqlalchemy/pool/base.py\", line 1272, in _checkout","logger":"task.stderr"}
{"timestamp":"2026-06-01T08:26:45.239017Z","level":"error","event":"    fairy = _ConnectionRecord.checkout(pool)","logger":"task.stderr"}
{"timestamp":"2026-06-01T08:26:45.239545Z","level":"error","event":"  File \"/home/system/.wsl_venv/lib/python3.14/site-packages/sqlalchemy/pool/base.py\", line 712, in checkout","logger":"task.stderr"}
{"timestamp":"2026-06-01T08:26:45.240021Z","level":"error","event":"    rec = pool._do_get()","logger":"task.stderr"}
{"timestamp":"2026-06-01T08:26:45.240508Z","level":"error","event":"  File \"/home/system/.wsl_venv/lib/python3.14/site-packages/sqlalchemy/pool/impl.py\", line 178, in _do_get","logger":"task.stderr"}
{"timestamp":"2026-06-01T08:26:45.241039Z","level":"error","event":"    with util.safe_reraise():","logger":"task.stderr"}
{"timestamp":"2026-06-01T08:26:45.241461Z","level":"error","event":"         ~~~~~~~~~~~~~~~~~^^","logger":"task.stderr"}
{"timestamp":"2026-06-01T08:26:45.241899Z","level":"error","event":"  File \"/home/system/.wsl_venv/lib/python3.14/site-packages/sqlalchemy/util/langhelpers.py\", line 122, in __exit__","logger":"task.stderr"}
{"timestamp":"2026-06-01T08:26:45.242330Z","level":"error","event":"    raise exc_value.with_traceback(exc_tb)","logger":"task.stderr"}
{"timestamp":"2026-06-01T08:26:45.242679Z","level":"error","event":"  File \"/home/system/.wsl_venv/lib/python3.14/site-packages/sqlalchemy/pool/impl.py\", line 176, in _do_get","logger":"task.stderr"}
{"timestamp":"2026-06-01T08:26:45.243009Z","level":"error","event":"    return self._create_connection()","logger":"task.stderr"}
{"timestamp":"2026-06-01T08:26:45.243368Z","level":"error","event":"           ~~~~~~~~~~~~~~~~~~~~~~~^^","logger":"task.stderr"}
{"timestamp":"2026-06-01T08:26:45.244017Z","level":"error","event":"  File \"/home/system/.wsl_venv/lib/python3.14/site-packages/sqlalchemy/pool/base.py\", line 389, in _create_connection","logger":"task.stderr"}
{"timestamp":"2026-06-01T08:26:45.244529Z","level":"error","event":"    return _ConnectionRecord(self)","logger":"task.stderr"}
{"timestamp":"2026-06-01T08:26:45.244919Z","level":"error","event":"  File \"/home/system/.wsl_venv/lib/python3.14/site-packages/sqlalchemy/pool/base.py\", line 674, in __init__","logger":"task.stderr"}
{"timestamp":"2026-06-01T08:26:45.245359Z","level":"error","event":"    self.__connect()","logger":"task.stderr"}
{"timestamp":"2026-06-01T08:26:45.245962Z","level":"error","event":"    ~~~~~~~~~~~~~~^^","logger":"task.stderr"}
{"timestamp":"2026-06-01T08:26:45.246824Z","level":"error","event":"  File \"/home/system/.wsl_venv/lib/python3.14/site-packages/sqlalchemy/pool/base.py\", line 900, in __connect","logger":"task.stderr"}
{"timestamp":"2026-06-01T08:26:45.247507Z","level":"error","event":"    with util.safe_reraise():","logger":"task.stderr"}
{"timestamp":"2026-06-01T08:26:45.248099Z","level":"error","event":"         ~~~~~~~~~~~~~~~~~^^","logger":"task.stderr"}
{"timestamp":"2026-06-01T08:26:45.248557Z","level":"error","event":"  File \"/home/system/.wsl_venv/lib/python3.14/site-packages/sqlalchemy/util/langhelpers.py\", line 122, in __exit__","logger":"task.stderr"}
{"timestamp":"2026-06-01T08:26:45.248987Z","level":"error","event":"    raise exc_value.with_traceback(exc_tb)","logger":"task.stderr"}
{"timestamp":"2026-06-01T08:26:45.249397Z","level":"error","event":"  File \"/home/system/.wsl_venv/lib/python3.14/site-packages/sqlalchemy/pool/base.py\", line 896, in __connect","logger":"task.stderr"}
{"timestamp":"2026-06-01T08:26:45.249761Z","level":"error","event":"    self.dbapi_connection = connection = pool._invoke_creator(self)","logger":"task.stderr"}
{"timestamp":"2026-06-01T08:26:45.250090Z","level":"error","event":"                                         ~~~~~~~~~~~~~~~~~~~~^^^^^^","logger":"task.stderr"}
{"timestamp":"2026-06-01T08:26:45.250408Z","level":"error","event":"  File \"/home/system/.wsl_venv/lib/python3.14/site-packages/sqlalchemy/engine/create.py\", line 667, in connect","logger":"task.stderr"}
{"timestamp":"2026-06-01T08:26:45.250719Z","level":"error","event":"    return dialect.connect(*cargs_tup, **cparams)","logger":"task.stderr"}
{"timestamp":"2026-06-01T08:26:45.251039Z","level":"error","event":"           ~~~~~~~~~~~~~~~^^^^^^^^^^^^^^^^^^^^^^^","logger":"task.stderr"}
{"timestamp":"2026-06-01T08:26:45.251359Z","level":"error","event":"  File \"/home/system/.wsl_venv/lib/python3.14/site-packages/sqlalchemy/engine/default.py\", line 630, in connect","logger":"task.stderr"}
{"timestamp":"2026-06-01T08:26:45.251867Z","level":"error","event":"    return self.loaded_dbapi.connect(*cargs, **cparams)  # type: ignore[no-any-return]  # NOQA: E501","logger":"task.stderr"}
{"timestamp":"2026-06-01T08:26:45.252328Z","level":"error","event":"           ~~~~~~~~~~~~~~~~~~~~~~~~~^^^^^^^^^^^^^^^^^^^","logger":"task.stderr"}
{"timestamp":"2026-06-01T08:26:45.252727Z","level":"error","event":"  File \"/home/system/.wsl_venv/lib/python3.14/site-packages/pymysql/connections.py\", line 372, in __init__","logger":"task.stderr"}
{"timestamp":"2026-06-01T08:26:45.253137Z","level":"error","event":"    self.connect()","logger":"task.stderr"}
{"timestamp":"2026-06-01T08:26:45.253720Z","level":"error","event":"    ~~~~~~~~~~~~^^","logger":"task.stderr"}
{"timestamp":"2026-06-01T08:26:45.254256Z","level":"error","event":"  File \"/home/system/.wsl_venv/lib/python3.14/site-packages/pymysql/connections.py\", line 744, in connect","logger":"task.stderr"}
{"timestamp":"2026-06-01T08:26:45.254742Z","level":"error","event":"    raise exc","logger":"task.stderr"}
{"timestamp":"2026-06-01T08:26:45.255614Z","level":"error","event":"sqlalchemy.exc.OperationalError: (pymysql.err.OperationalError) (2003, \"Can't connect to MySQL server on 'localhost' ([Errno 111] Connection refused)\")","logger":"task.stderr"}
{"timestamp":"2026-06-01T08:26:45.256233Z","level":"error","event":"(Background on this error at: https://sqlalche.me/e/20/e3q8)","logger":"task.stderr"}
{"timestamp":"2026-06-01T08:26:45.256797Z","level":"info","event":"Task instance in failure state","logger":"task.stdout"}
{"timestamp":"2026-06-01T08:26:45.257382Z","level":"info","event":"Task start","logger":"task.stdout"}
{"timestamp":"2026-06-01T08:26:45.258114Z","level":"info","event":"Task:<Task(PythonOperator): extract_transform_load_db>","logger":"task.stdout"}
{"timestamp":"2026-06-01T08:26:45.258829Z","level":"info","event":"Failure caused by object of type 'NoneType' has no len()","logger":"task.stdout"}
{"timestamp":"2026-06-01T08:26:45.210632Z","level":"info","event":"::endgroup::","dag_id":"futsal_nightly_db_pipeline","map_index":-1,"try_number":1,"task_id":"extract_transform_load_db","run_id":"manual__2026-06-01T08:26:39.274928+00:00","ti_id":"019e824a-c754-74c0-ac8e-eb5cf6f858f7","logger":"task","filename":"task_runner.py","lineno":1896}
